ARM GAS  C:\Users\simon\AppData\Local\Temp\cclhH3bT.s 			page 1


   1              		.cpu cortex-m7
   2              		.arch armv7e-m
   3              		.fpu fpv5-d16
   4              		.eabi_attribute 28, 1
   5              		.eabi_attribute 20, 1
   6              		.eabi_attribute 21, 1
   7              		.eabi_attribute 23, 3
   8              		.eabi_attribute 24, 1
   9              		.eabi_attribute 25, 1
  10              		.eabi_attribute 26, 1
  11              		.eabi_attribute 30, 1
  12              		.eabi_attribute 34, 1
  13              		.eabi_attribute 18, 4
  14              		.file	"stm32h7xx_it.c"
  15              		.text
  16              	.Ltext0:
  17              		.cfi_sections	.debug_frame
  18              		.section	.text.NMI_Handler,"ax",%progbits
  19              		.align	1
  20              		.global	NMI_Handler
  21              		.syntax unified
  22              		.thumb
  23              		.thumb_func
  25              	NMI_Handler:
  26              	.LFB331:
  27              		.file 1 "Src/stm32h7xx_it.c"
   1:Src/stm32h7xx_it.c **** /* USER CODE BEGIN Header */
   2:Src/stm32h7xx_it.c **** /**
   3:Src/stm32h7xx_it.c ****   ******************************************************************************
   4:Src/stm32h7xx_it.c ****   * @file    stm32h7xx_it.c
   5:Src/stm32h7xx_it.c ****   * @brief   Interrupt Service Routines.
   6:Src/stm32h7xx_it.c ****   ******************************************************************************
   7:Src/stm32h7xx_it.c ****   * @attention
   8:Src/stm32h7xx_it.c ****   *
   9:Src/stm32h7xx_it.c ****   * <h2><center>&copy; Copyright (c) 2026 STMicroelectronics.
  10:Src/stm32h7xx_it.c ****   * All rights reserved.</center></h2>
  11:Src/stm32h7xx_it.c ****   *
  12:Src/stm32h7xx_it.c ****   * This software component is licensed by ST under BSD 3-Clause license,
  13:Src/stm32h7xx_it.c ****   * the "License"; You may not use this file except in compliance with the
  14:Src/stm32h7xx_it.c ****   * License. You may obtain a copy of the License at:
  15:Src/stm32h7xx_it.c ****   *                        opensource.org/licenses/BSD-3-Clause
  16:Src/stm32h7xx_it.c ****   *
  17:Src/stm32h7xx_it.c ****   ******************************************************************************
  18:Src/stm32h7xx_it.c ****   */
  19:Src/stm32h7xx_it.c **** /* USER CODE END Header */
  20:Src/stm32h7xx_it.c **** 
  21:Src/stm32h7xx_it.c **** /* Includes ------------------------------------------------------------------*/
  22:Src/stm32h7xx_it.c **** #include "main.h"
  23:Src/stm32h7xx_it.c **** #include "stm32h7xx_it.h"
  24:Src/stm32h7xx_it.c **** /* Private includes ----------------------------------------------------------*/
  25:Src/stm32h7xx_it.c **** /* USER CODE BEGIN Includes */
  26:Src/stm32h7xx_it.c **** /* USER CODE END Includes */
  27:Src/stm32h7xx_it.c **** 
  28:Src/stm32h7xx_it.c **** /* Private typedef -----------------------------------------------------------*/
  29:Src/stm32h7xx_it.c **** /* USER CODE BEGIN TD */
  30:Src/stm32h7xx_it.c **** 
  31:Src/stm32h7xx_it.c **** /* USER CODE END TD */
ARM GAS  C:\Users\simon\AppData\Local\Temp\cclhH3bT.s 			page 2


  32:Src/stm32h7xx_it.c **** 
  33:Src/stm32h7xx_it.c **** /* Private define ------------------------------------------------------------*/
  34:Src/stm32h7xx_it.c **** /* USER CODE BEGIN PD */
  35:Src/stm32h7xx_it.c **** 
  36:Src/stm32h7xx_it.c **** /* USER CODE END PD */
  37:Src/stm32h7xx_it.c **** 
  38:Src/stm32h7xx_it.c **** /* Private macro -------------------------------------------------------------*/
  39:Src/stm32h7xx_it.c **** /* USER CODE BEGIN PM */
  40:Src/stm32h7xx_it.c **** 
  41:Src/stm32h7xx_it.c **** /* USER CODE END PM */
  42:Src/stm32h7xx_it.c **** 
  43:Src/stm32h7xx_it.c **** /* Private variables ---------------------------------------------------------*/
  44:Src/stm32h7xx_it.c **** /* USER CODE BEGIN PV */
  45:Src/stm32h7xx_it.c **** 
  46:Src/stm32h7xx_it.c **** /* USER CODE END PV */
  47:Src/stm32h7xx_it.c **** 
  48:Src/stm32h7xx_it.c **** /* Private function prototypes -----------------------------------------------*/
  49:Src/stm32h7xx_it.c **** /* USER CODE BEGIN PFP */
  50:Src/stm32h7xx_it.c **** 
  51:Src/stm32h7xx_it.c **** /* USER CODE END PFP */
  52:Src/stm32h7xx_it.c **** 
  53:Src/stm32h7xx_it.c **** /* Private user code ---------------------------------------------------------*/
  54:Src/stm32h7xx_it.c **** /* USER CODE BEGIN 0 */
  55:Src/stm32h7xx_it.c **** 
  56:Src/stm32h7xx_it.c **** /* USER CODE END 0 */
  57:Src/stm32h7xx_it.c **** 
  58:Src/stm32h7xx_it.c **** /* External variables --------------------------------------------------------*/
  59:Src/stm32h7xx_it.c **** extern DMA_HandleTypeDef hdma_adc1;
  60:Src/stm32h7xx_it.c **** extern ADC_HandleTypeDef hadc1;
  61:Src/stm32h7xx_it.c **** extern ADC_HandleTypeDef hadc2;
  62:Src/stm32h7xx_it.c **** extern DMA_HandleTypeDef hdma_dac1_ch1;
  63:Src/stm32h7xx_it.c **** extern DMA_HandleTypeDef hdma_dac1_ch2;
  64:Src/stm32h7xx_it.c **** extern TIM_HandleTypeDef htim1;
  65:Src/stm32h7xx_it.c **** extern TIM_HandleTypeDef htim4;
  66:Src/stm32h7xx_it.c **** /* USER CODE BEGIN EV */
  67:Src/stm32h7xx_it.c **** 
  68:Src/stm32h7xx_it.c **** /* USER CODE END EV */
  69:Src/stm32h7xx_it.c **** 
  70:Src/stm32h7xx_it.c **** /******************************************************************************/
  71:Src/stm32h7xx_it.c **** /*           Cortex Processor Interruption and Exception Handlers          */
  72:Src/stm32h7xx_it.c **** /******************************************************************************/
  73:Src/stm32h7xx_it.c **** /**
  74:Src/stm32h7xx_it.c ****   * @brief This function handles Non maskable interrupt.
  75:Src/stm32h7xx_it.c ****   */
  76:Src/stm32h7xx_it.c **** void NMI_Handler(void)
  77:Src/stm32h7xx_it.c **** {
  28              		.loc 1 77 1 view -0
  29              		.cfi_startproc
  30              		@ Volatile: function does not return.
  31              		@ args = 0, pretend = 0, frame = 0
  32              		@ frame_needed = 0, uses_anonymous_args = 0
  33              		@ link register save eliminated.
  34              	.L2:
  78:Src/stm32h7xx_it.c ****   /* USER CODE BEGIN NonMaskableInt_IRQn 0 */
  79:Src/stm32h7xx_it.c **** 
  80:Src/stm32h7xx_it.c ****   /* USER CODE END NonMaskableInt_IRQn 0 */
  81:Src/stm32h7xx_it.c ****   /* USER CODE BEGIN NonMaskableInt_IRQn 1 */
ARM GAS  C:\Users\simon\AppData\Local\Temp\cclhH3bT.s 			page 3


  82:Src/stm32h7xx_it.c ****   while (1)
  35              		.loc 1 82 3 discriminator 1 view .LVU1
  83:Src/stm32h7xx_it.c ****   {
  84:Src/stm32h7xx_it.c ****   }
  36              		.loc 1 84 3 discriminator 1 view .LVU2
  82:Src/stm32h7xx_it.c ****   {
  37              		.loc 1 82 9 discriminator 1 view .LVU3
  38 0000 FEE7     		b	.L2
  39              		.cfi_endproc
  40              	.LFE331:
  42              		.section	.text.HardFault_Handler,"ax",%progbits
  43              		.align	1
  44              		.global	HardFault_Handler
  45              		.syntax unified
  46              		.thumb
  47              		.thumb_func
  49              	HardFault_Handler:
  50              	.LFB332:
  85:Src/stm32h7xx_it.c ****   /* USER CODE END NonMaskableInt_IRQn 1 */
  86:Src/stm32h7xx_it.c **** }
  87:Src/stm32h7xx_it.c **** 
  88:Src/stm32h7xx_it.c **** /**
  89:Src/stm32h7xx_it.c ****   * @brief This function handles Hard fault interrupt.
  90:Src/stm32h7xx_it.c ****   */
  91:Src/stm32h7xx_it.c **** void HardFault_Handler(void)
  92:Src/stm32h7xx_it.c **** {
  51              		.loc 1 92 1 view -0
  52              		.cfi_startproc
  53              		@ Volatile: function does not return.
  54              		@ args = 0, pretend = 0, frame = 0
  55              		@ frame_needed = 0, uses_anonymous_args = 0
  56              		@ link register save eliminated.
  57              	.L4:
  93:Src/stm32h7xx_it.c ****   /* USER CODE BEGIN HardFault_IRQn 0 */
  94:Src/stm32h7xx_it.c **** 
  95:Src/stm32h7xx_it.c ****   /* USER CODE END HardFault_IRQn 0 */
  96:Src/stm32h7xx_it.c ****   while (1)
  58              		.loc 1 96 3 discriminator 1 view .LVU5
  97:Src/stm32h7xx_it.c ****   {
  98:Src/stm32h7xx_it.c ****     /* USER CODE BEGIN W1_HardFault_IRQn 0 */
  99:Src/stm32h7xx_it.c ****     /* USER CODE END W1_HardFault_IRQn 0 */
 100:Src/stm32h7xx_it.c ****   }
  59              		.loc 1 100 3 discriminator 1 view .LVU6
  96:Src/stm32h7xx_it.c ****   {
  60              		.loc 1 96 9 discriminator 1 view .LVU7
  61 0000 FEE7     		b	.L4
  62              		.cfi_endproc
  63              	.LFE332:
  65              		.section	.text.MemManage_Handler,"ax",%progbits
  66              		.align	1
  67              		.global	MemManage_Handler
  68              		.syntax unified
  69              		.thumb
  70              		.thumb_func
  72              	MemManage_Handler:
  73              	.LFB333:
 101:Src/stm32h7xx_it.c **** }
ARM GAS  C:\Users\simon\AppData\Local\Temp\cclhH3bT.s 			page 4


 102:Src/stm32h7xx_it.c **** 
 103:Src/stm32h7xx_it.c **** /**
 104:Src/stm32h7xx_it.c ****   * @brief This function handles Memory management fault.
 105:Src/stm32h7xx_it.c ****   */
 106:Src/stm32h7xx_it.c **** void MemManage_Handler(void)
 107:Src/stm32h7xx_it.c **** {
  74              		.loc 1 107 1 view -0
  75              		.cfi_startproc
  76              		@ Volatile: function does not return.
  77              		@ args = 0, pretend = 0, frame = 0
  78              		@ frame_needed = 0, uses_anonymous_args = 0
  79              		@ link register save eliminated.
  80              	.L6:
 108:Src/stm32h7xx_it.c ****   /* USER CODE BEGIN MemoryManagement_IRQn 0 */
 109:Src/stm32h7xx_it.c **** 
 110:Src/stm32h7xx_it.c ****   /* USER CODE END MemoryManagement_IRQn 0 */
 111:Src/stm32h7xx_it.c ****   while (1)
  81              		.loc 1 111 3 discriminator 1 view .LVU9
 112:Src/stm32h7xx_it.c ****   {
 113:Src/stm32h7xx_it.c ****     /* USER CODE BEGIN W1_MemoryManagement_IRQn 0 */
 114:Src/stm32h7xx_it.c ****     /* USER CODE END W1_MemoryManagement_IRQn 0 */
 115:Src/stm32h7xx_it.c ****   }
  82              		.loc 1 115 3 discriminator 1 view .LVU10
 111:Src/stm32h7xx_it.c ****   {
  83              		.loc 1 111 9 discriminator 1 view .LVU11
  84 0000 FEE7     		b	.L6
  85              		.cfi_endproc
  86              	.LFE333:
  88              		.section	.text.BusFault_Handler,"ax",%progbits
  89              		.align	1
  90              		.global	BusFault_Handler
  91              		.syntax unified
  92              		.thumb
  93              		.thumb_func
  95              	BusFault_Handler:
  96              	.LFB334:
 116:Src/stm32h7xx_it.c **** }
 117:Src/stm32h7xx_it.c **** 
 118:Src/stm32h7xx_it.c **** /**
 119:Src/stm32h7xx_it.c ****   * @brief This function handles Pre-fetch fault, memory access fault.
 120:Src/stm32h7xx_it.c ****   */
 121:Src/stm32h7xx_it.c **** void BusFault_Handler(void)
 122:Src/stm32h7xx_it.c **** {
  97              		.loc 1 122 1 view -0
  98              		.cfi_startproc
  99              		@ Volatile: function does not return.
 100              		@ args = 0, pretend = 0, frame = 0
 101              		@ frame_needed = 0, uses_anonymous_args = 0
 102              		@ link register save eliminated.
 103              	.L8:
 123:Src/stm32h7xx_it.c ****   /* USER CODE BEGIN BusFault_IRQn 0 */
 124:Src/stm32h7xx_it.c **** 
 125:Src/stm32h7xx_it.c ****   /* USER CODE END BusFault_IRQn 0 */
 126:Src/stm32h7xx_it.c ****   while (1)
 104              		.loc 1 126 3 discriminator 1 view .LVU13
 127:Src/stm32h7xx_it.c ****   {
 128:Src/stm32h7xx_it.c ****     /* USER CODE BEGIN W1_BusFault_IRQn 0 */
ARM GAS  C:\Users\simon\AppData\Local\Temp\cclhH3bT.s 			page 5


 129:Src/stm32h7xx_it.c ****     /* USER CODE END W1_BusFault_IRQn 0 */
 130:Src/stm32h7xx_it.c ****   }
 105              		.loc 1 130 3 discriminator 1 view .LVU14
 126:Src/stm32h7xx_it.c ****   {
 106              		.loc 1 126 9 discriminator 1 view .LVU15
 107 0000 FEE7     		b	.L8
 108              		.cfi_endproc
 109              	.LFE334:
 111              		.section	.text.UsageFault_Handler,"ax",%progbits
 112              		.align	1
 113              		.global	UsageFault_Handler
 114              		.syntax unified
 115              		.thumb
 116              		.thumb_func
 118              	UsageFault_Handler:
 119              	.LFB335:
 131:Src/stm32h7xx_it.c **** }
 132:Src/stm32h7xx_it.c **** 
 133:Src/stm32h7xx_it.c **** /**
 134:Src/stm32h7xx_it.c ****   * @brief This function handles Undefined instruction or illegal state.
 135:Src/stm32h7xx_it.c ****   */
 136:Src/stm32h7xx_it.c **** void UsageFault_Handler(void)
 137:Src/stm32h7xx_it.c **** {
 120              		.loc 1 137 1 view -0
 121              		.cfi_startproc
 122              		@ Volatile: function does not return.
 123              		@ args = 0, pretend = 0, frame = 0
 124              		@ frame_needed = 0, uses_anonymous_args = 0
 125              		@ link register save eliminated.
 126              	.L10:
 138:Src/stm32h7xx_it.c ****   /* USER CODE BEGIN UsageFault_IRQn 0 */
 139:Src/stm32h7xx_it.c **** 
 140:Src/stm32h7xx_it.c ****   /* USER CODE END UsageFault_IRQn 0 */
 141:Src/stm32h7xx_it.c ****   while (1)
 127              		.loc 1 141 3 discriminator 1 view .LVU17
 142:Src/stm32h7xx_it.c ****   {
 143:Src/stm32h7xx_it.c ****     /* USER CODE BEGIN W1_UsageFault_IRQn 0 */
 144:Src/stm32h7xx_it.c ****     /* USER CODE END W1_UsageFault_IRQn 0 */
 145:Src/stm32h7xx_it.c ****   }
 128              		.loc 1 145 3 discriminator 1 view .LVU18
 141:Src/stm32h7xx_it.c ****   {
 129              		.loc 1 141 9 discriminator 1 view .LVU19
 130 0000 FEE7     		b	.L10
 131              		.cfi_endproc
 132              	.LFE335:
 134              		.section	.text.SVC_Handler,"ax",%progbits
 135              		.align	1
 136              		.global	SVC_Handler
 137              		.syntax unified
 138              		.thumb
 139              		.thumb_func
 141              	SVC_Handler:
 142              	.LFB336:
 146:Src/stm32h7xx_it.c **** }
 147:Src/stm32h7xx_it.c **** 
 148:Src/stm32h7xx_it.c **** /**
 149:Src/stm32h7xx_it.c ****   * @brief This function handles System service call via SWI instruction.
ARM GAS  C:\Users\simon\AppData\Local\Temp\cclhH3bT.s 			page 6


 150:Src/stm32h7xx_it.c ****   */
 151:Src/stm32h7xx_it.c **** void SVC_Handler(void)
 152:Src/stm32h7xx_it.c **** {
 143              		.loc 1 152 1 view -0
 144              		.cfi_startproc
 145              		@ args = 0, pretend = 0, frame = 0
 146              		@ frame_needed = 0, uses_anonymous_args = 0
 147              		@ link register save eliminated.
 153:Src/stm32h7xx_it.c ****   /* USER CODE BEGIN SVCall_IRQn 0 */
 154:Src/stm32h7xx_it.c **** 
 155:Src/stm32h7xx_it.c ****   /* USER CODE END SVCall_IRQn 0 */
 156:Src/stm32h7xx_it.c ****   /* USER CODE BEGIN SVCall_IRQn 1 */
 157:Src/stm32h7xx_it.c **** 
 158:Src/stm32h7xx_it.c ****   /* USER CODE END SVCall_IRQn 1 */
 159:Src/stm32h7xx_it.c **** }
 148              		.loc 1 159 1 view .LVU21
 149 0000 7047     		bx	lr
 150              		.cfi_endproc
 151              	.LFE336:
 153              		.section	.text.DebugMon_Handler,"ax",%progbits
 154              		.align	1
 155              		.global	DebugMon_Handler
 156              		.syntax unified
 157              		.thumb
 158              		.thumb_func
 160              	DebugMon_Handler:
 161              	.LFB337:
 160:Src/stm32h7xx_it.c **** 
 161:Src/stm32h7xx_it.c **** /**
 162:Src/stm32h7xx_it.c ****   * @brief This function handles Debug monitor.
 163:Src/stm32h7xx_it.c ****   */
 164:Src/stm32h7xx_it.c **** void DebugMon_Handler(void)
 165:Src/stm32h7xx_it.c **** {
 162              		.loc 1 165 1 view -0
 163              		.cfi_startproc
 164              		@ args = 0, pretend = 0, frame = 0
 165              		@ frame_needed = 0, uses_anonymous_args = 0
 166              		@ link register save eliminated.
 166:Src/stm32h7xx_it.c ****   /* USER CODE BEGIN DebugMonitor_IRQn 0 */
 167:Src/stm32h7xx_it.c **** 
 168:Src/stm32h7xx_it.c ****   /* USER CODE END DebugMonitor_IRQn 0 */
 169:Src/stm32h7xx_it.c ****   /* USER CODE BEGIN DebugMonitor_IRQn 1 */
 170:Src/stm32h7xx_it.c **** 
 171:Src/stm32h7xx_it.c ****   /* USER CODE END DebugMonitor_IRQn 1 */
 172:Src/stm32h7xx_it.c **** }
 167              		.loc 1 172 1 view .LVU23
 168 0000 7047     		bx	lr
 169              		.cfi_endproc
 170              	.LFE337:
 172              		.section	.text.PendSV_Handler,"ax",%progbits
 173              		.align	1
 174              		.global	PendSV_Handler
 175              		.syntax unified
 176              		.thumb
 177              		.thumb_func
 179              	PendSV_Handler:
 180              	.LFB338:
ARM GAS  C:\Users\simon\AppData\Local\Temp\cclhH3bT.s 			page 7


 173:Src/stm32h7xx_it.c **** 
 174:Src/stm32h7xx_it.c **** /**
 175:Src/stm32h7xx_it.c ****   * @brief This function handles Pendable request for system service.
 176:Src/stm32h7xx_it.c ****   */
 177:Src/stm32h7xx_it.c **** void PendSV_Handler(void)
 178:Src/stm32h7xx_it.c **** {
 181              		.loc 1 178 1 view -0
 182              		.cfi_startproc
 183              		@ args = 0, pretend = 0, frame = 0
 184              		@ frame_needed = 0, uses_anonymous_args = 0
 185              		@ link register save eliminated.
 179:Src/stm32h7xx_it.c ****   /* USER CODE BEGIN PendSV_IRQn 0 */
 180:Src/stm32h7xx_it.c **** 
 181:Src/stm32h7xx_it.c ****   /* USER CODE END PendSV_IRQn 0 */
 182:Src/stm32h7xx_it.c ****   /* USER CODE BEGIN PendSV_IRQn 1 */
 183:Src/stm32h7xx_it.c **** 
 184:Src/stm32h7xx_it.c ****   /* USER CODE END PendSV_IRQn 1 */
 185:Src/stm32h7xx_it.c **** }
 186              		.loc 1 185 1 view .LVU25
 187 0000 7047     		bx	lr
 188              		.cfi_endproc
 189              	.LFE338:
 191              		.section	.text.SysTick_Handler,"ax",%progbits
 192              		.align	1
 193              		.global	SysTick_Handler
 194              		.syntax unified
 195              		.thumb
 196              		.thumb_func
 198              	SysTick_Handler:
 199              	.LFB339:
 186:Src/stm32h7xx_it.c **** 
 187:Src/stm32h7xx_it.c **** /**
 188:Src/stm32h7xx_it.c ****   * @brief This function handles System tick timer.
 189:Src/stm32h7xx_it.c ****   */
 190:Src/stm32h7xx_it.c **** void SysTick_Handler(void)
 191:Src/stm32h7xx_it.c **** {
 200              		.loc 1 191 1 view -0
 201              		.cfi_startproc
 202              		@ args = 0, pretend = 0, frame = 0
 203              		@ frame_needed = 0, uses_anonymous_args = 0
 204 0000 08B5     		push	{r3, lr}
 205              	.LCFI0:
 206              		.cfi_def_cfa_offset 8
 207              		.cfi_offset 3, -8
 208              		.cfi_offset 14, -4
 192:Src/stm32h7xx_it.c ****   /* USER CODE BEGIN SysTick_IRQn 0 */
 193:Src/stm32h7xx_it.c **** 
 194:Src/stm32h7xx_it.c ****   /* USER CODE END SysTick_IRQn 0 */
 195:Src/stm32h7xx_it.c ****   HAL_IncTick();
 209              		.loc 1 195 3 view .LVU27
 210 0002 FFF7FEFF 		bl	HAL_IncTick
 211              	.LVL0:
 196:Src/stm32h7xx_it.c ****   /* USER CODE BEGIN SysTick_IRQn 1 */
 197:Src/stm32h7xx_it.c **** 
 198:Src/stm32h7xx_it.c ****   /* USER CODE END SysTick_IRQn 1 */
 199:Src/stm32h7xx_it.c **** }
 212              		.loc 1 199 1 is_stmt 0 view .LVU28
ARM GAS  C:\Users\simon\AppData\Local\Temp\cclhH3bT.s 			page 8


 213 0006 08BD     		pop	{r3, pc}
 214              		.cfi_endproc
 215              	.LFE339:
 217              		.section	.text.DMA1_Stream2_IRQHandler,"ax",%progbits
 218              		.align	1
 219              		.global	DMA1_Stream2_IRQHandler
 220              		.syntax unified
 221              		.thumb
 222              		.thumb_func
 224              	DMA1_Stream2_IRQHandler:
 225              	.LFB340:
 200:Src/stm32h7xx_it.c **** 
 201:Src/stm32h7xx_it.c **** /******************************************************************************/
 202:Src/stm32h7xx_it.c **** /* STM32H7xx Peripheral Interrupt Handlers                                    */
 203:Src/stm32h7xx_it.c **** /* Add here the Interrupt Handlers for the used peripherals.                  */
 204:Src/stm32h7xx_it.c **** /* For the available peripheral interrupt handler names,                      */
 205:Src/stm32h7xx_it.c **** /* please refer to the startup file (startup_stm32h7xx.s).                    */
 206:Src/stm32h7xx_it.c **** /******************************************************************************/
 207:Src/stm32h7xx_it.c **** 
 208:Src/stm32h7xx_it.c **** /**
 209:Src/stm32h7xx_it.c ****   * @brief This function handles DMA1 stream2 global interrupt.
 210:Src/stm32h7xx_it.c ****   */
 211:Src/stm32h7xx_it.c **** void DMA1_Stream2_IRQHandler(void)
 212:Src/stm32h7xx_it.c **** {
 226              		.loc 1 212 1 is_stmt 1 view -0
 227              		.cfi_startproc
 228              		@ args = 0, pretend = 0, frame = 0
 229              		@ frame_needed = 0, uses_anonymous_args = 0
 230 0000 08B5     		push	{r3, lr}
 231              	.LCFI1:
 232              		.cfi_def_cfa_offset 8
 233              		.cfi_offset 3, -8
 234              		.cfi_offset 14, -4
 213:Src/stm32h7xx_it.c ****   /* USER CODE BEGIN DMA1_Stream2_IRQn 0 */
 214:Src/stm32h7xx_it.c **** 
 215:Src/stm32h7xx_it.c ****   /* USER CODE END DMA1_Stream2_IRQn 0 */
 216:Src/stm32h7xx_it.c ****   HAL_DMA_IRQHandler(&hdma_dac1_ch1);
 235              		.loc 1 216 3 view .LVU30
 236 0002 0248     		ldr	r0, .L18
 237 0004 FFF7FEFF 		bl	HAL_DMA_IRQHandler
 238              	.LVL1:
 217:Src/stm32h7xx_it.c ****   /* USER CODE BEGIN DMA1_Stream2_IRQn 1 */
 218:Src/stm32h7xx_it.c **** 
 219:Src/stm32h7xx_it.c ****   /* USER CODE END DMA1_Stream2_IRQn 1 */
 220:Src/stm32h7xx_it.c **** }
 239              		.loc 1 220 1 is_stmt 0 view .LVU31
 240 0008 08BD     		pop	{r3, pc}
 241              	.L19:
 242 000a 00BF     		.align	2
 243              	.L18:
 244 000c 00000000 		.word	hdma_dac1_ch1
 245              		.cfi_endproc
 246              	.LFE340:
 248              		.section	.text.DMA1_Stream3_IRQHandler,"ax",%progbits
 249              		.align	1
 250              		.global	DMA1_Stream3_IRQHandler
 251              		.syntax unified
ARM GAS  C:\Users\simon\AppData\Local\Temp\cclhH3bT.s 			page 9


 252              		.thumb
 253              		.thumb_func
 255              	DMA1_Stream3_IRQHandler:
 256              	.LFB341:
 221:Src/stm32h7xx_it.c **** 
 222:Src/stm32h7xx_it.c **** /**
 223:Src/stm32h7xx_it.c ****   * @brief This function handles DMA1 stream3 global interrupt.
 224:Src/stm32h7xx_it.c ****   */
 225:Src/stm32h7xx_it.c **** void DMA1_Stream3_IRQHandler(void)
 226:Src/stm32h7xx_it.c **** {
 257              		.loc 1 226 1 is_stmt 1 view -0
 258              		.cfi_startproc
 259              		@ args = 0, pretend = 0, frame = 0
 260              		@ frame_needed = 0, uses_anonymous_args = 0
 261 0000 08B5     		push	{r3, lr}
 262              	.LCFI2:
 263              		.cfi_def_cfa_offset 8
 264              		.cfi_offset 3, -8
 265              		.cfi_offset 14, -4
 227:Src/stm32h7xx_it.c ****   /* USER CODE BEGIN DMA1_Stream3_IRQn 0 */
 228:Src/stm32h7xx_it.c **** 
 229:Src/stm32h7xx_it.c ****   /* USER CODE END DMA1_Stream3_IRQn 0 */
 230:Src/stm32h7xx_it.c ****   HAL_DMA_IRQHandler(&hdma_dac1_ch2);
 266              		.loc 1 230 3 view .LVU33
 267 0002 0248     		ldr	r0, .L22
 268 0004 FFF7FEFF 		bl	HAL_DMA_IRQHandler
 269              	.LVL2:
 231:Src/stm32h7xx_it.c ****   /* USER CODE BEGIN DMA1_Stream3_IRQn 1 */
 232:Src/stm32h7xx_it.c **** 
 233:Src/stm32h7xx_it.c ****   /* USER CODE END DMA1_Stream3_IRQn 1 */
 234:Src/stm32h7xx_it.c **** }
 270              		.loc 1 234 1 is_stmt 0 view .LVU34
 271 0008 08BD     		pop	{r3, pc}
 272              	.L23:
 273 000a 00BF     		.align	2
 274              	.L22:
 275 000c 00000000 		.word	hdma_dac1_ch2
 276              		.cfi_endproc
 277              	.LFE341:
 279              		.section	.text.DMA1_Stream4_IRQHandler,"ax",%progbits
 280              		.align	1
 281              		.global	DMA1_Stream4_IRQHandler
 282              		.syntax unified
 283              		.thumb
 284              		.thumb_func
 286              	DMA1_Stream4_IRQHandler:
 287              	.LFB342:
 235:Src/stm32h7xx_it.c **** 
 236:Src/stm32h7xx_it.c **** /**
 237:Src/stm32h7xx_it.c ****   * @brief This function handles DMA1 stream4 global interrupt.
 238:Src/stm32h7xx_it.c ****   */
 239:Src/stm32h7xx_it.c **** void DMA1_Stream4_IRQHandler(void)
 240:Src/stm32h7xx_it.c **** {
 288              		.loc 1 240 1 is_stmt 1 view -0
 289              		.cfi_startproc
 290              		@ args = 0, pretend = 0, frame = 0
 291              		@ frame_needed = 0, uses_anonymous_args = 0
ARM GAS  C:\Users\simon\AppData\Local\Temp\cclhH3bT.s 			page 10


 292 0000 08B5     		push	{r3, lr}
 293              	.LCFI3:
 294              		.cfi_def_cfa_offset 8
 295              		.cfi_offset 3, -8
 296              		.cfi_offset 14, -4
 241:Src/stm32h7xx_it.c ****   /* USER CODE BEGIN DMA1_Stream4_IRQn 0 */
 242:Src/stm32h7xx_it.c **** 
 243:Src/stm32h7xx_it.c ****   /* USER CODE END DMA1_Stream4_IRQn 0 */
 244:Src/stm32h7xx_it.c ****   HAL_DMA_IRQHandler(&hdma_adc1);
 297              		.loc 1 244 3 view .LVU36
 298 0002 0248     		ldr	r0, .L26
 299 0004 FFF7FEFF 		bl	HAL_DMA_IRQHandler
 300              	.LVL3:
 245:Src/stm32h7xx_it.c ****   /* USER CODE BEGIN DMA1_Stream4_IRQn 1 */
 246:Src/stm32h7xx_it.c **** 
 247:Src/stm32h7xx_it.c ****   /* USER CODE END DMA1_Stream4_IRQn 1 */
 248:Src/stm32h7xx_it.c **** }
 301              		.loc 1 248 1 is_stmt 0 view .LVU37
 302 0008 08BD     		pop	{r3, pc}
 303              	.L27:
 304 000a 00BF     		.align	2
 305              	.L26:
 306 000c 00000000 		.word	hdma_adc1
 307              		.cfi_endproc
 308              	.LFE342:
 310              		.section	.text.ADC_IRQHandler,"ax",%progbits
 311              		.align	1
 312              		.global	ADC_IRQHandler
 313              		.syntax unified
 314              		.thumb
 315              		.thumb_func
 317              	ADC_IRQHandler:
 318              	.LFB343:
 249:Src/stm32h7xx_it.c **** 
 250:Src/stm32h7xx_it.c **** /**
 251:Src/stm32h7xx_it.c ****   * @brief This function handles ADC1 and ADC2 global interrupts.
 252:Src/stm32h7xx_it.c ****   */
 253:Src/stm32h7xx_it.c **** void ADC_IRQHandler(void)
 254:Src/stm32h7xx_it.c **** {
 319              		.loc 1 254 1 is_stmt 1 view -0
 320              		.cfi_startproc
 321              		@ args = 0, pretend = 0, frame = 0
 322              		@ frame_needed = 0, uses_anonymous_args = 0
 323 0000 08B5     		push	{r3, lr}
 324              	.LCFI4:
 325              		.cfi_def_cfa_offset 8
 326              		.cfi_offset 3, -8
 327              		.cfi_offset 14, -4
 255:Src/stm32h7xx_it.c ****   /* USER CODE BEGIN ADC_IRQn 0 */
 256:Src/stm32h7xx_it.c **** 
 257:Src/stm32h7xx_it.c ****   /* USER CODE END ADC_IRQn 0 */
 258:Src/stm32h7xx_it.c ****   HAL_ADC_IRQHandler(&hadc1);
 328              		.loc 1 258 3 view .LVU39
 329 0002 0348     		ldr	r0, .L30
 330 0004 FFF7FEFF 		bl	HAL_ADC_IRQHandler
 331              	.LVL4:
 259:Src/stm32h7xx_it.c ****   HAL_ADC_IRQHandler(&hadc2);
ARM GAS  C:\Users\simon\AppData\Local\Temp\cclhH3bT.s 			page 11


 332              		.loc 1 259 3 view .LVU40
 333 0008 0248     		ldr	r0, .L30+4
 334 000a FFF7FEFF 		bl	HAL_ADC_IRQHandler
 335              	.LVL5:
 260:Src/stm32h7xx_it.c ****   /* USER CODE BEGIN ADC_IRQn 1 */
 261:Src/stm32h7xx_it.c **** 
 262:Src/stm32h7xx_it.c ****   /* USER CODE END ADC_IRQn 1 */
 263:Src/stm32h7xx_it.c **** }
 336              		.loc 1 263 1 is_stmt 0 view .LVU41
 337 000e 08BD     		pop	{r3, pc}
 338              	.L31:
 339              		.align	2
 340              	.L30:
 341 0010 00000000 		.word	hadc1
 342 0014 00000000 		.word	hadc2
 343              		.cfi_endproc
 344              	.LFE343:
 346              		.section	.text.TIM1_UP_IRQHandler,"ax",%progbits
 347              		.align	1
 348              		.global	TIM1_UP_IRQHandler
 349              		.syntax unified
 350              		.thumb
 351              		.thumb_func
 353              	TIM1_UP_IRQHandler:
 354              	.LFB344:
 264:Src/stm32h7xx_it.c **** 
 265:Src/stm32h7xx_it.c **** /**
 266:Src/stm32h7xx_it.c ****   * @brief This function handles TIM1 update interrupt.
 267:Src/stm32h7xx_it.c ****   */
 268:Src/stm32h7xx_it.c **** void TIM1_UP_IRQHandler(void)
 269:Src/stm32h7xx_it.c **** {
 355              		.loc 1 269 1 is_stmt 1 view -0
 356              		.cfi_startproc
 357              		@ args = 0, pretend = 0, frame = 0
 358              		@ frame_needed = 0, uses_anonymous_args = 0
 359 0000 08B5     		push	{r3, lr}
 360              	.LCFI5:
 361              		.cfi_def_cfa_offset 8
 362              		.cfi_offset 3, -8
 363              		.cfi_offset 14, -4
 270:Src/stm32h7xx_it.c ****   /* USER CODE BEGIN TIM1_UP_IRQn 0 */
 271:Src/stm32h7xx_it.c **** 
 272:Src/stm32h7xx_it.c ****   /* USER CODE END TIM1_UP_IRQn 0 */
 273:Src/stm32h7xx_it.c ****   HAL_TIM_IRQHandler(&htim1);
 364              		.loc 1 273 3 view .LVU43
 365 0002 0248     		ldr	r0, .L34
 366 0004 FFF7FEFF 		bl	HAL_TIM_IRQHandler
 367              	.LVL6:
 274:Src/stm32h7xx_it.c ****   /* USER CODE BEGIN TIM1_UP_IRQn 1 */
 275:Src/stm32h7xx_it.c **** 
 276:Src/stm32h7xx_it.c ****   /* USER CODE END TIM1_UP_IRQn 1 */
 277:Src/stm32h7xx_it.c **** }
 368              		.loc 1 277 1 is_stmt 0 view .LVU44
 369 0008 08BD     		pop	{r3, pc}
 370              	.L35:
 371 000a 00BF     		.align	2
 372              	.L34:
ARM GAS  C:\Users\simon\AppData\Local\Temp\cclhH3bT.s 			page 12


 373 000c 00000000 		.word	htim1
 374              		.cfi_endproc
 375              	.LFE344:
 377              		.section	.text.TIM4_IRQHandler,"ax",%progbits
 378              		.align	1
 379              		.global	TIM4_IRQHandler
 380              		.syntax unified
 381              		.thumb
 382              		.thumb_func
 384              	TIM4_IRQHandler:
 385              	.LFB345:
 278:Src/stm32h7xx_it.c **** 
 279:Src/stm32h7xx_it.c **** /**
 280:Src/stm32h7xx_it.c ****   * @brief This function handles TIM4 global interrupt.
 281:Src/stm32h7xx_it.c ****   */
 282:Src/stm32h7xx_it.c **** void TIM4_IRQHandler(void)
 283:Src/stm32h7xx_it.c **** {
 386              		.loc 1 283 1 is_stmt 1 view -0
 387              		.cfi_startproc
 388              		@ args = 0, pretend = 0, frame = 0
 389              		@ frame_needed = 0, uses_anonymous_args = 0
 390 0000 08B5     		push	{r3, lr}
 391              	.LCFI6:
 392              		.cfi_def_cfa_offset 8
 393              		.cfi_offset 3, -8
 394              		.cfi_offset 14, -4
 284:Src/stm32h7xx_it.c ****   /* USER CODE BEGIN TIM4_IRQn 0 */
 285:Src/stm32h7xx_it.c **** 
 286:Src/stm32h7xx_it.c ****   /* USER CODE END TIM4_IRQn 0 */
 287:Src/stm32h7xx_it.c ****   HAL_TIM_IRQHandler(&htim4);
 395              		.loc 1 287 3 view .LVU46
 396 0002 0248     		ldr	r0, .L38
 397 0004 FFF7FEFF 		bl	HAL_TIM_IRQHandler
 398              	.LVL7:
 288:Src/stm32h7xx_it.c ****   /* USER CODE BEGIN TIM4_IRQn 1 */
 289:Src/stm32h7xx_it.c **** 
 290:Src/stm32h7xx_it.c ****   /* USER CODE END TIM4_IRQn 1 */
 291:Src/stm32h7xx_it.c **** }
 399              		.loc 1 291 1 is_stmt 0 view .LVU47
 400 0008 08BD     		pop	{r3, pc}
 401              	.L39:
 402 000a 00BF     		.align	2
 403              	.L38:
 404 000c 00000000 		.word	htim4
 405              		.cfi_endproc
 406              	.LFE345:
 408              		.section	.text.EXTI15_10_IRQHandler,"ax",%progbits
 409              		.align	1
 410              		.global	EXTI15_10_IRQHandler
 411              		.syntax unified
 412              		.thumb
 413              		.thumb_func
 415              	EXTI15_10_IRQHandler:
 416              	.LFB346:
 292:Src/stm32h7xx_it.c **** 
 293:Src/stm32h7xx_it.c **** /**
 294:Src/stm32h7xx_it.c ****   * @brief This function handles EXTI line[15:10] interrupts.
ARM GAS  C:\Users\simon\AppData\Local\Temp\cclhH3bT.s 			page 13


 295:Src/stm32h7xx_it.c ****   */
 296:Src/stm32h7xx_it.c **** void EXTI15_10_IRQHandler(void)
 297:Src/stm32h7xx_it.c **** {
 417              		.loc 1 297 1 is_stmt 1 view -0
 418              		.cfi_startproc
 419              		@ args = 0, pretend = 0, frame = 0
 420              		@ frame_needed = 0, uses_anonymous_args = 0
 421 0000 08B5     		push	{r3, lr}
 422              	.LCFI7:
 423              		.cfi_def_cfa_offset 8
 424              		.cfi_offset 3, -8
 425              		.cfi_offset 14, -4
 298:Src/stm32h7xx_it.c ****   /* USER CODE BEGIN EXTI15_10_IRQn 0 */
 299:Src/stm32h7xx_it.c **** 
 300:Src/stm32h7xx_it.c ****   /* USER CODE END EXTI15_10_IRQn 0 */
 301:Src/stm32h7xx_it.c ****   HAL_GPIO_EXTI_IRQHandler(GPIO_PIN_11);
 426              		.loc 1 301 3 view .LVU49
 427 0002 4FF40060 		mov	r0, #2048
 428 0006 FFF7FEFF 		bl	HAL_GPIO_EXTI_IRQHandler
 429              	.LVL8:
 302:Src/stm32h7xx_it.c ****   HAL_GPIO_EXTI_IRQHandler(GPIO_PIN_12);
 430              		.loc 1 302 3 view .LVU50
 431 000a 4FF48050 		mov	r0, #4096
 432 000e FFF7FEFF 		bl	HAL_GPIO_EXTI_IRQHandler
 433              	.LVL9:
 303:Src/stm32h7xx_it.c ****   HAL_GPIO_EXTI_IRQHandler(GPIO_PIN_13);
 434              		.loc 1 303 3 view .LVU51
 435 0012 4FF40050 		mov	r0, #8192
 436 0016 FFF7FEFF 		bl	HAL_GPIO_EXTI_IRQHandler
 437              	.LVL10:
 304:Src/stm32h7xx_it.c ****   HAL_GPIO_EXTI_IRQHandler(GPIO_PIN_15);
 438              		.loc 1 304 3 view .LVU52
 439 001a 4FF40040 		mov	r0, #32768
 440 001e FFF7FEFF 		bl	HAL_GPIO_EXTI_IRQHandler
 441              	.LVL11:
 305:Src/stm32h7xx_it.c ****   /* USER CODE BEGIN EXTI15_10_IRQn 1 */
 306:Src/stm32h7xx_it.c **** 
 307:Src/stm32h7xx_it.c ****   /* USER CODE END EXTI15_10_IRQn 1 */
 308:Src/stm32h7xx_it.c **** }
 442              		.loc 1 308 1 is_stmt 0 view .LVU53
 443 0022 08BD     		pop	{r3, pc}
 444              		.cfi_endproc
 445              	.LFE346:
 447              		.text
 448              	.Letext0:
 449              		.file 2 "d:\\nes\\arm\\arm-none-eabi\\include\\machine\\_default_types.h"
 450              		.file 3 "d:\\nes\\arm\\arm-none-eabi\\include\\sys\\_stdint.h"
 451              		.file 4 "Drivers/CMSIS/Device/ST/STM32H7xx/Include/stm32h743xx.h"
 452              		.file 5 "Drivers/CMSIS/Device/ST/STM32H7xx/Include/stm32h7xx.h"
 453              		.file 6 "Drivers/STM32H7xx_HAL_Driver/Inc/stm32h7xx_hal_def.h"
 454              		.file 7 "Drivers/STM32H7xx_HAL_Driver/Inc/stm32h7xx_hal_dma.h"
 455              		.file 8 "Drivers/STM32H7xx_HAL_Driver/Inc/stm32h7xx_hal_adc.h"
 456              		.file 9 "Drivers/STM32H7xx_HAL_Driver/Inc/stm32h7xx_hal_tim.h"
 457              		.file 10 "Drivers/STM32H7xx_HAL_Driver/Inc/stm32h7xx_hal_gpio.h"
 458              		.file 11 "Drivers/STM32H7xx_HAL_Driver/Inc/stm32h7xx_hal.h"
ARM GAS  C:\Users\simon\AppData\Local\Temp\cclhH3bT.s 			page 14


DEFINED SYMBOLS
                            *ABS*:00000000 stm32h7xx_it.c
C:\Users\simon\AppData\Local\Temp\cclhH3bT.s:19     .text.NMI_Handler:00000000 $t
C:\Users\simon\AppData\Local\Temp\cclhH3bT.s:25     .text.NMI_Handler:00000000 NMI_Handler
C:\Users\simon\AppData\Local\Temp\cclhH3bT.s:43     .text.HardFault_Handler:00000000 $t
C:\Users\simon\AppData\Local\Temp\cclhH3bT.s:49     .text.HardFault_Handler:00000000 HardFault_Handler
C:\Users\simon\AppData\Local\Temp\cclhH3bT.s:66     .text.MemManage_Handler:00000000 $t
C:\Users\simon\AppData\Local\Temp\cclhH3bT.s:72     .text.MemManage_Handler:00000000 MemManage_Handler
C:\Users\simon\AppData\Local\Temp\cclhH3bT.s:89     .text.BusFault_Handler:00000000 $t
C:\Users\simon\AppData\Local\Temp\cclhH3bT.s:95     .text.BusFault_Handler:00000000 BusFault_Handler
C:\Users\simon\AppData\Local\Temp\cclhH3bT.s:112    .text.UsageFault_Handler:00000000 $t
C:\Users\simon\AppData\Local\Temp\cclhH3bT.s:118    .text.UsageFault_Handler:00000000 UsageFault_Handler
C:\Users\simon\AppData\Local\Temp\cclhH3bT.s:135    .text.SVC_Handler:00000000 $t
C:\Users\simon\AppData\Local\Temp\cclhH3bT.s:141    .text.SVC_Handler:00000000 SVC_Handler
C:\Users\simon\AppData\Local\Temp\cclhH3bT.s:154    .text.DebugMon_Handler:00000000 $t
C:\Users\simon\AppData\Local\Temp\cclhH3bT.s:160    .text.DebugMon_Handler:00000000 DebugMon_Handler
C:\Users\simon\AppData\Local\Temp\cclhH3bT.s:173    .text.PendSV_Handler:00000000 $t
C:\Users\simon\AppData\Local\Temp\cclhH3bT.s:179    .text.PendSV_Handler:00000000 PendSV_Handler
C:\Users\simon\AppData\Local\Temp\cclhH3bT.s:192    .text.SysTick_Handler:00000000 $t
C:\Users\simon\AppData\Local\Temp\cclhH3bT.s:198    .text.SysTick_Handler:00000000 SysTick_Handler
C:\Users\simon\AppData\Local\Temp\cclhH3bT.s:218    .text.DMA1_Stream2_IRQHandler:00000000 $t
C:\Users\simon\AppData\Local\Temp\cclhH3bT.s:224    .text.DMA1_Stream2_IRQHandler:00000000 DMA1_Stream2_IRQHandler
C:\Users\simon\AppData\Local\Temp\cclhH3bT.s:244    .text.DMA1_Stream2_IRQHandler:0000000c $d
C:\Users\simon\AppData\Local\Temp\cclhH3bT.s:249    .text.DMA1_Stream3_IRQHandler:00000000 $t
C:\Users\simon\AppData\Local\Temp\cclhH3bT.s:255    .text.DMA1_Stream3_IRQHandler:00000000 DMA1_Stream3_IRQHandler
C:\Users\simon\AppData\Local\Temp\cclhH3bT.s:275    .text.DMA1_Stream3_IRQHandler:0000000c $d
C:\Users\simon\AppData\Local\Temp\cclhH3bT.s:280    .text.DMA1_Stream4_IRQHandler:00000000 $t
C:\Users\simon\AppData\Local\Temp\cclhH3bT.s:286    .text.DMA1_Stream4_IRQHandler:00000000 DMA1_Stream4_IRQHandler
C:\Users\simon\AppData\Local\Temp\cclhH3bT.s:306    .text.DMA1_Stream4_IRQHandler:0000000c $d
C:\Users\simon\AppData\Local\Temp\cclhH3bT.s:311    .text.ADC_IRQHandler:00000000 $t
C:\Users\simon\AppData\Local\Temp\cclhH3bT.s:317    .text.ADC_IRQHandler:00000000 ADC_IRQHandler
C:\Users\simon\AppData\Local\Temp\cclhH3bT.s:341    .text.ADC_IRQHandler:00000010 $d
C:\Users\simon\AppData\Local\Temp\cclhH3bT.s:347    .text.TIM1_UP_IRQHandler:00000000 $t
C:\Users\simon\AppData\Local\Temp\cclhH3bT.s:353    .text.TIM1_UP_IRQHandler:00000000 TIM1_UP_IRQHandler
C:\Users\simon\AppData\Local\Temp\cclhH3bT.s:373    .text.TIM1_UP_IRQHandler:0000000c $d
C:\Users\simon\AppData\Local\Temp\cclhH3bT.s:378    .text.TIM4_IRQHandler:00000000 $t
C:\Users\simon\AppData\Local\Temp\cclhH3bT.s:384    .text.TIM4_IRQHandler:00000000 TIM4_IRQHandler
C:\Users\simon\AppData\Local\Temp\cclhH3bT.s:404    .text.TIM4_IRQHandler:0000000c $d
C:\Users\simon\AppData\Local\Temp\cclhH3bT.s:409    .text.EXTI15_10_IRQHandler:00000000 $t
C:\Users\simon\AppData\Local\Temp\cclhH3bT.s:415    .text.EXTI15_10_IRQHandler:00000000 EXTI15_10_IRQHandler

UNDEFINED SYMBOLS
HAL_IncTick
HAL_DMA_IRQHandler
hdma_dac1_ch1
hdma_dac1_ch2
hdma_adc1
HAL_ADC_IRQHandler
hadc1
hadc2
HAL_TIM_IRQHandler
htim1
htim4
HAL_GPIO_EXTI_IRQHandler
