ARM GAS  C:\Users\simon\AppData\Local\Temp\ccYcWc1J.s 			page 1


   1              		.cpu cortex-m7
   2              		.arch armv7e-m
   3              		.fpu fpv5-d16
   4              		.eabi_attribute 28, 1
   5              		.eabi_attribute 20, 1
   6              		.eabi_attribute 21, 1
   7              		.eabi_attribute 23, 3
   8              		.eabi_attribute 24, 1
   9              		.eabi_attribute 25, 1
  10              		.eabi_attribute 26, 1
  11              		.eabi_attribute 30, 1
  12              		.eabi_attribute 34, 1
  13              		.eabi_attribute 18, 4
  14              		.file	"i2c.c"
  15              		.text
  16              	.Ltext0:
  17              		.cfi_sections	.debug_frame
  18              		.section	.text.MX_I2C2_Init,"ax",%progbits
  19              		.align	1
  20              		.global	MX_I2C2_Init
  21              		.syntax unified
  22              		.thumb
  23              		.thumb_func
  25              	MX_I2C2_Init:
  26              	.LFB331:
  27              		.file 1 "Src/i2c.c"
   1:Src/i2c.c     **** /**
   2:Src/i2c.c     ****   ******************************************************************************
   3:Src/i2c.c     ****   * @file    i2c.c
   4:Src/i2c.c     ****   * @brief   This file provides code for the configuration
   5:Src/i2c.c     ****   *          of the I2C instances.
   6:Src/i2c.c     ****   ******************************************************************************
   7:Src/i2c.c     ****   * @attention
   8:Src/i2c.c     ****   *
   9:Src/i2c.c     ****   * <h2><center>&copy; Copyright (c) 2026 STMicroelectronics.
  10:Src/i2c.c     ****   * All rights reserved.</center></h2>
  11:Src/i2c.c     ****   *
  12:Src/i2c.c     ****   * This software component is licensed by ST under BSD 3-Clause license,
  13:Src/i2c.c     ****   * the "License"; You may not use this file except in compliance with the
  14:Src/i2c.c     ****   * License. You may obtain a copy of the License at:
  15:Src/i2c.c     ****   *                        opensource.org/licenses/BSD-3-Clause
  16:Src/i2c.c     ****   *
  17:Src/i2c.c     ****   ******************************************************************************
  18:Src/i2c.c     ****   */
  19:Src/i2c.c     **** 
  20:Src/i2c.c     **** /* Includes ------------------------------------------------------------------*/
  21:Src/i2c.c     **** #include "i2c.h"
  22:Src/i2c.c     **** 
  23:Src/i2c.c     **** /* USER CODE BEGIN 0 */
  24:Src/i2c.c     **** 
  25:Src/i2c.c     **** /* USER CODE END 0 */
  26:Src/i2c.c     **** 
  27:Src/i2c.c     **** I2C_HandleTypeDef hi2c2;
  28:Src/i2c.c     **** I2C_HandleTypeDef hi2c3;
  29:Src/i2c.c     **** I2C_HandleTypeDef hi2c4;
  30:Src/i2c.c     **** DMA_HandleTypeDef hdma_i2c2_rx;
  31:Src/i2c.c     **** DMA_HandleTypeDef hdma_i2c2_tx;
ARM GAS  C:\Users\simon\AppData\Local\Temp\ccYcWc1J.s 			page 2


  32:Src/i2c.c     **** 
  33:Src/i2c.c     **** /* I2C2 init function */
  34:Src/i2c.c     **** void MX_I2C2_Init(void)
  35:Src/i2c.c     **** {
  28              		.loc 1 35 1 view -0
  29              		.cfi_startproc
  30              		@ args = 0, pretend = 0, frame = 0
  31              		@ frame_needed = 0, uses_anonymous_args = 0
  32 0000 08B5     		push	{r3, lr}
  33              	.LCFI0:
  34              		.cfi_def_cfa_offset 8
  35              		.cfi_offset 3, -8
  36              		.cfi_offset 14, -4
  36:Src/i2c.c     **** 
  37:Src/i2c.c     ****   /* USER CODE BEGIN I2C2_Init 0 */
  38:Src/i2c.c     **** 
  39:Src/i2c.c     ****   /* USER CODE END I2C2_Init 0 */
  40:Src/i2c.c     **** 
  41:Src/i2c.c     ****   /* USER CODE BEGIN I2C2_Init 1 */
  42:Src/i2c.c     **** 
  43:Src/i2c.c     ****   /* USER CODE END I2C2_Init 1 */
  44:Src/i2c.c     ****   hi2c2.Instance = I2C2;
  37              		.loc 1 44 3 view .LVU1
  38              		.loc 1 44 18 is_stmt 0 view .LVU2
  39 0002 1248     		ldr	r0, .L9
  40 0004 124B     		ldr	r3, .L9+4
  41 0006 0360     		str	r3, [r0]
  45:Src/i2c.c     ****   hi2c2.Init.Timing = 0x00909FCE;
  42              		.loc 1 45 3 is_stmt 1 view .LVU3
  43              		.loc 1 45 21 is_stmt 0 view .LVU4
  44 0008 124B     		ldr	r3, .L9+8
  45 000a 4360     		str	r3, [r0, #4]
  46:Src/i2c.c     ****   hi2c2.Init.OwnAddress1 = 0;
  46              		.loc 1 46 3 is_stmt 1 view .LVU5
  47              		.loc 1 46 26 is_stmt 0 view .LVU6
  48 000c 0023     		movs	r3, #0
  49 000e 8360     		str	r3, [r0, #8]
  47:Src/i2c.c     ****   hi2c2.Init.AddressingMode = I2C_ADDRESSINGMODE_7BIT;
  50              		.loc 1 47 3 is_stmt 1 view .LVU7
  51              		.loc 1 47 29 is_stmt 0 view .LVU8
  52 0010 0122     		movs	r2, #1
  53 0012 C260     		str	r2, [r0, #12]
  48:Src/i2c.c     ****   hi2c2.Init.DualAddressMode = I2C_DUALADDRESS_DISABLE;
  54              		.loc 1 48 3 is_stmt 1 view .LVU9
  55              		.loc 1 48 30 is_stmt 0 view .LVU10
  56 0014 0361     		str	r3, [r0, #16]
  49:Src/i2c.c     ****   hi2c2.Init.OwnAddress2 = 0;
  57              		.loc 1 49 3 is_stmt 1 view .LVU11
  58              		.loc 1 49 26 is_stmt 0 view .LVU12
  59 0016 4361     		str	r3, [r0, #20]
  50:Src/i2c.c     ****   hi2c2.Init.OwnAddress2Masks = I2C_OA2_NOMASK;
  60              		.loc 1 50 3 is_stmt 1 view .LVU13
  61              		.loc 1 50 31 is_stmt 0 view .LVU14
  62 0018 8361     		str	r3, [r0, #24]
  51:Src/i2c.c     ****   hi2c2.Init.GeneralCallMode = I2C_GENERALCALL_DISABLE;
  63              		.loc 1 51 3 is_stmt 1 view .LVU15
  64              		.loc 1 51 30 is_stmt 0 view .LVU16
ARM GAS  C:\Users\simon\AppData\Local\Temp\ccYcWc1J.s 			page 3


  65 001a C361     		str	r3, [r0, #28]
  52:Src/i2c.c     ****   hi2c2.Init.NoStretchMode = I2C_NOSTRETCH_DISABLE;
  66              		.loc 1 52 3 is_stmt 1 view .LVU17
  67              		.loc 1 52 28 is_stmt 0 view .LVU18
  68 001c 0362     		str	r3, [r0, #32]
  53:Src/i2c.c     ****   if (HAL_I2C_Init(&hi2c2) != HAL_OK)
  69              		.loc 1 53 3 is_stmt 1 view .LVU19
  70              		.loc 1 53 7 is_stmt 0 view .LVU20
  71 001e FFF7FEFF 		bl	HAL_I2C_Init
  72              	.LVL0:
  73              		.loc 1 53 6 view .LVU21
  74 0022 50B9     		cbnz	r0, .L6
  75              	.L2:
  54:Src/i2c.c     ****   {
  55:Src/i2c.c     ****     Error_Handler();
  56:Src/i2c.c     ****   }
  57:Src/i2c.c     ****   /** Configure Analogue filter
  58:Src/i2c.c     ****   */
  59:Src/i2c.c     ****   if (HAL_I2CEx_ConfigAnalogFilter(&hi2c2, I2C_ANALOGFILTER_ENABLE) != HAL_OK)
  76              		.loc 1 59 3 is_stmt 1 view .LVU22
  77              		.loc 1 59 7 is_stmt 0 view .LVU23
  78 0024 0021     		movs	r1, #0
  79 0026 0948     		ldr	r0, .L9
  80 0028 FFF7FEFF 		bl	HAL_I2CEx_ConfigAnalogFilter
  81              	.LVL1:
  82              		.loc 1 59 6 view .LVU24
  83 002c 40B9     		cbnz	r0, .L7
  84              	.L3:
  60:Src/i2c.c     ****   {
  61:Src/i2c.c     ****     Error_Handler();
  62:Src/i2c.c     ****   }
  63:Src/i2c.c     ****   /** Configure Digital filter
  64:Src/i2c.c     ****   */
  65:Src/i2c.c     ****   if (HAL_I2CEx_ConfigDigitalFilter(&hi2c2, 0) != HAL_OK)
  85              		.loc 1 65 3 is_stmt 1 view .LVU25
  86              		.loc 1 65 7 is_stmt 0 view .LVU26
  87 002e 0021     		movs	r1, #0
  88 0030 0648     		ldr	r0, .L9
  89 0032 FFF7FEFF 		bl	HAL_I2CEx_ConfigDigitalFilter
  90              	.LVL2:
  91              		.loc 1 65 6 view .LVU27
  92 0036 30B9     		cbnz	r0, .L8
  93              	.L1:
  66:Src/i2c.c     ****   {
  67:Src/i2c.c     ****     Error_Handler();
  68:Src/i2c.c     ****   }
  69:Src/i2c.c     ****   /* USER CODE BEGIN I2C2_Init 2 */
  70:Src/i2c.c     **** 
  71:Src/i2c.c     ****   /* USER CODE END I2C2_Init 2 */
  72:Src/i2c.c     **** 
  73:Src/i2c.c     **** }
  94              		.loc 1 73 1 view .LVU28
  95 0038 08BD     		pop	{r3, pc}
  96              	.L6:
  55:Src/i2c.c     ****   }
  97              		.loc 1 55 5 is_stmt 1 view .LVU29
  98 003a FFF7FEFF 		bl	Error_Handler
ARM GAS  C:\Users\simon\AppData\Local\Temp\ccYcWc1J.s 			page 4


  99              	.LVL3:
 100 003e F1E7     		b	.L2
 101              	.L7:
  61:Src/i2c.c     ****   }
 102              		.loc 1 61 5 view .LVU30
 103 0040 FFF7FEFF 		bl	Error_Handler
 104              	.LVL4:
 105 0044 F3E7     		b	.L3
 106              	.L8:
  67:Src/i2c.c     ****   }
 107              		.loc 1 67 5 view .LVU31
 108 0046 FFF7FEFF 		bl	Error_Handler
 109              	.LVL5:
 110              		.loc 1 73 1 is_stmt 0 view .LVU32
 111 004a F5E7     		b	.L1
 112              	.L10:
 113              		.align	2
 114              	.L9:
 115 004c 00000000 		.word	.LANCHOR0
 116 0050 00580040 		.word	1073764352
 117 0054 CE9F9000 		.word	9478094
 118              		.cfi_endproc
 119              	.LFE331:
 121              		.section	.text.MX_I2C3_Init,"ax",%progbits
 122              		.align	1
 123              		.global	MX_I2C3_Init
 124              		.syntax unified
 125              		.thumb
 126              		.thumb_func
 128              	MX_I2C3_Init:
 129              	.LFB332:
  74:Src/i2c.c     **** /* I2C3 init function */
  75:Src/i2c.c     **** void MX_I2C3_Init(void)
  76:Src/i2c.c     **** {
 130              		.loc 1 76 1 is_stmt 1 view -0
 131              		.cfi_startproc
 132              		@ args = 0, pretend = 0, frame = 0
 133              		@ frame_needed = 0, uses_anonymous_args = 0
 134 0000 08B5     		push	{r3, lr}
 135              	.LCFI1:
 136              		.cfi_def_cfa_offset 8
 137              		.cfi_offset 3, -8
 138              		.cfi_offset 14, -4
  77:Src/i2c.c     **** 
  78:Src/i2c.c     ****   /* USER CODE BEGIN I2C3_Init 0 */
  79:Src/i2c.c     **** 
  80:Src/i2c.c     ****   /* USER CODE END I2C3_Init 0 */
  81:Src/i2c.c     **** 
  82:Src/i2c.c     ****   /* USER CODE BEGIN I2C3_Init 1 */
  83:Src/i2c.c     **** 
  84:Src/i2c.c     ****   /* USER CODE END I2C3_Init 1 */
  85:Src/i2c.c     ****   hi2c3.Instance = I2C3;
 139              		.loc 1 85 3 view .LVU34
 140              		.loc 1 85 18 is_stmt 0 view .LVU35
 141 0002 1248     		ldr	r0, .L19
 142 0004 124B     		ldr	r3, .L19+4
 143 0006 0360     		str	r3, [r0]
ARM GAS  C:\Users\simon\AppData\Local\Temp\ccYcWc1J.s 			page 5


  86:Src/i2c.c     ****   hi2c3.Init.Timing = 0x00909FCE;
 144              		.loc 1 86 3 is_stmt 1 view .LVU36
 145              		.loc 1 86 21 is_stmt 0 view .LVU37
 146 0008 124B     		ldr	r3, .L19+8
 147 000a 4360     		str	r3, [r0, #4]
  87:Src/i2c.c     ****   hi2c3.Init.OwnAddress1 = 0;
 148              		.loc 1 87 3 is_stmt 1 view .LVU38
 149              		.loc 1 87 26 is_stmt 0 view .LVU39
 150 000c 0023     		movs	r3, #0
 151 000e 8360     		str	r3, [r0, #8]
  88:Src/i2c.c     ****   hi2c3.Init.AddressingMode = I2C_ADDRESSINGMODE_7BIT;
 152              		.loc 1 88 3 is_stmt 1 view .LVU40
 153              		.loc 1 88 29 is_stmt 0 view .LVU41
 154 0010 0122     		movs	r2, #1
 155 0012 C260     		str	r2, [r0, #12]
  89:Src/i2c.c     ****   hi2c3.Init.DualAddressMode = I2C_DUALADDRESS_DISABLE;
 156              		.loc 1 89 3 is_stmt 1 view .LVU42
 157              		.loc 1 89 30 is_stmt 0 view .LVU43
 158 0014 0361     		str	r3, [r0, #16]
  90:Src/i2c.c     ****   hi2c3.Init.OwnAddress2 = 0;
 159              		.loc 1 90 3 is_stmt 1 view .LVU44
 160              		.loc 1 90 26 is_stmt 0 view .LVU45
 161 0016 4361     		str	r3, [r0, #20]
  91:Src/i2c.c     ****   hi2c3.Init.OwnAddress2Masks = I2C_OA2_NOMASK;
 162              		.loc 1 91 3 is_stmt 1 view .LVU46
 163              		.loc 1 91 31 is_stmt 0 view .LVU47
 164 0018 8361     		str	r3, [r0, #24]
  92:Src/i2c.c     ****   hi2c3.Init.GeneralCallMode = I2C_GENERALCALL_DISABLE;
 165              		.loc 1 92 3 is_stmt 1 view .LVU48
 166              		.loc 1 92 30 is_stmt 0 view .LVU49
 167 001a C361     		str	r3, [r0, #28]
  93:Src/i2c.c     ****   hi2c3.Init.NoStretchMode = I2C_NOSTRETCH_DISABLE;
 168              		.loc 1 93 3 is_stmt 1 view .LVU50
 169              		.loc 1 93 28 is_stmt 0 view .LVU51
 170 001c 0362     		str	r3, [r0, #32]
  94:Src/i2c.c     ****   if (HAL_I2C_Init(&hi2c3) != HAL_OK)
 171              		.loc 1 94 3 is_stmt 1 view .LVU52
 172              		.loc 1 94 7 is_stmt 0 view .LVU53
 173 001e FFF7FEFF 		bl	HAL_I2C_Init
 174              	.LVL6:
 175              		.loc 1 94 6 view .LVU54
 176 0022 50B9     		cbnz	r0, .L16
 177              	.L12:
  95:Src/i2c.c     ****   {
  96:Src/i2c.c     ****     Error_Handler();
  97:Src/i2c.c     ****   }
  98:Src/i2c.c     ****   /** Configure Analogue filter
  99:Src/i2c.c     ****   */
 100:Src/i2c.c     ****   if (HAL_I2CEx_ConfigAnalogFilter(&hi2c3, I2C_ANALOGFILTER_ENABLE) != HAL_OK)
 178              		.loc 1 100 3 is_stmt 1 view .LVU55
 179              		.loc 1 100 7 is_stmt 0 view .LVU56
 180 0024 0021     		movs	r1, #0
 181 0026 0948     		ldr	r0, .L19
 182 0028 FFF7FEFF 		bl	HAL_I2CEx_ConfigAnalogFilter
 183              	.LVL7:
 184              		.loc 1 100 6 view .LVU57
 185 002c 40B9     		cbnz	r0, .L17
ARM GAS  C:\Users\simon\AppData\Local\Temp\ccYcWc1J.s 			page 6


 186              	.L13:
 101:Src/i2c.c     ****   {
 102:Src/i2c.c     ****     Error_Handler();
 103:Src/i2c.c     ****   }
 104:Src/i2c.c     ****   /** Configure Digital filter
 105:Src/i2c.c     ****   */
 106:Src/i2c.c     ****   if (HAL_I2CEx_ConfigDigitalFilter(&hi2c3, 0) != HAL_OK)
 187              		.loc 1 106 3 is_stmt 1 view .LVU58
 188              		.loc 1 106 7 is_stmt 0 view .LVU59
 189 002e 0021     		movs	r1, #0
 190 0030 0648     		ldr	r0, .L19
 191 0032 FFF7FEFF 		bl	HAL_I2CEx_ConfigDigitalFilter
 192              	.LVL8:
 193              		.loc 1 106 6 view .LVU60
 194 0036 30B9     		cbnz	r0, .L18
 195              	.L11:
 107:Src/i2c.c     ****   {
 108:Src/i2c.c     ****     Error_Handler();
 109:Src/i2c.c     ****   }
 110:Src/i2c.c     ****   /* USER CODE BEGIN I2C3_Init 2 */
 111:Src/i2c.c     **** 
 112:Src/i2c.c     ****   /* USER CODE END I2C3_Init 2 */
 113:Src/i2c.c     **** 
 114:Src/i2c.c     **** }
 196              		.loc 1 114 1 view .LVU61
 197 0038 08BD     		pop	{r3, pc}
 198              	.L16:
  96:Src/i2c.c     ****   }
 199              		.loc 1 96 5 is_stmt 1 view .LVU62
 200 003a FFF7FEFF 		bl	Error_Handler
 201              	.LVL9:
 202 003e F1E7     		b	.L12
 203              	.L17:
 102:Src/i2c.c     ****   }
 204              		.loc 1 102 5 view .LVU63
 205 0040 FFF7FEFF 		bl	Error_Handler
 206              	.LVL10:
 207 0044 F3E7     		b	.L13
 208              	.L18:
 108:Src/i2c.c     ****   }
 209              		.loc 1 108 5 view .LVU64
 210 0046 FFF7FEFF 		bl	Error_Handler
 211              	.LVL11:
 212              		.loc 1 114 1 is_stmt 0 view .LVU65
 213 004a F5E7     		b	.L11
 214              	.L20:
 215              		.align	2
 216              	.L19:
 217 004c 00000000 		.word	.LANCHOR1
 218 0050 005C0040 		.word	1073765376
 219 0054 CE9F9000 		.word	9478094
 220              		.cfi_endproc
 221              	.LFE332:
 223              		.section	.text.MX_I2C4_Init,"ax",%progbits
 224              		.align	1
 225              		.global	MX_I2C4_Init
 226              		.syntax unified
ARM GAS  C:\Users\simon\AppData\Local\Temp\ccYcWc1J.s 			page 7


 227              		.thumb
 228              		.thumb_func
 230              	MX_I2C4_Init:
 231              	.LFB333:
 115:Src/i2c.c     **** /* I2C4 init function */
 116:Src/i2c.c     **** void MX_I2C4_Init(void)
 117:Src/i2c.c     **** {
 232              		.loc 1 117 1 is_stmt 1 view -0
 233              		.cfi_startproc
 234              		@ args = 0, pretend = 0, frame = 0
 235              		@ frame_needed = 0, uses_anonymous_args = 0
 236 0000 08B5     		push	{r3, lr}
 237              	.LCFI2:
 238              		.cfi_def_cfa_offset 8
 239              		.cfi_offset 3, -8
 240              		.cfi_offset 14, -4
 118:Src/i2c.c     **** 
 119:Src/i2c.c     ****   /* USER CODE BEGIN I2C4_Init 0 */
 120:Src/i2c.c     **** 
 121:Src/i2c.c     ****   /* USER CODE END I2C4_Init 0 */
 122:Src/i2c.c     **** 
 123:Src/i2c.c     ****   /* USER CODE BEGIN I2C4_Init 1 */
 124:Src/i2c.c     **** 
 125:Src/i2c.c     ****   /* USER CODE END I2C4_Init 1 */
 126:Src/i2c.c     ****   hi2c4.Instance = I2C4;
 241              		.loc 1 126 3 view .LVU67
 242              		.loc 1 126 18 is_stmt 0 view .LVU68
 243 0002 1248     		ldr	r0, .L29
 244 0004 124B     		ldr	r3, .L29+4
 245 0006 0360     		str	r3, [r0]
 127:Src/i2c.c     ****   hi2c4.Init.Timing = 0x00909FCE;
 246              		.loc 1 127 3 is_stmt 1 view .LVU69
 247              		.loc 1 127 21 is_stmt 0 view .LVU70
 248 0008 124B     		ldr	r3, .L29+8
 249 000a 4360     		str	r3, [r0, #4]
 128:Src/i2c.c     ****   hi2c4.Init.OwnAddress1 = 0;
 250              		.loc 1 128 3 is_stmt 1 view .LVU71
 251              		.loc 1 128 26 is_stmt 0 view .LVU72
 252 000c 0023     		movs	r3, #0
 253 000e 8360     		str	r3, [r0, #8]
 129:Src/i2c.c     ****   hi2c4.Init.AddressingMode = I2C_ADDRESSINGMODE_7BIT;
 254              		.loc 1 129 3 is_stmt 1 view .LVU73
 255              		.loc 1 129 29 is_stmt 0 view .LVU74
 256 0010 0122     		movs	r2, #1
 257 0012 C260     		str	r2, [r0, #12]
 130:Src/i2c.c     ****   hi2c4.Init.DualAddressMode = I2C_DUALADDRESS_DISABLE;
 258              		.loc 1 130 3 is_stmt 1 view .LVU75
 259              		.loc 1 130 30 is_stmt 0 view .LVU76
 260 0014 0361     		str	r3, [r0, #16]
 131:Src/i2c.c     ****   hi2c4.Init.OwnAddress2 = 0;
 261              		.loc 1 131 3 is_stmt 1 view .LVU77
 262              		.loc 1 131 26 is_stmt 0 view .LVU78
 263 0016 4361     		str	r3, [r0, #20]
 132:Src/i2c.c     ****   hi2c4.Init.OwnAddress2Masks = I2C_OA2_NOMASK;
 264              		.loc 1 132 3 is_stmt 1 view .LVU79
 265              		.loc 1 132 31 is_stmt 0 view .LVU80
 266 0018 8361     		str	r3, [r0, #24]
ARM GAS  C:\Users\simon\AppData\Local\Temp\ccYcWc1J.s 			page 8


 133:Src/i2c.c     ****   hi2c4.Init.GeneralCallMode = I2C_GENERALCALL_DISABLE;
 267              		.loc 1 133 3 is_stmt 1 view .LVU81
 268              		.loc 1 133 30 is_stmt 0 view .LVU82
 269 001a C361     		str	r3, [r0, #28]
 134:Src/i2c.c     ****   hi2c4.Init.NoStretchMode = I2C_NOSTRETCH_DISABLE;
 270              		.loc 1 134 3 is_stmt 1 view .LVU83
 271              		.loc 1 134 28 is_stmt 0 view .LVU84
 272 001c 0362     		str	r3, [r0, #32]
 135:Src/i2c.c     ****   if (HAL_I2C_Init(&hi2c4) != HAL_OK)
 273              		.loc 1 135 3 is_stmt 1 view .LVU85
 274              		.loc 1 135 7 is_stmt 0 view .LVU86
 275 001e FFF7FEFF 		bl	HAL_I2C_Init
 276              	.LVL12:
 277              		.loc 1 135 6 view .LVU87
 278 0022 50B9     		cbnz	r0, .L26
 279              	.L22:
 136:Src/i2c.c     ****   {
 137:Src/i2c.c     ****     Error_Handler();
 138:Src/i2c.c     ****   }
 139:Src/i2c.c     ****   /** Configure Analogue filter
 140:Src/i2c.c     ****   */
 141:Src/i2c.c     ****   if (HAL_I2CEx_ConfigAnalogFilter(&hi2c4, I2C_ANALOGFILTER_ENABLE) != HAL_OK)
 280              		.loc 1 141 3 is_stmt 1 view .LVU88
 281              		.loc 1 141 7 is_stmt 0 view .LVU89
 282 0024 0021     		movs	r1, #0
 283 0026 0948     		ldr	r0, .L29
 284 0028 FFF7FEFF 		bl	HAL_I2CEx_ConfigAnalogFilter
 285              	.LVL13:
 286              		.loc 1 141 6 view .LVU90
 287 002c 40B9     		cbnz	r0, .L27
 288              	.L23:
 142:Src/i2c.c     ****   {
 143:Src/i2c.c     ****     Error_Handler();
 144:Src/i2c.c     ****   }
 145:Src/i2c.c     ****   /** Configure Digital filter
 146:Src/i2c.c     ****   */
 147:Src/i2c.c     ****   if (HAL_I2CEx_ConfigDigitalFilter(&hi2c4, 0) != HAL_OK)
 289              		.loc 1 147 3 is_stmt 1 view .LVU91
 290              		.loc 1 147 7 is_stmt 0 view .LVU92
 291 002e 0021     		movs	r1, #0
 292 0030 0648     		ldr	r0, .L29
 293 0032 FFF7FEFF 		bl	HAL_I2CEx_ConfigDigitalFilter
 294              	.LVL14:
 295              		.loc 1 147 6 view .LVU93
 296 0036 30B9     		cbnz	r0, .L28
 297              	.L21:
 148:Src/i2c.c     ****   {
 149:Src/i2c.c     ****     Error_Handler();
 150:Src/i2c.c     ****   }
 151:Src/i2c.c     ****   /* USER CODE BEGIN I2C4_Init 2 */
 152:Src/i2c.c     **** 
 153:Src/i2c.c     ****   /* USER CODE END I2C4_Init 2 */
 154:Src/i2c.c     **** 
 155:Src/i2c.c     **** }
 298              		.loc 1 155 1 view .LVU94
 299 0038 08BD     		pop	{r3, pc}
 300              	.L26:
ARM GAS  C:\Users\simon\AppData\Local\Temp\ccYcWc1J.s 			page 9


 137:Src/i2c.c     ****   }
 301              		.loc 1 137 5 is_stmt 1 view .LVU95
 302 003a FFF7FEFF 		bl	Error_Handler
 303              	.LVL15:
 304 003e F1E7     		b	.L22
 305              	.L27:
 143:Src/i2c.c     ****   }
 306              		.loc 1 143 5 view .LVU96
 307 0040 FFF7FEFF 		bl	Error_Handler
 308              	.LVL16:
 309 0044 F3E7     		b	.L23
 310              	.L28:
 149:Src/i2c.c     ****   }
 311              		.loc 1 149 5 view .LVU97
 312 0046 FFF7FEFF 		bl	Error_Handler
 313              	.LVL17:
 314              		.loc 1 155 1 is_stmt 0 view .LVU98
 315 004a F5E7     		b	.L21
 316              	.L30:
 317              		.align	2
 318              	.L29:
 319 004c 00000000 		.word	.LANCHOR2
 320 0050 001C0058 		.word	1476402176
 321 0054 CE9F9000 		.word	9478094
 322              		.cfi_endproc
 323              	.LFE333:
 325              		.section	.text.HAL_I2C_MspInit,"ax",%progbits
 326              		.align	1
 327              		.global	HAL_I2C_MspInit
 328              		.syntax unified
 329              		.thumb
 330              		.thumb_func
 332              	HAL_I2C_MspInit:
 333              	.LVL18:
 334              	.LFB334:
 156:Src/i2c.c     **** 
 157:Src/i2c.c     **** void HAL_I2C_MspInit(I2C_HandleTypeDef* i2cHandle)
 158:Src/i2c.c     **** {
 335              		.loc 1 158 1 is_stmt 1 view -0
 336              		.cfi_startproc
 337              		@ args = 0, pretend = 0, frame = 240
 338              		@ frame_needed = 0, uses_anonymous_args = 0
 339              		.loc 1 158 1 is_stmt 0 view .LVU100
 340 0000 F0B5     		push	{r4, r5, r6, r7, lr}
 341              	.LCFI3:
 342              		.cfi_def_cfa_offset 20
 343              		.cfi_offset 4, -20
 344              		.cfi_offset 5, -16
 345              		.cfi_offset 6, -12
 346              		.cfi_offset 7, -8
 347              		.cfi_offset 14, -4
 348 0002 BDB0     		sub	sp, sp, #244
 349              	.LCFI4:
 350              		.cfi_def_cfa_offset 264
 351 0004 0446     		mov	r4, r0
 159:Src/i2c.c     **** 
 160:Src/i2c.c     ****   GPIO_InitTypeDef GPIO_InitStruct = {0};
ARM GAS  C:\Users\simon\AppData\Local\Temp\ccYcWc1J.s 			page 10


 352              		.loc 1 160 3 is_stmt 1 view .LVU101
 353              		.loc 1 160 20 is_stmt 0 view .LVU102
 354 0006 0021     		movs	r1, #0
 355 0008 3791     		str	r1, [sp, #220]
 356 000a 3891     		str	r1, [sp, #224]
 357 000c 3991     		str	r1, [sp, #228]
 358 000e 3A91     		str	r1, [sp, #232]
 359 0010 3B91     		str	r1, [sp, #236]
 161:Src/i2c.c     ****   RCC_PeriphCLKInitTypeDef PeriphClkInitStruct = {0};
 360              		.loc 1 161 3 is_stmt 1 view .LVU103
 361              		.loc 1 161 28 is_stmt 0 view .LVU104
 362 0012 BC22     		movs	r2, #188
 363 0014 08A8     		add	r0, sp, #32
 364              	.LVL19:
 365              		.loc 1 161 28 view .LVU105
 366 0016 FFF7FEFF 		bl	memset
 367              	.LVL20:
 162:Src/i2c.c     ****   if(i2cHandle->Instance==I2C2)
 368              		.loc 1 162 3 is_stmt 1 view .LVU106
 369              		.loc 1 162 15 is_stmt 0 view .LVU107
 370 001a 2368     		ldr	r3, [r4]
 371              		.loc 1 162 5 view .LVU108
 372 001c 7D4A     		ldr	r2, .L49
 373 001e 9342     		cmp	r3, r2
 374 0020 08D0     		beq	.L41
 163:Src/i2c.c     ****   {
 164:Src/i2c.c     ****   /* USER CODE BEGIN I2C2_MspInit 0 */
 165:Src/i2c.c     **** 
 166:Src/i2c.c     ****   /* USER CODE END I2C2_MspInit 0 */
 167:Src/i2c.c     ****   /** Initializes the peripherals clock
 168:Src/i2c.c     ****   */
 169:Src/i2c.c     ****     PeriphClkInitStruct.PeriphClockSelection = RCC_PERIPHCLK_I2C2;
 170:Src/i2c.c     ****     PeriphClkInitStruct.I2c123ClockSelection = RCC_I2C123CLKSOURCE_D2PCLK1;
 171:Src/i2c.c     ****     if (HAL_RCCEx_PeriphCLKConfig(&PeriphClkInitStruct) != HAL_OK)
 172:Src/i2c.c     ****     {
 173:Src/i2c.c     ****       Error_Handler();
 174:Src/i2c.c     ****     }
 175:Src/i2c.c     **** 
 176:Src/i2c.c     ****     __HAL_RCC_GPIOH_CLK_ENABLE();
 177:Src/i2c.c     ****     /**I2C2 GPIO Configuration
 178:Src/i2c.c     ****     PH4     ------> I2C2_SCL
 179:Src/i2c.c     ****     PH5     ------> I2C2_SDA
 180:Src/i2c.c     ****     */
 181:Src/i2c.c     ****     GPIO_InitStruct.Pin = GPIO_PIN_4|GPIO_PIN_5;
 182:Src/i2c.c     ****     GPIO_InitStruct.Mode = GPIO_MODE_AF_OD;
 183:Src/i2c.c     ****     GPIO_InitStruct.Pull = GPIO_NOPULL;
 184:Src/i2c.c     ****     GPIO_InitStruct.Speed = GPIO_SPEED_FREQ_LOW;
 185:Src/i2c.c     ****     GPIO_InitStruct.Alternate = GPIO_AF4_I2C2;
 186:Src/i2c.c     ****     HAL_GPIO_Init(GPIOH, &GPIO_InitStruct);
 187:Src/i2c.c     **** 
 188:Src/i2c.c     ****     /* I2C2 clock enable */
 189:Src/i2c.c     ****     __HAL_RCC_I2C2_CLK_ENABLE();
 190:Src/i2c.c     **** 
 191:Src/i2c.c     ****     /* I2C2 DMA Init */
 192:Src/i2c.c     ****     /* I2C2_RX Init */
 193:Src/i2c.c     ****     hdma_i2c2_rx.Instance = DMA1_Stream0;
 194:Src/i2c.c     ****     hdma_i2c2_rx.Init.Request = DMA_REQUEST_I2C2_RX;
ARM GAS  C:\Users\simon\AppData\Local\Temp\ccYcWc1J.s 			page 11


 195:Src/i2c.c     ****     hdma_i2c2_rx.Init.Direction = DMA_PERIPH_TO_MEMORY;
 196:Src/i2c.c     ****     hdma_i2c2_rx.Init.PeriphInc = DMA_PINC_DISABLE;
 197:Src/i2c.c     ****     hdma_i2c2_rx.Init.MemInc = DMA_MINC_ENABLE;
 198:Src/i2c.c     ****     hdma_i2c2_rx.Init.PeriphDataAlignment = DMA_PDATAALIGN_BYTE;
 199:Src/i2c.c     ****     hdma_i2c2_rx.Init.MemDataAlignment = DMA_MDATAALIGN_BYTE;
 200:Src/i2c.c     ****     hdma_i2c2_rx.Init.Mode = DMA_NORMAL;
 201:Src/i2c.c     ****     hdma_i2c2_rx.Init.Priority = DMA_PRIORITY_LOW;
 202:Src/i2c.c     ****     hdma_i2c2_rx.Init.FIFOMode = DMA_FIFOMODE_DISABLE;
 203:Src/i2c.c     ****     if (HAL_DMA_Init(&hdma_i2c2_rx) != HAL_OK)
 204:Src/i2c.c     ****     {
 205:Src/i2c.c     ****       Error_Handler();
 206:Src/i2c.c     ****     }
 207:Src/i2c.c     **** 
 208:Src/i2c.c     ****     __HAL_LINKDMA(i2cHandle,hdmarx,hdma_i2c2_rx);
 209:Src/i2c.c     **** 
 210:Src/i2c.c     ****     /* I2C2_TX Init */
 211:Src/i2c.c     ****     hdma_i2c2_tx.Instance = DMA1_Stream1;
 212:Src/i2c.c     ****     hdma_i2c2_tx.Init.Request = DMA_REQUEST_I2C2_TX;
 213:Src/i2c.c     ****     hdma_i2c2_tx.Init.Direction = DMA_MEMORY_TO_PERIPH;
 214:Src/i2c.c     ****     hdma_i2c2_tx.Init.PeriphInc = DMA_PINC_DISABLE;
 215:Src/i2c.c     ****     hdma_i2c2_tx.Init.MemInc = DMA_MINC_ENABLE;
 216:Src/i2c.c     ****     hdma_i2c2_tx.Init.PeriphDataAlignment = DMA_PDATAALIGN_BYTE;
 217:Src/i2c.c     ****     hdma_i2c2_tx.Init.MemDataAlignment = DMA_MDATAALIGN_BYTE;
 218:Src/i2c.c     ****     hdma_i2c2_tx.Init.Mode = DMA_NORMAL;
 219:Src/i2c.c     ****     hdma_i2c2_tx.Init.Priority = DMA_PRIORITY_LOW;
 220:Src/i2c.c     ****     hdma_i2c2_tx.Init.FIFOMode = DMA_FIFOMODE_DISABLE;
 221:Src/i2c.c     ****     if (HAL_DMA_Init(&hdma_i2c2_tx) != HAL_OK)
 222:Src/i2c.c     ****     {
 223:Src/i2c.c     ****       Error_Handler();
 224:Src/i2c.c     ****     }
 225:Src/i2c.c     **** 
 226:Src/i2c.c     ****     __HAL_LINKDMA(i2cHandle,hdmatx,hdma_i2c2_tx);
 227:Src/i2c.c     **** 
 228:Src/i2c.c     ****     /* I2C2 interrupt Init */
 229:Src/i2c.c     ****     HAL_NVIC_SetPriority(I2C2_EV_IRQn, 0, 0);
 230:Src/i2c.c     ****     HAL_NVIC_EnableIRQ(I2C2_EV_IRQn);
 231:Src/i2c.c     ****     HAL_NVIC_SetPriority(I2C2_ER_IRQn, 0, 0);
 232:Src/i2c.c     ****     HAL_NVIC_EnableIRQ(I2C2_ER_IRQn);
 233:Src/i2c.c     ****   /* USER CODE BEGIN I2C2_MspInit 1 */
 234:Src/i2c.c     **** 
 235:Src/i2c.c     ****   /* USER CODE END I2C2_MspInit 1 */
 236:Src/i2c.c     ****   }
 237:Src/i2c.c     ****   else if(i2cHandle->Instance==I2C3)
 375              		.loc 1 237 8 is_stmt 1 view .LVU109
 376              		.loc 1 237 10 is_stmt 0 view .LVU110
 377 0022 7D4A     		ldr	r2, .L49+4
 378 0024 9342     		cmp	r3, r2
 379 0026 78D0     		beq	.L42
 238:Src/i2c.c     ****   {
 239:Src/i2c.c     ****   /* USER CODE BEGIN I2C3_MspInit 0 */
 240:Src/i2c.c     **** 
 241:Src/i2c.c     ****   /* USER CODE END I2C3_MspInit 0 */
 242:Src/i2c.c     **** 
 243:Src/i2c.c     ****   /** Initializes the peripherals clock
 244:Src/i2c.c     ****   */
 245:Src/i2c.c     ****     PeriphClkInitStruct.PeriphClockSelection = RCC_PERIPHCLK_I2C3;
 246:Src/i2c.c     ****     PeriphClkInitStruct.I2c123ClockSelection = RCC_I2C123CLKSOURCE_D2PCLK1;
ARM GAS  C:\Users\simon\AppData\Local\Temp\ccYcWc1J.s 			page 12


 247:Src/i2c.c     ****     if (HAL_RCCEx_PeriphCLKConfig(&PeriphClkInitStruct) != HAL_OK)
 248:Src/i2c.c     ****     {
 249:Src/i2c.c     ****       Error_Handler();
 250:Src/i2c.c     ****     }
 251:Src/i2c.c     **** 
 252:Src/i2c.c     ****     __HAL_RCC_GPIOH_CLK_ENABLE();
 253:Src/i2c.c     ****     /**I2C3 GPIO Configuration
 254:Src/i2c.c     ****     PH8     ------> I2C3_SDA
 255:Src/i2c.c     ****     PH7     ------> I2C3_SCL
 256:Src/i2c.c     ****     */
 257:Src/i2c.c     ****     GPIO_InitStruct.Pin = GPIO_PIN_8|GPIO_PIN_7;
 258:Src/i2c.c     ****     GPIO_InitStruct.Mode = GPIO_MODE_AF_OD;
 259:Src/i2c.c     ****     GPIO_InitStruct.Pull = GPIO_PULLUP;
 260:Src/i2c.c     ****     GPIO_InitStruct.Speed = GPIO_SPEED_FREQ_LOW;
 261:Src/i2c.c     ****     GPIO_InitStruct.Alternate = GPIO_AF4_I2C3;
 262:Src/i2c.c     ****     HAL_GPIO_Init(GPIOH, &GPIO_InitStruct);
 263:Src/i2c.c     **** 
 264:Src/i2c.c     ****     /* I2C3 clock enable */
 265:Src/i2c.c     ****     __HAL_RCC_I2C3_CLK_ENABLE();
 266:Src/i2c.c     ****   /* USER CODE BEGIN I2C3_MspInit 1 */
 267:Src/i2c.c     **** 
 268:Src/i2c.c     ****   /* USER CODE END I2C3_MspInit 1 */
 269:Src/i2c.c     ****   }
 270:Src/i2c.c     ****   else if(i2cHandle->Instance==I2C4)
 380              		.loc 1 270 8 is_stmt 1 view .LVU111
 381              		.loc 1 270 10 is_stmt 0 view .LVU112
 382 0028 7C4A     		ldr	r2, .L49+8
 383 002a 9342     		cmp	r3, r2
 384 002c 00F0A780 		beq	.L43
 385              	.LVL21:
 386              	.L31:
 271:Src/i2c.c     ****   {
 272:Src/i2c.c     ****   /* USER CODE BEGIN I2C4_MspInit 0 */
 273:Src/i2c.c     **** 
 274:Src/i2c.c     ****   /* USER CODE END I2C4_MspInit 0 */
 275:Src/i2c.c     **** 
 276:Src/i2c.c     ****   /** Initializes the peripherals clock
 277:Src/i2c.c     ****   */
 278:Src/i2c.c     ****     PeriphClkInitStruct.PeriphClockSelection = RCC_PERIPHCLK_I2C4;
 279:Src/i2c.c     ****     PeriphClkInitStruct.I2c4ClockSelection = RCC_I2C4CLKSOURCE_D3PCLK1;
 280:Src/i2c.c     ****     if (HAL_RCCEx_PeriphCLKConfig(&PeriphClkInitStruct) != HAL_OK)
 281:Src/i2c.c     ****     {
 282:Src/i2c.c     ****       Error_Handler();
 283:Src/i2c.c     ****     }
 284:Src/i2c.c     **** 
 285:Src/i2c.c     ****     __HAL_RCC_GPIOB_CLK_ENABLE();
 286:Src/i2c.c     ****     __HAL_RCC_GPIOH_CLK_ENABLE();
 287:Src/i2c.c     ****     /**I2C4 GPIO Configuration
 288:Src/i2c.c     ****     PB6     ------> I2C4_SCL
 289:Src/i2c.c     ****     PH12     ------> I2C4_SDA
 290:Src/i2c.c     ****     */
 291:Src/i2c.c     ****     GPIO_InitStruct.Pin = GPIO_PIN_6;
 292:Src/i2c.c     ****     GPIO_InitStruct.Mode = GPIO_MODE_AF_OD;
 293:Src/i2c.c     ****     GPIO_InitStruct.Pull = GPIO_PULLUP;
 294:Src/i2c.c     ****     GPIO_InitStruct.Speed = GPIO_SPEED_FREQ_LOW;
 295:Src/i2c.c     ****     GPIO_InitStruct.Alternate = GPIO_AF6_I2C4;
 296:Src/i2c.c     ****     HAL_GPIO_Init(GPIOB, &GPIO_InitStruct);
ARM GAS  C:\Users\simon\AppData\Local\Temp\ccYcWc1J.s 			page 13


 297:Src/i2c.c     **** 
 298:Src/i2c.c     ****     GPIO_InitStruct.Pin = GPIO_PIN_12;
 299:Src/i2c.c     ****     GPIO_InitStruct.Mode = GPIO_MODE_AF_OD;
 300:Src/i2c.c     ****     GPIO_InitStruct.Pull = GPIO_PULLUP;
 301:Src/i2c.c     ****     GPIO_InitStruct.Speed = GPIO_SPEED_FREQ_LOW;
 302:Src/i2c.c     ****     GPIO_InitStruct.Alternate = GPIO_AF4_I2C4;
 303:Src/i2c.c     ****     HAL_GPIO_Init(GPIOH, &GPIO_InitStruct);
 304:Src/i2c.c     **** 
 305:Src/i2c.c     ****     /* I2C4 clock enable */
 306:Src/i2c.c     ****     __HAL_RCC_I2C4_CLK_ENABLE();
 307:Src/i2c.c     ****   /* USER CODE BEGIN I2C4_MspInit 1 */
 308:Src/i2c.c     **** 
 309:Src/i2c.c     ****   /* USER CODE END I2C4_MspInit 1 */
 310:Src/i2c.c     ****   }
 311:Src/i2c.c     **** }
 387              		.loc 1 311 1 view .LVU113
 388 0030 3DB0     		add	sp, sp, #244
 389              	.LCFI5:
 390              		.cfi_remember_state
 391              		.cfi_def_cfa_offset 20
 392              		@ sp needed
 393 0032 F0BD     		pop	{r4, r5, r6, r7, pc}
 394              	.LVL22:
 395              	.L41:
 396              	.LCFI6:
 397              		.cfi_restore_state
 169:Src/i2c.c     ****     PeriphClkInitStruct.I2c123ClockSelection = RCC_I2C123CLKSOURCE_D2PCLK1;
 398              		.loc 1 169 5 is_stmt 1 view .LVU114
 169:Src/i2c.c     ****     PeriphClkInitStruct.I2c123ClockSelection = RCC_I2C123CLKSOURCE_D2PCLK1;
 399              		.loc 1 169 46 is_stmt 0 view .LVU115
 400 0034 0823     		movs	r3, #8
 401 0036 0893     		str	r3, [sp, #32]
 170:Src/i2c.c     ****     if (HAL_RCCEx_PeriphCLKConfig(&PeriphClkInitStruct) != HAL_OK)
 402              		.loc 1 170 5 is_stmt 1 view .LVU116
 171:Src/i2c.c     ****     {
 403              		.loc 1 171 5 view .LVU117
 171:Src/i2c.c     ****     {
 404              		.loc 1 171 9 is_stmt 0 view .LVU118
 405 0038 08A8     		add	r0, sp, #32
 406 003a FFF7FEFF 		bl	HAL_RCCEx_PeriphCLKConfig
 407              	.LVL23:
 171:Src/i2c.c     ****     {
 408              		.loc 1 171 8 view .LVU119
 409 003e 0028     		cmp	r0, #0
 410 0040 62D1     		bne	.L44
 411              	.L33:
 176:Src/i2c.c     ****     /**I2C2 GPIO Configuration
 412              		.loc 1 176 5 is_stmt 1 view .LVU120
 413              	.LBB2:
 176:Src/i2c.c     ****     /**I2C2 GPIO Configuration
 414              		.loc 1 176 5 view .LVU121
 176:Src/i2c.c     ****     /**I2C2 GPIO Configuration
 415              		.loc 1 176 5 view .LVU122
 416 0042 774E     		ldr	r6, .L49+12
 417 0044 D6F8E030 		ldr	r3, [r6, #224]
 418 0048 43F08003 		orr	r3, r3, #128
 419 004c C6F8E030 		str	r3, [r6, #224]
ARM GAS  C:\Users\simon\AppData\Local\Temp\ccYcWc1J.s 			page 14


 176:Src/i2c.c     ****     /**I2C2 GPIO Configuration
 420              		.loc 1 176 5 view .LVU123
 421 0050 D6F8E030 		ldr	r3, [r6, #224]
 422 0054 03F08003 		and	r3, r3, #128
 423 0058 0193     		str	r3, [sp, #4]
 176:Src/i2c.c     ****     /**I2C2 GPIO Configuration
 424              		.loc 1 176 5 view .LVU124
 425 005a 019B     		ldr	r3, [sp, #4]
 426              	.LBE2:
 176:Src/i2c.c     ****     /**I2C2 GPIO Configuration
 427              		.loc 1 176 5 view .LVU125
 181:Src/i2c.c     ****     GPIO_InitStruct.Mode = GPIO_MODE_AF_OD;
 428              		.loc 1 181 5 view .LVU126
 181:Src/i2c.c     ****     GPIO_InitStruct.Mode = GPIO_MODE_AF_OD;
 429              		.loc 1 181 25 is_stmt 0 view .LVU127
 430 005c 3023     		movs	r3, #48
 431 005e 3793     		str	r3, [sp, #220]
 182:Src/i2c.c     ****     GPIO_InitStruct.Pull = GPIO_NOPULL;
 432              		.loc 1 182 5 is_stmt 1 view .LVU128
 182:Src/i2c.c     ****     GPIO_InitStruct.Pull = GPIO_NOPULL;
 433              		.loc 1 182 26 is_stmt 0 view .LVU129
 434 0060 1223     		movs	r3, #18
 435 0062 3893     		str	r3, [sp, #224]
 183:Src/i2c.c     ****     GPIO_InitStruct.Speed = GPIO_SPEED_FREQ_LOW;
 436              		.loc 1 183 5 is_stmt 1 view .LVU130
 183:Src/i2c.c     ****     GPIO_InitStruct.Speed = GPIO_SPEED_FREQ_LOW;
 437              		.loc 1 183 26 is_stmt 0 view .LVU131
 438 0064 0025     		movs	r5, #0
 439 0066 3995     		str	r5, [sp, #228]
 184:Src/i2c.c     ****     GPIO_InitStruct.Alternate = GPIO_AF4_I2C2;
 440              		.loc 1 184 5 is_stmt 1 view .LVU132
 184:Src/i2c.c     ****     GPIO_InitStruct.Alternate = GPIO_AF4_I2C2;
 441              		.loc 1 184 27 is_stmt 0 view .LVU133
 442 0068 3A95     		str	r5, [sp, #232]
 185:Src/i2c.c     ****     HAL_GPIO_Init(GPIOH, &GPIO_InitStruct);
 443              		.loc 1 185 5 is_stmt 1 view .LVU134
 185:Src/i2c.c     ****     HAL_GPIO_Init(GPIOH, &GPIO_InitStruct);
 444              		.loc 1 185 31 is_stmt 0 view .LVU135
 445 006a 0423     		movs	r3, #4
 446 006c 3B93     		str	r3, [sp, #236]
 186:Src/i2c.c     **** 
 447              		.loc 1 186 5 is_stmt 1 view .LVU136
 448 006e 37A9     		add	r1, sp, #220
 449 0070 6C48     		ldr	r0, .L49+16
 450 0072 FFF7FEFF 		bl	HAL_GPIO_Init
 451              	.LVL24:
 189:Src/i2c.c     **** 
 452              		.loc 1 189 5 view .LVU137
 453              	.LBB3:
 189:Src/i2c.c     **** 
 454              		.loc 1 189 5 view .LVU138
 189:Src/i2c.c     **** 
 455              		.loc 1 189 5 view .LVU139
 456 0076 D6F8E830 		ldr	r3, [r6, #232]
 457 007a 43F48003 		orr	r3, r3, #4194304
 458 007e C6F8E830 		str	r3, [r6, #232]
 189:Src/i2c.c     **** 
ARM GAS  C:\Users\simon\AppData\Local\Temp\ccYcWc1J.s 			page 15


 459              		.loc 1 189 5 view .LVU140
 460 0082 D6F8E830 		ldr	r3, [r6, #232]
 461 0086 03F48003 		and	r3, r3, #4194304
 462 008a 0293     		str	r3, [sp, #8]
 189:Src/i2c.c     **** 
 463              		.loc 1 189 5 view .LVU141
 464 008c 029B     		ldr	r3, [sp, #8]
 465              	.LBE3:
 189:Src/i2c.c     **** 
 466              		.loc 1 189 5 view .LVU142
 193:Src/i2c.c     ****     hdma_i2c2_rx.Init.Request = DMA_REQUEST_I2C2_RX;
 467              		.loc 1 193 5 view .LVU143
 193:Src/i2c.c     ****     hdma_i2c2_rx.Init.Request = DMA_REQUEST_I2C2_RX;
 468              		.loc 1 193 27 is_stmt 0 view .LVU144
 469 008e 6648     		ldr	r0, .L49+20
 470 0090 664B     		ldr	r3, .L49+24
 471 0092 0360     		str	r3, [r0]
 194:Src/i2c.c     ****     hdma_i2c2_rx.Init.Direction = DMA_PERIPH_TO_MEMORY;
 472              		.loc 1 194 5 is_stmt 1 view .LVU145
 194:Src/i2c.c     ****     hdma_i2c2_rx.Init.Direction = DMA_PERIPH_TO_MEMORY;
 473              		.loc 1 194 31 is_stmt 0 view .LVU146
 474 0094 2323     		movs	r3, #35
 475 0096 4360     		str	r3, [r0, #4]
 195:Src/i2c.c     ****     hdma_i2c2_rx.Init.PeriphInc = DMA_PINC_DISABLE;
 476              		.loc 1 195 5 is_stmt 1 view .LVU147
 195:Src/i2c.c     ****     hdma_i2c2_rx.Init.PeriphInc = DMA_PINC_DISABLE;
 477              		.loc 1 195 33 is_stmt 0 view .LVU148
 478 0098 8560     		str	r5, [r0, #8]
 196:Src/i2c.c     ****     hdma_i2c2_rx.Init.MemInc = DMA_MINC_ENABLE;
 479              		.loc 1 196 5 is_stmt 1 view .LVU149
 196:Src/i2c.c     ****     hdma_i2c2_rx.Init.MemInc = DMA_MINC_ENABLE;
 480              		.loc 1 196 33 is_stmt 0 view .LVU150
 481 009a C560     		str	r5, [r0, #12]
 197:Src/i2c.c     ****     hdma_i2c2_rx.Init.PeriphDataAlignment = DMA_PDATAALIGN_BYTE;
 482              		.loc 1 197 5 is_stmt 1 view .LVU151
 197:Src/i2c.c     ****     hdma_i2c2_rx.Init.PeriphDataAlignment = DMA_PDATAALIGN_BYTE;
 483              		.loc 1 197 30 is_stmt 0 view .LVU152
 484 009c 4FF48063 		mov	r3, #1024
 485 00a0 0361     		str	r3, [r0, #16]
 198:Src/i2c.c     ****     hdma_i2c2_rx.Init.MemDataAlignment = DMA_MDATAALIGN_BYTE;
 486              		.loc 1 198 5 is_stmt 1 view .LVU153
 198:Src/i2c.c     ****     hdma_i2c2_rx.Init.MemDataAlignment = DMA_MDATAALIGN_BYTE;
 487              		.loc 1 198 43 is_stmt 0 view .LVU154
 488 00a2 4561     		str	r5, [r0, #20]
 199:Src/i2c.c     ****     hdma_i2c2_rx.Init.Mode = DMA_NORMAL;
 489              		.loc 1 199 5 is_stmt 1 view .LVU155
 199:Src/i2c.c     ****     hdma_i2c2_rx.Init.Mode = DMA_NORMAL;
 490              		.loc 1 199 40 is_stmt 0 view .LVU156
 491 00a4 8561     		str	r5, [r0, #24]
 200:Src/i2c.c     ****     hdma_i2c2_rx.Init.Priority = DMA_PRIORITY_LOW;
 492              		.loc 1 200 5 is_stmt 1 view .LVU157
 200:Src/i2c.c     ****     hdma_i2c2_rx.Init.Priority = DMA_PRIORITY_LOW;
 493              		.loc 1 200 28 is_stmt 0 view .LVU158
 494 00a6 C561     		str	r5, [r0, #28]
 201:Src/i2c.c     ****     hdma_i2c2_rx.Init.FIFOMode = DMA_FIFOMODE_DISABLE;
 495              		.loc 1 201 5 is_stmt 1 view .LVU159
 201:Src/i2c.c     ****     hdma_i2c2_rx.Init.FIFOMode = DMA_FIFOMODE_DISABLE;
ARM GAS  C:\Users\simon\AppData\Local\Temp\ccYcWc1J.s 			page 16


 496              		.loc 1 201 32 is_stmt 0 view .LVU160
 497 00a8 0562     		str	r5, [r0, #32]
 202:Src/i2c.c     ****     if (HAL_DMA_Init(&hdma_i2c2_rx) != HAL_OK)
 498              		.loc 1 202 5 is_stmt 1 view .LVU161
 202:Src/i2c.c     ****     if (HAL_DMA_Init(&hdma_i2c2_rx) != HAL_OK)
 499              		.loc 1 202 32 is_stmt 0 view .LVU162
 500 00aa 4562     		str	r5, [r0, #36]
 203:Src/i2c.c     ****     {
 501              		.loc 1 203 5 is_stmt 1 view .LVU163
 203:Src/i2c.c     ****     {
 502              		.loc 1 203 9 is_stmt 0 view .LVU164
 503 00ac FFF7FEFF 		bl	HAL_DMA_Init
 504              	.LVL25:
 203:Src/i2c.c     ****     {
 505              		.loc 1 203 8 view .LVU165
 506 00b0 68BB     		cbnz	r0, .L45
 507              	.L34:
 208:Src/i2c.c     **** 
 508              		.loc 1 208 5 is_stmt 1 view .LVU166
 208:Src/i2c.c     **** 
 509              		.loc 1 208 5 view .LVU167
 510 00b2 5D4B     		ldr	r3, .L49+20
 511 00b4 E363     		str	r3, [r4, #60]
 208:Src/i2c.c     **** 
 512              		.loc 1 208 5 view .LVU168
 513 00b6 9C63     		str	r4, [r3, #56]
 208:Src/i2c.c     **** 
 514              		.loc 1 208 5 view .LVU169
 211:Src/i2c.c     ****     hdma_i2c2_tx.Init.Request = DMA_REQUEST_I2C2_TX;
 515              		.loc 1 211 5 view .LVU170
 211:Src/i2c.c     ****     hdma_i2c2_tx.Init.Request = DMA_REQUEST_I2C2_TX;
 516              		.loc 1 211 27 is_stmt 0 view .LVU171
 517 00b8 5D48     		ldr	r0, .L49+28
 518 00ba 5E4B     		ldr	r3, .L49+32
 519 00bc 0360     		str	r3, [r0]
 212:Src/i2c.c     ****     hdma_i2c2_tx.Init.Direction = DMA_MEMORY_TO_PERIPH;
 520              		.loc 1 212 5 is_stmt 1 view .LVU172
 212:Src/i2c.c     ****     hdma_i2c2_tx.Init.Direction = DMA_MEMORY_TO_PERIPH;
 521              		.loc 1 212 31 is_stmt 0 view .LVU173
 522 00be 2423     		movs	r3, #36
 523 00c0 4360     		str	r3, [r0, #4]
 213:Src/i2c.c     ****     hdma_i2c2_tx.Init.PeriphInc = DMA_PINC_DISABLE;
 524              		.loc 1 213 5 is_stmt 1 view .LVU174
 213:Src/i2c.c     ****     hdma_i2c2_tx.Init.PeriphInc = DMA_PINC_DISABLE;
 525              		.loc 1 213 33 is_stmt 0 view .LVU175
 526 00c2 4023     		movs	r3, #64
 527 00c4 8360     		str	r3, [r0, #8]
 214:Src/i2c.c     ****     hdma_i2c2_tx.Init.MemInc = DMA_MINC_ENABLE;
 528              		.loc 1 214 5 is_stmt 1 view .LVU176
 214:Src/i2c.c     ****     hdma_i2c2_tx.Init.MemInc = DMA_MINC_ENABLE;
 529              		.loc 1 214 33 is_stmt 0 view .LVU177
 530 00c6 0023     		movs	r3, #0
 531 00c8 C360     		str	r3, [r0, #12]
 215:Src/i2c.c     ****     hdma_i2c2_tx.Init.PeriphDataAlignment = DMA_PDATAALIGN_BYTE;
 532              		.loc 1 215 5 is_stmt 1 view .LVU178
 215:Src/i2c.c     ****     hdma_i2c2_tx.Init.PeriphDataAlignment = DMA_PDATAALIGN_BYTE;
 533              		.loc 1 215 30 is_stmt 0 view .LVU179
ARM GAS  C:\Users\simon\AppData\Local\Temp\ccYcWc1J.s 			page 17


 534 00ca 4FF48062 		mov	r2, #1024
 535 00ce 0261     		str	r2, [r0, #16]
 216:Src/i2c.c     ****     hdma_i2c2_tx.Init.MemDataAlignment = DMA_MDATAALIGN_BYTE;
 536              		.loc 1 216 5 is_stmt 1 view .LVU180
 216:Src/i2c.c     ****     hdma_i2c2_tx.Init.MemDataAlignment = DMA_MDATAALIGN_BYTE;
 537              		.loc 1 216 43 is_stmt 0 view .LVU181
 538 00d0 4361     		str	r3, [r0, #20]
 217:Src/i2c.c     ****     hdma_i2c2_tx.Init.Mode = DMA_NORMAL;
 539              		.loc 1 217 5 is_stmt 1 view .LVU182
 217:Src/i2c.c     ****     hdma_i2c2_tx.Init.Mode = DMA_NORMAL;
 540              		.loc 1 217 40 is_stmt 0 view .LVU183
 541 00d2 8361     		str	r3, [r0, #24]
 218:Src/i2c.c     ****     hdma_i2c2_tx.Init.Priority = DMA_PRIORITY_LOW;
 542              		.loc 1 218 5 is_stmt 1 view .LVU184
 218:Src/i2c.c     ****     hdma_i2c2_tx.Init.Priority = DMA_PRIORITY_LOW;
 543              		.loc 1 218 28 is_stmt 0 view .LVU185
 544 00d4 C361     		str	r3, [r0, #28]
 219:Src/i2c.c     ****     hdma_i2c2_tx.Init.FIFOMode = DMA_FIFOMODE_DISABLE;
 545              		.loc 1 219 5 is_stmt 1 view .LVU186
 219:Src/i2c.c     ****     hdma_i2c2_tx.Init.FIFOMode = DMA_FIFOMODE_DISABLE;
 546              		.loc 1 219 32 is_stmt 0 view .LVU187
 547 00d6 0362     		str	r3, [r0, #32]
 220:Src/i2c.c     ****     if (HAL_DMA_Init(&hdma_i2c2_tx) != HAL_OK)
 548              		.loc 1 220 5 is_stmt 1 view .LVU188
 220:Src/i2c.c     ****     if (HAL_DMA_Init(&hdma_i2c2_tx) != HAL_OK)
 549              		.loc 1 220 32 is_stmt 0 view .LVU189
 550 00d8 4362     		str	r3, [r0, #36]
 221:Src/i2c.c     ****     {
 551              		.loc 1 221 5 is_stmt 1 view .LVU190
 221:Src/i2c.c     ****     {
 552              		.loc 1 221 9 is_stmt 0 view .LVU191
 553 00da FFF7FEFF 		bl	HAL_DMA_Init
 554              	.LVL26:
 221:Src/i2c.c     ****     {
 555              		.loc 1 221 8 view .LVU192
 556 00de C8B9     		cbnz	r0, .L46
 557              	.L35:
 226:Src/i2c.c     **** 
 558              		.loc 1 226 5 is_stmt 1 view .LVU193
 226:Src/i2c.c     **** 
 559              		.loc 1 226 5 view .LVU194
 560 00e0 534B     		ldr	r3, .L49+28
 561 00e2 A363     		str	r3, [r4, #56]
 226:Src/i2c.c     **** 
 562              		.loc 1 226 5 view .LVU195
 563 00e4 9C63     		str	r4, [r3, #56]
 226:Src/i2c.c     **** 
 564              		.loc 1 226 5 view .LVU196
 229:Src/i2c.c     ****     HAL_NVIC_EnableIRQ(I2C2_EV_IRQn);
 565              		.loc 1 229 5 view .LVU197
 566 00e6 0022     		movs	r2, #0
 567 00e8 1146     		mov	r1, r2
 568 00ea 2120     		movs	r0, #33
 569 00ec FFF7FEFF 		bl	HAL_NVIC_SetPriority
 570              	.LVL27:
 230:Src/i2c.c     ****     HAL_NVIC_SetPriority(I2C2_ER_IRQn, 0, 0);
 571              		.loc 1 230 5 view .LVU198
ARM GAS  C:\Users\simon\AppData\Local\Temp\ccYcWc1J.s 			page 18


 572 00f0 2120     		movs	r0, #33
 573 00f2 FFF7FEFF 		bl	HAL_NVIC_EnableIRQ
 574              	.LVL28:
 231:Src/i2c.c     ****     HAL_NVIC_EnableIRQ(I2C2_ER_IRQn);
 575              		.loc 1 231 5 view .LVU199
 576 00f6 0022     		movs	r2, #0
 577 00f8 1146     		mov	r1, r2
 578 00fa 2220     		movs	r0, #34
 579 00fc FFF7FEFF 		bl	HAL_NVIC_SetPriority
 580              	.LVL29:
 232:Src/i2c.c     ****   /* USER CODE BEGIN I2C2_MspInit 1 */
 581              		.loc 1 232 5 view .LVU200
 582 0100 2220     		movs	r0, #34
 583 0102 FFF7FEFF 		bl	HAL_NVIC_EnableIRQ
 584              	.LVL30:
 585 0106 93E7     		b	.L31
 586              	.L44:
 173:Src/i2c.c     ****     }
 587              		.loc 1 173 7 view .LVU201
 588 0108 FFF7FEFF 		bl	Error_Handler
 589              	.LVL31:
 590 010c 99E7     		b	.L33
 591              	.L45:
 205:Src/i2c.c     ****     }
 592              		.loc 1 205 7 view .LVU202
 593 010e FFF7FEFF 		bl	Error_Handler
 594              	.LVL32:
 595 0112 CEE7     		b	.L34
 596              	.L46:
 223:Src/i2c.c     ****     }
 597              		.loc 1 223 7 view .LVU203
 598 0114 FFF7FEFF 		bl	Error_Handler
 599              	.LVL33:
 600 0118 E2E7     		b	.L35
 601              	.L42:
 245:Src/i2c.c     ****     PeriphClkInitStruct.I2c123ClockSelection = RCC_I2C123CLKSOURCE_D2PCLK1;
 602              		.loc 1 245 5 view .LVU204
 245:Src/i2c.c     ****     PeriphClkInitStruct.I2c123ClockSelection = RCC_I2C123CLKSOURCE_D2PCLK1;
 603              		.loc 1 245 46 is_stmt 0 view .LVU205
 604 011a 0823     		movs	r3, #8
 605 011c 0893     		str	r3, [sp, #32]
 246:Src/i2c.c     ****     if (HAL_RCCEx_PeriphCLKConfig(&PeriphClkInitStruct) != HAL_OK)
 606              		.loc 1 246 5 is_stmt 1 view .LVU206
 247:Src/i2c.c     ****     {
 607              		.loc 1 247 5 view .LVU207
 247:Src/i2c.c     ****     {
 608              		.loc 1 247 9 is_stmt 0 view .LVU208
 609 011e 08A8     		add	r0, sp, #32
 610 0120 FFF7FEFF 		bl	HAL_RCCEx_PeriphCLKConfig
 611              	.LVL34:
 247:Src/i2c.c     ****     {
 612              		.loc 1 247 8 view .LVU209
 613 0124 40BB     		cbnz	r0, .L47
 614              	.L38:
 252:Src/i2c.c     ****     /**I2C3 GPIO Configuration
 615              		.loc 1 252 5 is_stmt 1 view .LVU210
 616              	.LBB4:
ARM GAS  C:\Users\simon\AppData\Local\Temp\ccYcWc1J.s 			page 19


 252:Src/i2c.c     ****     /**I2C3 GPIO Configuration
 617              		.loc 1 252 5 view .LVU211
 252:Src/i2c.c     ****     /**I2C3 GPIO Configuration
 618              		.loc 1 252 5 view .LVU212
 619 0126 3E4C     		ldr	r4, .L49+12
 620              	.LVL35:
 252:Src/i2c.c     ****     /**I2C3 GPIO Configuration
 621              		.loc 1 252 5 is_stmt 0 view .LVU213
 622 0128 D4F8E030 		ldr	r3, [r4, #224]
 623 012c 43F08003 		orr	r3, r3, #128
 624 0130 C4F8E030 		str	r3, [r4, #224]
 252:Src/i2c.c     ****     /**I2C3 GPIO Configuration
 625              		.loc 1 252 5 is_stmt 1 view .LVU214
 626 0134 D4F8E030 		ldr	r3, [r4, #224]
 627 0138 03F08003 		and	r3, r3, #128
 628 013c 0393     		str	r3, [sp, #12]
 252:Src/i2c.c     ****     /**I2C3 GPIO Configuration
 629              		.loc 1 252 5 view .LVU215
 630 013e 039B     		ldr	r3, [sp, #12]
 631              	.LBE4:
 252:Src/i2c.c     ****     /**I2C3 GPIO Configuration
 632              		.loc 1 252 5 view .LVU216
 257:Src/i2c.c     ****     GPIO_InitStruct.Mode = GPIO_MODE_AF_OD;
 633              		.loc 1 257 5 view .LVU217
 257:Src/i2c.c     ****     GPIO_InitStruct.Mode = GPIO_MODE_AF_OD;
 634              		.loc 1 257 25 is_stmt 0 view .LVU218
 635 0140 4FF4C073 		mov	r3, #384
 636 0144 3793     		str	r3, [sp, #220]
 258:Src/i2c.c     ****     GPIO_InitStruct.Pull = GPIO_PULLUP;
 637              		.loc 1 258 5 is_stmt 1 view .LVU219
 258:Src/i2c.c     ****     GPIO_InitStruct.Pull = GPIO_PULLUP;
 638              		.loc 1 258 26 is_stmt 0 view .LVU220
 639 0146 1223     		movs	r3, #18
 640 0148 3893     		str	r3, [sp, #224]
 259:Src/i2c.c     ****     GPIO_InitStruct.Speed = GPIO_SPEED_FREQ_LOW;
 641              		.loc 1 259 5 is_stmt 1 view .LVU221
 259:Src/i2c.c     ****     GPIO_InitStruct.Speed = GPIO_SPEED_FREQ_LOW;
 642              		.loc 1 259 26 is_stmt 0 view .LVU222
 643 014a 0123     		movs	r3, #1
 644 014c 3993     		str	r3, [sp, #228]
 260:Src/i2c.c     ****     GPIO_InitStruct.Alternate = GPIO_AF4_I2C3;
 645              		.loc 1 260 5 is_stmt 1 view .LVU223
 260:Src/i2c.c     ****     GPIO_InitStruct.Alternate = GPIO_AF4_I2C3;
 646              		.loc 1 260 27 is_stmt 0 view .LVU224
 647 014e 0023     		movs	r3, #0
 648 0150 3A93     		str	r3, [sp, #232]
 261:Src/i2c.c     ****     HAL_GPIO_Init(GPIOH, &GPIO_InitStruct);
 649              		.loc 1 261 5 is_stmt 1 view .LVU225
 261:Src/i2c.c     ****     HAL_GPIO_Init(GPIOH, &GPIO_InitStruct);
 650              		.loc 1 261 31 is_stmt 0 view .LVU226
 651 0152 0423     		movs	r3, #4
 652 0154 3B93     		str	r3, [sp, #236]
 262:Src/i2c.c     **** 
 653              		.loc 1 262 5 is_stmt 1 view .LVU227
 654 0156 37A9     		add	r1, sp, #220
 655 0158 3248     		ldr	r0, .L49+16
 656 015a FFF7FEFF 		bl	HAL_GPIO_Init
ARM GAS  C:\Users\simon\AppData\Local\Temp\ccYcWc1J.s 			page 20


 657              	.LVL36:
 265:Src/i2c.c     ****   /* USER CODE BEGIN I2C3_MspInit 1 */
 658              		.loc 1 265 5 view .LVU228
 659              	.LBB5:
 265:Src/i2c.c     ****   /* USER CODE BEGIN I2C3_MspInit 1 */
 660              		.loc 1 265 5 view .LVU229
 265:Src/i2c.c     ****   /* USER CODE BEGIN I2C3_MspInit 1 */
 661              		.loc 1 265 5 view .LVU230
 662 015e D4F8E830 		ldr	r3, [r4, #232]
 663 0162 43F40003 		orr	r3, r3, #8388608
 664 0166 C4F8E830 		str	r3, [r4, #232]
 265:Src/i2c.c     ****   /* USER CODE BEGIN I2C3_MspInit 1 */
 665              		.loc 1 265 5 view .LVU231
 666 016a D4F8E830 		ldr	r3, [r4, #232]
 667 016e 03F40003 		and	r3, r3, #8388608
 668 0172 0493     		str	r3, [sp, #16]
 265:Src/i2c.c     ****   /* USER CODE BEGIN I2C3_MspInit 1 */
 669              		.loc 1 265 5 view .LVU232
 670 0174 049B     		ldr	r3, [sp, #16]
 671              	.LBE5:
 265:Src/i2c.c     ****   /* USER CODE BEGIN I2C3_MspInit 1 */
 672              		.loc 1 265 5 view .LVU233
 673 0176 5BE7     		b	.L31
 674              	.LVL37:
 675              	.L47:
 249:Src/i2c.c     ****     }
 676              		.loc 1 249 7 view .LVU234
 677 0178 FFF7FEFF 		bl	Error_Handler
 678              	.LVL38:
 679 017c D3E7     		b	.L38
 680              	.L43:
 278:Src/i2c.c     ****     PeriphClkInitStruct.I2c4ClockSelection = RCC_I2C4CLKSOURCE_D3PCLK1;
 681              		.loc 1 278 5 view .LVU235
 278:Src/i2c.c     ****     PeriphClkInitStruct.I2c4ClockSelection = RCC_I2C4CLKSOURCE_D3PCLK1;
 682              		.loc 1 278 46 is_stmt 0 view .LVU236
 683 017e 1023     		movs	r3, #16
 684 0180 0893     		str	r3, [sp, #32]
 279:Src/i2c.c     ****     if (HAL_RCCEx_PeriphCLKConfig(&PeriphClkInitStruct) != HAL_OK)
 685              		.loc 1 279 5 is_stmt 1 view .LVU237
 280:Src/i2c.c     ****     {
 686              		.loc 1 280 5 view .LVU238
 280:Src/i2c.c     ****     {
 687              		.loc 1 280 9 is_stmt 0 view .LVU239
 688 0182 08A8     		add	r0, sp, #32
 689 0184 FFF7FEFF 		bl	HAL_RCCEx_PeriphCLKConfig
 690              	.LVL39:
 280:Src/i2c.c     ****     {
 691              		.loc 1 280 8 view .LVU240
 692 0188 0028     		cmp	r0, #0
 693 018a 3FD1     		bne	.L48
 694              	.L39:
 285:Src/i2c.c     ****     __HAL_RCC_GPIOH_CLK_ENABLE();
 695              		.loc 1 285 5 is_stmt 1 view .LVU241
 696              	.LBB6:
 285:Src/i2c.c     ****     __HAL_RCC_GPIOH_CLK_ENABLE();
 697              		.loc 1 285 5 view .LVU242
 285:Src/i2c.c     ****     __HAL_RCC_GPIOH_CLK_ENABLE();
ARM GAS  C:\Users\simon\AppData\Local\Temp\ccYcWc1J.s 			page 21


 698              		.loc 1 285 5 view .LVU243
 699 018c 244C     		ldr	r4, .L49+12
 700              	.LVL40:
 285:Src/i2c.c     ****     __HAL_RCC_GPIOH_CLK_ENABLE();
 701              		.loc 1 285 5 is_stmt 0 view .LVU244
 702 018e D4F8E030 		ldr	r3, [r4, #224]
 703 0192 43F00203 		orr	r3, r3, #2
 704 0196 C4F8E030 		str	r3, [r4, #224]
 285:Src/i2c.c     ****     __HAL_RCC_GPIOH_CLK_ENABLE();
 705              		.loc 1 285 5 is_stmt 1 view .LVU245
 706 019a D4F8E030 		ldr	r3, [r4, #224]
 707 019e 03F00203 		and	r3, r3, #2
 708 01a2 0593     		str	r3, [sp, #20]
 285:Src/i2c.c     ****     __HAL_RCC_GPIOH_CLK_ENABLE();
 709              		.loc 1 285 5 view .LVU246
 710 01a4 059B     		ldr	r3, [sp, #20]
 711              	.LBE6:
 285:Src/i2c.c     ****     __HAL_RCC_GPIOH_CLK_ENABLE();
 712              		.loc 1 285 5 view .LVU247
 286:Src/i2c.c     ****     /**I2C4 GPIO Configuration
 713              		.loc 1 286 5 view .LVU248
 714              	.LBB7:
 286:Src/i2c.c     ****     /**I2C4 GPIO Configuration
 715              		.loc 1 286 5 view .LVU249
 286:Src/i2c.c     ****     /**I2C4 GPIO Configuration
 716              		.loc 1 286 5 view .LVU250
 717 01a6 D4F8E030 		ldr	r3, [r4, #224]
 718 01aa 43F08003 		orr	r3, r3, #128
 719 01ae C4F8E030 		str	r3, [r4, #224]
 286:Src/i2c.c     ****     /**I2C4 GPIO Configuration
 720              		.loc 1 286 5 view .LVU251
 721 01b2 D4F8E030 		ldr	r3, [r4, #224]
 722 01b6 03F08003 		and	r3, r3, #128
 723 01ba 0693     		str	r3, [sp, #24]
 286:Src/i2c.c     ****     /**I2C4 GPIO Configuration
 724              		.loc 1 286 5 view .LVU252
 725 01bc 069B     		ldr	r3, [sp, #24]
 726              	.LBE7:
 286:Src/i2c.c     ****     /**I2C4 GPIO Configuration
 727              		.loc 1 286 5 view .LVU253
 291:Src/i2c.c     ****     GPIO_InitStruct.Mode = GPIO_MODE_AF_OD;
 728              		.loc 1 291 5 view .LVU254
 291:Src/i2c.c     ****     GPIO_InitStruct.Mode = GPIO_MODE_AF_OD;
 729              		.loc 1 291 25 is_stmt 0 view .LVU255
 730 01be 4023     		movs	r3, #64
 731 01c0 3793     		str	r3, [sp, #220]
 292:Src/i2c.c     ****     GPIO_InitStruct.Pull = GPIO_PULLUP;
 732              		.loc 1 292 5 is_stmt 1 view .LVU256
 292:Src/i2c.c     ****     GPIO_InitStruct.Pull = GPIO_PULLUP;
 733              		.loc 1 292 26 is_stmt 0 view .LVU257
 734 01c2 1227     		movs	r7, #18
 735 01c4 3897     		str	r7, [sp, #224]
 293:Src/i2c.c     ****     GPIO_InitStruct.Speed = GPIO_SPEED_FREQ_LOW;
 736              		.loc 1 293 5 is_stmt 1 view .LVU258
 293:Src/i2c.c     ****     GPIO_InitStruct.Speed = GPIO_SPEED_FREQ_LOW;
 737              		.loc 1 293 26 is_stmt 0 view .LVU259
 738 01c6 0126     		movs	r6, #1
ARM GAS  C:\Users\simon\AppData\Local\Temp\ccYcWc1J.s 			page 22


 739 01c8 3996     		str	r6, [sp, #228]
 294:Src/i2c.c     ****     GPIO_InitStruct.Alternate = GPIO_AF6_I2C4;
 740              		.loc 1 294 5 is_stmt 1 view .LVU260
 294:Src/i2c.c     ****     GPIO_InitStruct.Alternate = GPIO_AF6_I2C4;
 741              		.loc 1 294 27 is_stmt 0 view .LVU261
 742 01ca 0025     		movs	r5, #0
 743 01cc 3A95     		str	r5, [sp, #232]
 295:Src/i2c.c     ****     HAL_GPIO_Init(GPIOB, &GPIO_InitStruct);
 744              		.loc 1 295 5 is_stmt 1 view .LVU262
 295:Src/i2c.c     ****     HAL_GPIO_Init(GPIOB, &GPIO_InitStruct);
 745              		.loc 1 295 31 is_stmt 0 view .LVU263
 746 01ce 0623     		movs	r3, #6
 747 01d0 3B93     		str	r3, [sp, #236]
 296:Src/i2c.c     **** 
 748              		.loc 1 296 5 is_stmt 1 view .LVU264
 749 01d2 37A9     		add	r1, sp, #220
 750 01d4 1848     		ldr	r0, .L49+36
 751 01d6 FFF7FEFF 		bl	HAL_GPIO_Init
 752              	.LVL41:
 298:Src/i2c.c     ****     GPIO_InitStruct.Mode = GPIO_MODE_AF_OD;
 753              		.loc 1 298 5 view .LVU265
 298:Src/i2c.c     ****     GPIO_InitStruct.Mode = GPIO_MODE_AF_OD;
 754              		.loc 1 298 25 is_stmt 0 view .LVU266
 755 01da 4FF48053 		mov	r3, #4096
 756 01de 3793     		str	r3, [sp, #220]
 299:Src/i2c.c     ****     GPIO_InitStruct.Pull = GPIO_PULLUP;
 757              		.loc 1 299 5 is_stmt 1 view .LVU267
 299:Src/i2c.c     ****     GPIO_InitStruct.Pull = GPIO_PULLUP;
 758              		.loc 1 299 26 is_stmt 0 view .LVU268
 759 01e0 3897     		str	r7, [sp, #224]
 300:Src/i2c.c     ****     GPIO_InitStruct.Speed = GPIO_SPEED_FREQ_LOW;
 760              		.loc 1 300 5 is_stmt 1 view .LVU269
 300:Src/i2c.c     ****     GPIO_InitStruct.Speed = GPIO_SPEED_FREQ_LOW;
 761              		.loc 1 300 26 is_stmt 0 view .LVU270
 762 01e2 3996     		str	r6, [sp, #228]
 301:Src/i2c.c     ****     GPIO_InitStruct.Alternate = GPIO_AF4_I2C4;
 763              		.loc 1 301 5 is_stmt 1 view .LVU271
 301:Src/i2c.c     ****     GPIO_InitStruct.Alternate = GPIO_AF4_I2C4;
 764              		.loc 1 301 27 is_stmt 0 view .LVU272
 765 01e4 3A95     		str	r5, [sp, #232]
 302:Src/i2c.c     ****     HAL_GPIO_Init(GPIOH, &GPIO_InitStruct);
 766              		.loc 1 302 5 is_stmt 1 view .LVU273
 302:Src/i2c.c     ****     HAL_GPIO_Init(GPIOH, &GPIO_InitStruct);
 767              		.loc 1 302 31 is_stmt 0 view .LVU274
 768 01e6 0423     		movs	r3, #4
 769 01e8 3B93     		str	r3, [sp, #236]
 303:Src/i2c.c     **** 
 770              		.loc 1 303 5 is_stmt 1 view .LVU275
 771 01ea 37A9     		add	r1, sp, #220
 772 01ec 0D48     		ldr	r0, .L49+16
 773 01ee FFF7FEFF 		bl	HAL_GPIO_Init
 774              	.LVL42:
 306:Src/i2c.c     ****   /* USER CODE BEGIN I2C4_MspInit 1 */
 775              		.loc 1 306 5 view .LVU276
 776              	.LBB8:
 306:Src/i2c.c     ****   /* USER CODE BEGIN I2C4_MspInit 1 */
 777              		.loc 1 306 5 view .LVU277
ARM GAS  C:\Users\simon\AppData\Local\Temp\ccYcWc1J.s 			page 23


 306:Src/i2c.c     ****   /* USER CODE BEGIN I2C4_MspInit 1 */
 778              		.loc 1 306 5 view .LVU278
 779 01f2 D4F8F430 		ldr	r3, [r4, #244]
 780 01f6 43F08003 		orr	r3, r3, #128
 781 01fa C4F8F430 		str	r3, [r4, #244]
 306:Src/i2c.c     ****   /* USER CODE BEGIN I2C4_MspInit 1 */
 782              		.loc 1 306 5 view .LVU279
 783 01fe D4F8F430 		ldr	r3, [r4, #244]
 784 0202 03F08003 		and	r3, r3, #128
 785 0206 0793     		str	r3, [sp, #28]
 306:Src/i2c.c     ****   /* USER CODE BEGIN I2C4_MspInit 1 */
 786              		.loc 1 306 5 view .LVU280
 787 0208 079B     		ldr	r3, [sp, #28]
 788              	.LBE8:
 306:Src/i2c.c     ****   /* USER CODE BEGIN I2C4_MspInit 1 */
 789              		.loc 1 306 5 view .LVU281
 790              		.loc 1 311 1 is_stmt 0 view .LVU282
 791 020a 11E7     		b	.L31
 792              	.LVL43:
 793              	.L48:
 282:Src/i2c.c     ****     }
 794              		.loc 1 282 7 is_stmt 1 view .LVU283
 795 020c FFF7FEFF 		bl	Error_Handler
 796              	.LVL44:
 797 0210 BCE7     		b	.L39
 798              	.L50:
 799 0212 00BF     		.align	2
 800              	.L49:
 801 0214 00580040 		.word	1073764352
 802 0218 005C0040 		.word	1073765376
 803 021c 001C0058 		.word	1476402176
 804 0220 00440258 		.word	1476543488
 805 0224 001C0258 		.word	1476533248
 806 0228 00000000 		.word	.LANCHOR3
 807 022c 10000240 		.word	1073872912
 808 0230 00000000 		.word	.LANCHOR4
 809 0234 28000240 		.word	1073872936
 810 0238 00040258 		.word	1476527104
 811              		.cfi_endproc
 812              	.LFE334:
 814              		.section	.text.HAL_I2C_MspDeInit,"ax",%progbits
 815              		.align	1
 816              		.global	HAL_I2C_MspDeInit
 817              		.syntax unified
 818              		.thumb
 819              		.thumb_func
 821              	HAL_I2C_MspDeInit:
 822              	.LVL45:
 823              	.LFB335:
 312:Src/i2c.c     **** 
 313:Src/i2c.c     **** void HAL_I2C_MspDeInit(I2C_HandleTypeDef* i2cHandle)
 314:Src/i2c.c     **** {
 824              		.loc 1 314 1 view -0
 825              		.cfi_startproc
 826              		@ args = 0, pretend = 0, frame = 0
 827              		@ frame_needed = 0, uses_anonymous_args = 0
 828              		.loc 1 314 1 is_stmt 0 view .LVU285
ARM GAS  C:\Users\simon\AppData\Local\Temp\ccYcWc1J.s 			page 24


 829 0000 38B5     		push	{r3, r4, r5, lr}
 830              	.LCFI7:
 831              		.cfi_def_cfa_offset 16
 832              		.cfi_offset 3, -16
 833              		.cfi_offset 4, -12
 834              		.cfi_offset 5, -8
 835              		.cfi_offset 14, -4
 315:Src/i2c.c     **** 
 316:Src/i2c.c     ****   if(i2cHandle->Instance==I2C2)
 836              		.loc 1 316 3 is_stmt 1 view .LVU286
 837              		.loc 1 316 15 is_stmt 0 view .LVU287
 838 0002 0368     		ldr	r3, [r0]
 839              		.loc 1 316 5 view .LVU288
 840 0004 254A     		ldr	r2, .L59
 841 0006 9342     		cmp	r3, r2
 842 0008 06D0     		beq	.L56
 317:Src/i2c.c     ****   {
 318:Src/i2c.c     ****   /* USER CODE BEGIN I2C2_MspDeInit 0 */
 319:Src/i2c.c     **** 
 320:Src/i2c.c     ****   /* USER CODE END I2C2_MspDeInit 0 */
 321:Src/i2c.c     ****     /* Peripheral clock disable */
 322:Src/i2c.c     ****     __HAL_RCC_I2C2_CLK_DISABLE();
 323:Src/i2c.c     **** 
 324:Src/i2c.c     ****     /**I2C2 GPIO Configuration
 325:Src/i2c.c     ****     PH4     ------> I2C2_SCL
 326:Src/i2c.c     ****     PH5     ------> I2C2_SDA
 327:Src/i2c.c     ****     */
 328:Src/i2c.c     ****     HAL_GPIO_DeInit(GPIOH, GPIO_PIN_4);
 329:Src/i2c.c     **** 
 330:Src/i2c.c     ****     HAL_GPIO_DeInit(GPIOH, GPIO_PIN_5);
 331:Src/i2c.c     **** 
 332:Src/i2c.c     ****     /* I2C2 DMA DeInit */
 333:Src/i2c.c     ****     HAL_DMA_DeInit(i2cHandle->hdmarx);
 334:Src/i2c.c     ****     HAL_DMA_DeInit(i2cHandle->hdmatx);
 335:Src/i2c.c     **** 
 336:Src/i2c.c     ****     /* I2C2 interrupt Deinit */
 337:Src/i2c.c     ****     HAL_NVIC_DisableIRQ(I2C2_EV_IRQn);
 338:Src/i2c.c     ****     HAL_NVIC_DisableIRQ(I2C2_ER_IRQn);
 339:Src/i2c.c     ****   /* USER CODE BEGIN I2C2_MspDeInit 1 */
 340:Src/i2c.c     **** 
 341:Src/i2c.c     ****   /* USER CODE END I2C2_MspDeInit 1 */
 342:Src/i2c.c     ****   }
 343:Src/i2c.c     ****   else if(i2cHandle->Instance==I2C3)
 843              		.loc 1 343 8 is_stmt 1 view .LVU289
 844              		.loc 1 343 10 is_stmt 0 view .LVU290
 845 000a 254A     		ldr	r2, .L59+4
 846 000c 9342     		cmp	r3, r2
 847 000e 21D0     		beq	.L57
 344:Src/i2c.c     ****   {
 345:Src/i2c.c     ****   /* USER CODE BEGIN I2C3_MspDeInit 0 */
 346:Src/i2c.c     **** 
 347:Src/i2c.c     ****   /* USER CODE END I2C3_MspDeInit 0 */
 348:Src/i2c.c     ****     /* Peripheral clock disable */
 349:Src/i2c.c     ****     __HAL_RCC_I2C3_CLK_DISABLE();
 350:Src/i2c.c     **** 
 351:Src/i2c.c     ****     /**I2C3 GPIO Configuration
 352:Src/i2c.c     ****     PH8     ------> I2C3_SDA
ARM GAS  C:\Users\simon\AppData\Local\Temp\ccYcWc1J.s 			page 25


 353:Src/i2c.c     ****     PH7     ------> I2C3_SCL
 354:Src/i2c.c     ****     */
 355:Src/i2c.c     ****     HAL_GPIO_DeInit(GPIOH, GPIO_PIN_8);
 356:Src/i2c.c     **** 
 357:Src/i2c.c     ****     HAL_GPIO_DeInit(GPIOH, GPIO_PIN_7);
 358:Src/i2c.c     **** 
 359:Src/i2c.c     ****   /* USER CODE BEGIN I2C3_MspDeInit 1 */
 360:Src/i2c.c     **** 
 361:Src/i2c.c     ****   /* USER CODE END I2C3_MspDeInit 1 */
 362:Src/i2c.c     ****   }
 363:Src/i2c.c     ****   else if(i2cHandle->Instance==I2C4)
 848              		.loc 1 363 8 is_stmt 1 view .LVU291
 849              		.loc 1 363 10 is_stmt 0 view .LVU292
 850 0010 244A     		ldr	r2, .L59+8
 851 0012 9342     		cmp	r3, r2
 852 0014 30D0     		beq	.L58
 853              	.LVL46:
 854              	.L51:
 364:Src/i2c.c     ****   {
 365:Src/i2c.c     ****   /* USER CODE BEGIN I2C4_MspDeInit 0 */
 366:Src/i2c.c     **** 
 367:Src/i2c.c     ****   /* USER CODE END I2C4_MspDeInit 0 */
 368:Src/i2c.c     ****     /* Peripheral clock disable */
 369:Src/i2c.c     ****     __HAL_RCC_I2C4_CLK_DISABLE();
 370:Src/i2c.c     **** 
 371:Src/i2c.c     ****     /**I2C4 GPIO Configuration
 372:Src/i2c.c     ****     PB6     ------> I2C4_SCL
 373:Src/i2c.c     ****     PH12     ------> I2C4_SDA
 374:Src/i2c.c     ****     */
 375:Src/i2c.c     ****     HAL_GPIO_DeInit(GPIOB, GPIO_PIN_6);
 376:Src/i2c.c     **** 
 377:Src/i2c.c     ****     HAL_GPIO_DeInit(GPIOH, GPIO_PIN_12);
 378:Src/i2c.c     **** 
 379:Src/i2c.c     ****   /* USER CODE BEGIN I2C4_MspDeInit 1 */
 380:Src/i2c.c     **** 
 381:Src/i2c.c     ****   /* USER CODE END I2C4_MspDeInit 1 */
 382:Src/i2c.c     ****   }
 383:Src/i2c.c     **** }
 855              		.loc 1 383 1 view .LVU293
 856 0016 38BD     		pop	{r3, r4, r5, pc}
 857              	.LVL47:
 858              	.L56:
 859              		.loc 1 383 1 view .LVU294
 860 0018 0446     		mov	r4, r0
 322:Src/i2c.c     **** 
 861              		.loc 1 322 5 is_stmt 1 view .LVU295
 862 001a 234A     		ldr	r2, .L59+12
 863 001c D2F8E830 		ldr	r3, [r2, #232]
 864 0020 23F48003 		bic	r3, r3, #4194304
 865 0024 C2F8E830 		str	r3, [r2, #232]
 328:Src/i2c.c     **** 
 866              		.loc 1 328 5 view .LVU296
 867 0028 204D     		ldr	r5, .L59+16
 868 002a 1021     		movs	r1, #16
 869 002c 2846     		mov	r0, r5
 870              	.LVL48:
 328:Src/i2c.c     **** 
ARM GAS  C:\Users\simon\AppData\Local\Temp\ccYcWc1J.s 			page 26


 871              		.loc 1 328 5 is_stmt 0 view .LVU297
 872 002e FFF7FEFF 		bl	HAL_GPIO_DeInit
 873              	.LVL49:
 330:Src/i2c.c     **** 
 874              		.loc 1 330 5 is_stmt 1 view .LVU298
 875 0032 2021     		movs	r1, #32
 876 0034 2846     		mov	r0, r5
 877 0036 FFF7FEFF 		bl	HAL_GPIO_DeInit
 878              	.LVL50:
 333:Src/i2c.c     ****     HAL_DMA_DeInit(i2cHandle->hdmatx);
 879              		.loc 1 333 5 view .LVU299
 880 003a E06B     		ldr	r0, [r4, #60]
 881 003c FFF7FEFF 		bl	HAL_DMA_DeInit
 882              	.LVL51:
 334:Src/i2c.c     **** 
 883              		.loc 1 334 5 view .LVU300
 884 0040 A06B     		ldr	r0, [r4, #56]
 885 0042 FFF7FEFF 		bl	HAL_DMA_DeInit
 886              	.LVL52:
 337:Src/i2c.c     ****     HAL_NVIC_DisableIRQ(I2C2_ER_IRQn);
 887              		.loc 1 337 5 view .LVU301
 888 0046 2120     		movs	r0, #33
 889 0048 FFF7FEFF 		bl	HAL_NVIC_DisableIRQ
 890              	.LVL53:
 338:Src/i2c.c     ****   /* USER CODE BEGIN I2C2_MspDeInit 1 */
 891              		.loc 1 338 5 view .LVU302
 892 004c 2220     		movs	r0, #34
 893 004e FFF7FEFF 		bl	HAL_NVIC_DisableIRQ
 894              	.LVL54:
 895 0052 E0E7     		b	.L51
 896              	.LVL55:
 897              	.L57:
 349:Src/i2c.c     **** 
 898              		.loc 1 349 5 view .LVU303
 899 0054 144A     		ldr	r2, .L59+12
 900 0056 D2F8E830 		ldr	r3, [r2, #232]
 901 005a 23F40003 		bic	r3, r3, #8388608
 902 005e C2F8E830 		str	r3, [r2, #232]
 355:Src/i2c.c     **** 
 903              		.loc 1 355 5 view .LVU304
 904 0062 124C     		ldr	r4, .L59+16
 905 0064 4FF48071 		mov	r1, #256
 906 0068 2046     		mov	r0, r4
 907              	.LVL56:
 355:Src/i2c.c     **** 
 908              		.loc 1 355 5 is_stmt 0 view .LVU305
 909 006a FFF7FEFF 		bl	HAL_GPIO_DeInit
 910              	.LVL57:
 357:Src/i2c.c     **** 
 911              		.loc 1 357 5 is_stmt 1 view .LVU306
 912 006e 8021     		movs	r1, #128
 913 0070 2046     		mov	r0, r4
 914 0072 FFF7FEFF 		bl	HAL_GPIO_DeInit
 915              	.LVL58:
 916 0076 CEE7     		b	.L51
 917              	.LVL59:
 918              	.L58:
ARM GAS  C:\Users\simon\AppData\Local\Temp\ccYcWc1J.s 			page 27


 369:Src/i2c.c     **** 
 919              		.loc 1 369 5 view .LVU307
 920 0078 02F50A32 		add	r2, r2, #141312
 921 007c D2F8F430 		ldr	r3, [r2, #244]
 922 0080 23F08003 		bic	r3, r3, #128
 923 0084 C2F8F430 		str	r3, [r2, #244]
 375:Src/i2c.c     **** 
 924              		.loc 1 375 5 view .LVU308
 925 0088 4021     		movs	r1, #64
 926 008a 0948     		ldr	r0, .L59+20
 927              	.LVL60:
 375:Src/i2c.c     **** 
 928              		.loc 1 375 5 is_stmt 0 view .LVU309
 929 008c FFF7FEFF 		bl	HAL_GPIO_DeInit
 930              	.LVL61:
 377:Src/i2c.c     **** 
 931              		.loc 1 377 5 is_stmt 1 view .LVU310
 932 0090 4FF48051 		mov	r1, #4096
 933 0094 0548     		ldr	r0, .L59+16
 934 0096 FFF7FEFF 		bl	HAL_GPIO_DeInit
 935              	.LVL62:
 936              		.loc 1 383 1 is_stmt 0 view .LVU311
 937 009a BCE7     		b	.L51
 938              	.L60:
 939              		.align	2
 940              	.L59:
 941 009c 00580040 		.word	1073764352
 942 00a0 005C0040 		.word	1073765376
 943 00a4 001C0058 		.word	1476402176
 944 00a8 00440258 		.word	1476543488
 945 00ac 001C0258 		.word	1476533248
 946 00b0 00040258 		.word	1476527104
 947              		.cfi_endproc
 948              	.LFE335:
 950              		.global	hdma_i2c2_tx
 951              		.global	hdma_i2c2_rx
 952              		.global	hi2c4
 953              		.global	hi2c3
 954              		.global	hi2c2
 955              		.section	.bss.hdma_i2c2_rx,"aw",%nobits
 956              		.align	2
 957              		.set	.LANCHOR3,. + 0
 960              	hdma_i2c2_rx:
 961 0000 00000000 		.space	120
 961      00000000 
 961      00000000 
 961      00000000 
 961      00000000 
 962              		.section	.bss.hdma_i2c2_tx,"aw",%nobits
 963              		.align	2
 964              		.set	.LANCHOR4,. + 0
 967              	hdma_i2c2_tx:
 968 0000 00000000 		.space	120
 968      00000000 
 968      00000000 
 968      00000000 
 968      00000000 
ARM GAS  C:\Users\simon\AppData\Local\Temp\ccYcWc1J.s 			page 28


 969              		.section	.bss.hi2c2,"aw",%nobits
 970              		.align	2
 971              		.set	.LANCHOR0,. + 0
 974              	hi2c2:
 975 0000 00000000 		.space	76
 975      00000000 
 975      00000000 
 975      00000000 
 975      00000000 
 976              		.section	.bss.hi2c3,"aw",%nobits
 977              		.align	2
 978              		.set	.LANCHOR1,. + 0
 981              	hi2c3:
 982 0000 00000000 		.space	76
 982      00000000 
 982      00000000 
 982      00000000 
 982      00000000 
 983              		.section	.bss.hi2c4,"aw",%nobits
 984              		.align	2
 985              		.set	.LANCHOR2,. + 0
 988              	hi2c4:
 989 0000 00000000 		.space	76
 989      00000000 
 989      00000000 
 989      00000000 
 989      00000000 
 990              		.text
 991              	.Letext0:
 992              		.file 2 "d:\\nes\\arm\\arm-none-eabi\\include\\machine\\_default_types.h"
 993              		.file 3 "d:\\nes\\arm\\arm-none-eabi\\include\\sys\\_stdint.h"
 994              		.file 4 "Drivers/CMSIS/Device/ST/STM32H7xx/Include/stm32h743xx.h"
 995              		.file 5 "Drivers/STM32H7xx_HAL_Driver/Inc/stm32h7xx_hal_def.h"
 996              		.file 6 "Drivers/STM32H7xx_HAL_Driver/Inc/stm32h7xx_hal_rcc_ex.h"
 997              		.file 7 "Drivers/STM32H7xx_HAL_Driver/Inc/stm32h7xx_hal_gpio.h"
 998              		.file 8 "Drivers/STM32H7xx_HAL_Driver/Inc/stm32h7xx_hal_dma.h"
 999              		.file 9 "Drivers/STM32H7xx_HAL_Driver/Inc/stm32h7xx_hal_i2c.h"
 1000              		.file 10 "Inc/i2c.h"
 1001              		.file 11 "Drivers/STM32H7xx_HAL_Driver/Inc/stm32h7xx_hal_cortex.h"
 1002              		.file 12 "Inc/main.h"
 1003              		.file 13 "Drivers/STM32H7xx_HAL_Driver/Inc/stm32h7xx_hal_i2c_ex.h"
 1004              		.file 14 "<built-in>"
ARM GAS  C:\Users\simon\AppData\Local\Temp\ccYcWc1J.s 			page 29


DEFINED SYMBOLS
                            *ABS*:00000000 i2c.c
C:\Users\simon\AppData\Local\Temp\ccYcWc1J.s:19     .text.MX_I2C2_Init:00000000 $t
C:\Users\simon\AppData\Local\Temp\ccYcWc1J.s:25     .text.MX_I2C2_Init:00000000 MX_I2C2_Init
C:\Users\simon\AppData\Local\Temp\ccYcWc1J.s:115    .text.MX_I2C2_Init:0000004c $d
C:\Users\simon\AppData\Local\Temp\ccYcWc1J.s:122    .text.MX_I2C3_Init:00000000 $t
C:\Users\simon\AppData\Local\Temp\ccYcWc1J.s:128    .text.MX_I2C3_Init:00000000 MX_I2C3_Init
C:\Users\simon\AppData\Local\Temp\ccYcWc1J.s:217    .text.MX_I2C3_Init:0000004c $d
C:\Users\simon\AppData\Local\Temp\ccYcWc1J.s:224    .text.MX_I2C4_Init:00000000 $t
C:\Users\simon\AppData\Local\Temp\ccYcWc1J.s:230    .text.MX_I2C4_Init:00000000 MX_I2C4_Init
C:\Users\simon\AppData\Local\Temp\ccYcWc1J.s:319    .text.MX_I2C4_Init:0000004c $d
C:\Users\simon\AppData\Local\Temp\ccYcWc1J.s:326    .text.HAL_I2C_MspInit:00000000 $t
C:\Users\simon\AppData\Local\Temp\ccYcWc1J.s:332    .text.HAL_I2C_MspInit:00000000 HAL_I2C_MspInit
C:\Users\simon\AppData\Local\Temp\ccYcWc1J.s:801    .text.HAL_I2C_MspInit:00000214 $d
C:\Users\simon\AppData\Local\Temp\ccYcWc1J.s:815    .text.HAL_I2C_MspDeInit:00000000 $t
C:\Users\simon\AppData\Local\Temp\ccYcWc1J.s:821    .text.HAL_I2C_MspDeInit:00000000 HAL_I2C_MspDeInit
C:\Users\simon\AppData\Local\Temp\ccYcWc1J.s:941    .text.HAL_I2C_MspDeInit:0000009c $d
C:\Users\simon\AppData\Local\Temp\ccYcWc1J.s:967    .bss.hdma_i2c2_tx:00000000 hdma_i2c2_tx
C:\Users\simon\AppData\Local\Temp\ccYcWc1J.s:960    .bss.hdma_i2c2_rx:00000000 hdma_i2c2_rx
C:\Users\simon\AppData\Local\Temp\ccYcWc1J.s:988    .bss.hi2c4:00000000 hi2c4
C:\Users\simon\AppData\Local\Temp\ccYcWc1J.s:981    .bss.hi2c3:00000000 hi2c3
C:\Users\simon\AppData\Local\Temp\ccYcWc1J.s:974    .bss.hi2c2:00000000 hi2c2
C:\Users\simon\AppData\Local\Temp\ccYcWc1J.s:956    .bss.hdma_i2c2_rx:00000000 $d
C:\Users\simon\AppData\Local\Temp\ccYcWc1J.s:963    .bss.hdma_i2c2_tx:00000000 $d
C:\Users\simon\AppData\Local\Temp\ccYcWc1J.s:970    .bss.hi2c2:00000000 $d
C:\Users\simon\AppData\Local\Temp\ccYcWc1J.s:977    .bss.hi2c3:00000000 $d
C:\Users\simon\AppData\Local\Temp\ccYcWc1J.s:984    .bss.hi2c4:00000000 $d

UNDEFINED SYMBOLS
HAL_I2C_Init
HAL_I2CEx_ConfigAnalogFilter
HAL_I2CEx_ConfigDigitalFilter
Error_Handler
memset
HAL_RCCEx_PeriphCLKConfig
HAL_GPIO_Init
HAL_DMA_Init
HAL_NVIC_SetPriority
HAL_NVIC_EnableIRQ
HAL_GPIO_DeInit
HAL_DMA_DeInit
HAL_NVIC_DisableIRQ
