ARM GAS  C:\Users\simon\AppData\Local\Temp\ccSlmHWj.s 			page 1


   1              		.cpu cortex-m7
   2              		.arch armv7e-m
   3              		.fpu fpv5-d16
   4              		.eabi_attribute 28, 1
   5              		.eabi_attribute 20, 1
   6              		.eabi_attribute 21, 1
   7              		.eabi_attribute 23, 3
   8              		.eabi_attribute 24, 1
   9              		.eabi_attribute 25, 1
  10              		.eabi_attribute 26, 1
  11              		.eabi_attribute 30, 1
  12              		.eabi_attribute 34, 1
  13              		.eabi_attribute 18, 4
  14              		.file	"stm32h7xx_it.c"
  15              		.text
  16              	.Ltext0:
  17              		.cfi_sections	.debug_frame
  18              		.section	.text.NMI_Handler,"ax",%progbits
  19              		.align	1
  20              		.global	NMI_Handler
  21              		.syntax unified
  22              		.thumb
  23              		.thumb_func
  25              	NMI_Handler:
  26              	.LFB331:
  27              		.file 1 "Src/stm32h7xx_it.c"
   1:Src/stm32h7xx_it.c **** /* USER CODE BEGIN Header */
   2:Src/stm32h7xx_it.c **** /**
   3:Src/stm32h7xx_it.c ****   ******************************************************************************
   4:Src/stm32h7xx_it.c ****   * @file    stm32h7xx_it.c
   5:Src/stm32h7xx_it.c ****   * @brief   Interrupt Service Routines.
   6:Src/stm32h7xx_it.c ****   ******************************************************************************
   7:Src/stm32h7xx_it.c ****   * @attention
   8:Src/stm32h7xx_it.c ****   *
   9:Src/stm32h7xx_it.c ****   * <h2><center>&copy; Copyright (c) 2026 STMicroelectronics.
  10:Src/stm32h7xx_it.c ****   * All rights reserved.</center></h2>
  11:Src/stm32h7xx_it.c ****   *
  12:Src/stm32h7xx_it.c ****   * This software component is licensed by ST under BSD 3-Clause license,
  13:Src/stm32h7xx_it.c ****   * the "License"; You may not use this file except in compliance with the
  14:Src/stm32h7xx_it.c ****   * License. You may obtain a copy of the License at:
  15:Src/stm32h7xx_it.c ****   *                        opensource.org/licenses/BSD-3-Clause
  16:Src/stm32h7xx_it.c ****   *
  17:Src/stm32h7xx_it.c ****   ******************************************************************************
  18:Src/stm32h7xx_it.c ****   */
  19:Src/stm32h7xx_it.c **** /* USER CODE END Header */
  20:Src/stm32h7xx_it.c **** 
  21:Src/stm32h7xx_it.c **** /* Includes ------------------------------------------------------------------*/
  22:Src/stm32h7xx_it.c **** #include "main.h"
  23:Src/stm32h7xx_it.c **** #include "stm32h7xx_it.h"
  24:Src/stm32h7xx_it.c **** /* Private includes ----------------------------------------------------------*/
  25:Src/stm32h7xx_it.c **** /* USER CODE BEGIN Includes */
  26:Src/stm32h7xx_it.c **** /* USER CODE END Includes */
  27:Src/stm32h7xx_it.c **** 
  28:Src/stm32h7xx_it.c **** /* Private typedef -----------------------------------------------------------*/
  29:Src/stm32h7xx_it.c **** /* USER CODE BEGIN TD */
  30:Src/stm32h7xx_it.c **** 
  31:Src/stm32h7xx_it.c **** /* USER CODE END TD */
ARM GAS  C:\Users\simon\AppData\Local\Temp\ccSlmHWj.s 			page 2


  32:Src/stm32h7xx_it.c **** 
  33:Src/stm32h7xx_it.c **** /* Private define ------------------------------------------------------------*/
  34:Src/stm32h7xx_it.c **** /* USER CODE BEGIN PD */
  35:Src/stm32h7xx_it.c **** 
  36:Src/stm32h7xx_it.c **** /* USER CODE END PD */
  37:Src/stm32h7xx_it.c **** 
  38:Src/stm32h7xx_it.c **** /* Private macro -------------------------------------------------------------*/
  39:Src/stm32h7xx_it.c **** /* USER CODE BEGIN PM */
  40:Src/stm32h7xx_it.c **** 
  41:Src/stm32h7xx_it.c **** /* USER CODE END PM */
  42:Src/stm32h7xx_it.c **** 
  43:Src/stm32h7xx_it.c **** /* Private variables ---------------------------------------------------------*/
  44:Src/stm32h7xx_it.c **** /* USER CODE BEGIN PV */
  45:Src/stm32h7xx_it.c **** 
  46:Src/stm32h7xx_it.c **** /* USER CODE END PV */
  47:Src/stm32h7xx_it.c **** 
  48:Src/stm32h7xx_it.c **** /* Private function prototypes -----------------------------------------------*/
  49:Src/stm32h7xx_it.c **** /* USER CODE BEGIN PFP */
  50:Src/stm32h7xx_it.c **** 
  51:Src/stm32h7xx_it.c **** /* USER CODE END PFP */
  52:Src/stm32h7xx_it.c **** 
  53:Src/stm32h7xx_it.c **** /* Private user code ---------------------------------------------------------*/
  54:Src/stm32h7xx_it.c **** /* USER CODE BEGIN 0 */
  55:Src/stm32h7xx_it.c **** 
  56:Src/stm32h7xx_it.c **** /* USER CODE END 0 */
  57:Src/stm32h7xx_it.c **** 
  58:Src/stm32h7xx_it.c **** /* External variables --------------------------------------------------------*/
  59:Src/stm32h7xx_it.c **** extern DMA_HandleTypeDef hdma_adc1;
  60:Src/stm32h7xx_it.c **** extern ADC_HandleTypeDef hadc1;
  61:Src/stm32h7xx_it.c **** extern ADC_HandleTypeDef hadc2;
  62:Src/stm32h7xx_it.c **** extern DMA_HandleTypeDef hdma_dac1_ch1;
  63:Src/stm32h7xx_it.c **** extern DMA_HandleTypeDef hdma_dac1_ch2;
  64:Src/stm32h7xx_it.c **** extern DMA_HandleTypeDef hdma_i2c2_rx;
  65:Src/stm32h7xx_it.c **** extern DMA_HandleTypeDef hdma_i2c2_tx;
  66:Src/stm32h7xx_it.c **** extern I2C_HandleTypeDef hi2c2;
  67:Src/stm32h7xx_it.c **** extern DMA_HandleTypeDef hdma_uart4_rx;
  68:Src/stm32h7xx_it.c **** extern DMA_HandleTypeDef hdma_uart4_tx;
  69:Src/stm32h7xx_it.c **** extern UART_HandleTypeDef huart4;
  70:Src/stm32h7xx_it.c **** extern TIM_HandleTypeDef htim1;
  71:Src/stm32h7xx_it.c **** /* USER CODE BEGIN EV */
  72:Src/stm32h7xx_it.c **** 
  73:Src/stm32h7xx_it.c **** /* USER CODE END EV */
  74:Src/stm32h7xx_it.c **** 
  75:Src/stm32h7xx_it.c **** /******************************************************************************/
  76:Src/stm32h7xx_it.c **** /*           Cortex Processor Interruption and Exception Handlers          */
  77:Src/stm32h7xx_it.c **** /******************************************************************************/
  78:Src/stm32h7xx_it.c **** /**
  79:Src/stm32h7xx_it.c ****   * @brief This function handles Non maskable interrupt.
  80:Src/stm32h7xx_it.c ****   */
  81:Src/stm32h7xx_it.c **** void NMI_Handler(void)
  82:Src/stm32h7xx_it.c **** {
  28              		.loc 1 82 1 view -0
  29              		.cfi_startproc
  30              		@ Volatile: function does not return.
  31              		@ args = 0, pretend = 0, frame = 0
  32              		@ frame_needed = 0, uses_anonymous_args = 0
  33              		@ link register save eliminated.
ARM GAS  C:\Users\simon\AppData\Local\Temp\ccSlmHWj.s 			page 3


  34              	.L2:
  83:Src/stm32h7xx_it.c ****   /* USER CODE BEGIN NonMaskableInt_IRQn 0 */
  84:Src/stm32h7xx_it.c **** 
  85:Src/stm32h7xx_it.c ****   /* USER CODE END NonMaskableInt_IRQn 0 */
  86:Src/stm32h7xx_it.c ****   /* USER CODE BEGIN NonMaskableInt_IRQn 1 */
  87:Src/stm32h7xx_it.c ****   while (1)
  35              		.loc 1 87 3 discriminator 1 view .LVU1
  88:Src/stm32h7xx_it.c ****   {
  89:Src/stm32h7xx_it.c ****   }
  36              		.loc 1 89 3 discriminator 1 view .LVU2
  87:Src/stm32h7xx_it.c ****   {
  37              		.loc 1 87 9 discriminator 1 view .LVU3
  38 0000 FEE7     		b	.L2
  39              		.cfi_endproc
  40              	.LFE331:
  42              		.section	.text.HardFault_Handler,"ax",%progbits
  43              		.align	1
  44              		.global	HardFault_Handler
  45              		.syntax unified
  46              		.thumb
  47              		.thumb_func
  49              	HardFault_Handler:
  50              	.LFB332:
  90:Src/stm32h7xx_it.c ****   /* USER CODE END NonMaskableInt_IRQn 1 */
  91:Src/stm32h7xx_it.c **** }
  92:Src/stm32h7xx_it.c **** 
  93:Src/stm32h7xx_it.c **** /**
  94:Src/stm32h7xx_it.c ****   * @brief This function handles Hard fault interrupt.
  95:Src/stm32h7xx_it.c ****   */
  96:Src/stm32h7xx_it.c **** void HardFault_Handler(void)
  97:Src/stm32h7xx_it.c **** {
  51              		.loc 1 97 1 view -0
  52              		.cfi_startproc
  53              		@ Volatile: function does not return.
  54              		@ args = 0, pretend = 0, frame = 0
  55              		@ frame_needed = 0, uses_anonymous_args = 0
  56              		@ link register save eliminated.
  57              	.L4:
  98:Src/stm32h7xx_it.c ****   /* USER CODE BEGIN HardFault_IRQn 0 */
  99:Src/stm32h7xx_it.c **** 
 100:Src/stm32h7xx_it.c ****   /* USER CODE END HardFault_IRQn 0 */
 101:Src/stm32h7xx_it.c ****   while (1)
  58              		.loc 1 101 3 discriminator 1 view .LVU5
 102:Src/stm32h7xx_it.c ****   {
 103:Src/stm32h7xx_it.c ****     /* USER CODE BEGIN W1_HardFault_IRQn 0 */
 104:Src/stm32h7xx_it.c ****     /* USER CODE END W1_HardFault_IRQn 0 */
 105:Src/stm32h7xx_it.c ****   }
  59              		.loc 1 105 3 discriminator 1 view .LVU6
 101:Src/stm32h7xx_it.c ****   {
  60              		.loc 1 101 9 discriminator 1 view .LVU7
  61 0000 FEE7     		b	.L4
  62              		.cfi_endproc
  63              	.LFE332:
  65              		.section	.text.MemManage_Handler,"ax",%progbits
  66              		.align	1
  67              		.global	MemManage_Handler
  68              		.syntax unified
ARM GAS  C:\Users\simon\AppData\Local\Temp\ccSlmHWj.s 			page 4


  69              		.thumb
  70              		.thumb_func
  72              	MemManage_Handler:
  73              	.LFB333:
 106:Src/stm32h7xx_it.c **** }
 107:Src/stm32h7xx_it.c **** 
 108:Src/stm32h7xx_it.c **** /**
 109:Src/stm32h7xx_it.c ****   * @brief This function handles Memory management fault.
 110:Src/stm32h7xx_it.c ****   */
 111:Src/stm32h7xx_it.c **** void MemManage_Handler(void)
 112:Src/stm32h7xx_it.c **** {
  74              		.loc 1 112 1 view -0
  75              		.cfi_startproc
  76              		@ Volatile: function does not return.
  77              		@ args = 0, pretend = 0, frame = 0
  78              		@ frame_needed = 0, uses_anonymous_args = 0
  79              		@ link register save eliminated.
  80              	.L6:
 113:Src/stm32h7xx_it.c ****   /* USER CODE BEGIN MemoryManagement_IRQn 0 */
 114:Src/stm32h7xx_it.c **** 
 115:Src/stm32h7xx_it.c ****   /* USER CODE END MemoryManagement_IRQn 0 */
 116:Src/stm32h7xx_it.c ****   while (1)
  81              		.loc 1 116 3 discriminator 1 view .LVU9
 117:Src/stm32h7xx_it.c ****   {
 118:Src/stm32h7xx_it.c ****     /* USER CODE BEGIN W1_MemoryManagement_IRQn 0 */
 119:Src/stm32h7xx_it.c ****     /* USER CODE END W1_MemoryManagement_IRQn 0 */
 120:Src/stm32h7xx_it.c ****   }
  82              		.loc 1 120 3 discriminator 1 view .LVU10
 116:Src/stm32h7xx_it.c ****   {
  83              		.loc 1 116 9 discriminator 1 view .LVU11
  84 0000 FEE7     		b	.L6
  85              		.cfi_endproc
  86              	.LFE333:
  88              		.section	.text.BusFault_Handler,"ax",%progbits
  89              		.align	1
  90              		.global	BusFault_Handler
  91              		.syntax unified
  92              		.thumb
  93              		.thumb_func
  95              	BusFault_Handler:
  96              	.LFB334:
 121:Src/stm32h7xx_it.c **** }
 122:Src/stm32h7xx_it.c **** 
 123:Src/stm32h7xx_it.c **** /**
 124:Src/stm32h7xx_it.c ****   * @brief This function handles Pre-fetch fault, memory access fault.
 125:Src/stm32h7xx_it.c ****   */
 126:Src/stm32h7xx_it.c **** void BusFault_Handler(void)
 127:Src/stm32h7xx_it.c **** {
  97              		.loc 1 127 1 view -0
  98              		.cfi_startproc
  99              		@ Volatile: function does not return.
 100              		@ args = 0, pretend = 0, frame = 0
 101              		@ frame_needed = 0, uses_anonymous_args = 0
 102              		@ link register save eliminated.
 103              	.L8:
 128:Src/stm32h7xx_it.c ****   /* USER CODE BEGIN BusFault_IRQn 0 */
 129:Src/stm32h7xx_it.c **** 
ARM GAS  C:\Users\simon\AppData\Local\Temp\ccSlmHWj.s 			page 5


 130:Src/stm32h7xx_it.c ****   /* USER CODE END BusFault_IRQn 0 */
 131:Src/stm32h7xx_it.c ****   while (1)
 104              		.loc 1 131 3 discriminator 1 view .LVU13
 132:Src/stm32h7xx_it.c ****   {
 133:Src/stm32h7xx_it.c ****     /* USER CODE BEGIN W1_BusFault_IRQn 0 */
 134:Src/stm32h7xx_it.c ****     /* USER CODE END W1_BusFault_IRQn 0 */
 135:Src/stm32h7xx_it.c ****   }
 105              		.loc 1 135 3 discriminator 1 view .LVU14
 131:Src/stm32h7xx_it.c ****   {
 106              		.loc 1 131 9 discriminator 1 view .LVU15
 107 0000 FEE7     		b	.L8
 108              		.cfi_endproc
 109              	.LFE334:
 111              		.section	.text.UsageFault_Handler,"ax",%progbits
 112              		.align	1
 113              		.global	UsageFault_Handler
 114              		.syntax unified
 115              		.thumb
 116              		.thumb_func
 118              	UsageFault_Handler:
 119              	.LFB335:
 136:Src/stm32h7xx_it.c **** }
 137:Src/stm32h7xx_it.c **** 
 138:Src/stm32h7xx_it.c **** /**
 139:Src/stm32h7xx_it.c ****   * @brief This function handles Undefined instruction or illegal state.
 140:Src/stm32h7xx_it.c ****   */
 141:Src/stm32h7xx_it.c **** void UsageFault_Handler(void)
 142:Src/stm32h7xx_it.c **** {
 120              		.loc 1 142 1 view -0
 121              		.cfi_startproc
 122              		@ Volatile: function does not return.
 123              		@ args = 0, pretend = 0, frame = 0
 124              		@ frame_needed = 0, uses_anonymous_args = 0
 125              		@ link register save eliminated.
 126              	.L10:
 143:Src/stm32h7xx_it.c ****   /* USER CODE BEGIN UsageFault_IRQn 0 */
 144:Src/stm32h7xx_it.c **** 
 145:Src/stm32h7xx_it.c ****   /* USER CODE END UsageFault_IRQn 0 */
 146:Src/stm32h7xx_it.c ****   while (1)
 127              		.loc 1 146 3 discriminator 1 view .LVU17
 147:Src/stm32h7xx_it.c ****   {
 148:Src/stm32h7xx_it.c ****     /* USER CODE BEGIN W1_UsageFault_IRQn 0 */
 149:Src/stm32h7xx_it.c ****     /* USER CODE END W1_UsageFault_IRQn 0 */
 150:Src/stm32h7xx_it.c ****   }
 128              		.loc 1 150 3 discriminator 1 view .LVU18
 146:Src/stm32h7xx_it.c ****   {
 129              		.loc 1 146 9 discriminator 1 view .LVU19
 130 0000 FEE7     		b	.L10
 131              		.cfi_endproc
 132              	.LFE335:
 134              		.section	.text.SVC_Handler,"ax",%progbits
 135              		.align	1
 136              		.global	SVC_Handler
 137              		.syntax unified
 138              		.thumb
 139              		.thumb_func
 141              	SVC_Handler:
ARM GAS  C:\Users\simon\AppData\Local\Temp\ccSlmHWj.s 			page 6


 142              	.LFB336:
 151:Src/stm32h7xx_it.c **** }
 152:Src/stm32h7xx_it.c **** 
 153:Src/stm32h7xx_it.c **** /**
 154:Src/stm32h7xx_it.c ****   * @brief This function handles System service call via SWI instruction.
 155:Src/stm32h7xx_it.c ****   */
 156:Src/stm32h7xx_it.c **** void SVC_Handler(void)
 157:Src/stm32h7xx_it.c **** {
 143              		.loc 1 157 1 view -0
 144              		.cfi_startproc
 145              		@ args = 0, pretend = 0, frame = 0
 146              		@ frame_needed = 0, uses_anonymous_args = 0
 147              		@ link register save eliminated.
 158:Src/stm32h7xx_it.c ****   /* USER CODE BEGIN SVCall_IRQn 0 */
 159:Src/stm32h7xx_it.c **** 
 160:Src/stm32h7xx_it.c ****   /* USER CODE END SVCall_IRQn 0 */
 161:Src/stm32h7xx_it.c ****   /* USER CODE BEGIN SVCall_IRQn 1 */
 162:Src/stm32h7xx_it.c **** 
 163:Src/stm32h7xx_it.c ****   /* USER CODE END SVCall_IRQn 1 */
 164:Src/stm32h7xx_it.c **** }
 148              		.loc 1 164 1 view .LVU21
 149 0000 7047     		bx	lr
 150              		.cfi_endproc
 151              	.LFE336:
 153              		.section	.text.DebugMon_Handler,"ax",%progbits
 154              		.align	1
 155              		.global	DebugMon_Handler
 156              		.syntax unified
 157              		.thumb
 158              		.thumb_func
 160              	DebugMon_Handler:
 161              	.LFB337:
 165:Src/stm32h7xx_it.c **** 
 166:Src/stm32h7xx_it.c **** /**
 167:Src/stm32h7xx_it.c ****   * @brief This function handles Debug monitor.
 168:Src/stm32h7xx_it.c ****   */
 169:Src/stm32h7xx_it.c **** void DebugMon_Handler(void)
 170:Src/stm32h7xx_it.c **** {
 162              		.loc 1 170 1 view -0
 163              		.cfi_startproc
 164              		@ args = 0, pretend = 0, frame = 0
 165              		@ frame_needed = 0, uses_anonymous_args = 0
 166              		@ link register save eliminated.
 171:Src/stm32h7xx_it.c ****   /* USER CODE BEGIN DebugMonitor_IRQn 0 */
 172:Src/stm32h7xx_it.c **** 
 173:Src/stm32h7xx_it.c ****   /* USER CODE END DebugMonitor_IRQn 0 */
 174:Src/stm32h7xx_it.c ****   /* USER CODE BEGIN DebugMonitor_IRQn 1 */
 175:Src/stm32h7xx_it.c **** 
 176:Src/stm32h7xx_it.c ****   /* USER CODE END DebugMonitor_IRQn 1 */
 177:Src/stm32h7xx_it.c **** }
 167              		.loc 1 177 1 view .LVU23
 168 0000 7047     		bx	lr
 169              		.cfi_endproc
 170              	.LFE337:
 172              		.section	.text.PendSV_Handler,"ax",%progbits
 173              		.align	1
 174              		.global	PendSV_Handler
ARM GAS  C:\Users\simon\AppData\Local\Temp\ccSlmHWj.s 			page 7


 175              		.syntax unified
 176              		.thumb
 177              		.thumb_func
 179              	PendSV_Handler:
 180              	.LFB338:
 178:Src/stm32h7xx_it.c **** 
 179:Src/stm32h7xx_it.c **** /**
 180:Src/stm32h7xx_it.c ****   * @brief This function handles Pendable request for system service.
 181:Src/stm32h7xx_it.c ****   */
 182:Src/stm32h7xx_it.c **** void PendSV_Handler(void)
 183:Src/stm32h7xx_it.c **** {
 181              		.loc 1 183 1 view -0
 182              		.cfi_startproc
 183              		@ args = 0, pretend = 0, frame = 0
 184              		@ frame_needed = 0, uses_anonymous_args = 0
 185              		@ link register save eliminated.
 184:Src/stm32h7xx_it.c ****   /* USER CODE BEGIN PendSV_IRQn 0 */
 185:Src/stm32h7xx_it.c **** 
 186:Src/stm32h7xx_it.c ****   /* USER CODE END PendSV_IRQn 0 */
 187:Src/stm32h7xx_it.c ****   /* USER CODE BEGIN PendSV_IRQn 1 */
 188:Src/stm32h7xx_it.c **** 
 189:Src/stm32h7xx_it.c ****   /* USER CODE END PendSV_IRQn 1 */
 190:Src/stm32h7xx_it.c **** }
 186              		.loc 1 190 1 view .LVU25
 187 0000 7047     		bx	lr
 188              		.cfi_endproc
 189              	.LFE338:
 191              		.section	.text.SysTick_Handler,"ax",%progbits
 192              		.align	1
 193              		.global	SysTick_Handler
 194              		.syntax unified
 195              		.thumb
 196              		.thumb_func
 198              	SysTick_Handler:
 199              	.LFB339:
 191:Src/stm32h7xx_it.c **** 
 192:Src/stm32h7xx_it.c **** /**
 193:Src/stm32h7xx_it.c ****   * @brief This function handles System tick timer.
 194:Src/stm32h7xx_it.c ****   */
 195:Src/stm32h7xx_it.c **** void SysTick_Handler(void)
 196:Src/stm32h7xx_it.c **** {
 200              		.loc 1 196 1 view -0
 201              		.cfi_startproc
 202              		@ args = 0, pretend = 0, frame = 0
 203              		@ frame_needed = 0, uses_anonymous_args = 0
 204 0000 08B5     		push	{r3, lr}
 205              	.LCFI0:
 206              		.cfi_def_cfa_offset 8
 207              		.cfi_offset 3, -8
 208              		.cfi_offset 14, -4
 197:Src/stm32h7xx_it.c ****   /* USER CODE BEGIN SysTick_IRQn 0 */
 198:Src/stm32h7xx_it.c **** 
 199:Src/stm32h7xx_it.c ****   /* USER CODE END SysTick_IRQn 0 */
 200:Src/stm32h7xx_it.c ****   HAL_IncTick();
 209              		.loc 1 200 3 view .LVU27
 210 0002 FFF7FEFF 		bl	HAL_IncTick
 211              	.LVL0:
ARM GAS  C:\Users\simon\AppData\Local\Temp\ccSlmHWj.s 			page 8


 201:Src/stm32h7xx_it.c ****   /* USER CODE BEGIN SysTick_IRQn 1 */
 202:Src/stm32h7xx_it.c **** 
 203:Src/stm32h7xx_it.c ****   /* USER CODE END SysTick_IRQn 1 */
 204:Src/stm32h7xx_it.c **** }
 212              		.loc 1 204 1 is_stmt 0 view .LVU28
 213 0006 08BD     		pop	{r3, pc}
 214              		.cfi_endproc
 215              	.LFE339:
 217              		.section	.text.DMA1_Stream0_IRQHandler,"ax",%progbits
 218              		.align	1
 219              		.global	DMA1_Stream0_IRQHandler
 220              		.syntax unified
 221              		.thumb
 222              		.thumb_func
 224              	DMA1_Stream0_IRQHandler:
 225              	.LFB340:
 205:Src/stm32h7xx_it.c **** 
 206:Src/stm32h7xx_it.c **** /******************************************************************************/
 207:Src/stm32h7xx_it.c **** /* STM32H7xx Peripheral Interrupt Handlers                                    */
 208:Src/stm32h7xx_it.c **** /* Add here the Interrupt Handlers for the used peripherals.                  */
 209:Src/stm32h7xx_it.c **** /* For the available peripheral interrupt handler names,                      */
 210:Src/stm32h7xx_it.c **** /* please refer to the startup file (startup_stm32h7xx.s).                    */
 211:Src/stm32h7xx_it.c **** /******************************************************************************/
 212:Src/stm32h7xx_it.c **** 
 213:Src/stm32h7xx_it.c **** /**
 214:Src/stm32h7xx_it.c ****   * @brief This function handles DMA1 stream0 global interrupt.
 215:Src/stm32h7xx_it.c ****   */
 216:Src/stm32h7xx_it.c **** void DMA1_Stream0_IRQHandler(void)
 217:Src/stm32h7xx_it.c **** {
 226              		.loc 1 217 1 is_stmt 1 view -0
 227              		.cfi_startproc
 228              		@ args = 0, pretend = 0, frame = 0
 229              		@ frame_needed = 0, uses_anonymous_args = 0
 230 0000 08B5     		push	{r3, lr}
 231              	.LCFI1:
 232              		.cfi_def_cfa_offset 8
 233              		.cfi_offset 3, -8
 234              		.cfi_offset 14, -4
 218:Src/stm32h7xx_it.c ****   /* USER CODE BEGIN DMA1_Stream0_IRQn 0 */
 219:Src/stm32h7xx_it.c **** 
 220:Src/stm32h7xx_it.c ****   /* USER CODE END DMA1_Stream0_IRQn 0 */
 221:Src/stm32h7xx_it.c ****   HAL_DMA_IRQHandler(&hdma_i2c2_rx);
 235              		.loc 1 221 3 view .LVU30
 236 0002 0248     		ldr	r0, .L18
 237 0004 FFF7FEFF 		bl	HAL_DMA_IRQHandler
 238              	.LVL1:
 222:Src/stm32h7xx_it.c ****   /* USER CODE BEGIN DMA1_Stream0_IRQn 1 */
 223:Src/stm32h7xx_it.c **** 
 224:Src/stm32h7xx_it.c ****   /* USER CODE END DMA1_Stream0_IRQn 1 */
 225:Src/stm32h7xx_it.c **** }
 239              		.loc 1 225 1 is_stmt 0 view .LVU31
 240 0008 08BD     		pop	{r3, pc}
 241              	.L19:
 242 000a 00BF     		.align	2
 243              	.L18:
 244 000c 00000000 		.word	hdma_i2c2_rx
 245              		.cfi_endproc
ARM GAS  C:\Users\simon\AppData\Local\Temp\ccSlmHWj.s 			page 9


 246              	.LFE340:
 248              		.section	.text.DMA1_Stream1_IRQHandler,"ax",%progbits
 249              		.align	1
 250              		.global	DMA1_Stream1_IRQHandler
 251              		.syntax unified
 252              		.thumb
 253              		.thumb_func
 255              	DMA1_Stream1_IRQHandler:
 256              	.LFB341:
 226:Src/stm32h7xx_it.c **** 
 227:Src/stm32h7xx_it.c **** /**
 228:Src/stm32h7xx_it.c ****   * @brief This function handles DMA1 stream1 global interrupt.
 229:Src/stm32h7xx_it.c ****   */
 230:Src/stm32h7xx_it.c **** void DMA1_Stream1_IRQHandler(void)
 231:Src/stm32h7xx_it.c **** {
 257              		.loc 1 231 1 is_stmt 1 view -0
 258              		.cfi_startproc
 259              		@ args = 0, pretend = 0, frame = 0
 260              		@ frame_needed = 0, uses_anonymous_args = 0
 261 0000 08B5     		push	{r3, lr}
 262              	.LCFI2:
 263              		.cfi_def_cfa_offset 8
 264              		.cfi_offset 3, -8
 265              		.cfi_offset 14, -4
 232:Src/stm32h7xx_it.c ****   /* USER CODE BEGIN DMA1_Stream1_IRQn 0 */
 233:Src/stm32h7xx_it.c **** 
 234:Src/stm32h7xx_it.c ****   /* USER CODE END DMA1_Stream1_IRQn 0 */
 235:Src/stm32h7xx_it.c ****   HAL_DMA_IRQHandler(&hdma_i2c2_tx);
 266              		.loc 1 235 3 view .LVU33
 267 0002 0248     		ldr	r0, .L22
 268 0004 FFF7FEFF 		bl	HAL_DMA_IRQHandler
 269              	.LVL2:
 236:Src/stm32h7xx_it.c ****   /* USER CODE BEGIN DMA1_Stream1_IRQn 1 */
 237:Src/stm32h7xx_it.c **** 
 238:Src/stm32h7xx_it.c ****   /* USER CODE END DMA1_Stream1_IRQn 1 */
 239:Src/stm32h7xx_it.c **** }
 270              		.loc 1 239 1 is_stmt 0 view .LVU34
 271 0008 08BD     		pop	{r3, pc}
 272              	.L23:
 273 000a 00BF     		.align	2
 274              	.L22:
 275 000c 00000000 		.word	hdma_i2c2_tx
 276              		.cfi_endproc
 277              	.LFE341:
 279              		.section	.text.DMA1_Stream2_IRQHandler,"ax",%progbits
 280              		.align	1
 281              		.global	DMA1_Stream2_IRQHandler
 282              		.syntax unified
 283              		.thumb
 284              		.thumb_func
 286              	DMA1_Stream2_IRQHandler:
 287              	.LFB342:
 240:Src/stm32h7xx_it.c **** 
 241:Src/stm32h7xx_it.c **** /**
 242:Src/stm32h7xx_it.c ****   * @brief This function handles DMA1 stream2 global interrupt.
 243:Src/stm32h7xx_it.c ****   */
 244:Src/stm32h7xx_it.c **** void DMA1_Stream2_IRQHandler(void)
ARM GAS  C:\Users\simon\AppData\Local\Temp\ccSlmHWj.s 			page 10


 245:Src/stm32h7xx_it.c **** {
 288              		.loc 1 245 1 is_stmt 1 view -0
 289              		.cfi_startproc
 290              		@ args = 0, pretend = 0, frame = 0
 291              		@ frame_needed = 0, uses_anonymous_args = 0
 292 0000 08B5     		push	{r3, lr}
 293              	.LCFI3:
 294              		.cfi_def_cfa_offset 8
 295              		.cfi_offset 3, -8
 296              		.cfi_offset 14, -4
 246:Src/stm32h7xx_it.c ****   /* USER CODE BEGIN DMA1_Stream2_IRQn 0 */
 247:Src/stm32h7xx_it.c **** 
 248:Src/stm32h7xx_it.c ****   /* USER CODE END DMA1_Stream2_IRQn 0 */
 249:Src/stm32h7xx_it.c ****   HAL_DMA_IRQHandler(&hdma_dac1_ch1);
 297              		.loc 1 249 3 view .LVU36
 298 0002 0248     		ldr	r0, .L26
 299 0004 FFF7FEFF 		bl	HAL_DMA_IRQHandler
 300              	.LVL3:
 250:Src/stm32h7xx_it.c ****   /* USER CODE BEGIN DMA1_Stream2_IRQn 1 */
 251:Src/stm32h7xx_it.c **** 
 252:Src/stm32h7xx_it.c ****   /* USER CODE END DMA1_Stream2_IRQn 1 */
 253:Src/stm32h7xx_it.c **** }
 301              		.loc 1 253 1 is_stmt 0 view .LVU37
 302 0008 08BD     		pop	{r3, pc}
 303              	.L27:
 304 000a 00BF     		.align	2
 305              	.L26:
 306 000c 00000000 		.word	hdma_dac1_ch1
 307              		.cfi_endproc
 308              	.LFE342:
 310              		.section	.text.DMA1_Stream3_IRQHandler,"ax",%progbits
 311              		.align	1
 312              		.global	DMA1_Stream3_IRQHandler
 313              		.syntax unified
 314              		.thumb
 315              		.thumb_func
 317              	DMA1_Stream3_IRQHandler:
 318              	.LFB343:
 254:Src/stm32h7xx_it.c **** 
 255:Src/stm32h7xx_it.c **** /**
 256:Src/stm32h7xx_it.c ****   * @brief This function handles DMA1 stream3 global interrupt.
 257:Src/stm32h7xx_it.c ****   */
 258:Src/stm32h7xx_it.c **** void DMA1_Stream3_IRQHandler(void)
 259:Src/stm32h7xx_it.c **** {
 319              		.loc 1 259 1 is_stmt 1 view -0
 320              		.cfi_startproc
 321              		@ args = 0, pretend = 0, frame = 0
 322              		@ frame_needed = 0, uses_anonymous_args = 0
 323 0000 08B5     		push	{r3, lr}
 324              	.LCFI4:
 325              		.cfi_def_cfa_offset 8
 326              		.cfi_offset 3, -8
 327              		.cfi_offset 14, -4
 260:Src/stm32h7xx_it.c ****   /* USER CODE BEGIN DMA1_Stream3_IRQn 0 */
 261:Src/stm32h7xx_it.c **** 
 262:Src/stm32h7xx_it.c ****   /* USER CODE END DMA1_Stream3_IRQn 0 */
 263:Src/stm32h7xx_it.c ****   HAL_DMA_IRQHandler(&hdma_dac1_ch2);
ARM GAS  C:\Users\simon\AppData\Local\Temp\ccSlmHWj.s 			page 11


 328              		.loc 1 263 3 view .LVU39
 329 0002 0248     		ldr	r0, .L30
 330 0004 FFF7FEFF 		bl	HAL_DMA_IRQHandler
 331              	.LVL4:
 264:Src/stm32h7xx_it.c ****   /* USER CODE BEGIN DMA1_Stream3_IRQn 1 */
 265:Src/stm32h7xx_it.c **** 
 266:Src/stm32h7xx_it.c ****   /* USER CODE END DMA1_Stream3_IRQn 1 */
 267:Src/stm32h7xx_it.c **** }
 332              		.loc 1 267 1 is_stmt 0 view .LVU40
 333 0008 08BD     		pop	{r3, pc}
 334              	.L31:
 335 000a 00BF     		.align	2
 336              	.L30:
 337 000c 00000000 		.word	hdma_dac1_ch2
 338              		.cfi_endproc
 339              	.LFE343:
 341              		.section	.text.DMA1_Stream4_IRQHandler,"ax",%progbits
 342              		.align	1
 343              		.global	DMA1_Stream4_IRQHandler
 344              		.syntax unified
 345              		.thumb
 346              		.thumb_func
 348              	DMA1_Stream4_IRQHandler:
 349              	.LFB344:
 268:Src/stm32h7xx_it.c **** 
 269:Src/stm32h7xx_it.c **** /**
 270:Src/stm32h7xx_it.c ****   * @brief This function handles DMA1 stream4 global interrupt.
 271:Src/stm32h7xx_it.c ****   */
 272:Src/stm32h7xx_it.c **** void DMA1_Stream4_IRQHandler(void)
 273:Src/stm32h7xx_it.c **** {
 350              		.loc 1 273 1 is_stmt 1 view -0
 351              		.cfi_startproc
 352              		@ args = 0, pretend = 0, frame = 0
 353              		@ frame_needed = 0, uses_anonymous_args = 0
 354 0000 08B5     		push	{r3, lr}
 355              	.LCFI5:
 356              		.cfi_def_cfa_offset 8
 357              		.cfi_offset 3, -8
 358              		.cfi_offset 14, -4
 274:Src/stm32h7xx_it.c ****   /* USER CODE BEGIN DMA1_Stream4_IRQn 0 */
 275:Src/stm32h7xx_it.c **** 
 276:Src/stm32h7xx_it.c ****   /* USER CODE END DMA1_Stream4_IRQn 0 */
 277:Src/stm32h7xx_it.c ****   HAL_DMA_IRQHandler(&hdma_adc1);
 359              		.loc 1 277 3 view .LVU42
 360 0002 0248     		ldr	r0, .L34
 361 0004 FFF7FEFF 		bl	HAL_DMA_IRQHandler
 362              	.LVL5:
 278:Src/stm32h7xx_it.c ****   /* USER CODE BEGIN DMA1_Stream4_IRQn 1 */
 279:Src/stm32h7xx_it.c **** 
 280:Src/stm32h7xx_it.c ****   /* USER CODE END DMA1_Stream4_IRQn 1 */
 281:Src/stm32h7xx_it.c **** }
 363              		.loc 1 281 1 is_stmt 0 view .LVU43
 364 0008 08BD     		pop	{r3, pc}
 365              	.L35:
 366 000a 00BF     		.align	2
 367              	.L34:
 368 000c 00000000 		.word	hdma_adc1
ARM GAS  C:\Users\simon\AppData\Local\Temp\ccSlmHWj.s 			page 12


 369              		.cfi_endproc
 370              	.LFE344:
 372              		.section	.text.DMA1_Stream5_IRQHandler,"ax",%progbits
 373              		.align	1
 374              		.global	DMA1_Stream5_IRQHandler
 375              		.syntax unified
 376              		.thumb
 377              		.thumb_func
 379              	DMA1_Stream5_IRQHandler:
 380              	.LFB345:
 282:Src/stm32h7xx_it.c **** 
 283:Src/stm32h7xx_it.c **** /**
 284:Src/stm32h7xx_it.c ****   * @brief This function handles DMA1 stream5 global interrupt.
 285:Src/stm32h7xx_it.c ****   */
 286:Src/stm32h7xx_it.c **** void DMA1_Stream5_IRQHandler(void)
 287:Src/stm32h7xx_it.c **** {
 381              		.loc 1 287 1 is_stmt 1 view -0
 382              		.cfi_startproc
 383              		@ args = 0, pretend = 0, frame = 0
 384              		@ frame_needed = 0, uses_anonymous_args = 0
 385 0000 08B5     		push	{r3, lr}
 386              	.LCFI6:
 387              		.cfi_def_cfa_offset 8
 388              		.cfi_offset 3, -8
 389              		.cfi_offset 14, -4
 288:Src/stm32h7xx_it.c ****   /* USER CODE BEGIN DMA1_Stream5_IRQn 0 */
 289:Src/stm32h7xx_it.c **** 
 290:Src/stm32h7xx_it.c ****   /* USER CODE END DMA1_Stream5_IRQn 0 */
 291:Src/stm32h7xx_it.c ****   HAL_DMA_IRQHandler(&hdma_uart4_rx);
 390              		.loc 1 291 3 view .LVU45
 391 0002 0248     		ldr	r0, .L38
 392 0004 FFF7FEFF 		bl	HAL_DMA_IRQHandler
 393              	.LVL6:
 292:Src/stm32h7xx_it.c ****   /* USER CODE BEGIN DMA1_Stream5_IRQn 1 */
 293:Src/stm32h7xx_it.c **** 
 294:Src/stm32h7xx_it.c ****   /* USER CODE END DMA1_Stream5_IRQn 1 */
 295:Src/stm32h7xx_it.c **** }
 394              		.loc 1 295 1 is_stmt 0 view .LVU46
 395 0008 08BD     		pop	{r3, pc}
 396              	.L39:
 397 000a 00BF     		.align	2
 398              	.L38:
 399 000c 00000000 		.word	hdma_uart4_rx
 400              		.cfi_endproc
 401              	.LFE345:
 403              		.section	.text.DMA1_Stream6_IRQHandler,"ax",%progbits
 404              		.align	1
 405              		.global	DMA1_Stream6_IRQHandler
 406              		.syntax unified
 407              		.thumb
 408              		.thumb_func
 410              	DMA1_Stream6_IRQHandler:
 411              	.LFB346:
 296:Src/stm32h7xx_it.c **** 
 297:Src/stm32h7xx_it.c **** /**
 298:Src/stm32h7xx_it.c ****   * @brief This function handles DMA1 stream6 global interrupt.
 299:Src/stm32h7xx_it.c ****   */
ARM GAS  C:\Users\simon\AppData\Local\Temp\ccSlmHWj.s 			page 13


 300:Src/stm32h7xx_it.c **** void DMA1_Stream6_IRQHandler(void)
 301:Src/stm32h7xx_it.c **** {
 412              		.loc 1 301 1 is_stmt 1 view -0
 413              		.cfi_startproc
 414              		@ args = 0, pretend = 0, frame = 0
 415              		@ frame_needed = 0, uses_anonymous_args = 0
 416 0000 08B5     		push	{r3, lr}
 417              	.LCFI7:
 418              		.cfi_def_cfa_offset 8
 419              		.cfi_offset 3, -8
 420              		.cfi_offset 14, -4
 302:Src/stm32h7xx_it.c ****   /* USER CODE BEGIN DMA1_Stream6_IRQn 0 */
 303:Src/stm32h7xx_it.c **** 
 304:Src/stm32h7xx_it.c ****   /* USER CODE END DMA1_Stream6_IRQn 0 */
 305:Src/stm32h7xx_it.c ****   HAL_DMA_IRQHandler(&hdma_uart4_tx);
 421              		.loc 1 305 3 view .LVU48
 422 0002 0248     		ldr	r0, .L42
 423 0004 FFF7FEFF 		bl	HAL_DMA_IRQHandler
 424              	.LVL7:
 306:Src/stm32h7xx_it.c ****   /* USER CODE BEGIN DMA1_Stream6_IRQn 1 */
 307:Src/stm32h7xx_it.c **** 
 308:Src/stm32h7xx_it.c ****   /* USER CODE END DMA1_Stream6_IRQn 1 */
 309:Src/stm32h7xx_it.c **** }
 425              		.loc 1 309 1 is_stmt 0 view .LVU49
 426 0008 08BD     		pop	{r3, pc}
 427              	.L43:
 428 000a 00BF     		.align	2
 429              	.L42:
 430 000c 00000000 		.word	hdma_uart4_tx
 431              		.cfi_endproc
 432              	.LFE346:
 434              		.section	.text.ADC_IRQHandler,"ax",%progbits
 435              		.align	1
 436              		.global	ADC_IRQHandler
 437              		.syntax unified
 438              		.thumb
 439              		.thumb_func
 441              	ADC_IRQHandler:
 442              	.LFB347:
 310:Src/stm32h7xx_it.c **** 
 311:Src/stm32h7xx_it.c **** /**
 312:Src/stm32h7xx_it.c ****   * @brief This function handles ADC1 and ADC2 global interrupts.
 313:Src/stm32h7xx_it.c ****   */
 314:Src/stm32h7xx_it.c **** void ADC_IRQHandler(void)
 315:Src/stm32h7xx_it.c **** {
 443              		.loc 1 315 1 is_stmt 1 view -0
 444              		.cfi_startproc
 445              		@ args = 0, pretend = 0, frame = 0
 446              		@ frame_needed = 0, uses_anonymous_args = 0
 447 0000 08B5     		push	{r3, lr}
 448              	.LCFI8:
 449              		.cfi_def_cfa_offset 8
 450              		.cfi_offset 3, -8
 451              		.cfi_offset 14, -4
 316:Src/stm32h7xx_it.c ****   /* USER CODE BEGIN ADC_IRQn 0 */
 317:Src/stm32h7xx_it.c **** 
 318:Src/stm32h7xx_it.c ****   /* USER CODE END ADC_IRQn 0 */
ARM GAS  C:\Users\simon\AppData\Local\Temp\ccSlmHWj.s 			page 14


 319:Src/stm32h7xx_it.c ****   HAL_ADC_IRQHandler(&hadc1);
 452              		.loc 1 319 3 view .LVU51
 453 0002 0348     		ldr	r0, .L46
 454 0004 FFF7FEFF 		bl	HAL_ADC_IRQHandler
 455              	.LVL8:
 320:Src/stm32h7xx_it.c ****   HAL_ADC_IRQHandler(&hadc2);
 456              		.loc 1 320 3 view .LVU52
 457 0008 0248     		ldr	r0, .L46+4
 458 000a FFF7FEFF 		bl	HAL_ADC_IRQHandler
 459              	.LVL9:
 321:Src/stm32h7xx_it.c ****   /* USER CODE BEGIN ADC_IRQn 1 */
 322:Src/stm32h7xx_it.c **** 
 323:Src/stm32h7xx_it.c ****   /* USER CODE END ADC_IRQn 1 */
 324:Src/stm32h7xx_it.c **** }
 460              		.loc 1 324 1 is_stmt 0 view .LVU53
 461 000e 08BD     		pop	{r3, pc}
 462              	.L47:
 463              		.align	2
 464              	.L46:
 465 0010 00000000 		.word	hadc1
 466 0014 00000000 		.word	hadc2
 467              		.cfi_endproc
 468              	.LFE347:
 470              		.section	.text.TIM1_UP_IRQHandler,"ax",%progbits
 471              		.align	1
 472              		.global	TIM1_UP_IRQHandler
 473              		.syntax unified
 474              		.thumb
 475              		.thumb_func
 477              	TIM1_UP_IRQHandler:
 478              	.LFB348:
 325:Src/stm32h7xx_it.c **** 
 326:Src/stm32h7xx_it.c **** /**
 327:Src/stm32h7xx_it.c ****   * @brief This function handles TIM1 update interrupt.
 328:Src/stm32h7xx_it.c ****   */
 329:Src/stm32h7xx_it.c **** void TIM1_UP_IRQHandler(void)
 330:Src/stm32h7xx_it.c **** {
 479              		.loc 1 330 1 is_stmt 1 view -0
 480              		.cfi_startproc
 481              		@ args = 0, pretend = 0, frame = 0
 482              		@ frame_needed = 0, uses_anonymous_args = 0
 483 0000 08B5     		push	{r3, lr}
 484              	.LCFI9:
 485              		.cfi_def_cfa_offset 8
 486              		.cfi_offset 3, -8
 487              		.cfi_offset 14, -4
 331:Src/stm32h7xx_it.c ****   /* USER CODE BEGIN TIM1_UP_IRQn 0 */
 332:Src/stm32h7xx_it.c **** 
 333:Src/stm32h7xx_it.c ****   /* USER CODE END TIM1_UP_IRQn 0 */
 334:Src/stm32h7xx_it.c ****   HAL_TIM_IRQHandler(&htim1);
 488              		.loc 1 334 3 view .LVU55
 489 0002 0248     		ldr	r0, .L50
 490 0004 FFF7FEFF 		bl	HAL_TIM_IRQHandler
 491              	.LVL10:
 335:Src/stm32h7xx_it.c ****   /* USER CODE BEGIN TIM1_UP_IRQn 1 */
 336:Src/stm32h7xx_it.c **** 
 337:Src/stm32h7xx_it.c ****   /* USER CODE END TIM1_UP_IRQn 1 */
ARM GAS  C:\Users\simon\AppData\Local\Temp\ccSlmHWj.s 			page 15


 338:Src/stm32h7xx_it.c **** }
 492              		.loc 1 338 1 is_stmt 0 view .LVU56
 493 0008 08BD     		pop	{r3, pc}
 494              	.L51:
 495 000a 00BF     		.align	2
 496              	.L50:
 497 000c 00000000 		.word	htim1
 498              		.cfi_endproc
 499              	.LFE348:
 501              		.section	.text.I2C2_EV_IRQHandler,"ax",%progbits
 502              		.align	1
 503              		.global	I2C2_EV_IRQHandler
 504              		.syntax unified
 505              		.thumb
 506              		.thumb_func
 508              	I2C2_EV_IRQHandler:
 509              	.LFB349:
 339:Src/stm32h7xx_it.c **** 
 340:Src/stm32h7xx_it.c **** /**
 341:Src/stm32h7xx_it.c ****   * @brief This function handles I2C2 event interrupt.
 342:Src/stm32h7xx_it.c ****   */
 343:Src/stm32h7xx_it.c **** void I2C2_EV_IRQHandler(void)
 344:Src/stm32h7xx_it.c **** {
 510              		.loc 1 344 1 is_stmt 1 view -0
 511              		.cfi_startproc
 512              		@ args = 0, pretend = 0, frame = 0
 513              		@ frame_needed = 0, uses_anonymous_args = 0
 514 0000 08B5     		push	{r3, lr}
 515              	.LCFI10:
 516              		.cfi_def_cfa_offset 8
 517              		.cfi_offset 3, -8
 518              		.cfi_offset 14, -4
 345:Src/stm32h7xx_it.c ****   /* USER CODE BEGIN I2C2_EV_IRQn 0 */
 346:Src/stm32h7xx_it.c **** 
 347:Src/stm32h7xx_it.c ****   /* USER CODE END I2C2_EV_IRQn 0 */
 348:Src/stm32h7xx_it.c ****   HAL_I2C_EV_IRQHandler(&hi2c2);
 519              		.loc 1 348 3 view .LVU58
 520 0002 0248     		ldr	r0, .L54
 521 0004 FFF7FEFF 		bl	HAL_I2C_EV_IRQHandler
 522              	.LVL11:
 349:Src/stm32h7xx_it.c ****   /* USER CODE BEGIN I2C2_EV_IRQn 1 */
 350:Src/stm32h7xx_it.c **** 
 351:Src/stm32h7xx_it.c ****   /* USER CODE END I2C2_EV_IRQn 1 */
 352:Src/stm32h7xx_it.c **** }
 523              		.loc 1 352 1 is_stmt 0 view .LVU59
 524 0008 08BD     		pop	{r3, pc}
 525              	.L55:
 526 000a 00BF     		.align	2
 527              	.L54:
 528 000c 00000000 		.word	hi2c2
 529              		.cfi_endproc
 530              	.LFE349:
 532              		.section	.text.I2C2_ER_IRQHandler,"ax",%progbits
 533              		.align	1
 534              		.global	I2C2_ER_IRQHandler
 535              		.syntax unified
 536              		.thumb
ARM GAS  C:\Users\simon\AppData\Local\Temp\ccSlmHWj.s 			page 16


 537              		.thumb_func
 539              	I2C2_ER_IRQHandler:
 540              	.LFB350:
 353:Src/stm32h7xx_it.c **** 
 354:Src/stm32h7xx_it.c **** /**
 355:Src/stm32h7xx_it.c ****   * @brief This function handles I2C2 error interrupt.
 356:Src/stm32h7xx_it.c ****   */
 357:Src/stm32h7xx_it.c **** void I2C2_ER_IRQHandler(void)
 358:Src/stm32h7xx_it.c **** {
 541              		.loc 1 358 1 is_stmt 1 view -0
 542              		.cfi_startproc
 543              		@ args = 0, pretend = 0, frame = 0
 544              		@ frame_needed = 0, uses_anonymous_args = 0
 545 0000 08B5     		push	{r3, lr}
 546              	.LCFI11:
 547              		.cfi_def_cfa_offset 8
 548              		.cfi_offset 3, -8
 549              		.cfi_offset 14, -4
 359:Src/stm32h7xx_it.c ****   /* USER CODE BEGIN I2C2_ER_IRQn 0 */
 360:Src/stm32h7xx_it.c **** 
 361:Src/stm32h7xx_it.c ****   /* USER CODE END I2C2_ER_IRQn 0 */
 362:Src/stm32h7xx_it.c ****   HAL_I2C_ER_IRQHandler(&hi2c2);
 550              		.loc 1 362 3 view .LVU61
 551 0002 0248     		ldr	r0, .L58
 552 0004 FFF7FEFF 		bl	HAL_I2C_ER_IRQHandler
 553              	.LVL12:
 363:Src/stm32h7xx_it.c ****   /* USER CODE BEGIN I2C2_ER_IRQn 1 */
 364:Src/stm32h7xx_it.c **** 
 365:Src/stm32h7xx_it.c ****   /* USER CODE END I2C2_ER_IRQn 1 */
 366:Src/stm32h7xx_it.c **** }
 554              		.loc 1 366 1 is_stmt 0 view .LVU62
 555 0008 08BD     		pop	{r3, pc}
 556              	.L59:
 557 000a 00BF     		.align	2
 558              	.L58:
 559 000c 00000000 		.word	hi2c2
 560              		.cfi_endproc
 561              	.LFE350:
 563              		.section	.text.UART4_IRQHandler,"ax",%progbits
 564              		.align	1
 565              		.global	UART4_IRQHandler
 566              		.syntax unified
 567              		.thumb
 568              		.thumb_func
 570              	UART4_IRQHandler:
 571              	.LFB351:
 367:Src/stm32h7xx_it.c **** 
 368:Src/stm32h7xx_it.c **** /**
 369:Src/stm32h7xx_it.c ****   * @brief This function handles UART4 global interrupt.
 370:Src/stm32h7xx_it.c ****   */
 371:Src/stm32h7xx_it.c **** void UART4_IRQHandler(void)
 372:Src/stm32h7xx_it.c **** {
 572              		.loc 1 372 1 is_stmt 1 view -0
 573              		.cfi_startproc
 574              		@ args = 0, pretend = 0, frame = 0
 575              		@ frame_needed = 0, uses_anonymous_args = 0
 576 0000 08B5     		push	{r3, lr}
ARM GAS  C:\Users\simon\AppData\Local\Temp\ccSlmHWj.s 			page 17


 577              	.LCFI12:
 578              		.cfi_def_cfa_offset 8
 579              		.cfi_offset 3, -8
 580              		.cfi_offset 14, -4
 373:Src/stm32h7xx_it.c ****   /* USER CODE BEGIN UART4_IRQn 0 */
 374:Src/stm32h7xx_it.c **** 
 375:Src/stm32h7xx_it.c ****   /* USER CODE END UART4_IRQn 0 */
 376:Src/stm32h7xx_it.c ****   HAL_UART_IRQHandler(&huart4);
 581              		.loc 1 376 3 view .LVU64
 582 0002 0248     		ldr	r0, .L62
 583 0004 FFF7FEFF 		bl	HAL_UART_IRQHandler
 584              	.LVL13:
 377:Src/stm32h7xx_it.c ****   /* USER CODE BEGIN UART4_IRQn 1 */
 378:Src/stm32h7xx_it.c **** 
 379:Src/stm32h7xx_it.c ****   /* USER CODE END UART4_IRQn 1 */
 380:Src/stm32h7xx_it.c **** }
 585              		.loc 1 380 1 is_stmt 0 view .LVU65
 586 0008 08BD     		pop	{r3, pc}
 587              	.L63:
 588 000a 00BF     		.align	2
 589              	.L62:
 590 000c 00000000 		.word	huart4
 591              		.cfi_endproc
 592              	.LFE351:
 594              		.text
 595              	.Letext0:
 596              		.file 2 "d:\\nes\\arm\\arm-none-eabi\\include\\machine\\_default_types.h"
 597              		.file 3 "d:\\nes\\arm\\arm-none-eabi\\include\\sys\\_stdint.h"
 598              		.file 4 "Drivers/CMSIS/Device/ST/STM32H7xx/Include/stm32h743xx.h"
 599              		.file 5 "Drivers/CMSIS/Device/ST/STM32H7xx/Include/stm32h7xx.h"
 600              		.file 6 "Drivers/STM32H7xx_HAL_Driver/Inc/stm32h7xx_hal_def.h"
 601              		.file 7 "Drivers/STM32H7xx_HAL_Driver/Inc/stm32h7xx_hal_dma.h"
 602              		.file 8 "Drivers/STM32H7xx_HAL_Driver/Inc/stm32h7xx_hal_adc.h"
 603              		.file 9 "Drivers/STM32H7xx_HAL_Driver/Inc/stm32h7xx_hal_i2c.h"
 604              		.file 10 "Drivers/STM32H7xx_HAL_Driver/Inc/stm32h7xx_hal_tim.h"
 605              		.file 11 "Drivers/STM32H7xx_HAL_Driver/Inc/stm32h7xx_hal_uart.h"
 606              		.file 12 "Drivers/STM32H7xx_HAL_Driver/Inc/stm32h7xx_hal.h"
ARM GAS  C:\Users\simon\AppData\Local\Temp\ccSlmHWj.s 			page 18


DEFINED SYMBOLS
                            *ABS*:00000000 stm32h7xx_it.c
C:\Users\simon\AppData\Local\Temp\ccSlmHWj.s:19     .text.NMI_Handler:00000000 $t
C:\Users\simon\AppData\Local\Temp\ccSlmHWj.s:25     .text.NMI_Handler:00000000 NMI_Handler
C:\Users\simon\AppData\Local\Temp\ccSlmHWj.s:43     .text.HardFault_Handler:00000000 $t
C:\Users\simon\AppData\Local\Temp\ccSlmHWj.s:49     .text.HardFault_Handler:00000000 HardFault_Handler
C:\Users\simon\AppData\Local\Temp\ccSlmHWj.s:66     .text.MemManage_Handler:00000000 $t
C:\Users\simon\AppData\Local\Temp\ccSlmHWj.s:72     .text.MemManage_Handler:00000000 MemManage_Handler
C:\Users\simon\AppData\Local\Temp\ccSlmHWj.s:89     .text.BusFault_Handler:00000000 $t
C:\Users\simon\AppData\Local\Temp\ccSlmHWj.s:95     .text.BusFault_Handler:00000000 BusFault_Handler
C:\Users\simon\AppData\Local\Temp\ccSlmHWj.s:112    .text.UsageFault_Handler:00000000 $t
C:\Users\simon\AppData\Local\Temp\ccSlmHWj.s:118    .text.UsageFault_Handler:00000000 UsageFault_Handler
C:\Users\simon\AppData\Local\Temp\ccSlmHWj.s:135    .text.SVC_Handler:00000000 $t
C:\Users\simon\AppData\Local\Temp\ccSlmHWj.s:141    .text.SVC_Handler:00000000 SVC_Handler
C:\Users\simon\AppData\Local\Temp\ccSlmHWj.s:154    .text.DebugMon_Handler:00000000 $t
C:\Users\simon\AppData\Local\Temp\ccSlmHWj.s:160    .text.DebugMon_Handler:00000000 DebugMon_Handler
C:\Users\simon\AppData\Local\Temp\ccSlmHWj.s:173    .text.PendSV_Handler:00000000 $t
C:\Users\simon\AppData\Local\Temp\ccSlmHWj.s:179    .text.PendSV_Handler:00000000 PendSV_Handler
C:\Users\simon\AppData\Local\Temp\ccSlmHWj.s:192    .text.SysTick_Handler:00000000 $t
C:\Users\simon\AppData\Local\Temp\ccSlmHWj.s:198    .text.SysTick_Handler:00000000 SysTick_Handler
C:\Users\simon\AppData\Local\Temp\ccSlmHWj.s:218    .text.DMA1_Stream0_IRQHandler:00000000 $t
C:\Users\simon\AppData\Local\Temp\ccSlmHWj.s:224    .text.DMA1_Stream0_IRQHandler:00000000 DMA1_Stream0_IRQHandler
C:\Users\simon\AppData\Local\Temp\ccSlmHWj.s:244    .text.DMA1_Stream0_IRQHandler:0000000c $d
C:\Users\simon\AppData\Local\Temp\ccSlmHWj.s:249    .text.DMA1_Stream1_IRQHandler:00000000 $t
C:\Users\simon\AppData\Local\Temp\ccSlmHWj.s:255    .text.DMA1_Stream1_IRQHandler:00000000 DMA1_Stream1_IRQHandler
C:\Users\simon\AppData\Local\Temp\ccSlmHWj.s:275    .text.DMA1_Stream1_IRQHandler:0000000c $d
C:\Users\simon\AppData\Local\Temp\ccSlmHWj.s:280    .text.DMA1_Stream2_IRQHandler:00000000 $t
C:\Users\simon\AppData\Local\Temp\ccSlmHWj.s:286    .text.DMA1_Stream2_IRQHandler:00000000 DMA1_Stream2_IRQHandler
C:\Users\simon\AppData\Local\Temp\ccSlmHWj.s:306    .text.DMA1_Stream2_IRQHandler:0000000c $d
C:\Users\simon\AppData\Local\Temp\ccSlmHWj.s:311    .text.DMA1_Stream3_IRQHandler:00000000 $t
C:\Users\simon\AppData\Local\Temp\ccSlmHWj.s:317    .text.DMA1_Stream3_IRQHandler:00000000 DMA1_Stream3_IRQHandler
C:\Users\simon\AppData\Local\Temp\ccSlmHWj.s:337    .text.DMA1_Stream3_IRQHandler:0000000c $d
C:\Users\simon\AppData\Local\Temp\ccSlmHWj.s:342    .text.DMA1_Stream4_IRQHandler:00000000 $t
C:\Users\simon\AppData\Local\Temp\ccSlmHWj.s:348    .text.DMA1_Stream4_IRQHandler:00000000 DMA1_Stream4_IRQHandler
C:\Users\simon\AppData\Local\Temp\ccSlmHWj.s:368    .text.DMA1_Stream4_IRQHandler:0000000c $d
C:\Users\simon\AppData\Local\Temp\ccSlmHWj.s:373    .text.DMA1_Stream5_IRQHandler:00000000 $t
C:\Users\simon\AppData\Local\Temp\ccSlmHWj.s:379    .text.DMA1_Stream5_IRQHandler:00000000 DMA1_Stream5_IRQHandler
C:\Users\simon\AppData\Local\Temp\ccSlmHWj.s:399    .text.DMA1_Stream5_IRQHandler:0000000c $d
C:\Users\simon\AppData\Local\Temp\ccSlmHWj.s:404    .text.DMA1_Stream6_IRQHandler:00000000 $t
C:\Users\simon\AppData\Local\Temp\ccSlmHWj.s:410    .text.DMA1_Stream6_IRQHandler:00000000 DMA1_Stream6_IRQHandler
C:\Users\simon\AppData\Local\Temp\ccSlmHWj.s:430    .text.DMA1_Stream6_IRQHandler:0000000c $d
C:\Users\simon\AppData\Local\Temp\ccSlmHWj.s:435    .text.ADC_IRQHandler:00000000 $t
C:\Users\simon\AppData\Local\Temp\ccSlmHWj.s:441    .text.ADC_IRQHandler:00000000 ADC_IRQHandler
C:\Users\simon\AppData\Local\Temp\ccSlmHWj.s:465    .text.ADC_IRQHandler:00000010 $d
C:\Users\simon\AppData\Local\Temp\ccSlmHWj.s:471    .text.TIM1_UP_IRQHandler:00000000 $t
C:\Users\simon\AppData\Local\Temp\ccSlmHWj.s:477    .text.TIM1_UP_IRQHandler:00000000 TIM1_UP_IRQHandler
C:\Users\simon\AppData\Local\Temp\ccSlmHWj.s:497    .text.TIM1_UP_IRQHandler:0000000c $d
C:\Users\simon\AppData\Local\Temp\ccSlmHWj.s:502    .text.I2C2_EV_IRQHandler:00000000 $t
C:\Users\simon\AppData\Local\Temp\ccSlmHWj.s:508    .text.I2C2_EV_IRQHandler:00000000 I2C2_EV_IRQHandler
C:\Users\simon\AppData\Local\Temp\ccSlmHWj.s:528    .text.I2C2_EV_IRQHandler:0000000c $d
C:\Users\simon\AppData\Local\Temp\ccSlmHWj.s:533    .text.I2C2_ER_IRQHandler:00000000 $t
C:\Users\simon\AppData\Local\Temp\ccSlmHWj.s:539    .text.I2C2_ER_IRQHandler:00000000 I2C2_ER_IRQHandler
C:\Users\simon\AppData\Local\Temp\ccSlmHWj.s:559    .text.I2C2_ER_IRQHandler:0000000c $d
C:\Users\simon\AppData\Local\Temp\ccSlmHWj.s:564    .text.UART4_IRQHandler:00000000 $t
C:\Users\simon\AppData\Local\Temp\ccSlmHWj.s:570    .text.UART4_IRQHandler:00000000 UART4_IRQHandler
C:\Users\simon\AppData\Local\Temp\ccSlmHWj.s:590    .text.UART4_IRQHandler:0000000c $d

ARM GAS  C:\Users\simon\AppData\Local\Temp\ccSlmHWj.s 			page 19


UNDEFINED SYMBOLS
HAL_IncTick
HAL_DMA_IRQHandler
hdma_i2c2_rx
hdma_i2c2_tx
hdma_dac1_ch1
hdma_dac1_ch2
hdma_adc1
hdma_uart4_rx
hdma_uart4_tx
HAL_ADC_IRQHandler
hadc1
hadc2
HAL_TIM_IRQHandler
htim1
HAL_I2C_EV_IRQHandler
hi2c2
HAL_I2C_ER_IRQHandler
HAL_UART_IRQHandler
huart4
