Archive member included to satisfy reference by file (symbol)

d:/nes/arm/bin/../lib/gcc/arm-none-eabi/10.3.1/../../../../arm-none-eabi/lib/thumb/v7e-m+dp/hard\libc_nano.a(lib_a-errno.o)
                              build/sysmem.o (__errno)
d:/nes/arm/bin/../lib/gcc/arm-none-eabi/10.3.1/../../../../arm-none-eabi/lib/thumb/v7e-m+dp/hard\libc_nano.a(lib_a-exit.o)
                              d:/nes/arm/bin/../lib/gcc/arm-none-eabi/10.3.1/../../../../arm-none-eabi/lib/thumb/v7e-m+dp/hard/crt0.o (exit)
d:/nes/arm/bin/../lib/gcc/arm-none-eabi/10.3.1/../../../../arm-none-eabi/lib/thumb/v7e-m+dp/hard\libc_nano.a(lib_a-impure.o)
                              d:/nes/arm/bin/../lib/gcc/arm-none-eabi/10.3.1/../../../../arm-none-eabi/lib/thumb/v7e-m+dp/hard\libc_nano.a(lib_a-exit.o) (_global_impure_ptr)
d:/nes/arm/bin/../lib/gcc/arm-none-eabi/10.3.1/../../../../arm-none-eabi/lib/thumb/v7e-m+dp/hard\libc_nano.a(lib_a-init.o)
                              d:/nes/arm/bin/../lib/gcc/arm-none-eabi/10.3.1/../../../../arm-none-eabi/lib/thumb/v7e-m+dp/hard/crt0.o (__libc_init_array)
d:/nes/arm/bin/../lib/gcc/arm-none-eabi/10.3.1/../../../../arm-none-eabi/lib/thumb/v7e-m+dp/hard\libc_nano.a(lib_a-memset.o)
                              d:/nes/arm/bin/../lib/gcc/arm-none-eabi/10.3.1/../../../../arm-none-eabi/lib/thumb/v7e-m+dp/hard/crt0.o (memset)
d:/nes/arm/bin/../lib/gcc/arm-none-eabi/10.3.1/../../../../arm-none-eabi/lib/thumb/v7e-m+dp/hard\libc_nano.a(lib_a-nano-vfprintf_float.o)
                              (_printf_float)
d:/nes/arm/bin/../lib/gcc/arm-none-eabi/10.3.1/../../../../arm-none-eabi/lib/thumb/v7e-m+dp/hard\libc_nano.a(lib_a-nano-vfprintf_i.o)
                              d:/nes/arm/bin/../lib/gcc/arm-none-eabi/10.3.1/../../../../arm-none-eabi/lib/thumb/v7e-m+dp/hard\libc_nano.a(lib_a-nano-vfprintf_float.o) (_printf_common)
d:/nes/arm/bin/../lib/gcc/arm-none-eabi/10.3.1/../../../../arm-none-eabi/lib/thumb/v7e-m+dp/hard\libc_nano.a(lib_a-sprintf.o)
                              build/main.o (sprintf)
d:/nes/arm/bin/../lib/gcc/arm-none-eabi/10.3.1/../../../../arm-none-eabi/lib/thumb/v7e-m+dp/hard\libc_nano.a(lib_a-strlen.o)
                              build/main.o (strlen)
d:/nes/arm/bin/../lib/gcc/arm-none-eabi/10.3.1/../../../../arm-none-eabi/lib/thumb/v7e-m+dp/hard\libc_nano.a(lib_a-dtoa.o)
                              d:/nes/arm/bin/../lib/gcc/arm-none-eabi/10.3.1/../../../../arm-none-eabi/lib/thumb/v7e-m+dp/hard\libc_nano.a(lib_a-nano-vfprintf_float.o) (_dtoa_r)
d:/nes/arm/bin/../lib/gcc/arm-none-eabi/10.3.1/../../../../arm-none-eabi/lib/thumb/v7e-m+dp/hard\libc_nano.a(lib_a-localeconv.o)
                              d:/nes/arm/bin/../lib/gcc/arm-none-eabi/10.3.1/../../../../arm-none-eabi/lib/thumb/v7e-m+dp/hard\libc_nano.a(lib_a-nano-vfprintf_float.o) (_localeconv_r)
d:/nes/arm/bin/../lib/gcc/arm-none-eabi/10.3.1/../../../../arm-none-eabi/lib/thumb/v7e-m+dp/hard\libc_nano.a(lib_a-malloc.o)
                              d:/nes/arm/bin/../lib/gcc/arm-none-eabi/10.3.1/../../../../arm-none-eabi/lib/thumb/v7e-m+dp/hard\libc_nano.a(lib_a-dtoa.o) (malloc)
d:/nes/arm/bin/../lib/gcc/arm-none-eabi/10.3.1/../../../../arm-none-eabi/lib/thumb/v7e-m+dp/hard\libc_nano.a(lib_a-memchr.o)
                              d:/nes/arm/bin/../lib/gcc/arm-none-eabi/10.3.1/../../../../arm-none-eabi/lib/thumb/v7e-m+dp/hard\libc_nano.a(lib_a-nano-vfprintf_i.o) (memchr)
d:/nes/arm/bin/../lib/gcc/arm-none-eabi/10.3.1/../../../../arm-none-eabi/lib/thumb/v7e-m+dp/hard\libc_nano.a(lib_a-memcpy-stub.o)
                              d:/nes/arm/bin/../lib/gcc/arm-none-eabi/10.3.1/../../../../arm-none-eabi/lib/thumb/v7e-m+dp/hard\libc_nano.a(lib_a-dtoa.o) (memcpy)
d:/nes/arm/bin/../lib/gcc/arm-none-eabi/10.3.1/../../../../arm-none-eabi/lib/thumb/v7e-m+dp/hard\libc_nano.a(lib_a-mprec.o)
                              d:/nes/arm/bin/../lib/gcc/arm-none-eabi/10.3.1/../../../../arm-none-eabi/lib/thumb/v7e-m+dp/hard\libc_nano.a(lib_a-dtoa.o) (_Balloc)
d:/nes/arm/bin/../lib/gcc/arm-none-eabi/10.3.1/../../../../arm-none-eabi/lib/thumb/v7e-m+dp/hard\libc_nano.a(lib_a-nano-callocr.o)
                              d:/nes/arm/bin/../lib/gcc/arm-none-eabi/10.3.1/../../../../arm-none-eabi/lib/thumb/v7e-m+dp/hard\libc_nano.a(lib_a-mprec.o) (_calloc_r)
d:/nes/arm/bin/../lib/gcc/arm-none-eabi/10.3.1/../../../../arm-none-eabi/lib/thumb/v7e-m+dp/hard\libc_nano.a(lib_a-nano-freer.o)
                              d:/nes/arm/bin/../lib/gcc/arm-none-eabi/10.3.1/../../../../arm-none-eabi/lib/thumb/v7e-m+dp/hard\libc_nano.a(lib_a-malloc.o) (_free_r)
d:/nes/arm/bin/../lib/gcc/arm-none-eabi/10.3.1/../../../../arm-none-eabi/lib/thumb/v7e-m+dp/hard\libc_nano.a(lib_a-nano-mallocr.o)
                              d:/nes/arm/bin/../lib/gcc/arm-none-eabi/10.3.1/../../../../arm-none-eabi/lib/thumb/v7e-m+dp/hard\libc_nano.a(lib_a-malloc.o) (_malloc_r)
[...]
Memory Configuration

Name             Origin             Length             Attributes
DTCMRAM          0x20000000         0x00020000         xrw
RAM_D1           0x24000000         0x00080000         xrw
RAM_D2           0x30000000         0x00048000         xrw
RAM_D3           0x38000000         0x00010000         xrw
ITCMRAM          0x00000000         0x00010000         xrw
FLASH            0x08000000         0x00200000         xr
*default*        0x00000000         0xffffffff

Linker script and memory map

LOAD d:/nes/arm/bin/../lib/gcc/arm-none-eabi/10.3.1/thumb/v7e-m+dp/hard/crti.o
LOAD d:/nes/arm/bin/../lib/gcc/arm-none-eabi/10.3.1/thumb/v7e-m+dp/hard/crtbegin.o
LOAD d:/nes/arm/bin/../lib/gcc/arm-none-eabi/10.3.1/../../../../arm-none-eabi/lib/thumb/v7e-m+dp/hard/crt0.o
LOAD build/main.o
LOAD build/gpio.o
LOAD build/adc.o
LOAD build/dac.o
LOAD build/dma.o
LOAD build/fmc.o
LOAD build/hrtim.o
LOAD build/i2c.o
LOAD build/usart.o
LOAD build/rtc.o
LOAD build/spi.o
LOAD build/tim.o
LOAD build/usb_otg.o
LOAD build/stm32h7xx_it.o
LOAD build/stm32h7xx_hal_msp.o
LOAD build/stm32h7xx_hal_adc.o
LOAD build/stm32h7xx_hal_adc_ex.o
LOAD build/stm32h7xx_hal_rcc.o
LOAD build/stm32h7xx_hal_rcc_ex.o
LOAD build/stm32h7xx_hal_flash.o
LOAD build/stm32h7xx_hal_flash_ex.o
LOAD build/stm32h7xx_hal_gpio.o
LOAD build/stm32h7xx_hal_hsem.o
LOAD build/stm32h7xx_hal_dma.o
LOAD build/stm32h7xx_hal_dma_ex.o
LOAD build/stm32h7xx_hal_mdma.o
LOAD build/stm32h7xx_hal_pwr.o
LOAD build/stm32h7xx_hal_pwr_ex.o
LOAD build/stm32h7xx_hal_cortex.o
LOAD build/stm32h7xx_hal.o
LOAD build/stm32h7xx_hal_i2c.o
LOAD build/stm32h7xx_hal_i2c_ex.o
LOAD build/stm32h7xx_hal_exti.o
LOAD build/stm32h7xx_hal_dac.o
LOAD build/stm32h7xx_hal_dac_ex.o
LOAD build/stm32h7xx_ll_fmc.o
LOAD build/stm32h7xx_hal_sdram.o
LOAD build/stm32h7xx_hal_hrtim.o
LOAD build/stm32h7xx_hal_uart.o
LOAD build/stm32h7xx_hal_uart_ex.o
LOAD build/stm32h7xx_hal_usart.o
LOAD build/stm32h7xx_hal_usart_ex.o
LOAD build/stm32h7xx_hal_rtc.o
LOAD build/stm32h7xx_hal_rtc_ex.o
LOAD build/stm32h7xx_hal_spi.o
LOAD build/stm32h7xx_hal_spi_ex.o
LOAD build/stm32h7xx_hal_tim.o
LOAD build/stm32h7xx_hal_tim_ex.o
LOAD build/system_stm32h7xx.o
LOAD build/sysmem.o
LOAD build/syscalls.o
LOAD build/startup_stm32h743xx.o
LOAD d:/nes/arm/bin/../lib/gcc/arm-none-eabi/10.3.1/../../../../arm-none-eabi/lib/thumb/v7e-m+dp/hard\libc_nano.a
LOAD d:/nes/arm/bin/../lib/gcc/arm-none-eabi/10.3.1/../../../../arm-none-eabi/lib/thumb/v7e-m+dp/hard\libm.a
LOAD d:/nes/arm/bin/../lib/gcc/arm-none-eabi/10.3.1/../../../../arm-none-eabi/lib/thumb/v7e-m+dp/hard\libnosys.a
START GROUP
LOAD d:/nes/arm/bin/../lib/gcc/arm-none-eabi/10.3.1/thumb/v7e-m+dp/hard\libgcc.a
LOAD d:/nes/arm/bin/../lib/gcc/arm-none-eabi/10.3.1/../../../../arm-none-eabi/lib/thumb/v7e-m+dp/hard\libc_nano.a
END GROUP
START GROUP
LOAD d:/nes/arm/bin/../lib/gcc/arm-none-eabi/10.3.1/thumb/v7e-m+dp/hard\libgcc.a
LOAD d:/nes/arm/bin/../lib/gcc/arm-none-eabi/10.3.1/../../../../arm-none-eabi/lib/thumb/v7e-m+dp/hard\libc_nano.a
END GROUP
LOAD d:/nes/arm/bin/../lib/gcc/arm-none-eabi/10.3.1/thumb/v7e-m+dp/hard/crtend.o
LOAD d:/nes/arm/bin/../lib/gcc/arm-none-eabi/10.3.1/thumb/v7e-m+dp/hard/crtn.o
                0x00000200                _Min_Heap_Size = 0x200
                0x00000400                _Min_Stack_Size = 0x400

.isr_vector     0x08000000      0x298
                0x08000000                . = ALIGN (0x4)
 *(.isr_vector)
 .isr_vector    0x08000000      0x298 build/startup_stm32h743xx.o
                0x08000000                g_pfnVectors
                0x08000298                . = ALIGN (0x4)

.text           0x080002a0     0xebf0
                0x080002a0                . = ALIGN (0x4)
 *(.text)
 .text          0x080002a0       0x40 d:/nes/arm/bin/../lib/gcc/arm-none-eabi/10.3.1/thumb/v7e-m+dp/hard/crtbegin.o
 .text          0x080002e0       0x10 d:/nes/arm/bin/../lib/gcc/arm-none-eabi/10.3.1/../../../../arm-none-eabi/lib/thumb/v7e-m+dp/hard\libc_nano.a(lib_a-strlen.o)
                0x080002e0                strlen
 .text          0x080002f0       0xa0 d:/nes/arm/bin/../lib/gcc/arm-none-eabi/10.3.1/../../../../arm-none-eabi/lib/thumb/v7e-m+dp/hard\libc_nano.a(lib_a-memchr.o)
                0x080002f0                memchr
 .text          0x08000390       0x30 d:/nes/arm/bin/../lib/gcc/arm-none-eabi/10.3.1/thumb/v7e-m+dp/hard\libgcc.a(_aeabi_uldivmod.o)
                0x08000390                __aeabi_uldivmod
 .text          0x080003c0      0x2d0 d:/nes/arm/bin/../lib/gcc/arm-none-eabi/10.3.1/thumb/v7e-m+dp/hard\libgcc.a(_udivmoddi4.o)
                0x080003c0                __udivmoddi4
 .text          0x08000690        0x4 d:/nes/arm/bin/../lib/gcc/arm-none-eabi/10.3.1/thumb/v7e-m+dp/hard\libgcc.a(_dvmd_tls.o)
                0x08000690                __aeabi_idiv0
                0x08000690                __aeabi_ldiv0
 *(.text*)
 .text.get_data_IT
                0x08000694       0x68 build/main.o
                0x08000694                get_data_IT
 .text.sensor_setup_IT
                0x080006fc       0x60 build/main.o
                0x080006fc                sensor_setup_IT
 .text.HAL_I2C_MemRxCpltCallback
                0x0800075c       0x58 build/main.o
                0x0800075c                HAL_I2C_MemRxCpltCallback
 .text.HAL_I2C_MemTxCpltCallback
                0x080007b4       0x1c build/main.o
                0x080007b4                HAL_I2C_MemTxCpltCallback
 .text.Error_Handler
                0x080007d0        0x4 build/main.o
                0x080007d0                Error_Handler
 .text.SystemClock_Config
                0x080007d4       0xdc build/main.o
                0x080007d4                SystemClock_Config
 .text.PeriphCommonClock_Config
                0x080008b0       0x46 build/main.o
                0x080008b0                PeriphCommonClock_Config
 *fill*         0x080008f6        0x2 
 .text.main     0x080008f8      0x1ac build/main.o
                0x080008f8                main
 .text.MX_GPIO_Init
                0x08000aa4      0x28c build/gpio.o
                0x08000aa4                MX_GPIO_Init
 .text.MX_ADC1_Init
                0x08000d30       0xa8 build/adc.o
                0x08000d30                MX_ADC1_Init
 .text.MX_ADC2_Init
                0x08000dd8       0x8c build/adc.o
                0x08000dd8                MX_ADC2_Init
 .text.MX_ADC3_Init
                0x08000e64       0x94 build/adc.o
                0x08000e64                MX_ADC3_Init
 .text.HAL_ADC_MspInit
                0x08000ef8      0x280 build/adc.o
                0x08000ef8                HAL_ADC_MspInit
 .text.MX_DAC1_Init
                0x08001178       0x60 build/dac.o
                0x08001178                MX_DAC1_Init
 .text.HAL_DAC_MspInit
                0x080011d8       0xf8 build/dac.o
                0x080011d8                HAL_DAC_MspInit
 .text.MX_DMA_Init
                0x080012d0       0x98 build/dma.o
                0x080012d0                MX_DMA_Init
 .text.HAL_FMC_MspInit
                0x08001368      0x104 build/fmc.o
 .text.MX_FMC_Init
                0x0800146c       0x60 build/fmc.o
                0x0800146c                MX_FMC_Init
 .text.HAL_SDRAM_MspInit
                0x080014cc        0x8 build/fmc.o
                0x080014cc                HAL_SDRAM_MspInit
 .text.HAL_HRTIM_MspInit
                0x080014d4       0x94 build/hrtim.o
                0x080014d4                HAL_HRTIM_MspInit
 .text.HAL_HRTIM_MspPostInit
                0x08001568       0xbc build/hrtim.o
                0x08001568                HAL_HRTIM_MspPostInit
 .text.MX_HRTIM_Init
                0x08001624      0x184 build/hrtim.o
                0x08001624                MX_HRTIM_Init
 .text.MX_I2C2_Init
                0x080017a8       0x58 build/i2c.o
                0x080017a8                MX_I2C2_Init
 .text.MX_I2C3_Init
                0x08001800       0x58 build/i2c.o
                0x08001800                MX_I2C3_Init
 .text.MX_I2C4_Init
                0x08001858       0x58 build/i2c.o
                0x08001858                MX_I2C4_Init
 .text.HAL_I2C_MspInit
                0x080018b0      0x23c build/i2c.o
                0x080018b0                HAL_I2C_MspInit
 .text.MX_LPUART1_UART_Init
                0x08001aec       0x6c build/usart.o
                0x08001aec                MX_LPUART1_UART_Init
 .text.MX_UART4_Init
                0x08001b58       0x68 build/usart.o
                0x08001b58                MX_UART4_Init
 .text.MX_UART7_Init
                0x08001bc0       0x68 build/usart.o
                0x08001bc0                MX_UART7_Init
 .text.MX_UART8_Init
                0x08001c28       0x68 build/usart.o
                0x08001c28                MX_UART8_Init
 .text.MX_USART1_Init
                0x08001c90       0x68 build/usart.o
                0x08001c90                MX_USART1_Init
 .text.MX_USART2_UART_Init
                0x08001cf8       0x68 build/usart.o
                0x08001cf8                MX_USART2_UART_Init
 .text.HAL_UART_MspInit
                0x08001d60      0x374 build/usart.o
                0x08001d60                HAL_UART_MspInit
 .text.HAL_USART_MspInit
                0x080020d4       0xcc build/usart.o
                0x080020d4                HAL_USART_MspInit
 .text.MX_RTC_Init
                0x080021a0       0x34 build/rtc.o
                0x080021a0                MX_RTC_Init
 .text.HAL_RTC_MspInit
                0x080021d4       0x4c build/rtc.o
                0x080021d4                HAL_RTC_MspInit
 .text.MX_SPI1_Init
                0x08002220       0x58 build/spi.o
                0x08002220                MX_SPI1_Init
 .text.MX_SPI2_Init
                0x08002278       0x58 build/spi.o
                0x08002278                MX_SPI2_Init
 .text.MX_SPI5_Init
                0x080022d0       0x58 build/spi.o
                0x080022d0                MX_SPI5_Init
 .text.MX_SPI6_Init
                0x08002328       0x58 build/spi.o
                0x08002328                MX_SPI6_Init
 .text.HAL_SPI_MspInit
                0x08002380      0x280 build/spi.o
                0x08002380                HAL_SPI_MspInit
 .text.MX_TIM1_Init
                0x08002600       0x78 build/tim.o
                0x08002600                MX_TIM1_Init
 .text.MX_TIM4_Init
                0x08002678       0xa8 build/tim.o
                0x08002678                MX_TIM4_Init
 .text.MX_TIM5_Init
                0x08002720       0x64 build/tim.o
                0x08002720                MX_TIM5_Init
 .text.MX_TIM6_Init
                0x08002784       0x50 build/tim.o
                0x08002784                MX_TIM6_Init
 .text.MX_TIM7_Init
                0x080027d4       0x50 build/tim.o
                0x080027d4                MX_TIM7_Init
 .text.MX_TIM8_Init
                0x08002824       0x68 build/tim.o
                0x08002824                MX_TIM8_Init
 .text.MX_TIM12_Init
                0x0800288c       0x9c build/tim.o
                0x0800288c                MX_TIM12_Init
 .text.MX_TIM13_Init
                0x08002928       0x30 build/tim.o
                0x08002928                MX_TIM13_Init
 .text.MX_TIM15_Init
                0x08002958       0x7c build/tim.o
                0x08002958                MX_TIM15_Init
 .text.MX_TIM16_Init
                0x080029d4       0x30 build/tim.o
                0x080029d4                MX_TIM16_Init
 .text.MX_TIM17_Init
                0x08002a04       0x30 build/tim.o
                0x08002a04                MX_TIM17_Init
 .text.HAL_TIM_Base_MspInit
                0x08002a34      0x128 build/tim.o
                0x08002a34                HAL_TIM_Base_MspInit
 .text.HAL_TIM_IC_MspInit
                0x08002b5c      0x1d0 build/tim.o
                0x08002b5c                HAL_TIM_IC_MspInit
 .text.HAL_TIM_PWM_MspInit
                0x08002d2c       0x34 build/tim.o
                0x08002d2c                HAL_TIM_PWM_MspInit
 .text.HAL_TIM_Encoder_MspInit
                0x08002d60       0xc8 build/tim.o
                0x08002d60                HAL_TIM_Encoder_MspInit
 .text.HAL_TIM_MspPostInit
                0x08002e28       0xd0 build/tim.o
                0x08002e28                HAL_TIM_MspPostInit
 .text.MX_TIM2_Init
                0x08002ef8       0xc8 build/tim.o
                0x08002ef8                MX_TIM2_Init
 .text.MX_TIM3_Init
                0x08002fc0       0x80 build/tim.o
                0x08002fc0                MX_TIM3_Init
 .text.MX_TIM14_Init
                0x08003040       0x74 build/tim.o
                0x08003040                MX_TIM14_Init
 .text.MX_USB_OTG_FS_USB_Init
                0x080030b4        0x2 build/usb_otg.o
                0x080030b4                MX_USB_OTG_FS_USB_Init
 .text.NMI_Handler
                0x080030b6        0x2 build/stm32h7xx_it.o
                0x080030b6                NMI_Handler
 .text.HardFault_Handler
                0x080030b8        0x2 build/stm32h7xx_it.o
                0x080030b8                HardFault_Handler
 .text.MemManage_Handler
                0x080030ba        0x2 build/stm32h7xx_it.o
                0x080030ba                MemManage_Handler
 .text.BusFault_Handler
                0x080030bc        0x2 build/stm32h7xx_it.o
                0x080030bc                BusFault_Handler
 .text.UsageFault_Handler
                0x080030be        0x2 build/stm32h7xx_it.o
                0x080030be                UsageFault_Handler
 .text.SVC_Handler
                0x080030c0        0x2 build/stm32h7xx_it.o
                0x080030c0                SVC_Handler
 .text.DebugMon_Handler
                0x080030c2        0x2 build/stm32h7xx_it.o
                0x080030c2                DebugMon_Handler
 .text.PendSV_Handler
                0x080030c4        0x2 build/stm32h7xx_it.o
                0x080030c4                PendSV_Handler
 .text.SysTick_Handler
                0x080030c6        0x8 build/stm32h7xx_it.o
                0x080030c6                SysTick_Handler
 *fill*         0x080030ce        0x2 
 .text.DMA1_Stream0_IRQHandler
                0x080030d0       0x10 build/stm32h7xx_it.o
                0x080030d0                DMA1_Stream0_IRQHandler
 .text.DMA1_Stream1_IRQHandler
                0x080030e0       0x10 build/stm32h7xx_it.o
                0x080030e0                DMA1_Stream1_IRQHandler
 .text.DMA1_Stream2_IRQHandler
                0x080030f0       0x10 build/stm32h7xx_it.o
                0x080030f0                DMA1_Stream2_IRQHandler
 .text.DMA1_Stream3_IRQHandler
                0x08003100       0x10 build/stm32h7xx_it.o
                0x08003100                DMA1_Stream3_IRQHandler
 .text.DMA1_Stream4_IRQHandler
                0x08003110       0x10 build/stm32h7xx_it.o
                0x08003110                DMA1_Stream4_IRQHandler
 .text.DMA1_Stream5_IRQHandler
                0x08003120       0x10 build/stm32h7xx_it.o
                0x08003120                DMA1_Stream5_IRQHandler
 .text.DMA1_Stream6_IRQHandler
                0x08003130       0x10 build/stm32h7xx_it.o
                0x08003130                DMA1_Stream6_IRQHandler
 .text.ADC_IRQHandler
                0x08003140       0x18 build/stm32h7xx_it.o
                0x08003140                ADC_IRQHandler
 .text.TIM1_UP_IRQHandler
                0x08003158       0x10 build/stm32h7xx_it.o
                0x08003158                TIM1_UP_IRQHandler
 .text.I2C2_EV_IRQHandler
                0x08003168       0x10 build/stm32h7xx_it.o
                0x08003168                I2C2_EV_IRQHandler
 .text.I2C2_ER_IRQHandler
                0x08003178       0x10 build/stm32h7xx_it.o
                0x08003178                I2C2_ER_IRQHandler
 .text.UART4_IRQHandler
                0x08003188       0x10 build/stm32h7xx_it.o
                0x08003188                UART4_IRQHandler
 .text.HAL_MspInit
                0x08003198       0x24 build/stm32h7xx_hal_msp.o
                0x08003198                HAL_MspInit
 .text.HAL_ADC_ConvCpltCallback
                0x080031bc        0x2 build/stm32h7xx_hal_adc.o
                0x080031bc                HAL_ADC_ConvCpltCallback
 .text.HAL_ADC_LevelOutOfWindowCallback
                0x080031be        0x2 build/stm32h7xx_hal_adc.o
                0x080031be                HAL_ADC_LevelOutOfWindowCallback
 .text.HAL_ADC_ErrorCallback
                0x080031c0        0x2 build/stm32h7xx_hal_adc.o
                0x080031c0                HAL_ADC_ErrorCallback
 *fill*         0x080031c2        0x2 
 .text.HAL_ADC_IRQHandler
                0x080031c4      0x2d8 build/stm32h7xx_hal_adc.o
                0x080031c4                HAL_ADC_IRQHandler
 .text.HAL_ADC_ConfigChannel
                0x0800349c      0x4e8 build/stm32h7xx_hal_adc.o
                0x0800349c                HAL_ADC_ConfigChannel
 .text.ADC_ConfigureBoostMode
                0x08003984      0x164 build/stm32h7xx_hal_adc.o
                0x08003984                ADC_ConfigureBoostMode
 .text.HAL_ADC_Init
                0x08003ae8      0x264 build/stm32h7xx_hal_adc.o
                0x08003ae8                HAL_ADC_Init
 .text.HAL_ADCEx_InjectedConvCpltCallback
                0x08003d4c        0x2 build/stm32h7xx_hal_adc_ex.o
                0x08003d4c                HAL_ADCEx_InjectedConvCpltCallback
 .text.HAL_ADCEx_InjectedQueueOverflowCallback
                0x08003d4e        0x2 build/stm32h7xx_hal_adc_ex.o
                0x08003d4e                HAL_ADCEx_InjectedQueueOverflowCallback
 .text.HAL_ADCEx_LevelOutOfWindow2Callback
                0x08003d50        0x2 build/stm32h7xx_hal_adc_ex.o
                0x08003d50                HAL_ADCEx_LevelOutOfWindow2Callback
 .text.HAL_ADCEx_LevelOutOfWindow3Callback
                0x08003d52        0x2 build/stm32h7xx_hal_adc_ex.o
                0x08003d52                HAL_ADCEx_LevelOutOfWindow3Callback
 .text.HAL_ADCEx_EndOfSamplingCallback
                0x08003d54        0x2 build/stm32h7xx_hal_adc_ex.o
                0x08003d54                HAL_ADCEx_EndOfSamplingCallback
 *fill*         0x08003d56        0x2 
 .text.HAL_ADCEx_MultiModeConfigChannel
                0x08003d58      0x164 build/stm32h7xx_hal_adc_ex.o
                0x08003d58                HAL_ADCEx_MultiModeConfigChannel
 .text.HAL_RCC_OscConfig
                0x08003ebc      0x648 build/stm32h7xx_hal_rcc.o
                0x08003ebc                HAL_RCC_OscConfig
 .text.HAL_RCC_GetSysClockFreq
                0x08004504      0x1f4 build/stm32h7xx_hal_rcc.o
                0x08004504                HAL_RCC_GetSysClockFreq
 .text.HAL_RCC_ClockConfig
                0x080046f8      0x294 build/stm32h7xx_hal_rcc.o
                0x080046f8                HAL_RCC_ClockConfig
 .text.HAL_RCC_GetHCLKFreq
                0x0800498c       0x44 build/stm32h7xx_hal_rcc.o
                0x0800498c                HAL_RCC_GetHCLKFreq
 .text.HAL_RCC_GetPCLK1Freq
                0x080049d0       0x24 build/stm32h7xx_hal_rcc.o
                0x080049d0                HAL_RCC_GetPCLK1Freq
 .text.HAL_RCC_GetPCLK2Freq
                0x080049f4       0x24 build/stm32h7xx_hal_rcc.o
                0x080049f4                HAL_RCC_GetPCLK2Freq
 .text.RCCEx_PLL2_Config
                0x08004a18      0x10c build/stm32h7xx_hal_rcc_ex.o
 .text.RCCEx_PLL3_Config
                0x08004b24      0x10c build/stm32h7xx_hal_rcc_ex.o
 .text.HAL_RCCEx_PeriphCLKConfig
                0x08004c30      0x9c4 build/stm32h7xx_hal_rcc_ex.o
                0x08004c30                HAL_RCCEx_PeriphCLKConfig
 .text.HAL_RCCEx_GetD3PCLK1Freq
                0x080055f4       0x24 build/stm32h7xx_hal_rcc_ex.o
                0x080055f4                HAL_RCCEx_GetD3PCLK1Freq
 .text.HAL_RCCEx_GetPLL2ClockFreq
                0x08005618      0x1f8 build/stm32h7xx_hal_rcc_ex.o
                0x08005618                HAL_RCCEx_GetPLL2ClockFreq
 .text.HAL_RCCEx_GetPLL3ClockFreq
                0x08005810      0x1f8 build/stm32h7xx_hal_rcc_ex.o
                0x08005810                HAL_RCCEx_GetPLL3ClockFreq
 .text.HAL_RCCEx_GetPLL1ClockFreq
                0x08005a08      0x1f8 build/stm32h7xx_hal_rcc_ex.o
                0x08005a08                HAL_RCCEx_GetPLL1ClockFreq
 .text.HAL_RCCEx_GetPeriphCLKFreq
                0x08005c00      0x614 build/stm32h7xx_hal_rcc_ex.o
                0x08005c00                HAL_RCCEx_GetPeriphCLKFreq
 .text.HAL_GPIO_Init
                0x08006214      0x1fc build/stm32h7xx_hal_gpio.o
                0x08006214                HAL_GPIO_Init
 .text.HAL_GPIO_WritePin
                0x08006410        0xc build/stm32h7xx_hal_gpio.o
                0x08006410                HAL_GPIO_WritePin
 .text.DMA_CalcBaseAndBitshift
                0x0800641c       0xb4 build/stm32h7xx_hal_dma.o
 .text.DMA_CheckFifoParam
                0x080064d0       0x92 build/stm32h7xx_hal_dma.o
 *fill*         0x08006562        0x2 
 .text.DMA_CalcDMAMUXChannelBaseAndMask
                0x08006564       0xb0 build/stm32h7xx_hal_dma.o
 .text.DMA_CalcDMAMUXRequestGenBaseAndMask
                0x08006614       0x7c build/stm32h7xx_hal_dma.o
 .text.HAL_DMA_Init
                0x08006690      0x3a4 build/stm32h7xx_hal_dma.o
                0x08006690                HAL_DMA_Init
 .text.HAL_DMA_Abort
                0x08006a34      0x340 build/stm32h7xx_hal_dma.o
                0x08006a34                HAL_DMA_Abort
 .text.HAL_DMA_Abort_IT
                0x08006d74      0x270 build/stm32h7xx_hal_dma.o
                0x08006d74                HAL_DMA_Abort_IT
 .text.HAL_DMA_IRQHandler
                0x08006fe4      0x738 build/stm32h7xx_hal_dma.o
                0x08006fe4                HAL_DMA_IRQHandler
 .text.HAL_DMA_GetState
                0x0800771c        0x6 build/stm32h7xx_hal_dma.o
                0x0800771c                HAL_DMA_GetState
 *fill*         0x08007722        0x2 
 .text.HAL_PWREx_ConfigSupply
                0x08007724       0x54 build/stm32h7xx_hal_pwr_ex.o
                0x08007724                HAL_PWREx_ConfigSupply
 .text.HAL_NVIC_SetPriorityGrouping
                0x08007778       0x24 build/stm32h7xx_hal_cortex.o
                0x08007778                HAL_NVIC_SetPriorityGrouping
 .text.HAL_NVIC_SetPriority
                0x0800779c       0x6c build/stm32h7xx_hal_cortex.o
                0x0800779c                HAL_NVIC_SetPriority
 .text.HAL_NVIC_EnableIRQ
                0x08007808       0x1c build/stm32h7xx_hal_cortex.o
                0x08007808                HAL_NVIC_EnableIRQ
 .text.HAL_SYSTICK_Config
                0x08007824       0x28 build/stm32h7xx_hal_cortex.o
                0x08007824                HAL_SYSTICK_Config
 .text.HAL_InitTick
                0x0800784c       0x50 build/stm32h7xx_hal.o
                0x0800784c                HAL_InitTick
 .text.HAL_Init
                0x0800789c       0x5c build/stm32h7xx_hal.o
                0x0800789c                HAL_Init
 .text.HAL_IncTick
                0x080078f8       0x18 build/stm32h7xx_hal.o
                0x080078f8                HAL_IncTick
 .text.HAL_GetTick
                0x08007910        0xc build/stm32h7xx_hal.o
                0x08007910                HAL_GetTick
 .text.HAL_Delay
                0x0800791c       0x28 build/stm32h7xx_hal.o
                0x0800791c                HAL_Delay
 .text.HAL_GetREVID
                0x08007944        0xc build/stm32h7xx_hal.o
                0x08007944                HAL_GetREVID
 .text.HAL_SYSCFG_AnalogSwitchConfig
                0x08007950       0x14 build/stm32h7xx_hal.o
                0x08007950                HAL_SYSCFG_AnalogSwitchConfig
 .text.I2C_Flush_TXDR
                0x08007964       0x22 build/stm32h7xx_hal_i2c.o
 .text.I2C_TransferConfig
                0x08007986       0x38 build/stm32h7xx_hal_i2c.o
 *fill*         0x080079be        0x2 
 .text.I2C_Enable_IRQ
                0x080079c0       0x74 build/stm32h7xx_hal_i2c.o
 .text.I2C_Disable_IRQ
                0x08007a34       0x70 build/stm32h7xx_hal_i2c.o
 .text.I2C_IsAcknowledgeFailed
                0x08007aa4       0x90 build/stm32h7xx_hal_i2c.o
 .text.I2C_WaitOnTXISFlagUntilTimeout
                0x08007b34       0x56 build/stm32h7xx_hal_i2c.o
 .text.I2C_WaitOnFlagUntilTimeout
                0x08007b8a       0x5a build/stm32h7xx_hal_i2c.o
 .text.I2C_RequestMemoryWrite
                0x08007be4       0x7c build/stm32h7xx_hal_i2c.o
 .text.I2C_RequestMemoryRead
                0x08007c60       0x78 build/stm32h7xx_hal_i2c.o
 .text.HAL_I2C_Init
                0x08007cd8       0xbc build/stm32h7xx_hal_i2c.o
                0x08007cd8                HAL_I2C_Init
 .text.HAL_I2C_Mem_Write_IT
                0x08007d94       0xe4 build/stm32h7xx_hal_i2c.o
                0x08007d94                HAL_I2C_Mem_Write_IT
 .text.HAL_I2C_Mem_Read_IT
                0x08007e78       0xe8 build/stm32h7xx_hal_i2c.o
                0x08007e78                HAL_I2C_Mem_Read_IT
 .text.HAL_I2C_EV_IRQHandler
                0x08007f60       0x10 build/stm32h7xx_hal_i2c.o
                0x08007f60                HAL_I2C_EV_IRQHandler
 .text.HAL_I2C_MasterTxCpltCallback
                0x08007f70        0x2 build/stm32h7xx_hal_i2c.o
                0x08007f70                HAL_I2C_MasterTxCpltCallback
 .text.HAL_I2C_MasterRxCpltCallback
                0x08007f72        0x2 build/stm32h7xx_hal_i2c.o
                0x08007f72                HAL_I2C_MasterRxCpltCallback
 .text.I2C_ITMasterSeqCplt
                0x08007f74       0x54 build/stm32h7xx_hal_i2c.o
 .text.HAL_I2C_SlaveTxCpltCallback
                0x08007fc8        0x2 build/stm32h7xx_hal_i2c.o
                0x08007fc8                HAL_I2C_SlaveTxCpltCallback
 .text.HAL_I2C_SlaveRxCpltCallback
                0x08007fca        0x2 build/stm32h7xx_hal_i2c.o
                0x08007fca                HAL_I2C_SlaveRxCpltCallback
 .text.I2C_ITSlaveSeqCplt
                0x08007fcc       0x82 build/stm32h7xx_hal_i2c.o
 .text.HAL_I2C_AddrCallback
                0x0800804e        0x2 build/stm32h7xx_hal_i2c.o
                0x0800804e                HAL_I2C_AddrCallback
 .text.I2C_ITAddrCplt
                0x08008050       0xa0 build/stm32h7xx_hal_i2c.o
 .text.HAL_I2C_ListenCpltCallback
                0x080080f0        0x2 build/stm32h7xx_hal_i2c.o
                0x080080f0                HAL_I2C_ListenCpltCallback
 *fill*         0x080080f2        0x2 
 .text.I2C_ITListenCplt
                0x080080f4       0x68 build/stm32h7xx_hal_i2c.o
 .text.HAL_I2C_ErrorCallback
                0x0800815c        0x2 build/stm32h7xx_hal_i2c.o
                0x0800815c                HAL_I2C_ErrorCallback
 .text.HAL_I2C_AbortCpltCallback
                0x0800815e        0x2 build/stm32h7xx_hal_i2c.o
                0x0800815e                HAL_I2C_AbortCpltCallback
 .text.I2C_TreatErrorCallback
                0x08008160       0x2e build/stm32h7xx_hal_i2c.o
 *fill*         0x0800818e        0x2 
 .text.I2C_ITError
                0x08008190      0x108 build/stm32h7xx_hal_i2c.o
 .text.I2C_ITSlaveCplt
                0x08008298      0x244 build/stm32h7xx_hal_i2c.o
 .text.I2C_Slave_ISR_IT
                0x080084dc      0x150 build/stm32h7xx_hal_i2c.o
 .text.I2C_ITMasterCplt
                0x0800862c      0x12e build/stm32h7xx_hal_i2c.o
 .text.I2C_Master_ISR_IT
                0x0800875a      0x180 build/stm32h7xx_hal_i2c.o
 *fill*         0x080088da        0x2 
 .text.I2C_Slave_ISR_DMA
                0x080088dc      0x220 build/stm32h7xx_hal_i2c.o
 .text.I2C_Master_ISR_DMA
                0x08008afc      0x142 build/stm32h7xx_hal_i2c.o
 .text.HAL_I2C_ER_IRQHandler
                0x08008c3e       0x6a build/stm32h7xx_hal_i2c.o
                0x08008c3e                HAL_I2C_ER_IRQHandler
 .text.I2C_DMAAbort
                0x08008ca8       0x1a build/stm32h7xx_hal_i2c.o
 .text.HAL_I2CEx_ConfigAnalogFilter
                0x08008cc2       0x5c build/stm32h7xx_hal_i2c_ex.o
                0x08008cc2                HAL_I2CEx_ConfigAnalogFilter
 .text.HAL_I2CEx_ConfigDigitalFilter
                0x08008d1e       0x58 build/stm32h7xx_hal_i2c_ex.o
                0x08008d1e                HAL_I2CEx_ConfigDigitalFilter
 .text.HAL_DAC_Init
                0x08008d76       0x24 build/stm32h7xx_hal_dac.o
                0x08008d76                HAL_DAC_Init
 *fill*         0x08008d9a        0x2 
 .text.HAL_DAC_ConfigChannel
                0x08008d9c      0x15c build/stm32h7xx_hal_dac.o
                0x08008d9c                HAL_DAC_ConfigChannel
 .text.FMC_SDRAM_Init
                0x08008ef8       0x74 build/stm32h7xx_ll_fmc.o
                0x08008ef8                FMC_SDRAM_Init
 .text.FMC_SDRAM_Timing_Init
                0x08008f6c       0xa8 build/stm32h7xx_ll_fmc.o
                0x08008f6c                FMC_SDRAM_Timing_Init
 .text.HAL_SDRAM_Init
                0x08009014       0x50 build/stm32h7xx_hal_sdram.o
                0x08009014                HAL_SDRAM_Init
 .text.HRTIM_MasterBase_Config
                0x08009064       0x2a build/stm32h7xx_hal_hrtim.o
 .text.HRTIM_TimingUnitBase_Config
                0x0800908e       0x40 build/stm32h7xx_hal_hrtim.o
 .text.HRTIM_MasterWaveform_Config
                0x080090ce       0x58 build/stm32h7xx_hal_hrtim.o
 .text.HRTIM_TimingUnitWaveform_Config
                0x08009126      0x14c build/stm32h7xx_hal_hrtim.o
 .text.HRTIM_OutputConfig
                0x08009272       0xf0 build/stm32h7xx_hal_hrtim.o
 .text.HRTIM_ForceRegistersUpdate
                0x08009362       0x6e build/stm32h7xx_hal_hrtim.o
 .text.HAL_HRTIM_Init
                0x080093d0       0xdc build/stm32h7xx_hal_hrtim.o
                0x080093d0                HAL_HRTIM_Init
 .text.HAL_HRTIM_TimeBaseConfig
                0x080094ac       0x32 build/stm32h7xx_hal_hrtim.o
                0x080094ac                HAL_HRTIM_TimeBaseConfig
 *fill*         0x080094de        0x2 
 .text.HAL_HRTIM_FaultConfig
                0x080094e0      0x190 build/stm32h7xx_hal_hrtim.o
                0x080094e0                HAL_HRTIM_FaultConfig
 .text.HAL_HRTIM_FaultPrescalerConfig
                0x08009670       0x4c build/stm32h7xx_hal_hrtim.o
                0x08009670                HAL_HRTIM_FaultPrescalerConfig
 .text.HAL_HRTIM_FaultModeCtl
                0x080096bc       0x9e build/stm32h7xx_hal_hrtim.o
                0x080096bc                HAL_HRTIM_FaultModeCtl
 .text.HAL_HRTIM_WaveformTimerConfig
                0x0800975a       0x70 build/stm32h7xx_hal_hrtim.o
                0x0800975a                HAL_HRTIM_WaveformTimerConfig
 .text.HAL_HRTIM_WaveformOutputConfig
                0x080097ca       0x38 build/stm32h7xx_hal_hrtim.o
                0x080097ca                HAL_HRTIM_WaveformOutputConfig
 *fill*         0x08009802        0x2 
 .text.UART_EndRxTransfer
                0x08009804       0x38 build/stm32h7xx_hal_uart.o
 .text.UART_TxISR_8BIT
                0x0800983c       0x46 build/stm32h7xx_hal_uart.o
 .text.UART_TxISR_16BIT
                0x08009882       0x4a build/stm32h7xx_hal_uart.o
 .text.UART_TxISR_8BIT_FIFOEN
                0x080098cc       0x5e build/stm32h7xx_hal_uart.o
 .text.UART_TxISR_16BIT_FIFOEN
                0x0800992a       0x62 build/stm32h7xx_hal_uart.o
 .text.HAL_UART_Transmit_IT
                0x0800998c       0xb0 build/stm32h7xx_hal_uart.o
                0x0800998c                HAL_UART_Transmit_IT
 .text.HAL_UART_TxCpltCallback
                0x08009a3c        0x2 build/stm32h7xx_hal_uart.o
                0x08009a3c                HAL_UART_TxCpltCallback
 .text.UART_EndTransmit_IT
                0x08009a3e       0x1c build/stm32h7xx_hal_uart.o
 .text.HAL_UART_ErrorCallback
                0x08009a5a        0x2 build/stm32h7xx_hal_uart.o
                0x08009a5a                HAL_UART_ErrorCallback
 .text.UART_DMAAbortOnError
                0x08009a5c       0x14 build/stm32h7xx_hal_uart.o
 .text.HAL_UARTEx_RxEventCallback
                0x08009a70        0x2 build/stm32h7xx_hal_uart.o
                0x08009a70                HAL_UARTEx_RxEventCallback
 *fill*         0x08009a72        0x2 
 .text.HAL_UART_IRQHandler
                0x08009a74      0x348 build/stm32h7xx_hal_uart.o
                0x08009a74                HAL_UART_IRQHandler
 .text.UART_SetConfig
                0x08009dbc      0x5f4 build/stm32h7xx_hal_uart.o
                0x08009dbc                UART_SetConfig
 .text.UART_AdvFeatureConfig
                0x0800a3b0       0xca build/stm32h7xx_hal_uart.o
                0x0800a3b0                UART_AdvFeatureConfig
 .text.UART_WaitOnFlagUntilTimeout
                0x0800a47a       0xb0 build/stm32h7xx_hal_uart.o
                0x0800a47a                UART_WaitOnFlagUntilTimeout
 .text.UART_CheckIdleState
                0x0800a52a       0x74 build/stm32h7xx_hal_uart.o
                0x0800a52a                UART_CheckIdleState
 .text.HAL_UART_Init
                0x0800a59e       0x66 build/stm32h7xx_hal_uart.o
                0x0800a59e                HAL_UART_Init
 .text.UARTEx_SetNbDataToProcess
                0x0800a604       0x4c build/stm32h7xx_hal_uart_ex.o
 .text.HAL_UARTEx_WakeupCallback
                0x0800a650        0x2 build/stm32h7xx_hal_uart_ex.o
                0x0800a650                HAL_UARTEx_WakeupCallback
 .text.HAL_UARTEx_RxFifoFullCallback
                0x0800a652        0x2 build/stm32h7xx_hal_uart_ex.o
                0x0800a652                HAL_UARTEx_RxFifoFullCallback
 .text.HAL_UARTEx_TxFifoEmptyCallback
                0x0800a654        0x2 build/stm32h7xx_hal_uart_ex.o
                0x0800a654                HAL_UARTEx_TxFifoEmptyCallback
 .text.HAL_UARTEx_DisableFifoMode
                0x0800a656       0x3e build/stm32h7xx_hal_uart_ex.o
                0x0800a656                HAL_UARTEx_DisableFifoMode
 .text.HAL_UARTEx_SetTxFifoThreshold
                0x0800a694       0x4a build/stm32h7xx_hal_uart_ex.o
                0x0800a694                HAL_UARTEx_SetTxFifoThreshold
 .text.HAL_UARTEx_SetRxFifoThreshold
                0x0800a6de       0x4a build/stm32h7xx_hal_uart_ex.o
                0x0800a6de                HAL_UARTEx_SetRxFifoThreshold
 .text.USART_SetConfig
                0x0800a728      0x5d8 build/stm32h7xx_hal_usart.o
 .text.USART_WaitOnFlagUntilTimeout
                0x0800ad00       0x54 build/stm32h7xx_hal_usart.o
 .text.USART_CheckIdleState
                0x0800ad54       0x6c build/stm32h7xx_hal_usart.o
 .text.HAL_USART_Init
                0x0800adc0       0x5a build/stm32h7xx_hal_usart.o
                0x0800adc0                HAL_USART_Init
 *fill*         0x0800ae1a        0x2 
 .text.USARTEx_SetNbDataToProcess
                0x0800ae1c       0x44 build/stm32h7xx_hal_usart_ex.o
 .text.HAL_USARTEx_DisableFifoMode
                0x0800ae60       0x3e build/stm32h7xx_hal_usart_ex.o
                0x0800ae60                HAL_USARTEx_DisableFifoMode
 .text.HAL_USARTEx_SetTxFifoThreshold
                0x0800ae9e       0x48 build/stm32h7xx_hal_usart_ex.o
                0x0800ae9e                HAL_USARTEx_SetTxFifoThreshold
 .text.HAL_USARTEx_SetRxFifoThreshold
                0x0800aee6       0x48 build/stm32h7xx_hal_usart_ex.o
                0x0800aee6                HAL_USARTEx_SetRxFifoThreshold
 .text.HAL_RTC_WaitForSynchro
                0x0800af2e       0x32 build/stm32h7xx_hal_rtc.o
                0x0800af2e                HAL_RTC_WaitForSynchro
 .text.RTC_EnterInitMode
                0x0800af60       0x40 build/stm32h7xx_hal_rtc.o
                0x0800af60                RTC_EnterInitMode
 .text.RTC_ExitInitMode
                0x0800afa0       0x50 build/stm32h7xx_hal_rtc.o
                0x0800afa0                RTC_ExitInitMode
 .text.HAL_RTC_Init
                0x0800aff0       0x98 build/stm32h7xx_hal_rtc.o
                0x0800aff0                HAL_RTC_Init
 .text.SPI_GetPacketSize
                0x0800b088       0x10 build/stm32h7xx_hal_spi.o
 .text.HAL_SPI_Init
                0x0800b098      0x160 build/stm32h7xx_hal_spi.o
                0x0800b098                HAL_SPI_Init
 .text.TIM_OC1_SetConfig
                0x0800b1f8       0xa8 build/stm32h7xx_hal_tim.o
 .text.TIM_OC3_SetConfig
                0x0800b2a0       0x90 build/stm32h7xx_hal_tim.o
 .text.TIM_OC4_SetConfig
                0x0800b330       0x70 build/stm32h7xx_hal_tim.o
 .text.TIM_OC5_SetConfig
                0x0800b3a0       0x70 build/stm32h7xx_hal_tim.o
 .text.TIM_OC6_SetConfig
                0x0800b410       0x70 build/stm32h7xx_hal_tim.o
 .text.TIM_TI1_ConfigInputStage
                0x0800b480       0x26 build/stm32h7xx_hal_tim.o
 .text.TIM_TI2_SetConfig
                0x0800b4a6       0x36 build/stm32h7xx_hal_tim.o
 .text.TIM_TI2_ConfigInputStage
                0x0800b4dc       0x28 build/stm32h7xx_hal_tim.o
 .text.TIM_TI3_SetConfig
                0x0800b504       0x36 build/stm32h7xx_hal_tim.o
 .text.TIM_TI4_SetConfig
                0x0800b53a       0x36 build/stm32h7xx_hal_tim.o
 .text.TIM_ITRx_SetConfig
                0x0800b570       0x14 build/stm32h7xx_hal_tim.o
 .text.HAL_TIM_PeriodElapsedCallback
                0x0800b584        0x2 build/stm32h7xx_hal_tim.o
                0x0800b584                HAL_TIM_PeriodElapsedCallback
 .text.HAL_TIM_OC_DelayElapsedCallback
                0x0800b586        0x2 build/stm32h7xx_hal_tim.o
                0x0800b586                HAL_TIM_OC_DelayElapsedCallback
 .text.HAL_TIM_IC_CaptureCallback
                0x0800b588        0x2 build/stm32h7xx_hal_tim.o
                0x0800b588                HAL_TIM_IC_CaptureCallback
 .text.HAL_TIM_PWM_PulseFinishedCallback
                0x0800b58a        0x2 build/stm32h7xx_hal_tim.o
                0x0800b58a                HAL_TIM_PWM_PulseFinishedCallback
 .text.HAL_TIM_TriggerCallback
                0x0800b58c        0x2 build/stm32h7xx_hal_tim.o
                0x0800b58c                HAL_TIM_TriggerCallback
 .text.HAL_TIM_IRQHandler
                0x0800b58e      0x19a build/stm32h7xx_hal_tim.o
                0x0800b58e                HAL_TIM_IRQHandler
 .text.TIM_Base_SetConfig
                0x0800b728      0x104 build/stm32h7xx_hal_tim.o
                0x0800b728                TIM_Base_SetConfig
 .text.HAL_TIM_Base_Init
                0x0800b82c       0x60 build/stm32h7xx_hal_tim.o
                0x0800b82c                HAL_TIM_Base_Init
 .text.HAL_TIM_PWM_Init
                0x0800b88c       0x60 build/stm32h7xx_hal_tim.o
                0x0800b88c                HAL_TIM_PWM_Init
 .text.HAL_TIM_IC_Init
                0x0800b8ec       0x60 build/stm32h7xx_hal_tim.o
                0x0800b8ec                HAL_TIM_IC_Init
 .text.HAL_TIM_Encoder_Init
                0x0800b94c       0xb4 build/stm32h7xx_hal_tim.o
                0x0800b94c                HAL_TIM_Encoder_Init
 .text.TIM_OC2_SetConfig
                0x0800ba00       0x94 build/stm32h7xx_hal_tim.o
                0x0800ba00                TIM_OC2_SetConfig
 .text.HAL_TIM_PWM_ConfigChannel
                0x0800ba94      0x128 build/stm32h7xx_hal_tim.o
                0x0800ba94                HAL_TIM_PWM_ConfigChannel
 .text.TIM_TI1_SetConfig
                0x0800bbbc       0x94 build/stm32h7xx_hal_tim.o
                0x0800bbbc                TIM_TI1_SetConfig
 .text.HAL_TIM_IC_ConfigChannel
                0x0800bc50       0xb4 build/stm32h7xx_hal_tim.o
                0x0800bc50                HAL_TIM_IC_ConfigChannel
 .text.TIM_ETR_SetConfig
                0x0800bd04       0x1a build/stm32h7xx_hal_tim.o
                0x0800bd04                TIM_ETR_SetConfig
 *fill*         0x0800bd1e        0x2 
 .text.HAL_TIM_ConfigClockSource
                0x0800bd20      0x108 build/stm32h7xx_hal_tim.o
                0x0800bd20                HAL_TIM_ConfigClockSource
 .text.TIM_SlaveTimer_SetConfig
                0x0800be28       0x98 build/stm32h7xx_hal_tim.o
 .text.HAL_TIM_SlaveConfigSynchro
                0x0800bec0       0x52 build/stm32h7xx_hal_tim.o
                0x0800bec0                HAL_TIM_SlaveConfigSynchro
 *fill*         0x0800bf12        0x2 
 .text.HAL_TIMEx_MasterConfigSynchronization
                0x0800bf14       0x98 build/stm32h7xx_hal_tim_ex.o
                0x0800bf14                HAL_TIMEx_MasterConfigSynchronization
 .text.HAL_TIMEx_CommutCallback
                0x0800bfac        0x2 build/stm32h7xx_hal_tim_ex.o
                0x0800bfac                HAL_TIMEx_CommutCallback
 .text.HAL_TIMEx_BreakCallback
                0x0800bfae        0x2 build/stm32h7xx_hal_tim_ex.o
                0x0800bfae                HAL_TIMEx_BreakCallback
 .text.HAL_TIMEx_Break2Callback
                0x0800bfb0        0x2 build/stm32h7xx_hal_tim_ex.o
                0x0800bfb0                HAL_TIMEx_Break2Callback
 *fill*         0x0800bfb2        0x2 
 .text.SystemInit
                0x0800bfb4       0xd4 build/system_stm32h7xx.o
                0x0800bfb4                SystemInit
 .text._sbrk    0x0800c088       0x48 build/sysmem.o
                0x0800c088                _sbrk
 .text._getpid  0x0800c0d0        0x4 build/syscalls.o
                0x0800c0d0                _getpid
 .text._kill    0x0800c0d4       0x10 build/syscalls.o
                0x0800c0d4                _kill
 .text._exit    0x0800c0e4        0xc build/syscalls.o
                0x0800c0e4                _exit
 .text._read    0x0800c0f0       0x20 build/syscalls.o
                0x0800c0f0                _read
 .text._write   0x0800c110       0x1c build/syscalls.o
                0x0800c110                _write
 .text._close   0x0800c12c        0x6 build/syscalls.o
                0x0800c12c                _close
 .text._fstat   0x0800c132        0xa build/syscalls.o
                0x0800c132                _fstat
 .text._isatty  0x0800c13c        0x4 build/syscalls.o
                0x0800c13c                _isatty
 .text._lseek   0x0800c140        0x4 build/syscalls.o
                0x0800c140                _lseek
 .text.Reset_Handler
                0x0800c144       0x50 build/startup_stm32h743xx.o
                0x0800c144                Reset_Handler
 .text.Default_Handler
                0x0800c194        0x2 build/startup_stm32h743xx.o
                0x0800c194                RTC_Alarm_IRQHandler
                0x0800c194                EXTI2_IRQHandler
                0x0800c194                TIM8_CC_IRQHandler
                0x0800c194                HRTIM1_Master_IRQHandler
                0x0800c194                UART8_IRQHandler
                0x0800c194                SPI4_IRQHandler
                0x0800c194                TIM1_CC_IRQHandler
                0x0800c194                BDMA_Channel6_IRQHandler
                0x0800c194                DMA2_Stream5_IRQHandler
                0x0800c194                HRTIM1_FLT_IRQHandler
                0x0800c194                JPEG_IRQHandler
                0x0800c194                BDMA_Channel1_IRQHandler
                0x0800c194                HRTIM1_TIMD_IRQHandler
                0x0800c194                TAMP_STAMP_IRQHandler
                0x0800c194                EXTI3_IRQHandler
                0x0800c194                LPTIM4_IRQHandler
                0x0800c194                TIM8_TRG_COM_TIM14_IRQHandler
                0x0800c194                LPTIM2_IRQHandler
                0x0800c194                DFSDM1_FLT1_IRQHandler
                0x0800c194                DMAMUX2_OVR_IRQHandler
                0x0800c194                TIM8_UP_TIM13_IRQHandler
                0x0800c194                I2C3_ER_IRQHandler
                0x0800c194                DFSDM1_FLT2_IRQHandler
                0x0800c194                MDMA_IRQHandler
                0x0800c194                LPTIM3_IRQHandler
                0x0800c194                HSEM1_IRQHandler
                0x0800c194                EXTI0_IRQHandler
                0x0800c194                FPU_IRQHandler
                0x0800c194                OTG_HS_WKUP_IRQHandler
                0x0800c194                FDCAN1_IT1_IRQHandler
                0x0800c194                LTDC_ER_IRQHandler
                0x0800c194                DMA2_Stream2_IRQHandler
                0x0800c194                HRTIM1_TIME_IRQHandler
                0x0800c194                SPI1_IRQHandler
                0x0800c194                TIM6_DAC_IRQHandler
                0x0800c194                DCMI_IRQHandler
                0x0800c194                HRTIM1_TIMC_IRQHandler
                0x0800c194                DMA2_Stream3_IRQHandler
                0x0800c194                SAI2_IRQHandler
                0x0800c194                DFSDM1_FLT3_IRQHandler
                0x0800c194                USART6_IRQHandler
                0x0800c194                TIM17_IRQHandler
                0x0800c194                USART3_IRQHandler
                0x0800c194                BDMA_Channel7_IRQHandler
                0x0800c194                LPTIM5_IRQHandler
                0x0800c194                UART5_IRQHandler
                0x0800c194                ADC3_IRQHandler
                0x0800c194                DMA2_Stream0_IRQHandler
                0x0800c194                TIM4_IRQHandler
                0x0800c194                BDMA_Channel2_IRQHandler
                0x0800c194                QUADSPI_IRQHandler
                0x0800c194                I2C1_EV_IRQHandler
                0x0800c194                DMAMUX1_OVR_IRQHandler
                0x0800c194                TIM16_IRQHandler
                0x0800c194                BDMA_Channel5_IRQHandler
                0x0800c194                TIM3_IRQHandler
                0x0800c194                RCC_IRQHandler
                0x0800c194                TIM8_BRK_TIM12_IRQHandler
                0x0800c194                TIM1_TRG_COM_IRQHandler
                0x0800c194                Default_Handler
                0x0800c194                ECC_IRQHandler
                0x0800c194                CEC_IRQHandler
                0x0800c194                EXTI15_10_IRQHandler
                0x0800c194                BDMA_Channel0_IRQHandler
                0x0800c194                DMA1_Stream7_IRQHandler
                0x0800c194                HRTIM1_TIMA_IRQHandler
                0x0800c194                SPI5_IRQHandler
                0x0800c194                TIM7_IRQHandler
                0x0800c194                SDMMC1_IRQHandler
                0x0800c194                TIM5_IRQHandler
                0x0800c194                DMA2_Stream7_IRQHandler
                0x0800c194                TIM15_IRQHandler
                0x0800c194                PVD_AVD_IRQHandler
                0x0800c194                I2C3_EV_IRQHandler
                0x0800c194                EXTI9_5_IRQHandler
                0x0800c194                RTC_WKUP_IRQHandler
                0x0800c194                LTDC_IRQHandler
                0x0800c194                SAI3_IRQHandler
                0x0800c194                ETH_WKUP_IRQHandler
                0x0800c194                SPDIF_RX_IRQHandler
                0x0800c194                SPI2_IRQHandler
                0x0800c194                OTG_HS_EP1_IN_IRQHandler
                0x0800c194                CRS_IRQHandler
                0x0800c194                EXTI4_IRQHandler
                0x0800c194                RNG_IRQHandler
                0x0800c194                HRTIM1_TIMB_IRQHandler
                0x0800c194                FDCAN2_IT1_IRQHandler
                0x0800c194                ETH_IRQHandler
                0x0800c194                BDMA_Channel4_IRQHandler
                0x0800c194                OTG_HS_EP1_OUT_IRQHandler
                0x0800c194                WWDG_IRQHandler
                0x0800c194                SPI6_IRQHandler
                0x0800c194                MDIOS_IRQHandler
                0x0800c194                I2C4_EV_IRQHandler
                0x0800c194                FDCAN2_IT0_IRQHandler
                0x0800c194                LPUART1_IRQHandler
                0x0800c194                FDCAN1_IT0_IRQHandler
                0x0800c194                TIM2_IRQHandler
                0x0800c194                OTG_FS_WKUP_IRQHandler
                0x0800c194                OTG_HS_IRQHandler
                0x0800c194                DMA2D_IRQHandler
                0x0800c194                TIM1_BRK_IRQHandler
                0x0800c194                EXTI1_IRQHandler
                0x0800c194                SDMMC2_IRQHandler
                0x0800c194                OTG_FS_EP1_OUT_IRQHandler
                0x0800c194                BDMA_Channel3_IRQHandler
                0x0800c194                UART7_IRQHandler
                0x0800c194                MDIOS_WKUP_IRQHandler
                0x0800c194                USART2_IRQHandler
                0x0800c194                DFSDM1_FLT0_IRQHandler
                0x0800c194                SAI4_IRQHandler
                0x0800c194                DMA2_Stream1_IRQHandler
                0x0800c194                FLASH_IRQHandler
                0x0800c194                DMA2_Stream4_IRQHandler
                0x0800c194                USART1_IRQHandler
                0x0800c194                OTG_FS_IRQHandler
                0x0800c194                SPI3_IRQHandler
                0x0800c194                WAKEUP_PIN_IRQHandler
                0x0800c194                OTG_FS_EP1_IN_IRQHandler
                0x0800c194                I2C1_ER_IRQHandler
                0x0800c194                FMC_IRQHandler
                0x0800c194                FDCAN_CAL_IRQHandler
                0x0800c194                SWPMI1_IRQHandler
                0x0800c194                COMP1_IRQHandler
                0x0800c194                LPTIM1_IRQHandler
                0x0800c194                I2C4_ER_IRQHandler
                0x0800c194                DMA2_Stream6_IRQHandler
                0x0800c194                SAI1_IRQHandler
 *fill*         0x0800c196        0x2 
 .text.__errno  0x0800c198        0xc d:/nes/arm/bin/../lib/gcc/arm-none-eabi/10.3.1/../../../../arm-none-eabi/lib/thumb/v7e-m+dp/hard\libc_nano.a(lib_a-errno.o)
                0x0800c198                __errno
 .text.__libc_init_array
                0x0800c1a4       0x48 d:/nes/arm/bin/../lib/gcc/arm-none-eabi/10.3.1/../../../../arm-none-eabi/lib/thumb/v7e-m+dp/hard\libc_nano.a(lib_a-init.o)
                0x0800c1a4                __libc_init_array
 .text.memset   0x0800c1ec       0x10 d:/nes/arm/bin/../lib/gcc/arm-none-eabi/10.3.1/../../../../arm-none-eabi/lib/thumb/v7e-m+dp/hard\libc_nano.a(lib_a-memset.o)
                0x0800c1ec                memset
 .text.__cvt    0x0800c1fc       0xa4 d:/nes/arm/bin/../lib/gcc/arm-none-eabi/10.3.1/../../../../arm-none-eabi/lib/thumb/v7e-m+dp/hard\libc_nano.a(lib_a-nano-vfprintf_float.o)
                0x0800c1fc                __cvt
 .text.__exponent
                0x0800c2a0       0x7c d:/nes/arm/bin/../lib/gcc/arm-none-eabi/10.3.1/../../../../arm-none-eabi/lib/thumb/v7e-m+dp/hard\libc_nano.a(lib_a-nano-vfprintf_float.o)
                0x0800c2a0                __exponent
 *fill*         0x0800c31c        0x4 
 .text._printf_float
                0x0800c320      0x43c d:/nes/arm/bin/../lib/gcc/arm-none-eabi/10.3.1/../../../../arm-none-eabi/lib/thumb/v7e-m+dp/hard\libc_nano.a(lib_a-nano-vfprintf_float.o)
                0x0800c320                _printf_float
 .text._printf_common
                0x0800c75c       0xda d:/nes/arm/bin/../lib/gcc/arm-none-eabi/10.3.1/../../../../arm-none-eabi/lib/thumb/v7e-m+dp/hard\libc_nano.a(lib_a-nano-vfprintf_i.o)
                0x0800c75c                _printf_common
 *fill*         0x0800c836        0x2 
 .text._printf_i
                0x0800c838      0x24c d:/nes/arm/bin/../lib/gcc/arm-none-eabi/10.3.1/../../../../arm-none-eabi/lib/thumb/v7e-m+dp/hard\libc_nano.a(lib_a-nano-vfprintf_i.o)
                0x0800c838                _printf_i
 .text.sprintf  0x0800ca84       0x40 d:/nes/arm/bin/../lib/gcc/arm-none-eabi/10.3.1/../../../../arm-none-eabi/lib/thumb/v7e-m+dp/hard\libc_nano.a(lib_a-sprintf.o)
                0x0800ca84                siprintf
                0x0800ca84                sprintf
 .text.quorem   0x0800cac4      0x116 d:/nes/arm/bin/../lib/gcc/arm-none-eabi/10.3.1/../../../../arm-none-eabi/lib/thumb/v7e-m+dp/hard\libc_nano.a(lib_a-dtoa.o)
 *fill*         0x0800cbda        0x6 
 .text._dtoa_r  0x0800cbe0      0xadc d:/nes/arm/bin/../lib/gcc/arm-none-eabi/10.3.1/../../../../arm-none-eabi/lib/thumb/v7e-m+dp/hard\libc_nano.a(lib_a-dtoa.o)
                0x0800cbe0                _dtoa_r
 .text._localeconv_r
                0x0800d6bc        0x8 d:/nes/arm/bin/../lib/gcc/arm-none-eabi/10.3.1/../../../../arm-none-eabi/lib/thumb/v7e-m+dp/hard\libc_nano.a(lib_a-localeconv.o)
                0x0800d6bc                _localeconv_r
 .text.malloc   0x0800d6c4       0x10 d:/nes/arm/bin/../lib/gcc/arm-none-eabi/10.3.1/../../../../arm-none-eabi/lib/thumb/v7e-m+dp/hard\libc_nano.a(lib_a-malloc.o)
                0x0800d6c4                malloc
 .text.memcpy   0x0800d6d4       0x1c d:/nes/arm/bin/../lib/gcc/arm-none-eabi/10.3.1/../../../../arm-none-eabi/lib/thumb/v7e-m+dp/hard\libc_nano.a(lib_a-memcpy-stub.o)
                0x0800d6d4                memcpy
 .text._Balloc  0x0800d6f0       0x80 d:/nes/arm/bin/../lib/gcc/arm-none-eabi/10.3.1/../../../../arm-none-eabi/lib/thumb/v7e-m+dp/hard\libc_nano.a(lib_a-mprec.o)
                0x0800d6f0                _Balloc
 .text._Bfree   0x0800d770       0x44 d:/nes/arm/bin/../lib/gcc/arm-none-eabi/10.3.1/../../../../arm-none-eabi/lib/thumb/v7e-m+dp/hard\libc_nano.a(lib_a-mprec.o)
                0x0800d770                _Bfree
 .text.__multadd
                0x0800d7b4       0x8c d:/nes/arm/bin/../lib/gcc/arm-none-eabi/10.3.1/../../../../arm-none-eabi/lib/thumb/v7e-m+dp/hard\libc_nano.a(lib_a-mprec.o)
                0x0800d7b4                __multadd
 .text.__hi0bits
                0x0800d840       0x40 d:/nes/arm/bin/../lib/gcc/arm-none-eabi/10.3.1/../../../../arm-none-eabi/lib/thumb/v7e-m+dp/hard\libc_nano.a(lib_a-mprec.o)
                0x0800d840                __hi0bits
 .text.__lo0bits
                0x0800d880       0x5e d:/nes/arm/bin/../lib/gcc/arm-none-eabi/10.3.1/../../../../arm-none-eabi/lib/thumb/v7e-m+dp/hard\libc_nano.a(lib_a-mprec.o)
                0x0800d880                __lo0bits
 *fill*         0x0800d8de        0x2 
 .text.__i2b    0x0800d8e0       0x2c d:/nes/arm/bin/../lib/gcc/arm-none-eabi/10.3.1/../../../../arm-none-eabi/lib/thumb/v7e-m+dp/hard\libc_nano.a(lib_a-mprec.o)
                0x0800d8e0                __i2b
 .text.__multiply
                0x0800d90c      0x154 d:/nes/arm/bin/../lib/gcc/arm-none-eabi/10.3.1/../../../../arm-none-eabi/lib/thumb/v7e-m+dp/hard\libc_nano.a(lib_a-mprec.o)
                0x0800d90c                __multiply
 .text.__pow5mult
                0x0800da60       0xb4 d:/nes/arm/bin/../lib/gcc/arm-none-eabi/10.3.1/../../../../arm-none-eabi/lib/thumb/v7e-m+dp/hard\libc_nano.a(lib_a-mprec.o)
                0x0800da60                __pow5mult
 .text.__lshift
                0x0800db14       0xe0 d:/nes/arm/bin/../lib/gcc/arm-none-eabi/10.3.1/../../../../arm-none-eabi/lib/thumb/v7e-m+dp/hard\libc_nano.a(lib_a-mprec.o)
                0x0800db14                __lshift
 .text.__mcmp   0x0800dbf4       0x38 d:/nes/arm/bin/../lib/gcc/arm-none-eabi/10.3.1/../../../../arm-none-eabi/lib/thumb/v7e-m+dp/hard\libc_nano.a(lib_a-mprec.o)
                0x0800dbf4                __mcmp
 .text.__mdiff  0x0800dc2c      0x114 d:/nes/arm/bin/../lib/gcc/arm-none-eabi/10.3.1/../../../../arm-none-eabi/lib/thumb/v7e-m+dp/hard\libc_nano.a(lib_a-mprec.o)
                0x0800dc2c                __mdiff
 .text.__d2b    0x0800dd40       0xb8 d:/nes/arm/bin/../lib/gcc/arm-none-eabi/10.3.1/../../../../arm-none-eabi/lib/thumb/v7e-m+dp/hard\libc_nano.a(lib_a-mprec.o)
                0x0800dd40                __d2b
 .text._calloc_r
                0x0800ddf8       0x2c d:/nes/arm/bin/../lib/gcc/arm-none-eabi/10.3.1/../../../../arm-none-eabi/lib/thumb/v7e-m+dp/hard\libc_nano.a(lib_a-nano-callocr.o)
                0x0800ddf8                _calloc_r
 .text._free_r  0x0800de24       0x98 d:/nes/arm/bin/../lib/gcc/arm-none-eabi/10.3.1/../../../../arm-none-eabi/lib/thumb/v7e-m+dp/hard\libc_nano.a(lib_a-nano-freer.o)
                0x0800de24                _free_r
 .text.sbrk_aligned
                0x0800debc       0x40 d:/nes/arm/bin/../lib/gcc/arm-none-eabi/10.3.1/../../../../arm-none-eabi/lib/thumb/v7e-m+dp/hard\libc_nano.a(lib_a-nano-mallocr.o)
 .text._malloc_r
                0x0800defc       0xe8 d:/nes/arm/bin/../lib/gcc/arm-none-eabi/10.3.1/../../../../arm-none-eabi/lib/thumb/v7e-m+dp/hard\libc_nano.a(lib_a-nano-mallocr.o)
                0x0800defc                _malloc_r
 .text.__ssputs_r
                0x0800dfe4       0xb6 d:/nes/arm/bin/../lib/gcc/arm-none-eabi/10.3.1/../../../../arm-none-eabi/lib/thumb/v7e-m+dp/hard\libc_nano.a(lib_a-nano-svfprintf.o)
                0x0800dfe4                __ssputs_r
 *fill*         0x0800e09a        0x2 
 .text._svfprintf_r
                0x0800e09c      0x200 d:/nes/arm/bin/../lib/gcc/arm-none-eabi/10.3.1/../../../../arm-none-eabi/lib/thumb/v7e-m+dp/hard\libc_nano.a(lib_a-nano-svfprintf.o)
                0x0800e09c                _svfiprintf_r
                0x0800e09c                _svfprintf_r
 .text._sbrk_r  0x0800e29c       0x20 d:/nes/arm/bin/../lib/gcc/arm-none-eabi/10.3.1/../../../../arm-none-eabi/lib/thumb/v7e-m+dp/hard\libc_nano.a(lib_a-sbrkr.o)
                0x0800e29c                _sbrk_r
 .text.__assert_func
                0x0800e2bc       0x3c d:/nes/arm/bin/../lib/gcc/arm-none-eabi/10.3.1/../../../../arm-none-eabi/lib/thumb/v7e-m+dp/hard\libc_nano.a(lib_a-assert.o)
                0x0800e2bc                __assert_func
 .text.fprintf  0x0800e2f8       0x24 d:/nes/arm/bin/../lib/gcc/arm-none-eabi/10.3.1/../../../../arm-none-eabi/lib/thumb/v7e-m+dp/hard\libc_nano.a(lib_a-fprintf.o)
                0x0800e2f8                fiprintf
                0x0800e2f8                fprintf
 .text.__ascii_mbtowc
                0x0800e31c       0x24 d:/nes/arm/bin/../lib/gcc/arm-none-eabi/10.3.1/../../../../arm-none-eabi/lib/thumb/v7e-m+dp/hard\libc_nano.a(lib_a-mbtowc_r.o)
                0x0800e31c                __ascii_mbtowc
 .text.memmove  0x0800e340       0x34 d:/nes/arm/bin/../lib/gcc/arm-none-eabi/10.3.1/../../../../arm-none-eabi/lib/thumb/v7e-m+dp/hard\libc_nano.a(lib_a-memmove.o)
                0x0800e340                memmove
 .text.__malloc_lock
                0x0800e374        0xc d:/nes/arm/bin/../lib/gcc/arm-none-eabi/10.3.1/../../../../arm-none-eabi/lib/thumb/v7e-m+dp/hard\libc_nano.a(lib_a-mlock.o)
                0x0800e374                __malloc_lock
 .text.__malloc_unlock
                0x0800e380        0xc d:/nes/arm/bin/../lib/gcc/arm-none-eabi/10.3.1/../../../../arm-none-eabi/lib/thumb/v7e-m+dp/hard\libc_nano.a(lib_a-mlock.o)
                0x0800e380                __malloc_unlock
 .text._realloc_r
                0x0800e38c       0x5e d:/nes/arm/bin/../lib/gcc/arm-none-eabi/10.3.1/../../../../arm-none-eabi/lib/thumb/v7e-m+dp/hard\libc_nano.a(lib_a-nano-reallocr.o)
                0x0800e38c                _realloc_r
 .text.__sfputc_r
                0x0800e3ea       0x2e d:/nes/arm/bin/../lib/gcc/arm-none-eabi/10.3.1/../../../../arm-none-eabi/lib/thumb/v7e-m+dp/hard\libc_nano.a(lib_a-nano-vfprintf.o)
 .text.__sfputs_r
                0x0800e418       0x24 d:/nes/arm/bin/../lib/gcc/arm-none-eabi/10.3.1/../../../../arm-none-eabi/lib/thumb/v7e-m+dp/hard\libc_nano.a(lib_a-nano-vfprintf.o)
                0x0800e418                __sfputs_r
 .text._vfprintf_r
                0x0800e43c      0x260 d:/nes/arm/bin/../lib/gcc/arm-none-eabi/10.3.1/../../../../arm-none-eabi/lib/thumb/v7e-m+dp/hard\libc_nano.a(lib_a-nano-vfprintf.o)
                0x0800e43c                _vfprintf_r
                0x0800e43c                _vfiprintf_r
 .text.__swbuf_r
                0x0800e69c       0xa4 d:/nes/arm/bin/../lib/gcc/arm-none-eabi/10.3.1/../../../../arm-none-eabi/lib/thumb/v7e-m+dp/hard\libc_nano.a(lib_a-wbuf.o)
                0x0800e69c                __swbuf_r
 .text.__ascii_wctomb
                0x0800e740       0x1a d:/nes/arm/bin/../lib/gcc/arm-none-eabi/10.3.1/../../../../arm-none-eabi/lib/thumb/v7e-m+dp/hard\libc_nano.a(lib_a-wctomb_r.o)
                0x0800e740                __ascii_wctomb
 *fill*         0x0800e75a        0x2 
 .text.__swsetup_r
                0x0800e75c       0xdc d:/nes/arm/bin/../lib/gcc/arm-none-eabi/10.3.1/../../../../arm-none-eabi/lib/thumb/v7e-m+dp/hard\libc_nano.a(lib_a-wsetup.o)
                0x0800e75c                __swsetup_r
 .text.abort    0x0800e838        0xe d:/nes/arm/bin/../lib/gcc/arm-none-eabi/10.3.1/../../../../arm-none-eabi/lib/thumb/v7e-m+dp/hard\libc_nano.a(lib_a-abort.o)
                0x0800e838                abort
 *fill*         0x0800e846        0x2 
 .text.__sflush_r
                0x0800e848      0x10c d:/nes/arm/bin/../lib/gcc/arm-none-eabi/10.3.1/../../../../arm-none-eabi/lib/thumb/v7e-m+dp/hard\libc_nano.a(lib_a-fflush.o)
                0x0800e848                __sflush_r
 .text._fflush_r
                0x0800e954       0x78 d:/nes/arm/bin/../lib/gcc/arm-none-eabi/10.3.1/../../../../arm-none-eabi/lib/thumb/v7e-m+dp/hard\libc_nano.a(lib_a-fflush.o)
                0x0800e954                _fflush_r
 .text.std      0x0800e9cc       0x48 d:/nes/arm/bin/../lib/gcc/arm-none-eabi/10.3.1/../../../../arm-none-eabi/lib/thumb/v7e-m+dp/hard\libc_nano.a(lib_a-findfp.o)
 .text._cleanup_r
                0x0800ea14        0xc d:/nes/arm/bin/../lib/gcc/arm-none-eabi/10.3.1/../../../../arm-none-eabi/lib/thumb/v7e-m+dp/hard\libc_nano.a(lib_a-findfp.o)
                0x0800ea14                _cleanup_r
 .text.__sfmoreglue
                0x0800ea20       0x2c d:/nes/arm/bin/../lib/gcc/arm-none-eabi/10.3.1/../../../../arm-none-eabi/lib/thumb/v7e-m+dp/hard\libc_nano.a(lib_a-findfp.o)
                0x0800ea20                __sfmoreglue
 .text.__sfp_lock_acquire
                0x0800ea4c        0xc d:/nes/arm/bin/../lib/gcc/arm-none-eabi/10.3.1/../../../../arm-none-eabi/lib/thumb/v7e-m+dp/hard\libc_nano.a(lib_a-findfp.o)
                0x0800ea4c                __sfp_lock_acquire
 .text.__sfp_lock_release
                0x0800ea58        0xc d:/nes/arm/bin/../lib/gcc/arm-none-eabi/10.3.1/../../../../arm-none-eabi/lib/thumb/v7e-m+dp/hard\libc_nano.a(lib_a-findfp.o)
                0x0800ea58                __sfp_lock_release
 .text.__sinit_lock_acquire
                0x0800ea64        0xc d:/nes/arm/bin/../lib/gcc/arm-none-eabi/10.3.1/../../../../arm-none-eabi/lib/thumb/v7e-m+dp/hard\libc_nano.a(lib_a-findfp.o)
                0x0800ea64                __sinit_lock_acquire
 .text.__sinit_lock_release
                0x0800ea70        0xc d:/nes/arm/bin/../lib/gcc/arm-none-eabi/10.3.1/../../../../arm-none-eabi/lib/thumb/v7e-m+dp/hard\libc_nano.a(lib_a-findfp.o)
                0x0800ea70                __sinit_lock_release
 .text.__sinit  0x0800ea7c       0x70 d:/nes/arm/bin/../lib/gcc/arm-none-eabi/10.3.1/../../../../arm-none-eabi/lib/thumb/v7e-m+dp/hard\libc_nano.a(lib_a-findfp.o)
                0x0800ea7c                __sinit
 .text.__sfp    0x0800eaec       0x8c d:/nes/arm/bin/../lib/gcc/arm-none-eabi/10.3.1/../../../../arm-none-eabi/lib/thumb/v7e-m+dp/hard\libc_nano.a(lib_a-findfp.o)
                0x0800eaec                __sfp
 .text._fwalk_reent
                0x0800eb78       0x3e d:/nes/arm/bin/../lib/gcc/arm-none-eabi/10.3.1/../../../../arm-none-eabi/lib/thumb/v7e-m+dp/hard\libc_nano.a(lib_a-fwalk.o)
                0x0800eb78                _fwalk_reent
 .text.__retarget_lock_init_recursive
                0x0800ebb6        0x2 d:/nes/arm/bin/../lib/gcc/arm-none-eabi/10.3.1/../../../../arm-none-eabi/lib/thumb/v7e-m+dp/hard\libc_nano.a(lib_a-lock.o)
                0x0800ebb6                __retarget_lock_init_recursive
 .text.__retarget_lock_acquire_recursive
                0x0800ebb8        0x2 d:/nes/arm/bin/../lib/gcc/arm-none-eabi/10.3.1/../../../../arm-none-eabi/lib/thumb/v7e-m+dp/hard\libc_nano.a(lib_a-lock.o)
                0x0800ebb8                __retarget_lock_acquire_recursive
 .text.__retarget_lock_release_recursive
                0x0800ebba        0x2 d:/nes/arm/bin/../lib/gcc/arm-none-eabi/10.3.1/../../../../arm-none-eabi/lib/thumb/v7e-m+dp/hard\libc_nano.a(lib_a-lock.o)
                0x0800ebba                __retarget_lock_release_recursive
 .text.__swhatbuf_r
                0x0800ebbc       0x4a d:/nes/arm/bin/../lib/gcc/arm-none-eabi/10.3.1/../../../../arm-none-eabi/lib/thumb/v7e-m+dp/hard\libc_nano.a(lib_a-makebuf.o)
                0x0800ebbc                __swhatbuf_r
 *fill*         0x0800ec06        0x2 
 .text.__smakebuf_r
                0x0800ec08       0x80 d:/nes/arm/bin/../lib/gcc/arm-none-eabi/10.3.1/../../../../arm-none-eabi/lib/thumb/v7e-m+dp/hard\libc_nano.a(lib_a-makebuf.o)
                0x0800ec08                __smakebuf_r
 .text._malloc_usable_size_r
                0x0800ec88       0x10 d:/nes/arm/bin/../lib/gcc/arm-none-eabi/10.3.1/../../../../arm-none-eabi/lib/thumb/v7e-m+dp/hard\libc_nano.a(lib_a-nano-msizer.o)
                0x0800ec88                _malloc_usable_size_r
 .text._raise_r
                0x0800ec98       0x50 d:/nes/arm/bin/../lib/gcc/arm-none-eabi/10.3.1/../../../../arm-none-eabi/lib/thumb/v7e-m+dp/hard\libc_nano.a(lib_a-signal.o)
                0x0800ec98                _raise_r
 .text.raise    0x0800ece8       0x10 d:/nes/arm/bin/../lib/gcc/arm-none-eabi/10.3.1/../../../../arm-none-eabi/lib/thumb/v7e-m+dp/hard\libc_nano.a(lib_a-signal.o)
                0x0800ece8                raise
 .text._kill_r  0x0800ecf8       0x24 d:/nes/arm/bin/../lib/gcc/arm-none-eabi/10.3.1/../../../../arm-none-eabi/lib/thumb/v7e-m+dp/hard\libc_nano.a(lib_a-signalr.o)
                0x0800ecf8                _kill_r
 .text._getpid_r
                0x0800ed1c        0x4 d:/nes/arm/bin/../lib/gcc/arm-none-eabi/10.3.1/../../../../arm-none-eabi/lib/thumb/v7e-m+dp/hard\libc_nano.a(lib_a-signalr.o)
                0x0800ed1c                _getpid_r
 .text.__sread  0x0800ed20       0x22 d:/nes/arm/bin/../lib/gcc/arm-none-eabi/10.3.1/../../../../arm-none-eabi/lib/thumb/v7e-m+dp/hard\libc_nano.a(lib_a-stdio.o)
                0x0800ed20                __sread
 .text.__swrite
                0x0800ed42       0x38 d:/nes/arm/bin/../lib/gcc/arm-none-eabi/10.3.1/../../../../arm-none-eabi/lib/thumb/v7e-m+dp/hard\libc_nano.a(lib_a-stdio.o)
                0x0800ed42                __swrite
 .text.__sseek  0x0800ed7a       0x24 d:/nes/arm/bin/../lib/gcc/arm-none-eabi/10.3.1/../../../../arm-none-eabi/lib/thumb/v7e-m+dp/hard\libc_nano.a(lib_a-stdio.o)
                0x0800ed7a                __sseek
 .text.__sclose
                0x0800ed9e        0x8 d:/nes/arm/bin/../lib/gcc/arm-none-eabi/10.3.1/../../../../arm-none-eabi/lib/thumb/v7e-m+dp/hard\libc_nano.a(lib_a-stdio.o)
                0x0800ed9e                __sclose
 *fill*         0x0800eda6        0x2 
 .text._write_r
                0x0800eda8       0x24 d:/nes/arm/bin/../lib/gcc/arm-none-eabi/10.3.1/../../../../arm-none-eabi/lib/thumb/v7e-m+dp/hard\libc_nano.a(lib_a-writer.o)
                0x0800eda8                _write_r
 .text._close_r
                0x0800edcc       0x20 d:/nes/arm/bin/../lib/gcc/arm-none-eabi/10.3.1/../../../../arm-none-eabi/lib/thumb/v7e-m+dp/hard\libc_nano.a(lib_a-closer.o)
                0x0800edcc                _close_r
 .text._fstat_r
                0x0800edec       0x24 d:/nes/arm/bin/../lib/gcc/arm-none-eabi/10.3.1/../../../../arm-none-eabi/lib/thumb/v7e-m+dp/hard\libc_nano.a(lib_a-fstatr.o)
                0x0800edec                _fstat_r
 .text._isatty_r
                0x0800ee10       0x20 d:/nes/arm/bin/../lib/gcc/arm-none-eabi/10.3.1/../../../../arm-none-eabi/lib/thumb/v7e-m+dp/hard\libc_nano.a(lib_a-isattyr.o)
                0x0800ee10                _isatty_r
 .text._lseek_r
                0x0800ee30       0x24 d:/nes/arm/bin/../lib/gcc/arm-none-eabi/10.3.1/../../../../arm-none-eabi/lib/thumb/v7e-m+dp/hard\libc_nano.a(lib_a-lseekr.o)
                0x0800ee30                _lseek_r
 .text._read_r  0x0800ee54       0x24 d:/nes/arm/bin/../lib/gcc/arm-none-eabi/10.3.1/../../../../arm-none-eabi/lib/thumb/v7e-m+dp/hard\libc_nano.a(lib_a-readr.o)
                0x0800ee54                _read_r
 *(.glue_7)
 .glue_7        0x0800ee78        0x0 linker stubs
 *(.glue_7t)
 .glue_7t       0x0800ee78        0x0 linker stubs
 *(.eh_frame)
 .eh_frame      0x0800ee78        0x0 d:/nes/arm/bin/../lib/gcc/arm-none-eabi/10.3.1/thumb/v7e-m+dp/hard/crtbegin.o
 *(.init)
 .init          0x0800ee78        0x4 d:/nes/arm/bin/../lib/gcc/arm-none-eabi/10.3.1/thumb/v7e-m+dp/hard/crti.o
                0x0800ee78                _init
 .init          0x0800ee7c        0x8 d:/nes/arm/bin/../lib/gcc/arm-none-eabi/10.3.1/thumb/v7e-m+dp/hard/crtn.o
 *(.fini)
 .fini          0x0800ee84        0x4 d:/nes/arm/bin/../lib/gcc/arm-none-eabi/10.3.1/thumb/v7e-m+dp/hard/crti.o
                0x0800ee84                _fini
 .fini          0x0800ee88        0x8 d:/nes/arm/bin/../lib/gcc/arm-none-eabi/10.3.1/thumb/v7e-m+dp/hard/crtn.o
                0x0800ee90                . = ALIGN (0x4)
                0x0800ee90                _etext = .

.vfp11_veneer   0x0800ee90        0x0
 .vfp11_veneer  0x0800ee90        0x0 linker stubs

.v4_bx          0x0800ee90        0x0
 .v4_bx         0x0800ee90        0x0 linker stubs

.iplt           0x0800ee90        0x0
 .iplt          0x0800ee90        0x0 d:/nes/arm/bin/../lib/gcc/arm-none-eabi/10.3.1/thumb/v7e-m+dp/hard/crtbegin.o

.rodata         0x0800ee90      0x4ec
                0x0800ee90                . = ALIGN (0x4)
 *(.rodata)
 *(.rodata*)
 .rodata.get_data_IT.str1.4
                0x0800ee90       0x23 build/main.o
 *fill*         0x0800eeb3        0x1 
 .rodata.sensor_setup_IT.str1.4
                0x0800eeb4       0x24 build/main.o
 .rodata.main.str1.4
                0x0800eed8       0x30 build/main.o
 .rodata.flagBitshiftOffset.0
                0x0800ef08        0x8 build/stm32h7xx_hal_dma.o
 .rodata.UARTPrescTable
                0x0800ef10       0x18 build/stm32h7xx_hal_uart.o
                0x0800ef10                UARTPrescTable
 .rodata.denominator.0
                0x0800ef28        0x8 build/stm32h7xx_hal_uart_ex.o
 .rodata.numerator.1
                0x0800ef30        0x8 build/stm32h7xx_hal_uart_ex.o
 .rodata.denominator.0
                0x0800ef38        0x8 build/stm32h7xx_hal_usart_ex.o
 .rodata.numerator.1
                0x0800ef40        0x8 build/stm32h7xx_hal_usart_ex.o
 .rodata.D1CorePrescTable
                0x0800ef48       0x10 build/system_stm32h7xx.o
                0x0800ef48                D1CorePrescTable
 .rodata._global_impure_ptr
                0x0800ef58        0x4 d:/nes/arm/bin/../lib/gcc/arm-none-eabi/10.3.1/../../../../arm-none-eabi/lib/thumb/v7e-m+dp/hard\libc_nano.a(lib_a-impure.o)
                0x0800ef58                _global_impure_ptr
 .rodata._printf_float.str1.1
                0x0800ef5c       0x12 d:/nes/arm/bin/../lib/gcc/arm-none-eabi/10.3.1/../../../../arm-none-eabi/lib/thumb/v7e-m+dp/hard\libc_nano.a(lib_a-nano-vfprintf_float.o)
 .rodata._printf_i.str1.1
                0x0800ef6e       0x22 d:/nes/arm/bin/../lib/gcc/arm-none-eabi/10.3.1/../../../../arm-none-eabi/lib/thumb/v7e-m+dp/hard\libc_nano.a(lib_a-nano-vfprintf_i.o)
 .rodata._dtoa_r.str1.1
                0x0800ef90       0xb3 d:/nes/arm/bin/../lib/gcc/arm-none-eabi/10.3.1/../../../../arm-none-eabi/lib/thumb/v7e-m+dp/hard\libc_nano.a(lib_a-dtoa.o)
                                 0xb5 (size before relaxing)
 .rodata._Balloc.str1.1
                0x0800f043       0x7f d:/nes/arm/bin/../lib/gcc/arm-none-eabi/10.3.1/../../../../arm-none-eabi/lib/thumb/v7e-m+dp/hard\libc_nano.a(lib_a-mprec.o)
                                 0x96 (size before relaxing)
 .rodata.__multadd.str1.1
                0x0800f0c2       0x11 d:/nes/arm/bin/../lib/gcc/arm-none-eabi/10.3.1/../../../../arm-none-eabi/lib/thumb/v7e-m+dp/hard\libc_nano.a(lib_a-mprec.o)
 *fill*         0x0800f0c2        0x6 
 .rodata.__mprec_bigtens
                0x0800f0c8       0x28 d:/nes/arm/bin/../lib/gcc/arm-none-eabi/10.3.1/../../../../arm-none-eabi/lib/thumb/v7e-m+dp/hard\libc_nano.a(lib_a-mprec.o)
                0x0800f0c8                __mprec_bigtens
 .rodata.__mprec_tens
                0x0800f0f0       0xc8 d:/nes/arm/bin/../lib/gcc/arm-none-eabi/10.3.1/../../../../arm-none-eabi/lib/thumb/v7e-m+dp/hard\libc_nano.a(lib_a-mprec.o)
                0x0800f0f0                __mprec_tens
 .rodata.p05.0  0x0800f1b8        0xc d:/nes/arm/bin/../lib/gcc/arm-none-eabi/10.3.1/../../../../arm-none-eabi/lib/thumb/v7e-m+dp/hard\libc_nano.a(lib_a-mprec.o)
 .rodata._svfprintf_r.str1.1
                0x0800f1c4       0x11 d:/nes/arm/bin/../lib/gcc/arm-none-eabi/10.3.1/../../../../arm-none-eabi/lib/thumb/v7e-m+dp/hard\libc_nano.a(lib_a-nano-svfprintf.o)
 .rodata.__assert_func.str1.1
                0x0800f1d5       0x3c d:/nes/arm/bin/../lib/gcc/arm-none-eabi/10.3.1/../../../../arm-none-eabi/lib/thumb/v7e-m+dp/hard\libc_nano.a(lib_a-assert.o)
                                 0x3d (size before relaxing)
 .rodata._setlocale_r.str1.1
                0x0800f211        0x8 d:/nes/arm/bin/../lib/gcc/arm-none-eabi/10.3.1/../../../../arm-none-eabi/lib/thumb/v7e-m+dp/hard\libc_nano.a(lib_a-locale.o)
                                  0x9 (size before relaxing)
 .rodata.str1.1
                0x0800f219        0x2 d:/nes/arm/bin/../lib/gcc/arm-none-eabi/10.3.1/../../../../arm-none-eabi/lib/thumb/v7e-m+dp/hard\libc_nano.a(lib_a-locale.o)
 .rodata._vfprintf_r.str1.1
                0x0800f21b       0x11 d:/nes/arm/bin/../lib/gcc/arm-none-eabi/10.3.1/../../../../arm-none-eabi/lib/thumb/v7e-m+dp/hard\libc_nano.a(lib_a-nano-vfprintf.o)
 .rodata._ctype_
                0x0800f21b      0x101 d:/nes/arm/bin/../lib/gcc/arm-none-eabi/10.3.1/../../../../arm-none-eabi/lib/thumb/v7e-m+dp/hard\libc_nano.a(lib_a-ctype_.o)
                0x0800f21b                _ctype_
 .rodata.__sf_fake_stderr
                0x0800f31c       0x20 d:/nes/arm/bin/../lib/gcc/arm-none-eabi/10.3.1/../../../../arm-none-eabi/lib/thumb/v7e-m+dp/hard\libc_nano.a(lib_a-findfp.o)
                0x0800f31c                __sf_fake_stderr
 .rodata.__sf_fake_stdin
                0x0800f33c       0x20 d:/nes/arm/bin/../lib/gcc/arm-none-eabi/10.3.1/../../../../arm-none-eabi/lib/thumb/v7e-m+dp/hard\libc_nano.a(lib_a-findfp.o)
                0x0800f33c                __sf_fake_stdin
 .rodata.__sf_fake_stdout
                0x0800f35c       0x20 d:/nes/arm/bin/../lib/gcc/arm-none-eabi/10.3.1/../../../../arm-none-eabi/lib/thumb/v7e-m+dp/hard\libc_nano.a(lib_a-findfp.o)
                0x0800f35c                __sf_fake_stdout
                0x0800f37c                . = ALIGN (0x4)

.ARM.extab
 *(.ARM.extab* .gnu.linkonce.armextab.*)

.ARM            0x0800f37c        0x8
                0x0800f37c                __exidx_start = .
 *(.ARM.exidx*)
 .ARM.exidx     0x0800f37c        0x8 d:/nes/arm/bin/../lib/gcc/arm-none-eabi/10.3.1/thumb/v7e-m+dp/hard\libgcc.a(_udivmoddi4.o)
                0x0800f384                __exidx_end = .

.rel.dyn        0x0800f384        0x0
 .rel.iplt      0x0800f384        0x0 d:/nes/arm/bin/../lib/gcc/arm-none-eabi/10.3.1/thumb/v7e-m+dp/hard/crtbegin.o

.preinit_array  0x0800f384        0x0
                0x0800f384                PROVIDE (__preinit_array_start = .)
 *(.preinit_array*)
                0x0800f384                PROVIDE (__preinit_array_end = .)

.init_array     0x0800f384        0x4
                0x0800f384                PROVIDE (__init_array_start = .)
 *(SORT_BY_NAME(.init_array.*))
 *(.init_array*)
 .init_array    0x0800f384        0x4 d:/nes/arm/bin/../lib/gcc/arm-none-eabi/10.3.1/thumb/v7e-m+dp/hard/crtbegin.o
                0x0800f388                PROVIDE (__init_array_end = .)

.fini_array     0x0800f388        0x4
                [!provide]                PROVIDE (__fini_array_start = .)
 *(SORT_BY_NAME(.fini_array.*))
 *(.fini_array*)
 .fini_array    0x0800f388        0x4 d:/nes/arm/bin/../lib/gcc/arm-none-eabi/10.3.1/thumb/v7e-m+dp/hard/crtbegin.o
                [!provide]                PROVIDE (__fini_array_end = .)
                0x0800f38c                _sidata = LOADADDR (.data)

.data           0x24000000      0x1e0 load address 0x0800f38c
                0x24000000                . = ALIGN (0x4)
                0x24000000                _sdata = .
 *(.data)
 *(.data*)
 .data.uwTickFreq
                0x24000000        0x1 build/stm32h7xx_hal.o
                0x24000000                uwTickFreq
 *fill*         0x24000001        0x3 
 .data.uwTickPrio
                0x24000004        0x4 build/stm32h7xx_hal.o
                0x24000004                uwTickPrio
 .data.SystemCoreClock
                0x24000008        0x4 build/system_stm32h7xx.o
                0x24000008                SystemCoreClock
 .data.SystemD2Clock
                0x2400000c        0x4 build/system_stm32h7xx.o
                0x2400000c                SystemD2Clock
 .data._impure_ptr
                0x24000010        0x4 d:/nes/arm/bin/../lib/gcc/arm-none-eabi/10.3.1/../../../../arm-none-eabi/lib/thumb/v7e-m+dp/hard\libc_nano.a(lib_a-impure.o)
                0x24000010                _impure_ptr
 .data.impure_data
                0x24000014       0x60 d:/nes/arm/bin/../lib/gcc/arm-none-eabi/10.3.1/../../../../arm-none-eabi/lib/thumb/v7e-m+dp/hard\libc_nano.a(lib_a-impure.o)
 .data.__global_locale
                0x24000074      0x16c d:/nes/arm/bin/../lib/gcc/arm-none-eabi/10.3.1/../../../../arm-none-eabi/lib/thumb/v7e-m+dp/hard\libc_nano.a(lib_a-locale.o)
                0x24000074                __global_locale
                0x240001e0                . = ALIGN (0x4)
                0x240001e0                _edata = .

.igot.plt       0x240001e0        0x0 load address 0x0800f56c
 .igot.plt      0x240001e0        0x0 d:/nes/arm/bin/../lib/gcc/arm-none-eabi/10.3.1/thumb/v7e-m+dp/hard/crtbegin.o
                0x240001e0                . = ALIGN (0x4)

.bss            0x240001e0     0x1064 load address 0x0800f56c
                0x240001e0                _sbss = .
                0x240001e0                __bss_start__ = _sbss
 *(.bss)
 .bss           0x240001e0       0x1c d:/nes/arm/bin/../lib/gcc/arm-none-eabi/10.3.1/thumb/v7e-m+dp/hard/crtbegin.o
 *(.bss*)
 .bss.data_x    0x240001fc        0x2 build/main.o
                0x240001fc                data_x
 .bss.data_y    0x240001fe        0x2 build/main.o
                0x240001fe                data_y
 .bss.data_z    0x24000200        0x2 build/main.o
                0x24000200                data_z
 .bss.read_done
                0x24000202        0x1 build/main.o
                0x24000202                read_done
 *fill*         0x24000203        0x1 
 .bss.rx_buffer
                0x24000204        0x6 build/main.o
                0x24000204                rx_buffer
 *fill*         0x2400020a        0x2 
 .bss.HAL_RCC_ADC12_CLK_ENABLED
                0x2400020c        0x4 build/adc.o
 .bss.hadc1     0x24000210       0x64 build/adc.o
                0x24000210                hadc1
 .bss.hadc2     0x24000274       0x64 build/adc.o
                0x24000274                hadc2
 .bss.hadc3     0x240002d8       0x64 build/adc.o
                0x240002d8                hadc3
 .bss.hdma_adc1
                0x2400033c       0x78 build/adc.o
                0x2400033c                hdma_adc1
 .bss.hdac1     0x240003b4       0x14 build/dac.o
                0x240003b4                hdac1
 .bss.hdma_dac1_ch1
                0x240003c8       0x78 build/dac.o
                0x240003c8                hdma_dac1_ch1
 .bss.hdma_dac1_ch2
                0x24000440       0x78 build/dac.o
                0x24000440                hdma_dac1_ch2
 .bss.FMC_Initialized
                0x240004b8        0x4 build/fmc.o
 .bss.hsdram1   0x240004bc       0x34 build/fmc.o
                0x240004bc                hsdram1
 .bss.hhrtim    0x240004f0       0xdc build/hrtim.o
                0x240004f0                hhrtim
 .bss.hdma_i2c2_rx
                0x240005cc       0x78 build/i2c.o
                0x240005cc                hdma_i2c2_rx
 .bss.hdma_i2c2_tx
                0x24000644       0x78 build/i2c.o
                0x24000644                hdma_i2c2_tx
 .bss.hi2c2     0x240006bc       0x4c build/i2c.o
                0x240006bc                hi2c2
 .bss.hi2c3     0x24000708       0x4c build/i2c.o
                0x24000708                hi2c3
 .bss.hi2c4     0x24000754       0x4c build/i2c.o
                0x24000754                hi2c4
 .bss.hdma_uart4_rx
                0x240007a0       0x78 build/usart.o
                0x240007a0                hdma_uart4_rx
 .bss.hdma_uart4_tx
                0x24000818       0x78 build/usart.o
                0x24000818                hdma_uart4_tx
 .bss.hlpuart1  0x24000890       0x90 build/usart.o
                0x24000890                hlpuart1
 .bss.huart2    0x24000920       0x90 build/usart.o
                0x24000920                huart2
 .bss.huart4    0x240009b0       0x90 build/usart.o
                0x240009b0                huart4
 .bss.huart7    0x24000a40       0x90 build/usart.o
                0x24000a40                huart7
 .bss.huart8    0x24000ad0       0x90 build/usart.o
                0x24000ad0                huart8
 .bss.husart1   0x24000b60       0x60 build/usart.o
                0x24000b60                husart1
 .bss.hrtc      0x24000bc0       0x24 build/rtc.o
                0x24000bc0                hrtc
 .bss.hspi1     0x24000be4       0x88 build/spi.o
                0x24000be4                hspi1
 .bss.hspi2     0x24000c6c       0x88 build/spi.o
                0x24000c6c                hspi2
 .bss.hspi5     0x24000cf4       0x88 build/spi.o
                0x24000cf4                hspi5
 .bss.hspi6     0x24000d7c       0x88 build/spi.o
                0x24000d7c                hspi6
 .bss.htim1     0x24000e04       0x4c build/tim.o
                0x24000e04                htim1
 .bss.htim12    0x24000e50       0x4c build/tim.o
                0x24000e50                htim12
 .bss.htim13    0x24000e9c       0x4c build/tim.o
                0x24000e9c                htim13
 .bss.htim14    0x24000ee8       0x4c build/tim.o
                0x24000ee8                htim14
 .bss.htim15    0x24000f34       0x4c build/tim.o
                0x24000f34                htim15
 .bss.htim16    0x24000f80       0x4c build/tim.o
                0x24000f80                htim16
 .bss.htim17    0x24000fcc       0x4c build/tim.o
                0x24000fcc                htim17
 .bss.htim2     0x24001018       0x4c build/tim.o
                0x24001018                htim2
 .bss.htim3     0x24001064       0x4c build/tim.o
                0x24001064                htim3
 .bss.htim4     0x240010b0       0x4c build/tim.o
                0x240010b0                htim4
 .bss.htim5     0x240010fc       0x4c build/tim.o
                0x240010fc                htim5
 .bss.htim6     0x24001148       0x4c build/tim.o
                0x24001148                htim6
 .bss.htim7     0x24001194       0x4c build/tim.o
                0x24001194                htim7
 .bss.htim8     0x240011e0       0x4c build/tim.o
                0x240011e0                htim8
 .bss.uwTick    0x2400122c        0x4 build/stm32h7xx_hal.o
                0x2400122c                uwTick
 .bss.__sbrk_heap_end
                0x24001230        0x4 build/sysmem.o
 .bss.__malloc_free_list
                0x24001234        0x4 d:/nes/arm/bin/../lib/gcc/arm-none-eabi/10.3.1/../../../../arm-none-eabi/lib/thumb/v7e-m+dp/hard\libc_nano.a(lib_a-nano-mallocr.o)
                0x24001234                __malloc_free_list
 .bss.__malloc_sbrk_start
                0x24001238        0x4 d:/nes/arm/bin/../lib/gcc/arm-none-eabi/10.3.1/../../../../arm-none-eabi/lib/thumb/v7e-m+dp/hard\libc_nano.a(lib_a-nano-mallocr.o)
                0x24001238                __malloc_sbrk_start
 .bss.errno     0x2400123c        0x4 d:/nes/arm/bin/../lib/gcc/arm-none-eabi/10.3.1/../../../../arm-none-eabi/lib/thumb/v7e-m+dp/hard\libc_nano.a(lib_a-reent.o)
                0x2400123c                errno
 .bss.__lock___malloc_recursive_mutex
                0x24001240        0x1 d:/nes/arm/bin/../lib/gcc/arm-none-eabi/10.3.1/../../../../arm-none-eabi/lib/thumb/v7e-m+dp/hard\libc_nano.a(lib_a-lock.o)
                0x24001240                __lock___malloc_recursive_mutex
 .bss.__lock___sfp_recursive_mutex
                0x24001241        0x1 d:/nes/arm/bin/../lib/gcc/arm-none-eabi/10.3.1/../../../../arm-none-eabi/lib/thumb/v7e-m+dp/hard\libc_nano.a(lib_a-lock.o)
                0x24001241                __lock___sfp_recursive_mutex
 .bss.__lock___sinit_recursive_mutex
                0x24001242        0x1 d:/nes/arm/bin/../lib/gcc/arm-none-eabi/10.3.1/../../../../arm-none-eabi/lib/thumb/v7e-m+dp/hard\libc_nano.a(lib_a-lock.o)
                0x24001242                __lock___sinit_recursive_mutex
 *(COMMON)
                0x24001244                . = ALIGN (0x4)
 *fill*         0x24001243        0x1 
                0x24001244                _ebss = .
                0x24001244                __bss_end__ = _ebss

._user_heap_stack
                0x24001244      0x604 load address 0x0800f56c
                0x24001248                . = ALIGN (0x8)
 *fill*         0x24001244        0x4 
                [!provide]                PROVIDE (end = .)
                0x24001248                PROVIDE (_end = .)
                0x24001448                . = (. + _Min_Heap_Size)
 *fill*         0x24001248      0x200 
                0x24001848                . = (. + _Min_Stack_Size)
 *fill*         0x24001448      0x400 
                0x24080000                _estack = (ORIGIN (RAM_D1) + LENGTH (RAM_D1))
                0x24001848                . = ALIGN (0x8)

/DISCARD/
 libc.a(*)
 libm.a(*)
 libgcc.a(*)

.ARM.attributes
                0x00000000       0x2e
 *(.ARM.attributes)
 .ARM.attributes
                0x00000000       0x1e d:/nes/arm/bin/../lib/gcc/arm-none-eabi/10.3.1/thumb/v7e-m+dp/hard/crti.o
 .ARM.attributes
                0x0000001e       0x32 d:/nes/arm/bin/../lib/gcc/arm-none-eabi/10.3.1/thumb/v7e-m+dp/hard/crtbegin.o
 .ARM.attributes
                0x00000050       0x32 build/main.o
 .ARM.attributes
                0x00000082       0x32 build/gpio.o
 .ARM.attributes
                0x000000b4       0x32 build/adc.o
 .ARM.attributes
                0x000000e6       0x32 build/dac.o
 .ARM.attributes
                0x00000118       0x32 build/dma.o
 .ARM.attributes
                0x0000014a       0x32 build/fmc.o
 .ARM.attributes
                0x0000017c       0x32 build/hrtim.o
 .ARM.attributes
                0x000001ae       0x32 build/i2c.o
 .ARM.attributes
                0x000001e0       0x32 build/usart.o
 .ARM.attributes
                0x00000212       0x32 build/rtc.o
 .ARM.attributes
                0x00000244       0x32 build/spi.o
 .ARM.attributes
                0x00000276       0x32 build/tim.o
 .ARM.attributes
                0x000002a8       0x32 build/usb_otg.o
 .ARM.attributes
                0x000002da       0x32 build/stm32h7xx_it.o
 .ARM.attributes
                0x0000030c       0x32 build/stm32h7xx_hal_msp.o
 .ARM.attributes
                0x0000033e       0x32 build/stm32h7xx_hal_adc.o
 .ARM.attributes
                0x00000370       0x32 build/stm32h7xx_hal_adc_ex.o
 .ARM.attributes
                0x000003a2       0x32 build/stm32h7xx_hal_rcc.o
 .ARM.attributes
                0x000003d4       0x32 build/stm32h7xx_hal_rcc_ex.o
 .ARM.attributes
                0x00000406       0x32 build/stm32h7xx_hal_gpio.o
 .ARM.attributes
                0x00000438       0x32 build/stm32h7xx_hal_dma.o
 .ARM.attributes
                0x0000046a       0x32 build/stm32h7xx_hal_pwr_ex.o
 .ARM.attributes
                0x0000049c       0x32 build/stm32h7xx_hal_cortex.o
 .ARM.attributes
                0x000004ce       0x32 build/stm32h7xx_hal.o
 .ARM.attributes
                0x00000500       0x32 build/stm32h7xx_hal_i2c.o
 .ARM.attributes
                0x00000532       0x32 build/stm32h7xx_hal_i2c_ex.o
 .ARM.attributes
                0x00000564       0x32 build/stm32h7xx_hal_dac.o
 .ARM.attributes
                0x00000596       0x32 build/stm32h7xx_ll_fmc.o
 .ARM.attributes
                0x000005c8       0x32 build/stm32h7xx_hal_sdram.o
 .ARM.attributes
                0x000005fa       0x32 build/stm32h7xx_hal_hrtim.o
 .ARM.attributes
                0x0000062c       0x32 build/stm32h7xx_hal_uart.o
 .ARM.attributes
                0x0000065e       0x32 build/stm32h7xx_hal_uart_ex.o
 .ARM.attributes
                0x00000690       0x32 build/stm32h7xx_hal_usart.o
 .ARM.attributes
                0x000006c2       0x32 build/stm32h7xx_hal_usart_ex.o
 .ARM.attributes
                0x000006f4       0x32 build/stm32h7xx_hal_rtc.o
 .ARM.attributes
                0x00000726       0x32 build/stm32h7xx_hal_spi.o
 .ARM.attributes
                0x00000758       0x32 build/stm32h7xx_hal_tim.o
 .ARM.attributes
                0x0000078a       0x32 build/stm32h7xx_hal_tim_ex.o
 .ARM.attributes
                0x000007bc       0x32 build/system_stm32h7xx.o
 .ARM.attributes
                0x000007ee       0x32 build/sysmem.o
 .ARM.attributes
                0x00000820       0x32 build/syscalls.o
 .ARM.attributes
                0x00000852       0x21 build/startup_stm32h743xx.o
 .ARM.attributes
                0x00000873       0x32 d:/nes/arm/bin/../lib/gcc/arm-none-eabi/10.3.1/../../../../arm-none-eabi/lib/thumb/v7e-m+dp/hard\libc_nano.a(lib_a-errno.o)
 .ARM.attributes
                0x000008a5       0x32 d:/nes/arm/bin/../lib/gcc/arm-none-eabi/10.3.1/../../../../arm-none-eabi/lib/thumb/v7e-m+dp/hard\libc_nano.a(lib_a-impure.o)
 .ARM.attributes
                0x000008d7       0x32 d:/nes/arm/bin/../lib/gcc/arm-none-eabi/10.3.1/../../../../arm-none-eabi/lib/thumb/v7e-m+dp/hard\libc_nano.a(lib_a-init.o)
 .ARM.attributes
                0x00000909       0x32 d:/nes/arm/bin/../lib/gcc/arm-none-eabi/10.3.1/../../../../arm-none-eabi/lib/thumb/v7e-m+dp/hard\libc_nano.a(lib_a-memset.o)
 .ARM.attributes
                0x0000093b       0x32 d:/nes/arm/bin/../lib/gcc/arm-none-eabi/10.3.1/../../../../arm-none-eabi/lib/thumb/v7e-m+dp/hard\libc_nano.a(lib_a-nano-vfprintf_float.o)
 .ARM.attributes
                0x0000096d       0x32 d:/nes/arm/bin/../lib/gcc/arm-none-eabi/10.3.1/../../../../arm-none-eabi/lib/thumb/v7e-m+dp/hard\libc_nano.a(lib_a-nano-vfprintf_i.o)
 .ARM.attributes
                0x0000099f       0x32 d:/nes/arm/bin/../lib/gcc/arm-none-eabi/10.3.1/../../../../arm-none-eabi/lib/thumb/v7e-m+dp/hard\libc_nano.a(lib_a-sprintf.o)
 .ARM.attributes
                0x000009d1       0x17 d:/nes/arm/bin/../lib/gcc/arm-none-eabi/10.3.1/../../../../arm-none-eabi/lib/thumb/v7e-m+dp/hard\libc_nano.a(lib_a-strlen.o)
 .ARM.attributes
                0x000009e8       0x32 d:/nes/arm/bin/../lib/gcc/arm-none-eabi/10.3.1/../../../../arm-none-eabi/lib/thumb/v7e-m+dp/hard\libc_nano.a(lib_a-dtoa.o)
 .ARM.attributes
                0x00000a1a       0x32 d:/nes/arm/bin/../lib/gcc/arm-none-eabi/10.3.1/../../../../arm-none-eabi/lib/thumb/v7e-m+dp/hard\libc_nano.a(lib_a-localeconv.o)
 .ARM.attributes
                0x00000a4c       0x32 d:/nes/arm/bin/../lib/gcc/arm-none-eabi/10.3.1/../../../../arm-none-eabi/lib/thumb/v7e-m+dp/hard\libc_nano.a(lib_a-malloc.o)
 .ARM.attributes
                0x00000a7e       0x1c d:/nes/arm/bin/../lib/gcc/arm-none-eabi/10.3.1/../../../../arm-none-eabi/lib/thumb/v7e-m+dp/hard\libc_nano.a(lib_a-memchr.o)
 .ARM.attributes
                0x00000a9a       0x32 d:/nes/arm/bin/../lib/gcc/arm-none-eabi/10.3.1/../../../../arm-none-eabi/lib/thumb/v7e-m+dp/hard\libc_nano.a(lib_a-memcpy-stub.o)
 .ARM.attributes
                0x00000acc       0x32 d:/nes/arm/bin/../lib/gcc/arm-none-eabi/10.3.1/../../../../arm-none-eabi/lib/thumb/v7e-m+dp/hard\libc_nano.a(lib_a-mprec.o)
 .ARM.attributes
                0x00000afe       0x32 d:/nes/arm/bin/../lib/gcc/arm-none-eabi/10.3.1/../../../../arm-none-eabi/lib/thumb/v7e-m+dp/hard\libc_nano.a(lib_a-nano-callocr.o)
 .ARM.attributes
                0x00000b30       0x32 d:/nes/arm/bin/../lib/gcc/arm-none-eabi/10.3.1/../../../../arm-none-eabi/lib/thumb/v7e-m+dp/hard\libc_nano.a(lib_a-nano-freer.o)
 .ARM.attributes
                0x00000b62       0x32 d:/nes/arm/bin/../lib/gcc/arm-none-eabi/10.3.1/../../../../arm-none-eabi/lib/thumb/v7e-m+dp/hard\libc_nano.a(lib_a-nano-mallocr.o)
 .ARM.attributes
                0x00000b94       0x32 d:/nes/arm/bin/../lib/gcc/arm-none-eabi/10.3.1/../../../../arm-none-eabi/lib/thumb/v7e-m+dp/hard\libc_nano.a(lib_a-nano-svfprintf.o)
 .ARM.attributes
                0x00000bc6       0x32 d:/nes/arm/bin/../lib/gcc/arm-none-eabi/10.3.1/../../../../arm-none-eabi/lib/thumb/v7e-m+dp/hard\libc_nano.a(lib_a-sbrkr.o)
 .ARM.attributes
                0x00000bf8       0x32 d:/nes/arm/bin/../lib/gcc/arm-none-eabi/10.3.1/../../../../arm-none-eabi/lib/thumb/v7e-m+dp/hard\libc_nano.a(lib_a-assert.o)
 .ARM.attributes
                0x00000c2a       0x32 d:/nes/arm/bin/../lib/gcc/arm-none-eabi/10.3.1/../../../../arm-none-eabi/lib/thumb/v7e-m+dp/hard\libc_nano.a(lib_a-fprintf.o)
 .ARM.attributes
                0x00000c5c       0x32 d:/nes/arm/bin/../lib/gcc/arm-none-eabi/10.3.1/../../../../arm-none-eabi/lib/thumb/v7e-m+dp/hard\libc_nano.a(lib_a-locale.o)
 .ARM.attributes
                0x00000c8e       0x32 d:/nes/arm/bin/../lib/gcc/arm-none-eabi/10.3.1/../../../../arm-none-eabi/lib/thumb/v7e-m+dp/hard\libc_nano.a(lib_a-mbtowc_r.o)
 .ARM.attributes
                0x00000cc0       0x32 d:/nes/arm/bin/../lib/gcc/arm-none-eabi/10.3.1/../../../../arm-none-eabi/lib/thumb/v7e-m+dp/hard\libc_nano.a(lib_a-memmove.o)
 .ARM.attributes
                0x00000cf2       0x32 d:/nes/arm/bin/../lib/gcc/arm-none-eabi/10.3.1/../../../../arm-none-eabi/lib/thumb/v7e-m+dp/hard\libc_nano.a(lib_a-mlock.o)
 .ARM.attributes