Archive member included to satisfy reference by file (symbol)

c:/nes/arm/10 2021.10/bin/../lib/gcc/arm-none-eabi/10.3.1/../../../../arm-none-eabi/lib/thumb/v7e-m+dp/hard\libc_nano.a(lib_a-errno.o)
                              build/sysmem.o (__errno)
c:/nes/arm/10 2021.10/bin/../lib/gcc/arm-none-eabi/10.3.1/../../../../arm-none-eabi/lib/thumb/v7e-m+dp/hard\libc_nano.a(lib_a-exit.o)
                              c:/nes/arm/10 2021.10/bin/../lib/gcc/arm-none-eabi/10.3.1/../../../../arm-none-eabi/lib/thumb/v7e-m+dp/hard/crt0.o (exit)
c:/nes/arm/10 2021.10/bin/../lib/gcc/arm-none-eabi/10.3.1/../../../../arm-none-eabi/lib/thumb/v7e-m+dp/hard\libc_nano.a(lib_a-impure.o)
                              c:/nes/arm/10 2021.10/bin/../lib/gcc/arm-none-eabi/10.3.1/../../../../arm-none-eabi/lib/thumb/v7e-m+dp/hard\libc_nano.a(lib_a-exit.o) (_global_impure_ptr)
c:/nes/arm/10 2021.10/bin/../lib/gcc/arm-none-eabi/10.3.1/../../../../arm-none-eabi/lib/thumb/v7e-m+dp/hard\libc_nano.a(lib_a-init.o)
                              c:/nes/arm/10 2021.10/bin/../lib/gcc/arm-none-eabi/10.3.1/../../../../arm-none-eabi/lib/thumb/v7e-m+dp/hard/crt0.o (__libc_init_array)
c:/nes/arm/10 2021.10/bin/../lib/gcc/arm-none-eabi/10.3.1/../../../../arm-none-eabi/lib/thumb/v7e-m+dp/hard\libc_nano.a(lib_a-memset.o)
                              c:/nes/arm/10 2021.10/bin/../lib/gcc/arm-none-eabi/10.3.1/../../../../arm-none-eabi/lib/thumb/v7e-m+dp/hard/crt0.o (memset)
c:/nes/arm/10 2021.10/bin/../lib/gcc/arm-none-eabi/10.3.1/thumb/v7e-m+dp/hard\libgcc.a(_aeabi_uldivmod.o)
                              build/stm32h7xx_hal_uart.o (__aeabi_uldivmod)
c:/nes/arm/10 2021.10/bin/../lib/gcc/arm-none-eabi/10.3.1/thumb/v7e-m+dp/hard\libgcc.a(_udivmoddi4.o)
                              c:/nes/arm/10 2021.10/bin/../lib/gcc/arm-none-eabi/10.3.1/thumb/v7e-m+dp/hard\libgcc.a(_aeabi_uldivmod.o) (__udivmoddi4)
c:/nes/arm/10 2021.10/bin/../lib/gcc/arm-none-eabi/10.3.1/thumb/v7e-m+dp/hard\libgcc.a(_dvmd_tls.o)
                              c:/nes/arm/10 2021.10/bin/../lib/gcc/arm-none-eabi/10.3.1/thumb/v7e-m+dp/hard\libgcc.a(_aeabi_uldivmod.o) (__aeabi_ldiv0)

Discarded input sections

 .text          0x00000000        0x0 c:/nes/arm/10 2021.10/bin/../lib/gcc/arm-none-eabi/10.3.1/thumb/v7e-m+dp/hard/crti.o
 .data          0x00000000        0x0 c:/nes/arm/10 2021.10/bin/../lib/gcc/arm-none-eabi/10.3.1/thumb/v7e-m+dp/hard/crti.o
 .bss           0x00000000        0x0 c:/nes/arm/10 2021.10/bin/../lib/gcc/arm-none-eabi/10.3.1/thumb/v7e-m+dp/hard/crti.o
 .data          0x00000000        0x4 c:/nes/arm/10 2021.10/bin/../lib/gcc/arm-none-eabi/10.3.1/thumb/v7e-m+dp/hard/crtbegin.o
 .rodata        0x00000000       0x24 c:/nes/arm/10 2021.10/bin/../lib/gcc/arm-none-eabi/10.3.1/thumb/v7e-m+dp/hard/crtbegin.o
 .text          0x00000000       0x7c c:/nes/arm/10 2021.10/bin/../lib/gcc/arm-none-eabi/10.3.1/../../../../arm-none-eabi/lib/thumb/v7e-m+dp/hard/crt0.o
 .data          0x00000000        0x0 c:/nes/arm/10 2021.10/bin/../lib/gcc/arm-none-eabi/10.3.1/../../../../arm-none-eabi/lib/thumb/v7e-m+dp/hard/crt0.o
 .bss           0x00000000        0x0 c:/nes/arm/10 2021.10/bin/../lib/gcc/arm-none-eabi/10.3.1/../../../../arm-none-eabi/lib/thumb/v7e-m+dp/hard/crt0.o
 .ARM.extab     0x00000000        0x0 c:/nes/arm/10 2021.10/bin/../lib/gcc/arm-none-eabi/10.3.1/../../../../arm-none-eabi/lib/thumb/v7e-m+dp/hard/crt0.o
 .ARM.exidx     0x00000000       0x10 c:/nes/arm/10 2021.10/bin/../lib/gcc/arm-none-eabi/10.3.1/../../../../arm-none-eabi/lib/thumb/v7e-m+dp/hard/crt0.o
 .ARM.attributes
                0x00000000       0x1c c:/nes/arm/10 2021.10/bin/../lib/gcc/arm-none-eabi/10.3.1/../../../../arm-none-eabi/lib/thumb/v7e-m+dp/hard/crt0.o
 .text          0x00000000        0x0 build/main.o
 .data          0x00000000        0x0 build/main.o
 .bss           0x00000000        0x0 build/main.o
 .text          0x00000000        0x0 build/gpio.o
 .data          0x00000000        0x0 build/gpio.o
 .bss           0x00000000        0x0 build/gpio.o
 .text          0x00000000        0x0 build/adc.o
 .data          0x00000000        0x0 build/adc.o
 .bss           0x00000000        0x0 build/adc.o
 .text.HAL_ADC_MspDeInit
                0x00000000       0xb8 build/adc.o
 .text          0x00000000        0x0 build/dac.o
 .data          0x00000000        0x0 build/dac.o
 .bss           0x00000000        0x0 build/dac.o
 .text.HAL_DAC_MspDeInit
                0x00000000       0x40 build/dac.o
 .text          0x00000000        0x0 build/dma.o
 .data          0x00000000        0x0 build/dma.o
 .bss           0x00000000        0x0 build/dma.o
 .text          0x00000000        0x0 build/fmc.o
 .data          0x00000000        0x0 build/fmc.o
 .bss           0x00000000        0x0 build/fmc.o
 .text.HAL_FMC_MspDeInit
                0x00000000       0x78 build/fmc.o
 .text.HAL_SDRAM_MspDeInit
                0x00000000        0x8 build/fmc.o
 .bss.FMC_DeInitialized
[...]
Memory Configuration

Name             Origin             Length             Attributes
DTCMRAM          0x20000000         0x00020000         xrw
RAM_D1           0x24000000         0x00080000         xrw
RAM_D2           0x30000000         0x00048000         xrw
RAM_D3           0x38000000         0x00010000         xrw
ITCMRAM          0x00000000         0x00010000         xrw
FLASH            0x08000000         0x00200000         xr
*default*        0x00000000         0xffffffff

Linker script and memory map

LOAD c:/nes/arm/10 2021.10/bin/../lib/gcc/arm-none-eabi/10.3.1/thumb/v7e-m+dp/hard/crti.o
LOAD c:/nes/arm/10 2021.10/bin/../lib/gcc/arm-none-eabi/10.3.1/thumb/v7e-m+dp/hard/crtbegin.o
LOAD c:/nes/arm/10 2021.10/bin/../lib/gcc/arm-none-eabi/10.3.1/../../../../arm-none-eabi/lib/thumb/v7e-m+dp/hard/crt0.o
LOAD build/main.o
LOAD build/gpio.o
LOAD build/adc.o
LOAD build/dac.o
LOAD build/dma.o
LOAD build/fmc.o
LOAD build/hrtim.o
LOAD build/i2c.o
LOAD build/usart.o
LOAD build/rtc.o
LOAD build/spi.o
LOAD build/tim.o
LOAD build/usb_otg.o
LOAD build/stm32h7xx_it.o
LOAD build/stm32h7xx_hal_msp.o
LOAD build/stm32h7xx_hal_adc.o
LOAD build/stm32h7xx_hal_adc_ex.o
LOAD build/stm32h7xx_hal_rcc.o
LOAD build/stm32h7xx_hal_rcc_ex.o
LOAD build/stm32h7xx_hal_flash.o
LOAD build/stm32h7xx_hal_flash_ex.o
LOAD build/stm32h7xx_hal_gpio.o
LOAD build/stm32h7xx_hal_hsem.o
LOAD build/stm32h7xx_hal_dma.o
LOAD build/stm32h7xx_hal_dma_ex.o
LOAD build/stm32h7xx_hal_mdma.o
LOAD build/stm32h7xx_hal_pwr.o
LOAD build/stm32h7xx_hal_pwr_ex.o
LOAD build/stm32h7xx_hal_cortex.o
LOAD build/stm32h7xx_hal.o
LOAD build/stm32h7xx_hal_i2c.o
LOAD build/stm32h7xx_hal_i2c_ex.o
LOAD build/stm32h7xx_hal_exti.o
LOAD build/stm32h7xx_hal_dac.o
LOAD build/stm32h7xx_hal_dac_ex.o
LOAD build/stm32h7xx_ll_fmc.o
LOAD build/stm32h7xx_hal_sdram.o
LOAD build/stm32h7xx_hal_hrtim.o
LOAD build/stm32h7xx_hal_uart.o
LOAD build/stm32h7xx_hal_uart_ex.o
LOAD build/stm32h7xx_hal_usart.o
LOAD build/stm32h7xx_hal_usart_ex.o
LOAD build/stm32h7xx_hal_rtc.o
LOAD build/stm32h7xx_hal_rtc_ex.o
LOAD build/stm32h7xx_hal_spi.o
LOAD build/stm32h7xx_hal_spi_ex.o
LOAD build/stm32h7xx_hal_tim.o
LOAD build/stm32h7xx_hal_tim_ex.o
LOAD build/system_stm32h7xx.o
LOAD build/sysmem.o
LOAD build/syscalls.o
LOAD build/startup_stm32h743xx.o
LOAD c:/nes/arm/10 2021.10/bin/../lib/gcc/arm-none-eabi/10.3.1/../../../../arm-none-eabi/lib/thumb/v7e-m+dp/hard\libc_nano.a
LOAD c:/nes/arm/10 2021.10/bin/../lib/gcc/arm-none-eabi/10.3.1/../../../../arm-none-eabi/lib/thumb/v7e-m+dp/hard\libm.a
LOAD c:/nes/arm/10 2021.10/bin/../lib/gcc/arm-none-eabi/10.3.1/../../../../arm-none-eabi/lib/thumb/v7e-m+dp/hard\libnosys.a
START GROUP
LOAD c:/nes/arm/10 2021.10/bin/../lib/gcc/arm-none-eabi/10.3.1/thumb/v7e-m+dp/hard\libgcc.a
LOAD c:/nes/arm/10 2021.10/bin/../lib/gcc/arm-none-eabi/10.3.1/../../../../arm-none-eabi/lib/thumb/v7e-m+dp/hard\libc_nano.a
END GROUP
START GROUP
LOAD c:/nes/arm/10 2021.10/bin/../lib/gcc/arm-none-eabi/10.3.1/thumb/v7e-m+dp/hard\libgcc.a
LOAD c:/nes/arm/10 2021.10/bin/../lib/gcc/arm-none-eabi/10.3.1/../../../../arm-none-eabi/lib/thumb/v7e-m+dp/hard\libc_nano.a
END GROUP
LOAD c:/nes/arm/10 2021.10/bin/../lib/gcc/arm-none-eabi/10.3.1/thumb/v7e-m+dp/hard/crtend.o
LOAD c:/nes/arm/10 2021.10/bin/../lib/gcc/arm-none-eabi/10.3.1/thumb/v7e-m+dp/hard/crtn.o
                0x20020000                _estack = (ORIGIN (DTCMRAM) + LENGTH (DTCMRAM))
                0x00000200                _Min_Heap_Size = 0x200
                0x00000400                _Min_Stack_Size = 0x400

.isr_vector     0x08000000      0x298
                0x08000000                . = ALIGN (0x4)
 *(.isr_vector)
 .isr_vector    0x08000000      0x298 build/startup_stm32h743xx.o
                0x08000000                g_pfnVectors
                0x08000298                . = ALIGN (0x4)

.text           0x08000298     0x9f18
                0x08000298                . = ALIGN (0x4)
 *(.text)
 .text          0x08000298       0x40 c:/nes/arm/10 2021.10/bin/../lib/gcc/arm-none-eabi/10.3.1/thumb/v7e-m+dp/hard/crtbegin.o
 .text          0x080002d8       0x30 c:/nes/arm/10 2021.10/bin/../lib/gcc/arm-none-eabi/10.3.1/thumb/v7e-m+dp/hard\libgcc.a(_aeabi_uldivmod.o)
                0x080002d8                __aeabi_uldivmod
 .text          0x08000308      0x2d0 c:/nes/arm/10 2021.10/bin/../lib/gcc/arm-none-eabi/10.3.1/thumb/v7e-m+dp/hard\libgcc.a(_udivmoddi4.o)
                0x08000308                __udivmoddi4
 .text          0x080005d8        0x4 c:/nes/arm/10 2021.10/bin/../lib/gcc/arm-none-eabi/10.3.1/thumb/v7e-m+dp/hard\libgcc.a(_dvmd_tls.o)
                0x080005d8                __aeabi_idiv0
                0x080005d8                __aeabi_ldiv0
 *(.text*)
 .text.set_led_brightness
                0x080005dc       0x2c build/main.o
 .text.Error_Handler
                0x08000608        0x4 build/main.o
                0x08000608                Error_Handler
 .text.SystemClock_Config
                0x0800060c       0xdc build/main.o
                0x0800060c                SystemClock_Config
 .text.PeriphCommonClock_Config
                0x080006e8       0x46 build/main.o
                0x080006e8                PeriphCommonClock_Config
 *fill*         0x0800072e        0x2 
 .text.main     0x08000730      0x18c build/main.o
                0x08000730                main
 .text.MX_GPIO_Init
                0x080008bc      0x2a4 build/gpio.o
                0x080008bc                MX_GPIO_Init
 .text.MX_ADC1_Init
                0x08000b60       0xa8 build/adc.o
                0x08000b60                MX_ADC1_Init
 .text.MX_ADC2_Init
                0x08000c08       0x8c build/adc.o
                0x08000c08                MX_ADC2_Init
 .text.MX_ADC3_Init
                0x08000c94       0x94 build/adc.o
                0x08000c94                MX_ADC3_Init
 .text.HAL_ADC_MspInit
                0x08000d28      0x280 build/adc.o
                0x08000d28                HAL_ADC_MspInit
 .text.MX_DAC1_Init
                0x08000fa8       0x60 build/dac.o
                0x08000fa8                MX_DAC1_Init
 .text.HAL_DAC_MspInit
                0x08001008       0xf8 build/dac.o
                0x08001008                HAL_DAC_MspInit
 .text.MX_DMA_Init
                0x08001100       0x58 build/dma.o
                0x08001100                MX_DMA_Init
 .text.HAL_FMC_MspInit
                0x08001158      0x104 build/fmc.o
 .text.MX_FMC_Init
                0x0800125c       0x60 build/fmc.o
                0x0800125c                MX_FMC_Init
 .text.HAL_SDRAM_MspInit
                0x080012bc        0x8 build/fmc.o
                0x080012bc                HAL_SDRAM_MspInit
 .text.HAL_HRTIM_MspInit
                0x080012c4       0x94 build/hrtim.o
                0x080012c4                HAL_HRTIM_MspInit
 .text.HAL_HRTIM_MspPostInit
                0x08001358       0xbc build/hrtim.o
                0x08001358                HAL_HRTIM_MspPostInit
 .text.MX_HRTIM_Init
                0x08001414      0x184 build/hrtim.o
                0x08001414                MX_HRTIM_Init
 .text.MX_I2C2_Init
                0x08001598       0x58 build/i2c.o
                0x08001598                MX_I2C2_Init
 .text.MX_I2C3_Init
                0x080015f0       0x58 build/i2c.o
                0x080015f0                MX_I2C3_Init
 .text.MX_I2C4_Init
                0x08001648       0x58 build/i2c.o
                0x08001648                MX_I2C4_Init
 .text.HAL_I2C_MspInit
                0x080016a0      0x1ac build/i2c.o
                0x080016a0                HAL_I2C_MspInit
 .text.MX_LPUART1_UART_Init
                0x0800184c       0x6c build/usart.o
                0x0800184c                MX_LPUART1_UART_Init
 .text.MX_UART4_Init
                0x080018b8       0x68 build/usart.o
                0x080018b8                MX_UART4_Init
 .text.MX_UART7_Init
                0x08001920       0x68 build/usart.o
                0x08001920                MX_UART7_Init
 .text.MX_UART8_Init
                0x08001988       0x68 build/usart.o
                0x08001988                MX_UART8_Init
 .text.MX_USART1_Init
                0x080019f0       0x68 build/usart.o
                0x080019f0                MX_USART1_Init
 .text.MX_USART2_UART_Init
                0x08001a58       0x68 build/usart.o
                0x08001a58                MX_USART2_UART_Init
 .text.HAL_UART_MspInit
                0x08001ac0      0x2f0 build/usart.o
                0x08001ac0                HAL_UART_MspInit
 .text.HAL_USART_MspInit
                0x08001db0       0xcc build/usart.o
                0x08001db0                HAL_USART_MspInit
 .text.MX_RTC_Init
                0x08001e7c       0x34 build/rtc.o
                0x08001e7c                MX_RTC_Init
 .text.HAL_RTC_MspInit
                0x08001eb0       0x4c build/rtc.o
                0x08001eb0                HAL_RTC_MspInit
 .text.MX_SPI1_Init
                0x08001efc       0x58 build/spi.o
                0x08001efc                MX_SPI1_Init
 .text.MX_SPI2_Init
                0x08001f54       0x58 build/spi.o
                0x08001f54                MX_SPI2_Init
 .text.MX_SPI5_Init
                0x08001fac       0x58 build/spi.o
                0x08001fac                MX_SPI5_Init
 .text.MX_SPI6_Init
                0x08002004       0x58 build/spi.o
                0x08002004                MX_SPI6_Init
 .text.HAL_SPI_MspInit
                0x0800205c      0x2b4 build/spi.o
                0x0800205c                HAL_SPI_MspInit
 .text.MX_TIM1_Init
                0x08002310       0x78 build/tim.o
                0x08002310                MX_TIM1_Init
 .text.MX_TIM4_Init
                0x08002388       0xa8 build/tim.o
                0x08002388                MX_TIM4_Init
 .text.MX_TIM5_Init
                0x08002430       0x64 build/tim.o
                0x08002430                MX_TIM5_Init
 .text.MX_TIM6_Init
                0x08002494       0x50 build/tim.o
                0x08002494                MX_TIM6_Init
 .text.MX_TIM7_Init
                0x080024e4       0x50 build/tim.o
                0x080024e4                MX_TIM7_Init
 .text.MX_TIM12_Init
                0x08002534       0x9c build/tim.o
                0x08002534                MX_TIM12_Init
 .text.MX_TIM13_Init
                0x080025d0       0x30 build/tim.o
                0x080025d0                MX_TIM13_Init
 .text.MX_TIM15_Init
                0x08002600       0x7c build/tim.o
                0x08002600                MX_TIM15_Init
 .text.MX_TIM16_Init
                0x0800267c       0x30 build/tim.o
                0x0800267c                MX_TIM16_Init
 .text.MX_TIM17_Init
                0x080026ac       0x30 build/tim.o
                0x080026ac                MX_TIM17_Init
 .text.HAL_TIM_Base_MspInit
                0x080026dc      0x150 build/tim.o
                0x080026dc                HAL_TIM_Base_MspInit
 .text.HAL_TIM_IC_MspInit
                0x0800282c      0x1a4 build/tim.o
                0x0800282c                HAL_TIM_IC_MspInit
 .text.HAL_TIM_Encoder_MspInit
                0x080029d0       0xa0 build/tim.o
                0x080029d0                HAL_TIM_Encoder_MspInit
 .text.HAL_TIM_MspPostInit
                0x08002a70       0xd8 build/tim.o
                0x08002a70                HAL_TIM_MspPostInit
 .text.MX_TIM2_Init
                0x08002b48       0xc8 build/tim.o
                0x08002b48                MX_TIM2_Init
 .text.MX_TIM8_Init
                0x08002c10       0xfc build/tim.o
                0x08002c10                MX_TIM8_Init
 .text.MX_TIM14_Init
                0x08002d0c       0x74 build/tim.o
                0x08002d0c                MX_TIM14_Init
 .text.MX_USB_OTG_FS_USB_Init
                0x08002d80        0x2 build/usb_otg.o
                0x08002d80                MX_USB_OTG_FS_USB_Init
 .text.NMI_Handler
                0x08002d82        0x2 build/stm32h7xx_it.o
                0x08002d82                NMI_Handler
 .text.HardFault_Handler
                0x08002d84        0x2 build/stm32h7xx_it.o
                0x08002d84                HardFault_Handler
 .text.MemManage_Handler
                0x08002d86        0x2 build/stm32h7xx_it.o
                0x08002d86                MemManage_Handler
 .text.BusFault_Handler
                0x08002d88        0x2 build/stm32h7xx_it.o
                0x08002d88                BusFault_Handler
 .text.UsageFault_Handler
                0x08002d8a        0x2 build/stm32h7xx_it.o
                0x08002d8a                UsageFault_Handler
 .text.SVC_Handler
                0x08002d8c        0x2 build/stm32h7xx_it.o
                0x08002d8c                SVC_Handler
 .text.DebugMon_Handler
                0x08002d8e        0x2 build/stm32h7xx_it.o
                0x08002d8e                DebugMon_Handler
 .text.PendSV_Handler
                0x08002d90        0x2 build/stm32h7xx_it.o
                0x08002d90                PendSV_Handler
 .text.SysTick_Handler
                0x08002d92        0x8 build/stm32h7xx_it.o
                0x08002d92                SysTick_Handler
 *fill*         0x08002d9a        0x2 
 .text.DMA1_Stream2_IRQHandler
                0x08002d9c       0x10 build/stm32h7xx_it.o
                0x08002d9c                DMA1_Stream2_IRQHandler
 .text.DMA1_Stream3_IRQHandler
                0x08002dac       0x10 build/stm32h7xx_it.o
                0x08002dac                DMA1_Stream3_IRQHandler
 .text.DMA1_Stream4_IRQHandler
                0x08002dbc       0x10 build/stm32h7xx_it.o
                0x08002dbc                DMA1_Stream4_IRQHandler
 .text.ADC_IRQHandler
                0x08002dcc       0x18 build/stm32h7xx_it.o
                0x08002dcc                ADC_IRQHandler
 .text.TIM1_UP_IRQHandler
                0x08002de4       0x10 build/stm32h7xx_it.o
                0x08002de4                TIM1_UP_IRQHandler
 .text.HAL_MspInit
                0x08002df4       0x24 build/stm32h7xx_hal_msp.o
                0x08002df4                HAL_MspInit
 .text.HAL_ADC_ConvCpltCallback
                0x08002e18        0x2 build/stm32h7xx_hal_adc.o
                0x08002e18                HAL_ADC_ConvCpltCallback
 .text.HAL_ADC_LevelOutOfWindowCallback
                0x08002e1a        0x2 build/stm32h7xx_hal_adc.o
                0x08002e1a                HAL_ADC_LevelOutOfWindowCallback
 .text.HAL_ADC_ErrorCallback
                0x08002e1c        0x2 build/stm32h7xx_hal_adc.o
                0x08002e1c                HAL_ADC_ErrorCallback
 *fill*         0x08002e1e        0x2 
 .text.HAL_ADC_IRQHandler
                0x08002e20      0x2d8 build/stm32h7xx_hal_adc.o
                0x08002e20                HAL_ADC_IRQHandler
 .text.HAL_ADC_ConfigChannel
                0x080030f8      0x4e8 build/stm32h7xx_hal_adc.o
                0x080030f8                HAL_ADC_ConfigChannel
 .text.ADC_ConfigureBoostMode
                0x080035e0      0x164 build/stm32h7xx_hal_adc.o
                0x080035e0                ADC_ConfigureBoostMode
 .text.HAL_ADC_Init
                0x08003744      0x264 build/stm32h7xx_hal_adc.o
                0x08003744                HAL_ADC_Init
 .text.HAL_ADCEx_InjectedConvCpltCallback
                0x080039a8        0x2 build/stm32h7xx_hal_adc_ex.o
                0x080039a8                HAL_ADCEx_InjectedConvCpltCallback
 .text.HAL_ADCEx_InjectedQueueOverflowCallback
                0x080039aa        0x2 build/stm32h7xx_hal_adc_ex.o
                0x080039aa                HAL_ADCEx_InjectedQueueOverflowCallback
 .text.HAL_ADCEx_LevelOutOfWindow2Callback
                0x080039ac        0x2 build/stm32h7xx_hal_adc_ex.o
                0x080039ac                HAL_ADCEx_LevelOutOfWindow2Callback
 .text.HAL_ADCEx_LevelOutOfWindow3Callback
                0x080039ae        0x2 build/stm32h7xx_hal_adc_ex.o
                0x080039ae                HAL_ADCEx_LevelOutOfWindow3Callback
 .text.HAL_ADCEx_EndOfSamplingCallback
                0x080039b0        0x2 build/stm32h7xx_hal_adc_ex.o
                0x080039b0                HAL_ADCEx_EndOfSamplingCallback
 *fill*         0x080039b2        0x2 
 .text.HAL_ADCEx_MultiModeConfigChannel
                0x080039b4      0x164 build/stm32h7xx_hal_adc_ex.o
                0x080039b4                HAL_ADCEx_MultiModeConfigChannel
 .text.HAL_RCC_OscConfig
                0x08003b18      0x648 build/stm32h7xx_hal_rcc.o
                0x08003b18                HAL_RCC_OscConfig
 .text.HAL_RCC_GetSysClockFreq
                0x08004160      0x1f4 build/stm32h7xx_hal_rcc.o
                0x08004160                HAL_RCC_GetSysClockFreq
 .text.HAL_RCC_ClockConfig
                0x08004354      0x294 build/stm32h7xx_hal_rcc.o
                0x08004354                HAL_RCC_ClockConfig
 .text.HAL_RCC_GetHCLKFreq
                0x080045e8       0x44 build/stm32h7xx_hal_rcc.o
                0x080045e8                HAL_RCC_GetHCLKFreq
 .text.HAL_RCC_GetPCLK1Freq
                0x0800462c       0x24 build/stm32h7xx_hal_rcc.o
                0x0800462c                HAL_RCC_GetPCLK1Freq
 .text.HAL_RCC_GetPCLK2Freq
                0x08004650       0x24 build/stm32h7xx_hal_rcc.o
                0x08004650                HAL_RCC_GetPCLK2Freq
 .text.RCCEx_PLL2_Config
                0x08004674      0x10c build/stm32h7xx_hal_rcc_ex.o
 .text.RCCEx_PLL3_Config
                0x08004780      0x10c build/stm32h7xx_hal_rcc_ex.o
 .text.HAL_RCCEx_PeriphCLKConfig
                0x0800488c      0x9c4 build/stm32h7xx_hal_rcc_ex.o
                0x0800488c                HAL_RCCEx_PeriphCLKConfig
 .text.HAL_RCCEx_GetD3PCLK1Freq
                0x08005250       0x24 build/stm32h7xx_hal_rcc_ex.o
                0x08005250                HAL_RCCEx_GetD3PCLK1Freq
 .text.HAL_RCCEx_GetPLL2ClockFreq
                0x08005274      0x1f8 build/stm32h7xx_hal_rcc_ex.o
                0x08005274                HAL_RCCEx_GetPLL2ClockFreq
 .text.HAL_RCCEx_GetPLL3ClockFreq
                0x0800546c      0x1f8 build/stm32h7xx_hal_rcc_ex.o
                0x0800546c                HAL_RCCEx_GetPLL3ClockFreq
 .text.HAL_RCCEx_GetPLL1ClockFreq
                0x08005664      0x1f8 build/stm32h7xx_hal_rcc_ex.o
                0x08005664                HAL_RCCEx_GetPLL1ClockFreq
 .text.HAL_RCCEx_GetPeriphCLKFreq
                0x0800585c      0x614 build/stm32h7xx_hal_rcc_ex.o
                0x0800585c                HAL_RCCEx_GetPeriphCLKFreq
 .text.HAL_GPIO_Init
                0x08005e70      0x1fc build/stm32h7xx_hal_gpio.o
                0x08005e70                HAL_GPIO_Init
 .text.HAL_GPIO_ReadPin
                0x0800606c        0xe build/stm32h7xx_hal_gpio.o
                0x0800606c                HAL_GPIO_ReadPin
 .text.HAL_GPIO_WritePin
                0x0800607a        0xc build/stm32h7xx_hal_gpio.o
                0x0800607a                HAL_GPIO_WritePin
 *fill*         0x08006086        0x2 
 .text.DMA_CalcBaseAndBitshift
                0x08006088       0xb4 build/stm32h7xx_hal_dma.o
 .text.DMA_CheckFifoParam
                0x0800613c       0x92 build/stm32h7xx_hal_dma.o
 *fill*         0x080061ce        0x2 
 .text.DMA_CalcDMAMUXChannelBaseAndMask
                0x080061d0       0xb0 build/stm32h7xx_hal_dma.o
 .text.DMA_CalcDMAMUXRequestGenBaseAndMask
                0x08006280       0x7c build/stm32h7xx_hal_dma.o
 .text.HAL_DMA_Init
                0x080062fc      0x3a4 build/stm32h7xx_hal_dma.o
                0x080062fc                HAL_DMA_Init
 .text.HAL_DMA_IRQHandler
                0x080066a0      0x738 build/stm32h7xx_hal_dma.o
                0x080066a0                HAL_DMA_IRQHandler
 .text.HAL_PWREx_ConfigSupply
                0x08006dd8       0x54 build/stm32h7xx_hal_pwr_ex.o
                0x08006dd8                HAL_PWREx_ConfigSupply
 .text.HAL_NVIC_SetPriorityGrouping
                0x08006e2c       0x24 build/stm32h7xx_hal_cortex.o
                0x08006e2c                HAL_NVIC_SetPriorityGrouping
 .text.HAL_NVIC_SetPriority
                0x08006e50       0x6c build/stm32h7xx_hal_cortex.o
                0x08006e50                HAL_NVIC_SetPriority
 .text.HAL_NVIC_EnableIRQ
                0x08006ebc       0x1c build/stm32h7xx_hal_cortex.o
                0x08006ebc                HAL_NVIC_EnableIRQ
 .text.HAL_SYSTICK_Config
                0x08006ed8       0x28 build/stm32h7xx_hal_cortex.o
                0x08006ed8                HAL_SYSTICK_Config
 .text.HAL_InitTick
                0x08006f00       0x50 build/stm32h7xx_hal.o
                0x08006f00                HAL_InitTick
 .text.HAL_Init
                0x08006f50       0x5c build/stm32h7xx_hal.o
                0x08006f50                HAL_Init
 .text.HAL_IncTick
                0x08006fac       0x18 build/stm32h7xx_hal.o
                0x08006fac                HAL_IncTick
 .text.HAL_GetTick
                0x08006fc4        0xc build/stm32h7xx_hal.o
                0x08006fc4                HAL_GetTick
 .text.HAL_Delay
                0x08006fd0       0x28 build/stm32h7xx_hal.o
                0x08006fd0                HAL_Delay
 .text.HAL_GetREVID
                0x08006ff8        0xc build/stm32h7xx_hal.o
                0x08006ff8                HAL_GetREVID
 .text.HAL_SYSCFG_AnalogSwitchConfig
                0x08007004       0x14 build/stm32h7xx_hal.o
                0x08007004                HAL_SYSCFG_AnalogSwitchConfig
 .text.HAL_I2C_Init
                0x08007018       0xbc build/stm32h7xx_hal_i2c.o
                0x08007018                HAL_I2C_Init
 .text.HAL_I2CEx_ConfigAnalogFilter
                0x080070d4       0x5c build/stm32h7xx_hal_i2c_ex.o
                0x080070d4                HAL_I2CEx_ConfigAnalogFilter
 .text.HAL_I2CEx_ConfigDigitalFilter
                0x08007130       0x58 build/stm32h7xx_hal_i2c_ex.o
                0x08007130                HAL_I2CEx_ConfigDigitalFilter
 .text.HAL_DAC_Init
                0x08007188       0x24 build/stm32h7xx_hal_dac.o
                0x08007188                HAL_DAC_Init
 .text.HAL_DAC_ConfigChannel
                0x080071ac      0x15c build/stm32h7xx_hal_dac.o
                0x080071ac                HAL_DAC_ConfigChannel
 .text.FMC_SDRAM_Init
                0x08007308       0x74 build/stm32h7xx_ll_fmc.o
                0x08007308                FMC_SDRAM_Init
 .text.FMC_SDRAM_Timing_Init
                0x0800737c       0xa8 build/stm32h7xx_ll_fmc.o
                0x0800737c                FMC_SDRAM_Timing_Init
 .text.HAL_SDRAM_Init
                0x08007424       0x50 build/stm32h7xx_hal_sdram.o
                0x08007424                HAL_SDRAM_Init
 .text.HRTIM_MasterBase_Config
                0x08007474       0x2a build/stm32h7xx_hal_hrtim.o
 .text.HRTIM_TimingUnitBase_Config
                0x0800749e       0x40 build/stm32h7xx_hal_hrtim.o
 .text.HRTIM_MasterWaveform_Config
                0x080074de       0x58 build/stm32h7xx_hal_hrtim.o
 .text.HRTIM_TimingUnitWaveform_Config
                0x08007536      0x14c build/stm32h7xx_hal_hrtim.o
 .text.HRTIM_OutputConfig
                0x08007682       0xf0 build/stm32h7xx_hal_hrtim.o
 .text.HRTIM_ForceRegistersUpdate
                0x08007772       0x6e build/stm32h7xx_hal_hrtim.o
 .text.HAL_HRTIM_Init
                0x080077e0       0xdc build/stm32h7xx_hal_hrtim.o
                0x080077e0                HAL_HRTIM_Init
 .text.HAL_HRTIM_TimeBaseConfig
                0x080078bc       0x32 build/stm32h7xx_hal_hrtim.o
                0x080078bc                HAL_HRTIM_TimeBaseConfig
 *fill*         0x080078ee        0x2 
 .text.HAL_HRTIM_FaultConfig
                0x080078f0      0x190 build/stm32h7xx_hal_hrtim.o
                0x080078f0                HAL_HRTIM_FaultConfig
 .text.HAL_HRTIM_FaultPrescalerConfig
                0x08007a80       0x4c build/stm32h7xx_hal_hrtim.o
                0x08007a80                HAL_HRTIM_FaultPrescalerConfig
 .text.HAL_HRTIM_FaultModeCtl
                0x08007acc       0x9e build/stm32h7xx_hal_hrtim.o
                0x08007acc                HAL_HRTIM_FaultModeCtl
 .text.HAL_HRTIM_WaveformTimerConfig
                0x08007b6a       0x70 build/stm32h7xx_hal_hrtim.o
                0x08007b6a                HAL_HRTIM_WaveformTimerConfig
 .text.HAL_HRTIM_WaveformOutputConfig
                0x08007bda       0x38 build/stm32h7xx_hal_hrtim.o
                0x08007bda                HAL_HRTIM_WaveformOutputConfig
 *fill*         0x08007c12        0x2 
 .text.UART_SetConfig
                0x08007c14      0x5f4 build/stm32h7xx_hal_uart.o
                0x08007c14                UART_SetConfig
 .text.UART_AdvFeatureConfig
                0x08008208       0xca build/stm32h7xx_hal_uart.o
                0x08008208                UART_AdvFeatureConfig
 .text.UART_WaitOnFlagUntilTimeout
                0x080082d2       0xb0 build/stm32h7xx_hal_uart.o
                0x080082d2                UART_WaitOnFlagUntilTimeout
 .text.UART_CheckIdleState
                0x08008382       0x74 build/stm32h7xx_hal_uart.o
                0x08008382                UART_CheckIdleState
 .text.HAL_UART_Init
                0x080083f6       0x66 build/stm32h7xx_hal_uart.o
                0x080083f6                HAL_UART_Init
 .text.UARTEx_SetNbDataToProcess
                0x0800845c       0x4c build/stm32h7xx_hal_uart_ex.o
 .text.HAL_UARTEx_DisableFifoMode
                0x080084a8       0x3e build/stm32h7xx_hal_uart_ex.o
                0x080084a8                HAL_UARTEx_DisableFifoMode
 .text.HAL_UARTEx_SetTxFifoThreshold
                0x080084e6       0x4a build/stm32h7xx_hal_uart_ex.o
                0x080084e6                HAL_UARTEx_SetTxFifoThreshold
 .text.HAL_UARTEx_SetRxFifoThreshold
                0x08008530       0x4a build/stm32h7xx_hal_uart_ex.o
                0x08008530                HAL_UARTEx_SetRxFifoThreshold
 *fill*         0x0800857a        0x2 
 .text.USART_SetConfig
                0x0800857c      0x5d8 build/stm32h7xx_hal_usart.o
 .text.USART_WaitOnFlagUntilTimeout
                0x08008b54       0x54 build/stm32h7xx_hal_usart.o
 .text.USART_CheckIdleState
                0x08008ba8       0x6c build/stm32h7xx_hal_usart.o
 .text.HAL_USART_Init
                0x08008c14       0x5a build/stm32h7xx_hal_usart.o
                0x08008c14                HAL_USART_Init
 *fill*         0x08008c6e        0x2 
 .text.USARTEx_SetNbDataToProcess
                0x08008c70       0x44 build/stm32h7xx_hal_usart_ex.o
 .text.HAL_USARTEx_DisableFifoMode
                0x08008cb4       0x3e build/stm32h7xx_hal_usart_ex.o
                0x08008cb4                HAL_USARTEx_DisableFifoMode
 .text.HAL_USARTEx_SetTxFifoThreshold
                0x08008cf2       0x48 build/stm32h7xx_hal_usart_ex.o
                0x08008cf2                HAL_USARTEx_SetTxFifoThreshold
 .text.HAL_USARTEx_SetRxFifoThreshold
                0x08008d3a       0x48 build/stm32h7xx_hal_usart_ex.o
                0x08008d3a                HAL_USARTEx_SetRxFifoThreshold
 .text.HAL_RTC_WaitForSynchro
                0x08008d82       0x32 build/stm32h7xx_hal_rtc.o
                0x08008d82                HAL_RTC_WaitForSynchro
 .text.RTC_EnterInitMode
                0x08008db4       0x40 build/stm32h7xx_hal_rtc.o
                0x08008db4                RTC_EnterInitMode
 .text.RTC_ExitInitMode
                0x08008df4       0x50 build/stm32h7xx_hal_rtc.o
                0x08008df4                RTC_ExitInitMode
 .text.HAL_RTC_Init
                0x08008e44       0x98 build/stm32h7xx_hal_rtc.o
                0x08008e44                HAL_RTC_Init
 .text.SPI_GetPacketSize
                0x08008edc       0x10 build/stm32h7xx_hal_spi.o
 .text.HAL_SPI_Init
                0x08008eec      0x160 build/stm32h7xx_hal_spi.o
                0x08008eec                HAL_SPI_Init
 .text.TIM_OC1_SetConfig
                0x0800904c       0xa8 build/stm32h7xx_hal_tim.o
 .text.TIM_OC3_SetConfig
                0x080090f4       0x90 build/stm32h7xx_hal_tim.o
 .text.TIM_OC4_SetConfig
                0x08009184       0x70 build/stm32h7xx_hal_tim.o
 .text.TIM_OC5_SetConfig
                0x080091f4       0x70 build/stm32h7xx_hal_tim.o
 .text.TIM_OC6_SetConfig
                0x08009264       0x70 build/stm32h7xx_hal_tim.o
 .text.TIM_TI1_ConfigInputStage
                0x080092d4       0x26 build/stm32h7xx_hal_tim.o
 .text.TIM_TI2_SetConfig
                0x080092fa       0x36 build/stm32h7xx_hal_tim.o
 .text.TIM_TI2_ConfigInputStage
                0x08009330       0x28 build/stm32h7xx_hal_tim.o
 .text.TIM_TI3_SetConfig
                0x08009358       0x36 build/stm32h7xx_hal_tim.o
 .text.TIM_TI4_SetConfig
                0x0800938e       0x36 build/stm32h7xx_hal_tim.o
 .text.TIM_ITRx_SetConfig
                0x080093c4       0x14 build/stm32h7xx_hal_tim.o
 .text.HAL_TIM_PWM_MspInit
                0x080093d8        0x2 build/stm32h7xx_hal_tim.o
                0x080093d8                HAL_TIM_PWM_MspInit
 .text.HAL_TIM_PeriodElapsedCallback
                0x080093da        0x2 build/stm32h7xx_hal_tim.o
                0x080093da                HAL_TIM_PeriodElapsedCallback
 .text.HAL_TIM_OC_DelayElapsedCallback
                0x080093dc        0x2 build/stm32h7xx_hal_tim.o
                0x080093dc                HAL_TIM_OC_DelayElapsedCallback
 .text.HAL_TIM_IC_CaptureCallback
                0x080093de        0x2 build/stm32h7xx_hal_tim.o
                0x080093de                HAL_TIM_IC_CaptureCallback
 .text.HAL_TIM_PWM_PulseFinishedCallback
                0x080093e0        0x2 build/stm32h7xx_hal_tim.o
                0x080093e0                HAL_TIM_PWM_PulseFinishedCallback
 .text.HAL_TIM_TriggerCallback
                0x080093e2        0x2 build/stm32h7xx_hal_tim.o
                0x080093e2                HAL_TIM_TriggerCallback
 .text.HAL_TIM_IRQHandler
                0x080093e4      0x19a build/stm32h7xx_hal_tim.o
                0x080093e4                HAL_TIM_IRQHandler
 *fill*         0x0800957e        0x2 
 .text.TIM_Base_SetConfig
                0x08009580      0x104 build/stm32h7xx_hal_tim.o
                0x08009580                TIM_Base_SetConfig
 .text.HAL_TIM_Base_Init
                0x08009684       0x60 build/stm32h7xx_hal_tim.o
                0x08009684                HAL_TIM_Base_Init
 .text.HAL_TIM_PWM_Init
                0x080096e4       0x60 build/stm32h7xx_hal_tim.o
                0x080096e4                HAL_TIM_PWM_Init
 .text.HAL_TIM_IC_Init
                0x08009744       0x60 build/stm32h7xx_hal_tim.o
                0x08009744                HAL_TIM_IC_Init
 .text.HAL_TIM_Encoder_Init
                0x080097a4       0xb4 build/stm32h7xx_hal_tim.o
                0x080097a4                HAL_TIM_Encoder_Init
 .text.TIM_OC2_SetConfig
                0x08009858       0x94 build/stm32h7xx_hal_tim.o
                0x08009858                TIM_OC2_SetConfig
 .text.HAL_TIM_PWM_ConfigChannel
                0x080098ec      0x128 build/stm32h7xx_hal_tim.o
                0x080098ec                HAL_TIM_PWM_ConfigChannel
 .text.TIM_TI1_SetConfig
                0x08009a14       0x94 build/stm32h7xx_hal_tim.o
                0x08009a14                TIM_TI1_SetConfig
 .text.HAL_TIM_IC_ConfigChannel
                0x08009aa8       0xb4 build/stm32h7xx_hal_tim.o
                0x08009aa8                HAL_TIM_IC_ConfigChannel
 .text.TIM_ETR_SetConfig
                0x08009b5c       0x1a build/stm32h7xx_hal_tim.o
                0x08009b5c                TIM_ETR_SetConfig
 *fill*         0x08009b76        0x2 
 .text.HAL_TIM_ConfigClockSource
                0x08009b78      0x108 build/stm32h7xx_hal_tim.o
                0x08009b78                HAL_TIM_ConfigClockSource
 .text.TIM_SlaveTimer_SetConfig
                0x08009c80       0x98 build/stm32h7xx_hal_tim.o
 .text.HAL_TIM_SlaveConfigSynchro
                0x08009d18       0x52 build/stm32h7xx_hal_tim.o
                0x08009d18                HAL_TIM_SlaveConfigSynchro
 .text.TIM_CCxChannelCmd
                0x08009d6a       0x1e build/stm32h7xx_hal_tim.o
                0x08009d6a                TIM_CCxChannelCmd
 .text.HAL_TIM_PWM_Start
                0x08009d88      0x160 build/stm32h7xx_hal_tim.o
                0x08009d88                HAL_TIM_PWM_Start
 .text.HAL_TIMEx_MasterConfigSynchronization
                0x08009ee8       0x98 build/stm32h7xx_hal_tim_ex.o
                0x08009ee8                HAL_TIMEx_MasterConfigSynchronization
 .text.HAL_TIMEx_ConfigBreakDeadTime
                0x08009f80       0x90 build/stm32h7xx_hal_tim_ex.o
                0x08009f80                HAL_TIMEx_ConfigBreakDeadTime
 .text.HAL_TIMEx_CommutCallback
                0x0800a010        0x2 build/stm32h7xx_hal_tim_ex.o
                0x0800a010                HAL_TIMEx_CommutCallback
 .text.HAL_TIMEx_BreakCallback
                0x0800a012        0x2 build/stm32h7xx_hal_tim_ex.o
                0x0800a012                HAL_TIMEx_BreakCallback
 .text.HAL_TIMEx_Break2Callback
                0x0800a014        0x2 build/stm32h7xx_hal_tim_ex.o
                0x0800a014                HAL_TIMEx_Break2Callback
 *fill*         0x0800a016        0x2 
 .text.SystemInit
                0x0800a018       0xd4 build/system_stm32h7xx.o
                0x0800a018                SystemInit
 .text.Reset_Handler
                0x0800a0ec       0x50 build/startup_stm32h743xx.o
                0x0800a0ec                Reset_Handler
 .text.Default_Handler
                0x0800a13c        0x2 build/startup_stm32h743xx.o
                0x0800a13c                RTC_Alarm_IRQHandler
                0x0800a13c                EXTI2_IRQHandler
                0x0800a13c                TIM8_CC_IRQHandler
                0x0800a13c                HRTIM1_Master_IRQHandler
                0x0800a13c                UART8_IRQHandler
                0x0800a13c                SPI4_IRQHandler
                0x0800a13c                TIM1_CC_IRQHandler
                0x0800a13c                BDMA_Channel6_IRQHandler
                0x0800a13c                DMA2_Stream5_IRQHandler
                0x0800a13c                HRTIM1_FLT_IRQHandler
                0x0800a13c                JPEG_IRQHandler
                0x0800a13c                DMA1_Stream5_IRQHandler
                0x0800a13c                BDMA_Channel1_IRQHandler
                0x0800a13c                HRTIM1_TIMD_IRQHandler
                0x0800a13c                TAMP_STAMP_IRQHandler
                0x0800a13c                EXTI3_IRQHandler
                0x0800a13c                LPTIM4_IRQHandler
                0x0800a13c                TIM8_TRG_COM_TIM14_IRQHandler
                0x0800a13c                LPTIM2_IRQHandler
                0x0800a13c                DFSDM1_FLT1_IRQHandler
                0x0800a13c                DMAMUX2_OVR_IRQHandler
                0x0800a13c                TIM8_UP_TIM13_IRQHandler
                0x0800a13c                I2C3_ER_IRQHandler
                0x0800a13c                DFSDM1_FLT2_IRQHandler
                0x0800a13c                MDMA_IRQHandler
                0x0800a13c                LPTIM3_IRQHandler
                0x0800a13c                HSEM1_IRQHandler
                0x0800a13c                EXTI0_IRQHandler
                0x0800a13c                I2C2_EV_IRQHandler
                0x0800a13c                FPU_IRQHandler
                0x0800a13c                OTG_HS_WKUP_IRQHandler
                0x0800a13c                FDCAN1_IT1_IRQHandler
                0x0800a13c                LTDC_ER_IRQHandler
                0x0800a13c                DMA2_Stream2_IRQHandler
                0x0800a13c                HRTIM1_TIME_IRQHandler
                0x0800a13c                SPI1_IRQHandler
                0x0800a13c                TIM6_DAC_IRQHandler
                0x0800a13c                DCMI_IRQHandler
                0x0800a13c                HRTIM1_TIMC_IRQHandler
                0x0800a13c                DMA2_Stream3_IRQHandler
                0x0800a13c                SAI2_IRQHandler
                0x0800a13c                DFSDM1_FLT3_IRQHandler
                0x0800a13c                USART6_IRQHandler
                0x0800a13c                TIM17_IRQHandler
                0x0800a13c                USART3_IRQHandler
                0x0800a13c                BDMA_Channel7_IRQHandler
                0x0800a13c                LPTIM5_IRQHandler
                0x0800a13c                UART5_IRQHandler
                0x0800a13c                ADC3_IRQHandler
                0x0800a13c                DMA2_Stream0_IRQHandler
                0x0800a13c                TIM4_IRQHandler
                0x0800a13c                BDMA_Channel2_IRQHandler
                0x0800a13c                QUADSPI_IRQHandler
                0x0800a13c                I2C1_EV_IRQHandler
                0x0800a13c                DMA1_Stream6_IRQHandler
                0x0800a13c                DMAMUX1_OVR_IRQHandler
                0x0800a13c                DMA1_Stream1_IRQHandler
                0x0800a13c                TIM16_IRQHandler
                0x0800a13c                UART4_IRQHandler
                0x0800a13c                BDMA_Channel5_IRQHandler
                0x0800a13c                TIM3_IRQHandler
                0x0800a13c                RCC_IRQHandler
                0x0800a13c                TIM8_BRK_TIM12_IRQHandler
                0x0800a13c                TIM1_TRG_COM_IRQHandler
                0x0800a13c                Default_Handler
                0x0800a13c                ECC_IRQHandler
                0x0800a13c                CEC_IRQHandler
                0x0800a13c                EXTI15_10_IRQHandler
                0x0800a13c                BDMA_Channel0_IRQHandler
                0x0800a13c                DMA1_Stream7_IRQHandler
                0x0800a13c                HRTIM1_TIMA_IRQHandler
                0x0800a13c                SPI5_IRQHandler
                0x0800a13c                TIM7_IRQHandler
                0x0800a13c                SDMMC1_IRQHandler
                0x0800a13c                TIM5_IRQHandler
                0x0800a13c                DMA2_Stream7_IRQHandler
                0x0800a13c                TIM15_IRQHandler
                0x0800a13c                PVD_AVD_IRQHandler
                0x0800a13c                I2C3_EV_IRQHandler
                0x0800a13c                EXTI9_5_IRQHandler
                0x0800a13c                RTC_WKUP_IRQHandler
                0x0800a13c                LTDC_IRQHandler
                0x0800a13c                SAI3_IRQHandler
                0x0800a13c                ETH_WKUP_IRQHandler
                0x0800a13c                SPDIF_RX_IRQHandler
                0x0800a13c                SPI2_IRQHandler
                0x0800a13c                OTG_HS_EP1_IN_IRQHandler
                0x0800a13c                DMA1_Stream0_IRQHandler
                0x0800a13c                CRS_IRQHandler
                0x0800a13c                EXTI4_IRQHandler
                0x0800a13c                RNG_IRQHandler
                0x0800a13c                HRTIM1_TIMB_IRQHandler
                0x0800a13c                FDCAN2_IT1_IRQHandler
                0x0800a13c                ETH_IRQHandler
                0x0800a13c                BDMA_Channel4_IRQHandler
                0x0800a13c                OTG_HS_EP1_OUT_IRQHandler
                0x0800a13c                WWDG_IRQHandler
                0x0800a13c                SPI6_IRQHandler
                0x0800a13c                MDIOS_IRQHandler
                0x0800a13c                I2C4_EV_IRQHandler
                0x0800a13c                FDCAN2_IT0_IRQHandler
                0x0800a13c                LPUART1_IRQHandler
                0x0800a13c                FDCAN1_IT0_IRQHandler
                0x0800a13c                TIM2_IRQHandler
                0x0800a13c                OTG_FS_WKUP_IRQHandler
                0x0800a13c                OTG_HS_IRQHandler
                0x0800a13c                DMA2D_IRQHandler
                0x0800a13c                TIM1_BRK_IRQHandler
                0x0800a13c                EXTI1_IRQHandler
                0x0800a13c                SDMMC2_IRQHandler
                0x0800a13c                OTG_FS_EP1_OUT_IRQHandler
                0x0800a13c                BDMA_Channel3_IRQHandler
                0x0800a13c                UART7_IRQHandler
                0x0800a13c                MDIOS_WKUP_IRQHandler
                0x0800a13c                USART2_IRQHandler
                0x0800a13c                DFSDM1_FLT0_IRQHandler
                0x0800a13c                SAI4_IRQHandler
                0x0800a13c                I2C2_ER_IRQHandler
                0x0800a13c                DMA2_Stream1_IRQHandler
                0x0800a13c                FLASH_IRQHandler
                0x0800a13c                DMA2_Stream4_IRQHandler
                0x0800a13c                USART1_IRQHandler
                0x0800a13c                OTG_FS_IRQHandler
                0x0800a13c                SPI3_IRQHandler
                0x0800a13c                WAKEUP_PIN_IRQHandler
                0x0800a13c                OTG_FS_EP1_IN_IRQHandler
                0x0800a13c                I2C1_ER_IRQHandler
                0x0800a13c                FMC_IRQHandler
                0x0800a13c                FDCAN_CAL_IRQHandler
                0x0800a13c                SWPMI1_IRQHandler
                0x0800a13c                COMP1_IRQHandler
                0x0800a13c                LPTIM1_IRQHandler
                0x0800a13c                I2C4_ER_IRQHandler
                0x0800a13c                DMA2_Stream6_IRQHandler
                0x0800a13c                SAI1_IRQHandler
 *fill*         0x0800a13e        0x2 
 .text.__libc_init_array
                0x0800a140       0x48 c:/nes/arm/10 2021.10/bin/../lib/gcc/arm-none-eabi/10.3.1/../../../../arm-none-eabi/lib/thumb/v7e-m+dp/hard\libc_nano.a(lib_a-init.o)
                0x0800a140                __libc_init_array
 .text.memset   0x0800a188       0x10 c:/nes/arm/10 2021.10/bin/../lib/gcc/arm-none-eabi/10.3.1/../../../../arm-none-eabi/lib/thumb/v7e-m+dp/hard\libc_nano.a(lib_a-memset.o)
                0x0800a188                memset
 *(.glue_7)
 .glue_7        0x0800a198        0x0 linker stubs
 *(.glue_7t)
 .glue_7t       0x0800a198        0x0 linker stubs
 *(.eh_frame)
 .eh_frame      0x0800a198        0x0 c:/nes/arm/10 2021.10/bin/../lib/gcc/arm-none-eabi/10.3.1/thumb/v7e-m+dp/hard/crtbegin.o
 *(.init)
 .init          0x0800a198        0x4 c:/nes/arm/10 2021.10/bin/../lib/gcc/arm-none-eabi/10.3.1/thumb/v7e-m+dp/hard/crti.o
                0x0800a198                _init
 .init          0x0800a19c        0x8 c:/nes/arm/10 2021.10/bin/../lib/gcc/arm-none-eabi/10.3.1/thumb/v7e-m+dp/hard/crtn.o
 *(.fini)
 .fini          0x0800a1a4        0x4 c:/nes/arm/10 2021.10/bin/../lib/gcc/arm-none-eabi/10.3.1/thumb/v7e-m+dp/hard/crti.o
                0x0800a1a4                _fini
 .fini          0x0800a1a8        0x8 c:/nes/arm/10 2021.10/bin/../lib/gcc/arm-none-eabi/10.3.1/thumb/v7e-m+dp/hard/crtn.o
                0x0800a1b0                . = ALIGN (0x4)
                0x0800a1b0                _etext = .

.vfp11_veneer   0x0800a1b0        0x0
 .vfp11_veneer  0x0800a1b0        0x0 linker stubs

.v4_bx          0x0800a1b0        0x0
 .v4_bx         0x0800a1b0        0x0 linker stubs

.iplt           0x0800a1b0        0x0
 .iplt          0x0800a1b0        0x0 c:/nes/arm/10 2021.10/bin/../lib/gcc/arm-none-eabi/10.3.1/thumb/v7e-m+dp/hard/crtbegin.o

.rodata         0x0800a1b0       0x50
                0x0800a1b0                . = ALIGN (0x4)
 *(.rodata)
 *(.rodata*)
 .rodata.flagBitshiftOffset.0
                0x0800a1b0        0x8 build/stm32h7xx_hal_dma.o
 .rodata.UARTPrescTable
                0x0800a1b8       0x18 build/stm32h7xx_hal_uart.o
                0x0800a1b8                UARTPrescTable
 .rodata.denominator.0
                0x0800a1d0        0x8 build/stm32h7xx_hal_uart_ex.o
 .rodata.numerator.1
                0x0800a1d8        0x8 build/stm32h7xx_hal_uart_ex.o
 .rodata.denominator.0
                0x0800a1e0        0x8 build/stm32h7xx_hal_usart_ex.o
 .rodata.numerator.1
                0x0800a1e8        0x8 build/stm32h7xx_hal_usart_ex.o
 .rodata.D1CorePrescTable
                0x0800a1f0       0x10 build/system_stm32h7xx.o
                0x0800a1f0                D1CorePrescTable
                0x0800a200                . = ALIGN (0x4)

.ARM.extab
 *(.ARM.extab* .gnu.linkonce.armextab.*)

.ARM            0x0800a200        0x8
                0x0800a200                __exidx_start = .
 *(.ARM.exidx*)
 .ARM.exidx     0x0800a200        0x8 c:/nes/arm/10 2021.10/bin/../lib/gcc/arm-none-eabi/10.3.1/thumb/v7e-m+dp/hard\libgcc.a(_udivmoddi4.o)
                0x0800a208                __exidx_end = .

.rel.dyn        0x0800a208        0x0
 .rel.iplt      0x0800a208        0x0 c:/nes/arm/10 2021.10/bin/../lib/gcc/arm-none-eabi/10.3.1/thumb/v7e-m+dp/hard/crtbegin.o

.preinit_array  0x0800a208        0x0
                0x0800a208                PROVIDE (__preinit_array_start = .)
 *(.preinit_array*)
                0x0800a208                PROVIDE (__preinit_array_end = .)

.init_array     0x0800a208        0x4
                0x0800a208                PROVIDE (__init_array_start = .)
 *(SORT_BY_NAME(.init_array.*))
 *(.init_array*)
 .init_array    0x0800a208        0x4 c:/nes/arm/10 2021.10/bin/../lib/gcc/arm-none-eabi/10.3.1/thumb/v7e-m+dp/hard/crtbegin.o
                0x0800a20c                PROVIDE (__init_array_end = .)

.fini_array     0x0800a20c        0x4
                [!provide]                PROVIDE (__fini_array_start = .)
 *(SORT_BY_NAME(.fini_array.*))
 *(.fini_array*)
 .fini_array    0x0800a20c        0x4 c:/nes/arm/10 2021.10/bin/../lib/gcc/arm-none-eabi/10.3.1/thumb/v7e-m+dp/hard/crtbegin.o
                [!provide]                PROVIDE (__fini_array_end = .)
                0x0800a210                _sidata = LOADADDR (.data)

.data           0x20000000       0x10 load address 0x0800a210
                0x20000000                . = ALIGN (0x4)
                0x20000000                _sdata = .
 *(.data)
 *(.data*)
 .data.uwTickFreq
                0x20000000        0x1 build/stm32h7xx_hal.o
                0x20000000                uwTickFreq
 *fill*         0x20000001        0x3 
 .data.uwTickPrio
                0x20000004        0x4 build/stm32h7xx_hal.o
                0x20000004                uwTickPrio
 .data.SystemCoreClock
                0x20000008        0x4 build/system_stm32h7xx.o
                0x20000008                SystemCoreClock
 .data.SystemD2Clock
                0x2000000c        0x4 build/system_stm32h7xx.o
                0x2000000c                SystemD2Clock
                0x20000010                . = ALIGN (0x4)
                0x20000010                _edata = .

.igot.plt       0x20000010        0x0 load address 0x0800a220
 .igot.plt      0x20000010        0x0 c:/nes/arm/10 2021.10/bin/../lib/gcc/arm-none-eabi/10.3.1/thumb/v7e-m+dp/hard/crtbegin.o
                0x20000010                . = ALIGN (0x4)

.bss            0x20000010      0xe14 load address 0x0800a220
                0x20000010                _sbss = .
                0x20000010                __bss_start__ = _sbss
 *(.bss)
 .bss           0x20000010       0x1c c:/nes/arm/10 2021.10/bin/../lib/gcc/arm-none-eabi/10.3.1/thumb/v7e-m+dp/hard/crtbegin.o
 *(.bss*)
 .bss.HAL_RCC_ADC12_CLK_ENABLED
                0x2000002c        0x4 build/adc.o
 .bss.hadc1     0x20000030       0x64 build/adc.o
                0x20000030                hadc1
 .bss.hadc2     0x20000094       0x64 build/adc.o
                0x20000094                hadc2
 .bss.hadc3     0x200000f8       0x64 build/adc.o
                0x200000f8                hadc3
 .bss.hdma_adc1
                0x2000015c       0x78 build/adc.o
                0x2000015c                hdma_adc1
 .bss.hdac1     0x200001d4       0x14 build/dac.o
                0x200001d4                hdac1
 .bss.hdma_dac1_ch1
                0x200001e8       0x78 build/dac.o
                0x200001e8                hdma_dac1_ch1
 .bss.hdma_dac1_ch2
                0x20000260       0x78 build/dac.o
                0x20000260                hdma_dac1_ch2
 .bss.FMC_Initialized
                0x200002d8        0x4 build/fmc.o
 .bss.hsdram1   0x200002dc       0x34 build/fmc.o
                0x200002dc                hsdram1
 .bss.hhrtim    0x20000310       0xdc build/hrtim.o
                0x20000310                hhrtim
 .bss.hi2c2     0x200003ec       0x4c build/i2c.o
                0x200003ec                hi2c2
 .bss.hi2c3     0x20000438       0x4c build/i2c.o
                0x20000438                hi2c3
 .bss.hi2c4     0x20000484       0x4c build/i2c.o
                0x20000484                hi2c4
 .bss.hlpuart1  0x200004d0       0x90 build/usart.o
                0x200004d0                hlpuart1
 .bss.huart2    0x20000560       0x90 build/usart.o
                0x20000560                huart2
 .bss.huart4    0x200005f0       0x90 build/usart.o
                0x200005f0                huart4
 .bss.huart7    0x20000680       0x90 build/usart.o
                0x20000680                huart7
 .bss.huart8    0x20000710       0x90 build/usart.o
                0x20000710                huart8
 .bss.husart1   0x200007a0       0x60 build/usart.o
                0x200007a0                husart1
 .bss.hrtc      0x20000800       0x24 build/rtc.o
                0x20000800                hrtc
 .bss.hspi1     0x20000824       0x88 build/spi.o
                0x20000824                hspi1
 .bss.hspi2     0x200008ac       0x88 build/spi.o
                0x200008ac                hspi2
 .bss.hspi5     0x20000934       0x88 build/spi.o
                0x20000934                hspi5
 .bss.hspi6     0x200009bc       0x88 build/spi.o
                0x200009bc                hspi6
 .bss.htim1     0x20000a44       0x4c build/tim.o
                0x20000a44                htim1
 .bss.htim12    0x20000a90       0x4c build/tim.o
                0x20000a90                htim12
 .bss.htim13    0x20000adc       0x4c build/tim.o
                0x20000adc                htim13
 .bss.htim14    0x20000b28       0x4c build/tim.o
                0x20000b28                htim14
 .bss.htim15    0x20000b74       0x4c build/tim.o
                0x20000b74                htim15
 .bss.htim16    0x20000bc0       0x4c build/tim.o
                0x20000bc0                htim16
 .bss.htim17    0x20000c0c       0x4c build/tim.o
                0x20000c0c                htim17
 .bss.htim2     0x20000c58       0x4c build/tim.o
                0x20000c58                htim2
 .bss.htim4     0x20000ca4       0x4c build/tim.o
                0x20000ca4                htim4
 .bss.htim5     0x20000cf0       0x4c build/tim.o
                0x20000cf0                htim5
 .bss.htim6     0x20000d3c       0x4c build/tim.o
                0x20000d3c                htim6
 .bss.htim7     0x20000d88       0x4c build/tim.o
                0x20000d88                htim7
 .bss.htim8     0x20000dd4       0x4c build/tim.o
                0x20000dd4                htim8
 .bss.uwTick    0x20000e20        0x4 build/stm32h7xx_hal.o
                0x20000e20                uwTick
 *(COMMON)
                0x20000e24                . = ALIGN (0x4)
                0x20000e24                _ebss = .
                0x20000e24                __bss_end__ = _ebss

._user_heap_stack
                0x20000e24      0x604 load address 0x0800a220
                0x20000e28                . = ALIGN (0x8)
 *fill*         0x20000e24        0x4 
                [!provide]                PROVIDE (end = .)
                0x20000e28                PROVIDE (_end = .)
                0x20001028                . = (. + _Min_Heap_Size)
 *fill*         0x20000e28      0x200 
                0x20001428                . = (. + _Min_Stack_Size)
 *fill*         0x20001028      0x400 
                0x20001428                . = ALIGN (0x8)

/DISCARD/
 libc.a(*)
 libm.a(*)
 libgcc.a(*)

.ARM.attributes
                0x00000000       0x2e
 *(.ARM.attributes)
 .ARM.attributes
                0x00000000       0x1e c:/nes/arm/10 2021.10/bin/../lib/gcc/arm-none-eabi/10.3.1/thumb/v7e-m+dp/hard/crti.o
 .ARM.attributes
                0x0000001e       0x32 c:/nes/arm/10 2021.10/bin/../lib/gcc/arm-none-eabi/10.3.1/thumb/v7e-m+dp/hard/crtbegin.o
 .ARM.attributes
                0x00000050       0x32 build/main.o
 .ARM.attributes
                0x00000082       0x32 build/gpio.o
 .ARM.attributes
                0x000000b4       0x32 build/adc.o
 .ARM.attributes
                0x000000e6       0x32 build/dac.o
 .ARM.attributes
                0x00000118       0x32 build/dma.o
 .ARM.attributes
                0x0000014a       0x32 build/fmc.o
 .ARM.attributes
                0x0000017c       0x32 build/hrtim.o
 .ARM.attributes
                0x000001ae       0x32 build/i2c.o
 .ARM.attributes
                0x000001e0       0x32 build/usart.o
 .ARM.attributes
                0x00000212       0x32 build/rtc.o
 .ARM.attributes
                0x00000244       0x32 build/spi.o
 .ARM.attributes
                0x00000276       0x32 build/tim.o
 .ARM.attributes
                0x000002a8       0x32 build/usb_otg.o
 .ARM.attributes
                0x000002da       0x32 build/stm32h7xx_it.o
 .ARM.attributes
                0x0000030c       0x32 build/stm32h7xx_hal_msp.o
 .ARM.attributes
                0x0000033e       0x32 build/stm32h7xx_hal_adc.o
 .ARM.attributes
                0x00000370       0x32 build/stm32h7xx_hal_adc_ex.o
 .ARM.attributes
                0x000003a2       0x32 build/stm32h7xx_hal_rcc.o
 .ARM.attributes
                0x000003d4       0x32 build/stm32h7xx_hal_rcc_ex.o
 .ARM.attributes
                0x00000406       0x32 build/stm32h7xx_hal_gpio.o
 .ARM.attributes
                0x00000438       0x32 build/stm32h7xx_hal_dma.o
 .ARM.attributes
                0x0000046a       0x32 build/stm32h7xx_hal_pwr_ex.o
 .ARM.attributes
                0x0000049c       0x32 build/stm32h7xx_hal_cortex.o
 .ARM.attributes
                0x000004ce       0x32 build/stm32h7xx_hal.o
 .ARM.attributes
                0x00000500       0x32 build/stm32h7xx_hal_i2c.o
 .ARM.attributes
                0x00000532       0x32 build/stm32h7xx_hal_i2c_ex.o
 .ARM.attributes
                0x00000564       0x32 build/stm32h7xx_hal_dac.o
 .ARM.attributes
                0x00000596       0x32 build/stm32h7xx_ll_fmc.o
 .ARM.attributes
                0x000005c8       0x32 build/stm32h7xx_hal_sdram.o
 .ARM.attributes
                0x000005fa       0x32 build/stm32h7xx_hal_hrtim.o
 .ARM.attributes
                0x0000062c       0x32 build/stm32h7xx_hal_uart.o
 .ARM.attributes
                0x0000065e       0x32 build/stm32h7xx_hal_uart_ex.o
 .ARM.attributes
                0x00000690       0x32 build/stm32h7xx_hal_usart.o
 .ARM.attributes
                0x000006c2       0x32 build/stm32h7xx_hal_usart_ex.o
 .ARM.attributes
                0x000006f4       0x32 build/stm32h7xx_hal_rtc.o
 .ARM.attributes
                0x00000726       0x32 build/stm32h7xx_hal_spi.o
 .ARM.attributes
                0x00000758       0x32 build/stm32h7xx_hal_tim.o
 .ARM.attributes
                0x0000078a       0x32 build/stm32h7xx_hal_tim_ex.o
 .ARM.attributes
                0x000007bc       0x32 build/system_stm32h7xx.o
 .ARM.attributes
                0x000007ee       0x21 build/startup_stm32h743xx.o
 .ARM.attributes
                0x0000080f       0x32 c:/nes/arm/10 2021.10/bin/../lib/gcc/arm-none-eabi/10.3.1/../../../../arm-none-eabi/lib/thumb/v7e-m+dp/hard\libc_nano.a(lib_a-init.o)
 .ARM.attributes
                0x00000841       0x32 c:/nes/arm/10 2021.10/bin/../lib/gcc/arm-none-eabi/10.3.1/../../../../arm-none-eabi/lib/thumb/v7e-m+dp/hard\libc_nano.a(lib_a-memset.o)
 .ARM.attributes
                0x00000873       0x1e c:/nes/arm/10 2021.10/bin/../lib/gcc/arm-none-eabi/10.3.1/thumb/v7e-m+dp/hard\libgcc.a(_aeabi_uldivmod.o)
 .ARM.attributes
                0x00000891       0x32 c:/nes/arm/10 2021.10/bin/../lib/gcc/arm-none-eabi/10.3.1/thumb/v7e-m+dp/hard\libgcc.a(_udivmoddi4.o)
 .ARM.attributes
                0x000008c3       0x1e c:/nes/arm/10 2021.10/bin/../lib/gcc/arm-none-eabi/10.3.1/thumb/v7e-m+dp/hard\libgcc.a(_dvmd_tls.o)
 .ARM.attributes
                0x000008e1       0x1e c:/nes/arm/10 2021.10/bin/../lib/gcc/arm-none-eabi/10.3.1/thumb/v7e-m+dp/hard/crtn.o
OUTPUT(build/taskB_LED_PWM.elf elf32-littlearm)
LOAD linker stubs
LOAD c:/nes/arm/10 2021.10/bin/../lib/gcc/arm-none-eabi/10.3.1/../../../../arm-none-eabi/lib/thumb/v7e-m+dp/hard\libc.a
LOAD c:/nes/arm/10 2021.10/bin/../lib/gcc/arm-none-eabi/10.3.1/../../../../arm-none-eabi/lib/thumb/v7e-m+dp/hard\libm.a
LOAD c:/nes/arm/10 2021.10/bin/../lib/gcc/arm-none-eabi/10.3.1/thumb/v7e-m+dp/hard\libgcc.a

.debug_info     0x00000000    0x401a7
 .debug_info    0x00000000     0x2242 build/main.o
 .debug_info    0x00002242      0xa2c build/gpio.o
 .debug_info    0x00002c6e     0x1a9a build/adc.o
 .debug_info    0x00004708      0xfd1 build/dac.o
 .debug_info    0x000056d9      0x97c build/dma.o
 .debug_info    0x00006055     0x13b0 build/fmc.o
 .debug_info    0x00007405     0x1cee build/hrtim.o
 .debug_info    0x000090f3     0x159c build/i2c.o
 .debug_info    0x0000a68f     0x1ed3 build/usart.o
 .debug_info    0x0000c562      0xe54 build/rtc.o
 .debug_info    0x0000d3b6     0x175f build/spi.o
 .debug_info    0x0000eb15     0x2670 build/tim.o
 .debug_info    0x00011185       0xa2 build/usb_otg.o
 .debug_info    0x00011227      0xf5c build/stm32h7xx_it.o
 .debug_info    0x00012183      0x543 build/stm32h7xx_hal_msp.o
 .debug_info    0x000126c6     0x3538 build/stm32h7xx_hal_adc.o
 .debug_info    0x00015bfe     0x36ec build/stm32h7xx_hal_adc_ex.o
 .debug_info    0x000192ea     0x13bd build/stm32h7xx_hal_rcc.o
 .debug_info    0x0001a6a7     0x1c07 build/stm32h7xx_hal_rcc_ex.o
 .debug_info    0x0001c2ae      0xee1 build/stm32h7xx_hal_gpio.o
 .debug_info    0x0001d18f     0x10c3 build/stm32h7xx_hal_dma.o
 .debug_info    0x0001e252     0x13f3 build/stm32h7xx_hal_pwr_ex.o
 .debug_info    0x0001f645     0x1507 build/stm32h7xx_hal_cortex.o
 .debug_info    0x00020b4c     0x18de build/stm32h7xx_hal.o
 .debug_info    0x0002242a     0x4359 build/stm32h7xx_hal_i2c.o
 .debug_info    0x00026783      0xfdc build/stm32h7xx_hal_i2c_ex.o
 .debug_info    0x0002775f      0xe2a build/stm32h7xx_hal_dac.o
 .debug_info    0x00028589      0xe12 build/stm32h7xx_ll_fmc.o
 .debug_info    0x0002939b     0x13f7 build/stm32h7xx_hal_sdram.o
 .debug_info    0x0002a792     0x4c9f build/stm32h7xx_hal_hrtim.o
 .debug_info    0x0002f431     0x2bac build/stm32h7xx_hal_uart.o
 .debug_info    0x00031fdd     0x106e build/stm32h7xx_hal_uart_ex.o
 .debug_info    0x0003304b     0x24fa build/stm32h7xx_hal_usart.o
 .debug_info    0x00035545      0xb27 build/stm32h7xx_hal_usart_ex.o
 .debug_info    0x0003606c     0x1491 build/stm32h7xx_hal_rtc.o
 .debug_info    0x000374fd     0x1dce build/stm32h7xx_hal_spi.o
 .debug_info    0x000392cb     0x40aa build/stm32h7xx_hal_tim.o
 .debug_info    0x0003d375     0x1f5b build/stm32h7xx_hal_tim_ex.o
 .debug_info    0x0003f2d0      0xeb5 build/system_stm32h7xx.o
 .debug_info    0x00040185       0x22 build/startup_stm32h743xx.o

.debug_abbrev   0x00000000     0x5818
 .debug_abbrev  0x00000000      0x316 build/main.o
 .debug_abbrev  0x00000316      0x160 build/gpio.o
 .debug_abbrev  0x00000476      0x243 build/adc.o
 .debug_abbrev  0x000006b9      0x200 build/dac.o
 .debug_abbrev  0x000008b9      0x129 build/dma.o
 .debug_abbrev  0x000009e2      0x242 build/fmc.o
 .debug_abbrev  0x00000c24      0x1f8 build/hrtim.o
 .debug_abbrev  0x00000e1c      0x244 build/i2c.o
 .debug_abbrev  0x00001060      0x214 build/usart.o
 .debug_abbrev  0x00001274      0x1d6 build/rtc.o
 .debug_abbrev  0x0000144a      0x239 build/spi.o
 .debug_abbrev  0x00001683      0x241 build/tim.o
 .debug_abbrev  0x000018c4       0x46 build/usb_otg.o
 .debug_abbrev  0x0000190a      0x1a9 build/stm32h7xx_it.o
 .debug_abbrev  0x00001ab3       0xc8 build/stm32h7xx_hal_msp.o
 .debug_abbrev  0x00001b7b      0x307 build/stm32h7xx_hal_adc.o
 .debug_abbrev  0x00001e82      0x3bf build/stm32h7xx_hal_adc_ex.o
 .debug_abbrev  0x00002241      0x269 build/stm32h7xx_hal_rcc.o
 .debug_abbrev  0x000024aa      0x286 build/stm32h7xx_hal_rcc_ex.o
 .debug_abbrev  0x00002730      0x253 build/stm32h7xx_hal_gpio.o
 .debug_abbrev  0x00002983      0x2ef build/stm32h7xx_hal_dma.o
 .debug_abbrev  0x00002c72      0x2b6 build/stm32h7xx_hal_pwr_ex.o
 .debug_abbrev  0x00002f28      0x395 build/stm32h7xx_hal_cortex.o
 .debug_abbrev  0x000032bd      0x261 build/stm32h7xx_hal.o
 .debug_abbrev  0x0000351e      0x2a9 build/stm32h7xx_hal_i2c.o
 .debug_abbrev  0x000037c7      0x1c4 build/stm32h7xx_hal_i2c_ex.o
 .debug_abbrev  0x0000398b      0x204 build/stm32h7xx_hal_dac.o
 .debug_abbrev  0x00003b8f      0x1cd build/stm32h7xx_ll_fmc.o
 .debug_abbrev  0x00003d5c      0x26a build/stm32h7xx_hal_sdram.o
 .debug_abbrev  0x00003fc6      0x284 build/stm32h7xx_hal_hrtim.o
 .debug_abbrev  0x0000424a      0x2e1 build/stm32h7xx_hal_uart.o
 .debug_abbrev  0x0000452b      0x267 build/stm32h7xx_hal_uart_ex.o
 .debug_abbrev  0x00004792      0x2b3 build/stm32h7xx_hal_usart.o
 .debug_abbrev  0x00004a45      0x25d build/stm32h7xx_hal_usart_ex.o
 .debug_abbrev  0x00004ca2      0x223 build/stm32h7xx_hal_rtc.o
 .debug_abbrev  0x00004ec5      0x2fd build/stm32h7xx_hal_spi.o
 .debug_abbrev  0x000051c2      0x282 build/stm32h7xx_hal_tim.o
 .debug_abbrev  0x00005444      0x298 build/stm32h7xx_hal_tim_ex.o
 .debug_abbrev  0x000056dc      0x12a build/system_stm32h7xx.o
 .debug_abbrev  0x00005806       0x12 build/startup_stm32h743xx.o

.debug_loc      0x00000000    0x2b3c3
 .debug_loc     0x00000000      0x1d0 build/main.o
 .debug_loc     0x000001d0       0x39 build/gpio.o
 .debug_loc     0x00000209      0x23e build/adc.o
 .debug_loc     0x00000447      0x119 build/dac.o
 .debug_loc     0x00000560       0x38 build/dma.o
 .debug_loc     0x00000598      0x134 build/fmc.o
 .debug_loc     0x000006cc      0x196 build/hrtim.o
 .debug_loc     0x00000862      0x1d8 build/i2c.o
 .debug_loc     0x00000a3a      0x376 build/usart.o
 .debug_loc     0x00000db0       0x88 build/rtc.o
 .debug_loc     0x00000e38      0x215 build/spi.o
 .debug_loc     0x0000104d      0x750 build/tim.o
 .debug_loc     0x0000179d       0xc0 build/stm32h7xx_it.o
 .debug_loc     0x0000185d       0x2c build/stm32h7xx_hal_msp.o
 .debug_loc     0x00001889     0x279f build/stm32h7xx_hal_adc.o
 .debug_loc     0x00004028     0x2dec build/stm32h7xx_hal_adc_ex.o
 .debug_loc     0x00006e14      0xa81 build/stm32h7xx_hal_rcc.o
 .debug_loc     0x00007895     0x1bd8 build/stm32h7xx_hal_rcc_ex.o
 .debug_loc     0x0000946d      0x483 build/stm32h7xx_hal_gpio.o
 .debug_loc     0x000098f0     0x10aa build/stm32h7xx_hal_dma.o
 .debug_loc     0x0000a99a      0x65b build/stm32h7xx_hal_pwr_ex.o
 .debug_loc     0x0000aff5      0x786 build/stm32h7xx_hal_cortex.o
 .debug_loc     0x0000b77b      0x526 build/stm32h7xx_hal.o
 .debug_loc     0x0000bca1     0x50db build/stm32h7xx_hal_i2c.o
 .debug_loc     0x00010d7c      0x25a build/stm32h7xx_hal_i2c_ex.o
 .debug_loc     0x00010fd6      0xa85 build/stm32h7xx_hal_dac.o
 .debug_loc     0x00011a5b      0x8bf build/stm32h7xx_ll_fmc.o
 .debug_loc     0x0001231a     0x1281 build/stm32h7xx_hal_sdram.o
 .debug_loc     0x0001359b     0x686f build/stm32h7xx_hal_hrtim.o
 .debug_loc     0x00019e0a     0x2962 build/stm32h7xx_hal_uart.o
 .debug_loc     0x0001c76c      0xc04 build/stm32h7xx_hal_uart_ex.o
 .debug_loc     0x0001d370     0x2634 build/stm32h7xx_hal_usart.o
 .debug_loc     0x0001f9a4      0x450 build/stm32h7xx_hal_usart_ex.o
 .debug_loc     0x0001fdf4      0xf6c build/stm32h7xx_hal_rtc.o
 .debug_loc     0x00020d60     0x2203 build/stm32h7xx_hal_spi.o
 .debug_loc     0x00022f63     0x595d build/stm32h7xx_hal_tim.o
 .debug_loc     0x000288c0     0x292b build/stm32h7xx_hal_tim_ex.o
 .debug_loc     0x0002b1eb      0x1d8 build/system_stm32h7xx.o

.debug_aranges  0x00000000     0x2260
 .debug_aranges
                0x00000000       0x40 build/main.o
 .debug_aranges
                0x00000040       0x20 build/gpio.o
 .debug_aranges
                0x00000060       0x40 build/adc.o
 .debug_aranges
                0x000000a0       0x30 build/dac.o
 .debug_aranges
                0x000000d0       0x20 build/dma.o
 .debug_aranges
                0x000000f0       0x40 build/fmc.o
 .debug_aranges
                0x00000130       0x38 build/hrtim.o
 .debug_aranges
                0x00000168       0x40 build/i2c.o
 .debug_aranges
                0x000001a8       0x68 build/usart.o
 .debug_aranges
                0x00000210       0x30 build/rtc.o
 .debug_aranges
                0x00000240       0x48 build/spi.o
 .debug_aranges
                0x00000288       0xb8 build/tim.o
 .debug_aranges
                0x00000340       0x20 build/usb_otg.o
 .debug_aranges
                0x00000360       0x88 build/stm32h7xx_it.o
 .debug_aranges
                0x000003e8       0x20 build/stm32h7xx_hal_msp.o
 .debug_aranges
                0x00000408      0x100 build/stm32h7xx_hal_adc.o
 .debug_aranges
                0x00000508      0x108 build/stm32h7xx_hal_adc_ex.o
 .debug_aranges
                0x00000610       0x88 build/stm32h7xx_hal_rcc.o
 .debug_aranges
                0x00000698       0xf8 build/stm32h7xx_hal_rcc_ex.o
 .debug_aranges
                0x00000790       0x58 build/stm32h7xx_hal_gpio.o
 .debug_aranges
                0x000007e8       0xa0 build/stm32h7xx_hal_dma.o
 .debug_aranges
                0x00000888      0x158 build/stm32h7xx_hal_pwr_ex.o
 .debug_aranges
                0x000009e0       0xb0 build/stm32h7xx_hal_cortex.o
 .debug_aranges
                0x00000a90      0x198 build/stm32h7xx_hal.o
 .debug_aranges
                0x00000c28      0x290 build/stm32h7xx_hal_i2c.o
 .debug_aranges
                0x00000eb8       0x48 build/stm32h7xx_hal_i2c_ex.o
 .debug_aranges
                0x00000f00       0xc0 build/stm32h7xx_hal_dac.o
 .debug_aranges
                0x00000fc0       0xc8 build/stm32h7xx_ll_fmc.o
 .debug_aranges
                0x00001088       0xe8 build/stm32h7xx_hal_sdram.o
 .debug_aranges
                0x00001170      0x3e8 build/stm32h7xx_hal_hrtim.o
 .debug_aranges
                0x00001558      0x248 build/stm32h7xx_hal_uart.o
 .debug_aranges
                0x000017a0       0xa0 build/stm32h7xx_hal_uart_ex.o
 .debug_aranges
                0x00001840      0x1a0 build/stm32h7xx_hal_usart.o
 .debug_aranges
                0x000019e0       0x68 build/stm32h7xx_hal_usart_ex.o
 .debug_aranges
                0x00001a48       0xc0 build/stm32h7xx_hal_rtc.o
 .debug_aranges
                0x00001b08      0x1a0 build/stm32h7xx_hal_spi.o
 .debug_aranges
                0x00001ca8      0x3e0 build/stm32h7xx_hal_tim.o
 .debug_aranges
                0x00002088      0x188 build/stm32h7xx_hal_tim_ex.o
 .debug_aranges
                0x00002210       0x28 build/system_stm32h7xx.o
 .debug_aranges
                0x00002238       0x28 build/startup_stm32h743xx.o

.debug_ranges   0x00000000     0x24e0
 .debug_ranges  0x00000000       0x30 build/main.o
 .debug_ranges  0x00000030       0x10 build/gpio.o
 .debug_ranges  0x00000040       0x30 build/adc.o
 .debug_ranges  0x00000070       0x20 build/dac.o
 .debug_ranges  0x00000090       0x10 build/dma.o
 .debug_ranges  0x000000a0       0x30 build/fmc.o
 .debug_ranges  0x000000d0       0x28 build/hrtim.o
 .debug_ranges  0x000000f8       0x30 build/i2c.o
 .debug_ranges  0x00000128       0x58 build/usart.o
 .debug_ranges  0x00000180       0x20 build/rtc.o
 .debug_ranges  0x000001a0       0x38 build/spi.o
 .debug_ranges  0x000001d8       0xa8 build/tim.o
 .debug_ranges  0x00000280       0x10 build/usb_otg.o
 .debug_ranges  0x00000290       0x78 build/stm32h7xx_it.o
 .debug_ranges  0x00000308       0x10 build/stm32h7xx_hal_msp.o
 .debug_ranges  0x00000318      0x320 build/stm32h7xx_hal_adc.o
 .debug_ranges  0x00000638      0x278 build/stm32h7xx_hal_adc_ex.o
 .debug_ranges  0x000008b0       0xe8 build/stm32h7xx_hal_rcc.o
 .debug_ranges  0x00000998       0xe8 build/stm32h7xx_hal_rcc_ex.o
 .debug_ranges  0x00000a80       0x48 build/stm32h7xx_hal_gpio.o
 .debug_ranges  0x00000ac8       0xa8 build/stm32h7xx_hal_dma.o
 .debug_ranges  0x00000b70      0x1a8 build/stm32h7xx_hal_pwr_ex.o
 .debug_ranges  0x00000d18      0x100 build/stm32h7xx_hal_cortex.o
 .debug_ranges  0x00000e18      0x188 build/stm32h7xx_hal.o
 .debug_ranges  0x00000fa0      0x280 build/stm32h7xx_hal_i2c.o
 .debug_ranges  0x00001220       0x38 build/stm32h7xx_hal_i2c_ex.o
 .debug_ranges  0x00001258       0xb0 build/stm32h7xx_hal_dac.o
 .debug_ranges  0x00001308       0xb8 build/stm32h7xx_ll_fmc.o
 .debug_ranges  0x000013c0       0xd8 build/stm32h7xx_hal_sdram.o
 .debug_ranges  0x00001498      0x3d8 build/stm32h7xx_hal_hrtim.o
 .debug_ranges  0x00001870      0x238 build/stm32h7xx_hal_uart.o
 .debug_ranges  0x00001aa8       0x90 build/stm32h7xx_hal_uart_ex.o
 .debug_ranges  0x00001b38      0x190 build/stm32h7xx_hal_usart.o
 .debug_ranges  0x00001cc8       0x58 build/stm32h7xx_hal_usart_ex.o
 .debug_ranges  0x00001d20       0xb0 build/stm32h7xx_hal_rtc.o
 .debug_ranges  0x00001dd0      0x190 build/stm32h7xx_hal_spi.o
 .debug_ranges  0x00001f60      0x3d0 build/stm32h7xx_hal_tim.o
 .debug_ranges  0x00002330      0x178 build/stm32h7xx_hal_tim_ex.o
 .debug_ranges  0x000024a8       0x18 build/system_stm32h7xx.o
 .debug_ranges  0x000024c0       0x20 build/startup_stm32h743xx.o

.debug_line     0x00000000    0x2da9f
 .debug_line    0x00000000      0x66a build/main.o
 .debug_line    0x0000066a      0x300 build/gpio.o
 .debug_line    0x0000096a      0x870 build/adc.o
 .debug_line    0x000011da      0x353 build/dac.o
 .debug_line    0x0000152d      0x148 build/dma.o
 .debug_line    0x00001675      0x446 build/fmc.o
 .debug_line    0x00001abb      0x540 build/hrtim.o
 .debug_line    0x00001ffb      0x536 build/i2c.o
 .debug_line    0x00002531      0x9db build/usart.o
 .debug_line    0x00002f0c      0x262 build/rtc.o
 .debug_line    0x0000316e      0x7dd build/spi.o
 .debug_line    0x0000394b      0xf2e build/tim.o
 .debug_line    0x00004879       0x42 build/usb_otg.o
 .debug_line    0x000048bb      0x31b build/stm32h7xx_it.o
 .debug_line    0x00004bd6      0x116 build/stm32h7xx_hal_msp.o
 .debug_line    0x00004cec     0x285f build/stm32h7xx_hal_adc.o
 .debug_line    0x0000754b     0x262c build/stm32h7xx_hal_adc_ex.o
 .debug_line    0x00009b77     0x1187 build/stm32h7xx_hal_rcc.o
 .debug_line    0x0000acfe     0x1d3f build/stm32h7xx_hal_rcc_ex.o
 .debug_line    0x0000ca3d      0x66a build/stm32h7xx_hal_gpio.o
 .debug_line    0x0000d0a7     0x23ca build/stm32h7xx_hal_dma.o
 .debug_line    0x0000f471      0xa42 build/stm32h7xx_hal_pwr_ex.o
 .debug_line    0x0000feb3      0x74d build/stm32h7xx_hal_cortex.o
 .debug_line    0x00010600      0x882 build/stm32h7xx_hal.o
 .debug_line    0x00010e82     0x4a72 build/stm32h7xx_hal_i2c.o
 .debug_line    0x000158f4      0x47b build/stm32h7xx_hal_i2c_ex.o
 .debug_line    0x00015d6f      0x8fa build/stm32h7xx_hal_dac.o
 .debug_line    0x00016669      0x674 build/stm32h7xx_ll_fmc.o
 .debug_line    0x00016cdd      0xba6 build/stm32h7xx_hal_sdram.o
 .debug_line    0x00017883     0x559e build/stm32h7xx_hal_hrtim.o
 .debug_line    0x0001ce21     0x2c7b build/stm32h7xx_hal_uart.o
 .debug_line    0x0001fa9c      0xa7e build/stm32h7xx_hal_uart_ex.o
 .debug_line    0x0002051a     0x2866 build/stm32h7xx_hal_usart.o
 .debug_line    0x00022d80      0x6ed build/stm32h7xx_hal_usart_ex.o
 .debug_line    0x0002346d      0xfdf build/stm32h7xx_hal_rtc.o
 .debug_line    0x0002444c     0x2753 build/stm32h7xx_hal_spi.o
 .debug_line    0x00026b9f     0x4c88 build/stm32h7xx_hal_tim.o
 .debug_line    0x0002b827     0x1e19 build/stm32h7xx_hal_tim_ex.o
 .debug_line    0x0002d640      0x3e9 build/system_stm32h7xx.o
 .debug_line    0x0002da29       0x76 build/startup_stm32h743xx.o

.debug_str      0x00000000     0xbdfb
 .debug_str     0x00000000     0x1341 build/main.o
                               0x14b1 (size before relaxing)
 .debug_str     0x00001341       0x5c build/gpio.o
                                0x4d2 (size before relaxing)
 .debug_str     0x0000139d      0xbcc build/adc.o
                               0x149f (size before relaxing)
 .debug_str     0x00001f69      0x27e build/dac.o
                                0xab1 (size before relaxing)
 .debug_str     0x000021e7        0xa build/dma.o
                                0xc46 (size before relaxing)
 .debug_str     0x000021f1      0x519 build/fmc.o
                                0xe37 (size before relaxing)
 .debug_str     0x0000270a      0x692 build/hrtim.o
                               0x123a (size before relaxing)
 .debug_str     0x00002d9c      0x300 build/i2c.o
                                0xeb5 (size before relaxing)
 .debug_str     0x0000309c      0x469 build/usart.o
                               0x1095 (size before relaxing)
 .debug_str     0x00003505      0x26c build/rtc.o
                                0xa48 (size before relaxing)
 .debug_str     0x00003771      0x269 build/spi.o
                                0xea3 (size before relaxing)
 .debug_str     0x000039da      0x4ec build/tim.o
                               0x196a (size before relaxing)
 .debug_str     0x00003ec6        0xe build/usb_otg.o
                                0x1d2 (size before relaxing)
 .debug_str     0x00003ed4      0x143 build/stm32h7xx_it.o
                                0xc6c (size before relaxing)
 .debug_str     0x00004017       0x24 build/stm32h7xx_hal_msp.o
                                0x40f (size before relaxing)
 .debug_str     0x0000403b      0xa1f build/stm32h7xx_hal_adc.o
                               0x136f (size before relaxing)
 .debug_str     0x00004a5a      0x716 build/stm32h7xx_hal_adc_ex.o
                               0x1453 (size before relaxing)
 .debug_str     0x00005170      0x33b build/stm32h7xx_hal_rcc.o
                                0xa3c (size before relaxing)
 .debug_str     0x000054ab      0x650 build/stm32h7xx_hal_rcc_ex.o
                                0xf1e (size before relaxing)
 .debug_str     0x00005afb       0xe6 build/stm32h7xx_hal_gpio.o
                                0x6f6 (size before relaxing)
 .debug_str     0x00005be1      0x371 build/stm32h7xx_hal_dma.o
                                0x9ed (size before relaxing)
 .debug_str     0x00005f52      0x533 build/stm32h7xx_hal_pwr_ex.o
                                0xa6b (size before relaxing)
 .debug_str     0x00006485      0x464 build/stm32h7xx_hal_cortex.o
                               0x106a (size before relaxing)
 .debug_str     0x000068e9      0x5af build/stm32h7xx_hal.o
                               0x14d2 (size before relaxing)
 .debug_str     0x00006e98      0x865 build/stm32h7xx_hal_i2c.o
                               0x1157 (size before relaxing)
 .debug_str     0x000076fd       0xb5 build/stm32h7xx_hal_i2c_ex.o
                                0xb61 (size before relaxing)
 .debug_str     0x000077b2      0x1cb build/stm32h7xx_hal_dac.o
                                0x999 (size before relaxing)
 .debug_str     0x0000797d      0x4e7 build/stm32h7xx_ll_fmc.o
                                0x8db (size before relaxing)
 .debug_str     0x00007e64      0x2b6 build/stm32h7xx_hal_sdram.o
                                0xbd6 (size before relaxing)
 .debug_str     0x0000811a     0x1277 build/stm32h7xx_hal_hrtim.o
                               0x214b (size before relaxing)
 .debug_str     0x00009391      0x895 build/stm32h7xx_hal_uart.o
                               0x1489 (size before relaxing)
 .debug_str     0x00009c26      0x22c build/stm32h7xx_hal_uart_ex.o
                                0xb58 (size before relaxing)
 .debug_str     0x00009e52      0x5ad build/stm32h7xx_hal_usart.o
                               0x1174 (size before relaxing)
 .debug_str     0x0000a3ff       0xc9 build/stm32h7xx_hal_usart_ex.o
                                0x916 (size before relaxing)
 .debug_str     0x0000a4c8      0x2be build/stm32h7xx_hal_rtc.o
                                0x8a3 (size before relaxing)
 .debug_str     0x0000a786      0x4d9 build/stm32h7xx_hal_spi.o
                                0xdd3 (size before relaxing)
 .debug_str     0x0000ac5f      0xc0b build/stm32h7xx_hal_tim.o
                               0x183e (size before relaxing)
 .debug_str     0x0000b86a      0x535 build/stm32h7xx_hal_tim_ex.o
                               0x1162 (size before relaxing)
 .debug_str     0x0000bd9f       0x38 build/system_stm32h7xx.o
                                0x74c (size before relaxing)
 .debug_str     0x0000bdd7       0x24 build/startup_stm32h743xx.o
                                 0x8a (size before relaxing)

.comment        0x00000000       0x49
 .comment       0x00000000       0x49 build/main.o
                                 0x4a (size before relaxing)
 .comment       0x00000049       0x4a build/gpio.o
 .comment       0x00000049       0x4a build/adc.o
 .comment       0x00000049       0x4a build/dac.o
 .comment       0x00000049       0x4a build/dma.o
 .comment       0x00000049       0x4a build/fmc.o
 .comment       0x00000049       0x4a build/hrtim.o
 .comment       0x00000049       0x4a build/i2c.o
 .comment       0x00000049       0x4a build/usart.o
 .comment       0x00000049       0x4a build/rtc.o
 .comment       0x00000049       0x4a build/spi.o
 .comment       0x00000049       0x4a build/tim.o
 .comment       0x00000049       0x4a build/usb_otg.o
 .comment       0x00000049       0x4a build/stm32h7xx_it.o
 .comment       0x00000049       0x4a build/stm32h7xx_hal_msp.o
 .comment       0x00000049       0x4a build/stm32h7xx_hal_adc.o
 .comment       0x00000049       0x4a build/stm32h7xx_hal_adc_ex.o
 .comment       0x00000049       0x4a build/stm32h7xx_hal_rcc.o
 .comment       0x00000049       0x4a build/stm32h7xx_hal_rcc_ex.o
 .comment       0x00000049       0x4a build/stm32h7xx_hal_gpio.o
 .comment       0x00000049       0x4a build/stm32h7xx_hal_dma.o
 .comment       0x00000049       0x4a build/stm32h7xx_hal_pwr_ex.o
 .comment       0x00000049       0x4a build/stm32h7xx_hal_cortex.o
 .comment       0x00000049       0x4a build/stm32h7xx_hal.o
 .comment       0x00000049       0x4a build/stm32h7xx_hal_i2c.o
 .comment       0x00000049       0x4a build/stm32h7xx_hal_i2c_ex.o
 .comment       0x00000049       0x4a build/stm32h7xx_hal_dac.o
 .comment       0x00000049       0x4a build/stm32h7xx_ll_fmc.o
 .comment       0x00000049       0x4a build/stm32h7xx_hal_sdram.o
 .comment       0x00000049       0x4a build/stm32h7xx_hal_hrtim.o
 .comment       0x00000049       0x4a build/stm32h7xx_hal_uart.o
 .comment       0x00000049       0x4a build/stm32h7xx_hal_uart_ex.o
 .comment       0x00000049       0x4a build/stm32h7xx_hal_usart.o
 .comment       0x00000049       0x4a build/stm32h7xx_hal_usart_ex.o
 .comment       0x00000049       0x4a build/stm32h7xx_hal_rtc.o
 .comment       0x00000049       0x4a build/stm32h7xx_hal_spi.o
 .comment       0x00000049       0x4a build/stm32h7xx_hal_tim.o
 .comment       0x00000049       0x4a build/stm32h7xx_hal_tim_ex.o
 .comment       0x00000049       0x4a build/system_stm32h7xx.o

.debug_frame    0x00000000     0x5fe8
 .debug_frame   0x00000000       0x88 build/main.o
 .debug_frame   0x00000088       0x40 build/gpio.o
 .debug_frame   0x000000c8       0xac build/adc.o
 .debug_frame   0x00000174       0x68 build/dac.o
 .debug_frame   0x000001dc       0x2c build/dma.o
 .debug_frame   0x00000208       0xa0 build/fmc.o
 .debug_frame   0x000002a8       0x98 build/hrtim.o
 .debug_frame   0x00000340       0x9c build/i2c.o
 .debug_frame   0x000003dc      0x11c build/usart.o
 .debug_frame   0x000004f8       0x5c build/rtc.o
 .debug_frame   0x00000554       0xb0 build/spi.o
 .debug_frame   0x00000604      0x264 build/tim.o
 .debug_frame   0x00000868       0x20 build/usb_otg.o
 .debug_frame   0x00000888      0x120 build/stm32h7xx_it.o
 .debug_frame   0x000009a8       0x28 build/stm32h7xx_hal_msp.o
 .debug_frame   0x000009d0      0x2f0 build/stm32h7xx_hal_adc.o
 .debug_frame   0x00000cc0      0x334 build/stm32h7xx_hal_adc_ex.o
 .debug_frame   0x00000ff4      0x18c build/stm32h7xx_hal_rcc.o
 .debug_frame   0x00001180      0x26c build/stm32h7xx_hal_rcc_ex.o
 .debug_frame   0x000013ec       0xd0 build/stm32h7xx_hal_gpio.o
 .debug_frame   0x000014bc      0x1fc build/stm32h7xx_hal_dma.o
 .debug_frame   0x000016b8      0x2f4 build/stm32h7xx_hal_pwr_ex.o
 .debug_frame   0x000019ac      0x158 build/stm32h7xx_hal_cortex.o
 .debug_frame   0x00001b04      0x360 build/stm32h7xx_hal.o
 .debug_frame   0x00001e64      0x938 build/stm32h7xx_hal_i2c.o
 .debug_frame   0x0000279c       0x80 build/stm32h7xx_hal_i2c_ex.o
 .debug_frame   0x0000281c      0x1ec build/stm32h7xx_hal_dac.o
 .debug_frame   0x00002a08      0x1d4 build/stm32h7xx_ll_fmc.o
 .debug_frame   0x00002bdc      0x27c build/stm32h7xx_hal_sdram.o
 .debug_frame   0x00002e58      0xbf4 build/stm32h7xx_hal_hrtim.o
 .debug_frame   0x00003a4c      0x674 build/stm32h7xx_hal_uart.o
 .debug_frame   0x000040c0      0x1c8 build/stm32h7xx_hal_uart_ex.o
 .debug_frame   0x00004288      0x4a8 build/stm32h7xx_hal_usart.o
 .debug_frame   0x00004730      0x114 build/stm32h7xx_hal_usart_ex.o
 .debug_frame   0x00004844      0x228 build/stm32h7xx_hal_rtc.o
 .debug_frame   0x00004a6c      0x4ac build/stm32h7xx_hal_spi.o
 .debug_frame   0x00004f18      0xb68 build/stm32h7xx_hal_tim.o
 .debug_frame   0x00005a80      0x480 build/stm32h7xx_hal_tim_ex.o
 .debug_frame   0x00005f00       0x3c build/system_stm32h7xx.o
 .debug_frame   0x00005f3c       0x2c c:/nes/arm/10 2021.10/bin/../lib/gcc/arm-none-eabi/10.3.1/../../../../arm-none-eabi/lib/thumb/v7e-m+dp/hard\libc_nano.a(lib_a-init.o)
 .debug_frame   0x00005f68       0x20 c:/nes/arm/10 2021.10/bin/../lib/gcc/arm-none-eabi/10.3.1/../../../../arm-none-eabi/lib/thumb/v7e-m+dp/hard\libc_nano.a(lib_a-memset.o)
 .debug_frame   0x00005f88       0x2c c:/nes/arm/10 2021.10/bin/../lib/gcc/arm-none-eabi/10.3.1/thumb/v7e-m+dp/hard\libgcc.a(_aeabi_uldivmod.o)
 .debug_frame   0x00005fb4       0x34 c:/nes/arm/10 2021.10/bin/../lib/gcc/arm-none-eabi/10.3.1/thumb/v7e-m+dp/hard\libgcc.a(_udivmoddi4.o)

Cross Reference Table

Symbol                                            File
ADC3_IRQHandler                                   build/startup_stm32h743xx.o
ADC_ConfigureBoostMode                            build/stm32h7xx_hal_adc.o
ADC_ConversionStop                                build/stm32h7xx_hal_adc.o
                                                  build/stm32h7xx_hal_adc_ex.o
ADC_DMAConvCplt                                   build/stm32h7xx_hal_adc.o
                                                  build/stm32h7xx_hal_adc_ex.o
ADC_DMAError                                      build/stm32h7xx_hal_adc.o
                                                  build/stm32h7xx_hal_adc_ex.o
ADC_DMAHalfConvCplt                               build/stm32h7xx_hal_adc.o
                                                  build/stm32h7xx_hal_adc_ex.o
ADC_Disable                                       build/stm32h7xx_hal_adc.o
                                                  build/stm32h7xx_hal_adc_ex.o
ADC_Enable                                        build/stm32h7xx_hal_adc.o
                                                  build/stm32h7xx_hal_adc_ex.o
ADC_IRQHandler                                    build/stm32h7xx_it.o
BDMA_Channel0_IRQHandler                          build/startup_stm32h743xx.o
BDMA_Channel1_IRQHandler                          build/startup_stm32h743xx.o
BDMA_Channel2_IRQHandler                          build/startup_stm32h743xx.o
BDMA_Channel3_IRQHandler                          build/startup_stm32h743xx.o
BDMA_Channel4_IRQHandler                          build/startup_stm32h743xx.o
BDMA_Channel5_IRQHandler                          build/startup_stm32h743xx.o
BDMA_Channel6_IRQHandler                          build/startup_stm32h743xx.o
BDMA_Channel7_IRQHandler                          build/startup_stm32h743xx.o
BusFault_Handler                                  build/stm32h7xx_it.o
CEC_IRQHandler                                    build/startup_stm32h743xx.o
COMP1_IRQHandler                                  build/startup_stm32h743xx.o
CRS_IRQHandler                                    build/startup_stm32h743xx.o
D1CorePrescTable                                  build/system_stm32h7xx.o
                                                  build/stm32h7xx_hal.o
                                                  build/stm32h7xx_hal_rcc_ex.o
                                                  build/stm32h7xx_hal_rcc.o
DAC_DMAConvCpltCh1                                build/stm32h7xx_hal_dac.o
                                                  build/stm32h7xx_hal_dac_ex.o
DAC_DMAConvCpltCh2                                build/stm32h7xx_hal_dac_ex.o
                                                  build/stm32h7xx_hal_dac.o
DAC_DMAErrorCh1                                   build/stm32h7xx_hal_dac.o
                                                  build/stm32h7xx_hal_dac_ex.o
DAC_DMAErrorCh2                                   build/stm32h7xx_hal_dac_ex.o
                                                  build/stm32h7xx_hal_dac.o
DAC_DMAHalfConvCpltCh1                            build/stm32h7xx_hal_dac.o
                                                  build/stm32h7xx_hal_dac_ex.o
DAC_DMAHalfConvCpltCh2                            build/stm32h7xx_hal_dac_ex.o
                                                  build/stm32h7xx_hal_dac.o
DCMI_IRQHandler                                   build/startup_stm32h743xx.o
DFSDM1_FLT0_IRQHandler                            build/startup_stm32h743xx.o
DFSDM1_FLT1_IRQHandler                            build/startup_stm32h743xx.o
DFSDM1_FLT2_IRQHandler                            build/startup_stm32h743xx.o
DFSDM1_FLT3_IRQHandler                            build/startup_stm32h743xx.o
DMA1_Stream0_IRQHandler                           build/startup_stm32h743xx.o
DMA1_Stream1_IRQHandler                           build/startup_stm32h743xx.o
DMA1_Stream2_IRQHandler                           build/stm32h7xx_it.o
DMA1_Stream3_IRQHandler                           build/stm32h7xx_it.o
DMA1_Stream4_IRQHandler                           build/stm32h7xx_it.o
DMA1_Stream5_IRQHandler                           build/startup_stm32h743xx.o
DMA1_Stream6_IRQHandler                           build/startup_stm32h743xx.o
DMA1_Stream7_IRQHandler                           build/startup_stm32h743xx.o
DMA2D_IRQHandler                                  build/startup_stm32h743xx.o
DMA2_Stream0_IRQHandler                           build/startup_stm32h743xx.o
DMA2_Stream1_IRQHandler                           build/startup_stm32h743xx.o
DMA2_Stream2_IRQHandler                           build/startup_stm32h743xx.o
DMA2_Stream3_IRQHandler                           build/startup_stm32h743xx.o
DMA2_Stream4_IRQHandler                           build/startup_stm32h743xx.o
DMA2_Stream5_IRQHandler                           build/startup_stm32h743xx.o
DMA2_Stream6_IRQHandler                           build/startup_stm32h743xx.o
DMA2_Stream7_IRQHandler                           build/startup_stm32h743xx.o
DMAMUX1_OVR_IRQHandler                            build/startup_stm32h743xx.o
DMAMUX2_OVR_IRQHandler                            build/startup_stm32h743xx.o
DebugMon_Handler                                  build/stm32h7xx_it.o
Default_Handler                                   build/startup_stm32h743xx.o
ECC_IRQHandler                                    build/startup_stm32h743xx.o
ETH_IRQHandler                                    build/startup_stm32h743xx.o
ETH_WKUP_IRQHandler                               build/startup_stm32h743xx.o
EXTI0_IRQHandler                                  build/startup_stm32h743xx.o
EXTI15_10_IRQHandler                              build/startup_stm32h743xx.o
EXTI1_IRQHandler                                  build/startup_stm32h743xx.o
EXTI2_IRQHandler                                  build/startup_stm32h743xx.o
EXTI3_IRQHandler                                  build/startup_stm32h743xx.o
EXTI4_IRQHandler                                  build/startup_stm32h743xx.o
EXTI9_5_IRQHandler                                build/startup_stm32h743xx.o
Error_Handler                                     build/main.o
                                                  build/tim.o
                                                  build/spi.o
                                                  build/rtc.o
                                                  build/usart.o
                                                  build/i2c.o
                                                  build/hrtim.o
                                                  build/fmc.o
                                                  build/dac.o
                                                  build/adc.o
FDCAN1_IT0_IRQHandler                             build/startup_stm32h743xx.o
FDCAN1_IT1_IRQHandler                             build/startup_stm32h743xx.o
FDCAN2_IT0_IRQHandler                             build/startup_stm32h743xx.o
FDCAN2_IT1_IRQHandler                             build/startup_stm32h743xx.o
FDCAN_CAL_IRQHandler                              build/startup_stm32h743xx.o
FLASH_CRC_WaitForLastOperation                    build/stm32h7xx_hal_flash.o
                                                  build/stm32h7xx_hal_flash_ex.o
FLASH_Erase_Sector                                build/stm32h7xx_hal_flash_ex.o
                                                  build/stm32h7xx_hal_flash.o
FLASH_IRQHandler                                  build/startup_stm32h743xx.o
FLASH_OB_WaitForLastOperation                     build/stm32h7xx_hal_flash.o
                                                  build/stm32h7xx_hal_flash_ex.o
FLASH_WaitForLastOperation                        build/stm32h7xx_hal_flash.o
                                                  build/stm32h7xx_hal_flash_ex.o
FMC_IRQHandler                                    build/startup_stm32h743xx.o
FMC_NAND_AttributeSpace_Timing_Init               build/stm32h7xx_ll_fmc.o
FMC_NAND_CommonSpace_Timing_Init                  build/stm32h7xx_ll_fmc.o
FMC_NAND_DeInit                                   build/stm32h7xx_ll_fmc.o
FMC_NAND_ECC_Disable                              build/stm32h7xx_ll_fmc.o
FMC_NAND_ECC_Enable                               build/stm32h7xx_ll_fmc.o
FMC_NAND_GetECC                                   build/stm32h7xx_ll_fmc.o
FMC_NAND_Init                                     build/stm32h7xx_ll_fmc.o
FMC_NORSRAM_DeInit                                build/stm32h7xx_ll_fmc.o
FMC_NORSRAM_Extended_Timing_Init                  build/stm32h7xx_ll_fmc.o
FMC_NORSRAM_Init                                  build/stm32h7xx_ll_fmc.o
FMC_NORSRAM_Timing_Init                           build/stm32h7xx_ll_fmc.o
FMC_NORSRAM_WriteOperation_Disable                build/stm32h7xx_ll_fmc.o
FMC_NORSRAM_WriteOperation_Enable                 build/stm32h7xx_ll_fmc.o
FMC_SDRAM_DeInit                                  build/stm32h7xx_ll_fmc.o
                                                  build/stm32h7xx_hal_sdram.o
FMC_SDRAM_GetModeStatus                           build/stm32h7xx_ll_fmc.o
                                                  build/stm32h7xx_hal_sdram.o
FMC_SDRAM_Init                                    build/stm32h7xx_ll_fmc.o
                                                  build/stm32h7xx_hal_sdram.o
FMC_SDRAM_ProgramRefreshRate                      build/stm32h7xx_ll_fmc.o
                                                  build/stm32h7xx_hal_sdram.o
FMC_SDRAM_SendCommand                             build/stm32h7xx_ll_fmc.o
                                                  build/stm32h7xx_hal_sdram.o
FMC_SDRAM_SetAutoRefreshNumber                    build/stm32h7xx_ll_fmc.o
                                                  build/stm32h7xx_hal_sdram.o
FMC_SDRAM_Timing_Init                             build/stm32h7xx_ll_fmc.o
                                                  build/stm32h7xx_hal_sdram.o
FMC_SDRAM_WriteProtection_Disable                 build/stm32h7xx_ll_fmc.o
                                                  build/stm32h7xx_hal_sdram.o
FMC_SDRAM_WriteProtection_Enable                  build/stm32h7xx_ll_fmc.o
                                                  build/stm32h7xx_hal_sdram.o
FPU_IRQHandler                                    build/startup_stm32h743xx.o
HAL_ADCEx_Calibration_GetValue                    build/stm32h7xx_hal_adc_ex.o
HAL_ADCEx_Calibration_SetValue                    build/stm32h7xx_hal_adc_ex.o
HAL_ADCEx_Calibration_Start                       build/stm32h7xx_hal_adc_ex.o
HAL_ADCEx_DisableInjectedQueue                    build/stm32h7xx_hal_adc_ex.o
HAL_ADCEx_DisableVoltageRegulator                 build/stm32h7xx_hal_adc_ex.o
HAL_ADCEx_EnableInjectedQueue                     build/stm32h7xx_hal_adc_ex.o
HAL_ADCEx_EndOfSamplingCallback                   build/stm32h7xx_hal_adc_ex.o
                                                  build/stm32h7xx_hal_adc.o
HAL_ADCEx_EnterADCDeepPowerDownMode               build/stm32h7xx_hal_adc_ex.o
HAL_ADCEx_InjectedConfigChannel                   build/stm32h7xx_hal_adc_ex.o
HAL_ADCEx_InjectedConvCpltCallback                build/stm32h7xx_hal_adc_ex.o
                                                  build/stm32h7xx_hal_adc.o
HAL_ADCEx_InjectedGetValue                        build/stm32h7xx_hal_adc_ex.o
HAL_ADCEx_InjectedPollForConversion               build/stm32h7xx_hal_adc_ex.o
HAL_ADCEx_InjectedQueueOverflowCallback           build/stm32h7xx_hal_adc_ex.o
                                                  build/stm32h7xx_hal_adc.o
HAL_ADCEx_InjectedStart                           build/stm32h7xx_hal_adc_ex.o
HAL_ADCEx_InjectedStart_IT                        build/stm32h7xx_hal_adc_ex.o
HAL_ADCEx_InjectedStop                            build/stm32h7xx_hal_adc_ex.o
HAL_ADCEx_InjectedStop_IT                         build/stm32h7xx_hal_adc_ex.o