Archive member included to satisfy reference by file (symbol)

d:/nes/arm/bin/../lib/gcc/arm-none-eabi/10.3.1/../../../../arm-none-eabi/lib/thumb/v7e-m+dp/hard\libc_nano.a(lib_a-errno.o)
                              build/sysmem.o (__errno)
d:/nes/arm/bin/../lib/gcc/arm-none-eabi/10.3.1/../../../../arm-none-eabi/lib/thumb/v7e-m+dp/hard\libc_nano.a(lib_a-exit.o)
                              d:/nes/arm/bin/../lib/gcc/arm-none-eabi/10.3.1/../../../../arm-none-eabi/lib/thumb/v7e-m+dp/hard/crt0.o (exit)
d:/nes/arm/bin/../lib/gcc/arm-none-eabi/10.3.1/../../../../arm-none-eabi/lib/thumb/v7e-m+dp/hard\libc_nano.a(lib_a-impure.o)
                              d:/nes/arm/bin/../lib/gcc/arm-none-eabi/10.3.1/../../../../arm-none-eabi/lib/thumb/v7e-m+dp/hard\libc_nano.a(lib_a-exit.o) (_global_impure_ptr)
d:/nes/arm/bin/../lib/gcc/arm-none-eabi/10.3.1/../../../../arm-none-eabi/lib/thumb/v7e-m+dp/hard\libc_nano.a(lib_a-init.o)
                              d:/nes/arm/bin/../lib/gcc/arm-none-eabi/10.3.1/../../../../arm-none-eabi/lib/thumb/v7e-m+dp/hard/crt0.o (__libc_init_array)
d:/nes/arm/bin/../lib/gcc/arm-none-eabi/10.3.1/../../../../arm-none-eabi/lib/thumb/v7e-m+dp/hard\libc_nano.a(lib_a-memset.o)
                              d:/nes/arm/bin/../lib/gcc/arm-none-eabi/10.3.1/../../../../arm-none-eabi/lib/thumb/v7e-m+dp/hard/crt0.o (memset)
d:/nes/arm/bin/../lib/gcc/arm-none-eabi/10.3.1/../../../../arm-none-eabi/lib/thumb/v7e-m+dp/hard\libc_nano.a(lib_a-snprintf.o)
                              build/main.o (snprintf)
d:/nes/arm/bin/../lib/gcc/arm-none-eabi/10.3.1/../../../../arm-none-eabi/lib/thumb/v7e-m+dp/hard\libc_nano.a(lib_a-strlen.o)
                              build/main.o (strlen)
d:/nes/arm/bin/../lib/gcc/arm-none-eabi/10.3.1/../../../../arm-none-eabi/lib/thumb/v7e-m+dp/hard\libc_nano.a(lib_a-nano-svfprintf.o)
                              d:/nes/arm/bin/../lib/gcc/arm-none-eabi/10.3.1/../../../../arm-none-eabi/lib/thumb/v7e-m+dp/hard\libc_nano.a(lib_a-snprintf.o) (_svfprintf_r)
d:/nes/arm/bin/../lib/gcc/arm-none-eabi/10.3.1/../../../../arm-none-eabi/lib/thumb/v7e-m+dp/hard\libc_nano.a(lib_a-nano-vfprintf_i.o)
                              d:/nes/arm/bin/../lib/gcc/arm-none-eabi/10.3.1/../../../../arm-none-eabi/lib/thumb/v7e-m+dp/hard\libc_nano.a(lib_a-nano-svfprintf.o) (_printf_i)
d:/nes/arm/bin/../lib/gcc/arm-none-eabi/10.3.1/../../../../arm-none-eabi/lib/thumb/v7e-m+dp/hard\libc_nano.a(lib_a-memchr.o)
                              d:/nes/arm/bin/../lib/gcc/arm-none-eabi/10.3.1/../../../../arm-none-eabi/lib/thumb/v7e-m+dp/hard\libc_nano.a(lib_a-nano-svfprintf.o) (memchr)
d:/nes/arm/bin/../lib/gcc/arm-none-eabi/10.3.1/../../../../arm-none-eabi/lib/thumb/v7e-m+dp/hard\libc_nano.a(lib_a-memcpy-stub.o)
                              d:/nes/arm/bin/../lib/gcc/arm-none-eabi/10.3.1/../../../../arm-none-eabi/lib/thumb/v7e-m+dp/hard\libc_nano.a(lib_a-nano-svfprintf.o) (memcpy)
d:/nes/arm/bin/../lib/gcc/arm-none-eabi/10.3.1/../../../../arm-none-eabi/lib/thumb/v7e-m+dp/hard\libc_nano.a(lib_a-memmove.o)
                              d:/nes/arm/bin/../lib/gcc/arm-none-eabi/10.3.1/../../../../arm-none-eabi/lib/thumb/v7e-m+dp/hard\libc_nano.a(lib_a-nano-svfprintf.o) (memmove)
d:/nes/arm/bin/../lib/gcc/arm-none-eabi/10.3.1/../../../../arm-none-eabi/lib/thumb/v7e-m+dp/hard\libc_nano.a(lib_a-nano-freer.o)
                              d:/nes/arm/bin/../lib/gcc/arm-none-eabi/10.3.1/../../../../arm-none-eabi/lib/thumb/v7e-m+dp/hard\libc_nano.a(lib_a-nano-svfprintf.o) (_free_r)
d:/nes/arm/bin/../lib/gcc/arm-none-eabi/10.3.1/../../../../arm-none-eabi/lib/thumb/v7e-m+dp/hard\libc_nano.a(lib_a-nano-mallocr.o)
                              d:/nes/arm/bin/../lib/gcc/arm-none-eabi/10.3.1/../../../../arm-none-eabi/lib/thumb/v7e-m+dp/hard\libc_nano.a(lib_a-nano-svfprintf.o) (_malloc_r)
d:/nes/arm/bin/../lib/gcc/arm-none-eabi/10.3.1/../../../../arm-none-eabi/lib/thumb/v7e-m+dp/hard\libc_nano.a(lib_a-nano-reallocr.o)
                              d:/nes/arm/bin/../lib/gcc/arm-none-eabi/10.3.1/../../../../arm-none-eabi/lib/thumb/v7e-m+dp/hard\libc_nano.a(lib_a-nano-svfprintf.o) (_realloc_r)
d:/nes/arm/bin/../lib/gcc/arm-none-eabi/10.3.1/../../../../arm-none-eabi/lib/thumb/v7e-m+dp/hard\libc_nano.a(lib_a-sbrkr.o)
                              d:/nes/arm/bin/../lib/gcc/arm-none-eabi/10.3.1/../../../../arm-none-eabi/lib/thumb/v7e-m+dp/hard\libc_nano.a(lib_a-nano-mallocr.o) (_sbrk_r)
d:/nes/arm/bin/../lib/gcc/arm-none-eabi/10.3.1/../../../../arm-none-eabi/lib/thumb/v7e-m+dp/hard\libc_nano.a(lib_a-mlock.o)
                              d:/nes/arm/bin/../lib/gcc/arm-none-eabi/10.3.1/../../../../arm-none-eabi/lib/thumb/v7e-m+dp/hard\libc_nano.a(lib_a-nano-freer.o) (__malloc_lock)
d:/nes/arm/bin/../lib/gcc/arm-none-eabi/10.3.1/../../../../arm-none-eabi/lib/thumb/v7e-m+dp/hard\libc_nano.a(lib_a-nano-msizer.o)
[...]
Memory Configuration

Name             Origin             Length             Attributes
DTCMRAM          0x20000000         0x00020000         xrw
RAM_D1           0x24000000         0x00080000         xrw
RAM_D2           0x30000000         0x00048000         xrw
RAM_D3           0x38000000         0x00010000         xrw
ITCMRAM          0x00000000         0x00010000         xrw
FLASH            0x08000000         0x00200000         xr
*default*        0x00000000         0xffffffff

Linker script and memory map

LOAD d:/nes/arm/bin/../lib/gcc/arm-none-eabi/10.3.1/thumb/v7e-m+dp/hard/crti.o
LOAD d:/nes/arm/bin/../lib/gcc/arm-none-eabi/10.3.1/thumb/v7e-m+dp/hard/crtbegin.o
LOAD d:/nes/arm/bin/../lib/gcc/arm-none-eabi/10.3.1/../../../../arm-none-eabi/lib/thumb/v7e-m+dp/hard/crt0.o
LOAD build/main.o
LOAD build/gpio.o
LOAD build/adc.o
LOAD build/dac.o
LOAD build/dma.o
LOAD build/fmc.o
LOAD build/hrtim.o
LOAD build/i2c.o
LOAD build/usart.o
LOAD build/rtc.o
LOAD build/spi.o
LOAD build/tim.o
LOAD build/usb_otg.o
LOAD build/stm32h7xx_it.o
LOAD build/stm32h7xx_hal_msp.o
LOAD build/stm32h7xx_hal_adc.o
LOAD build/stm32h7xx_hal_adc_ex.o
LOAD build/stm32h7xx_hal_rcc.o
LOAD build/stm32h7xx_hal_rcc_ex.o
LOAD build/stm32h7xx_hal_flash.o
LOAD build/stm32h7xx_hal_flash_ex.o
LOAD build/stm32h7xx_hal_gpio.o
LOAD build/stm32h7xx_hal_hsem.o
LOAD build/stm32h7xx_hal_dma.o
LOAD build/stm32h7xx_hal_dma_ex.o
LOAD build/stm32h7xx_hal_mdma.o
LOAD build/stm32h7xx_hal_pwr.o
LOAD build/stm32h7xx_hal_pwr_ex.o
LOAD build/stm32h7xx_hal_cortex.o
LOAD build/stm32h7xx_hal.o
LOAD build/stm32h7xx_hal_i2c.o
LOAD build/stm32h7xx_hal_i2c_ex.o
LOAD build/stm32h7xx_hal_exti.o
LOAD build/stm32h7xx_hal_dac.o
LOAD build/stm32h7xx_hal_dac_ex.o
LOAD build/stm32h7xx_ll_fmc.o
LOAD build/stm32h7xx_hal_sdram.o
LOAD build/stm32h7xx_hal_hrtim.o
LOAD build/stm32h7xx_hal_uart.o
LOAD build/stm32h7xx_hal_uart_ex.o
LOAD build/stm32h7xx_hal_usart.o
LOAD build/stm32h7xx_hal_usart_ex.o
LOAD build/stm32h7xx_hal_rtc.o
LOAD build/stm32h7xx_hal_rtc_ex.o
LOAD build/stm32h7xx_hal_spi.o
LOAD build/stm32h7xx_hal_spi_ex.o
LOAD build/stm32h7xx_hal_tim.o
LOAD build/stm32h7xx_hal_tim_ex.o
LOAD build/system_stm32h7xx.o
LOAD build/sysmem.o
LOAD build/syscalls.o
LOAD build/startup_stm32h743xx.o
LOAD d:/nes/arm/bin/../lib/gcc/arm-none-eabi/10.3.1/../../../../arm-none-eabi/lib/thumb/v7e-m+dp/hard\libc_nano.a
LOAD d:/nes/arm/bin/../lib/gcc/arm-none-eabi/10.3.1/../../../../arm-none-eabi/lib/thumb/v7e-m+dp/hard\libm.a
LOAD d:/nes/arm/bin/../lib/gcc/arm-none-eabi/10.3.1/../../../../arm-none-eabi/lib/thumb/v7e-m+dp/hard\libnosys.a
START GROUP
LOAD d:/nes/arm/bin/../lib/gcc/arm-none-eabi/10.3.1/thumb/v7e-m+dp/hard\libgcc.a
LOAD d:/nes/arm/bin/../lib/gcc/arm-none-eabi/10.3.1/../../../../arm-none-eabi/lib/thumb/v7e-m+dp/hard\libc_nano.a
END GROUP
START GROUP
LOAD d:/nes/arm/bin/../lib/gcc/arm-none-eabi/10.3.1/thumb/v7e-m+dp/hard\libgcc.a
LOAD d:/nes/arm/bin/../lib/gcc/arm-none-eabi/10.3.1/../../../../arm-none-eabi/lib/thumb/v7e-m+dp/hard\libc_nano.a
END GROUP
LOAD d:/nes/arm/bin/../lib/gcc/arm-none-eabi/10.3.1/thumb/v7e-m+dp/hard/crtend.o
LOAD d:/nes/arm/bin/../lib/gcc/arm-none-eabi/10.3.1/thumb/v7e-m+dp/hard/crtn.o
                0x00000200                _Min_Heap_Size = 0x200
                0x00000400                _Min_Stack_Size = 0x400

.isr_vector     0x08000000      0x298
                0x08000000                . = ALIGN (0x4)
 *(.isr_vector)
 .isr_vector    0x08000000      0x298 build/startup_stm32h743xx.o
                0x08000000                g_pfnVectors
                0x08000298                . = ALIGN (0x4)

.text           0x080002a0     0xb990
                0x080002a0                . = ALIGN (0x4)
 *(.text)
 .text          0x080002a0       0x40 d:/nes/arm/bin/../lib/gcc/arm-none-eabi/10.3.1/thumb/v7e-m+dp/hard/crtbegin.o
 .text          0x080002e0       0x10 d:/nes/arm/bin/../lib/gcc/arm-none-eabi/10.3.1/../../../../arm-none-eabi/lib/thumb/v7e-m+dp/hard\libc_nano.a(lib_a-strlen.o)
                0x080002e0                strlen
 .text          0x080002f0       0xa0 d:/nes/arm/bin/../lib/gcc/arm-none-eabi/10.3.1/../../../../arm-none-eabi/lib/thumb/v7e-m+dp/hard\libc_nano.a(lib_a-memchr.o)
                0x080002f0                memchr
 .text          0x08000390       0x30 d:/nes/arm/bin/../lib/gcc/arm-none-eabi/10.3.1/thumb/v7e-m+dp/hard\libgcc.a(_aeabi_uldivmod.o)
                0x08000390                __aeabi_uldivmod
 .text          0x080003c0      0x2d0 d:/nes/arm/bin/../lib/gcc/arm-none-eabi/10.3.1/thumb/v7e-m+dp/hard\libgcc.a(_udivmoddi4.o)
                0x080003c0                __udivmoddi4
 .text          0x08000690        0x4 d:/nes/arm/bin/../lib/gcc/arm-none-eabi/10.3.1/thumb/v7e-m+dp/hard\libgcc.a(_dvmd_tls.o)
                0x08000690                __aeabi_idiv0
                0x08000690                __aeabi_ldiv0
 *(.text*)
 .text.validate_frame
                0x08000694       0x38 build/main.o
 .text.handle_id_on
                0x080006cc       0x50 build/main.o
 .text.handle_id_off
                0x0800071c       0x50 build/main.o
 .text.dispatch_command
                0x0800076c       0x38 build/main.o
 .text.send_response_and_rearm
                0x080007a4       0x2c build/main.o
 .text.HAL_UART_RxCpltCallback
                0x080007d0       0xb8 build/main.o
                0x080007d0                HAL_UART_RxCpltCallback
 .text.HAL_TIM_PeriodElapsedCallback
                0x08000888       0x20 build/main.o
                0x08000888                HAL_TIM_PeriodElapsedCallback
 .text.Error_Handler
                0x080008a8        0x4 build/main.o
                0x080008a8                Error_Handler
 .text.SystemClock_Config
                0x080008ac       0xdc build/main.o
                0x080008ac                SystemClock_Config
 .text.PeriphCommonClock_Config
                0x08000988       0x46 build/main.o
                0x08000988                PeriphCommonClock_Config
 *fill*         0x080009ce        0x2 
 .text.main     0x080009d0      0x148 build/main.o
                0x080009d0                main
 .text.MX_GPIO_Init
                0x08000b18      0x28c build/gpio.o
                0x08000b18                MX_GPIO_Init
 .text.MX_ADC1_Init
                0x08000da4       0xa8 build/adc.o
                0x08000da4                MX_ADC1_Init
 .text.MX_ADC2_Init
                0x08000e4c       0x8c build/adc.o
                0x08000e4c                MX_ADC2_Init
 .text.MX_ADC3_Init
                0x08000ed8       0x94 build/adc.o
                0x08000ed8                MX_ADC3_Init
 .text.HAL_ADC_MspInit
                0x08000f6c      0x280 build/adc.o
                0x08000f6c                HAL_ADC_MspInit
 .text.MX_DAC1_Init
                0x080011ec       0x60 build/dac.o
                0x080011ec                MX_DAC1_Init
 .text.HAL_DAC_MspInit
                0x0800124c       0xf8 build/dac.o
                0x0800124c                HAL_DAC_MspInit
 .text.MX_DMA_Init
                0x08001344       0x78 build/dma.o
                0x08001344                MX_DMA_Init
 .text.HAL_FMC_MspInit
                0x080013bc      0x104 build/fmc.o
 .text.MX_FMC_Init
                0x080014c0       0x60 build/fmc.o
                0x080014c0                MX_FMC_Init
 .text.HAL_SDRAM_MspInit
                0x08001520        0x8 build/fmc.o
                0x08001520                HAL_SDRAM_MspInit
 .text.HAL_HRTIM_MspInit
                0x08001528       0x94 build/hrtim.o
                0x08001528                HAL_HRTIM_MspInit
 .text.HAL_HRTIM_MspPostInit
                0x080015bc       0xbc build/hrtim.o
                0x080015bc                HAL_HRTIM_MspPostInit
 .text.MX_HRTIM_Init
                0x08001678      0x184 build/hrtim.o
                0x08001678                MX_HRTIM_Init
 .text.MX_I2C2_Init
                0x080017fc       0x58 build/i2c.o
                0x080017fc                MX_I2C2_Init
 .text.MX_I2C3_Init
                0x08001854       0x58 build/i2c.o
                0x08001854                MX_I2C3_Init
 .text.MX_I2C4_Init
                0x080018ac       0x58 build/i2c.o
                0x080018ac                MX_I2C4_Init
 .text.HAL_I2C_MspInit
                0x08001904      0x1a4 build/i2c.o
                0x08001904                HAL_I2C_MspInit
 .text.MX_LPUART1_UART_Init
                0x08001aa8       0x6c build/usart.o
                0x08001aa8                MX_LPUART1_UART_Init
 .text.MX_UART4_Init
                0x08001b14       0x70 build/usart.o
                0x08001b14                MX_UART4_Init
 .text.MX_UART7_Init
                0x08001b84       0x68 build/usart.o
                0x08001b84                MX_UART7_Init
 .text.MX_UART8_Init
                0x08001bec       0x68 build/usart.o
                0x08001bec                MX_UART8_Init
 .text.MX_USART1_Init
                0x08001c54       0x68 build/usart.o
                0x08001c54                MX_USART1_Init
 .text.MX_USART2_UART_Init
                0x08001cbc       0x68 build/usart.o
                0x08001cbc                MX_USART2_UART_Init
 .text.HAL_UART_MspInit
                0x08001d24      0x374 build/usart.o
                0x08001d24                HAL_UART_MspInit
 .text.HAL_USART_MspInit
                0x08002098       0xcc build/usart.o
                0x08002098                HAL_USART_MspInit
 .text.MX_RTC_Init
                0x08002164       0x34 build/rtc.o
                0x08002164                MX_RTC_Init
 .text.HAL_RTC_MspInit
                0x08002198       0x4c build/rtc.o
                0x08002198                HAL_RTC_MspInit
 .text.MX_SPI1_Init
                0x080021e4       0x58 build/spi.o
                0x080021e4                MX_SPI1_Init
 .text.MX_SPI2_Init
                0x0800223c       0x58 build/spi.o
                0x0800223c                MX_SPI2_Init
 .text.MX_SPI5_Init
                0x08002294       0x58 build/spi.o
                0x08002294                MX_SPI5_Init
 .text.MX_SPI6_Init
                0x080022ec       0x58 build/spi.o
                0x080022ec                MX_SPI6_Init
 .text.HAL_SPI_MspInit
                0x08002344      0x280 build/spi.o
                0x08002344                HAL_SPI_MspInit
 .text.MX_TIM1_Init
                0x080025c4       0x78 build/tim.o
                0x080025c4                MX_TIM1_Init
 .text.MX_TIM4_Init
                0x0800263c       0xa8 build/tim.o
                0x0800263c                MX_TIM4_Init
 .text.MX_TIM5_Init
                0x080026e4       0x64 build/tim.o
                0x080026e4                MX_TIM5_Init
 .text.MX_TIM6_Init
                0x08002748       0x50 build/tim.o
                0x08002748                MX_TIM6_Init
 .text.MX_TIM7_Init
                0x08002798       0x50 build/tim.o
                0x08002798                MX_TIM7_Init
 .text.MX_TIM8_Init
                0x080027e8       0x68 build/tim.o
                0x080027e8                MX_TIM8_Init
 .text.MX_TIM12_Init
                0x08002850       0x9c build/tim.o
                0x08002850                MX_TIM12_Init
 .text.MX_TIM13_Init
                0x080028ec       0x30 build/tim.o
                0x080028ec                MX_TIM13_Init
 .text.MX_TIM15_Init
                0x0800291c       0x7c build/tim.o
                0x0800291c                MX_TIM15_Init
 .text.MX_TIM16_Init
                0x08002998       0x30 build/tim.o
                0x08002998                MX_TIM16_Init
 .text.MX_TIM17_Init
                0x080029c8       0x30 build/tim.o
                0x080029c8                MX_TIM17_Init
 .text.HAL_TIM_Base_MspInit
                0x080029f8      0x1a0 build/tim.o
                0x080029f8                HAL_TIM_Base_MspInit
 .text.HAL_TIM_IC_MspInit
                0x08002b98      0x148 build/tim.o
                0x08002b98                HAL_TIM_IC_MspInit
 .text.HAL_TIM_PWM_MspInit
                0x08002ce0       0x34 build/tim.o
                0x08002ce0                HAL_TIM_PWM_MspInit
 .text.HAL_TIM_Encoder_MspInit
                0x08002d14       0xc8 build/tim.o
                0x08002d14                HAL_TIM_Encoder_MspInit
 .text.HAL_TIM_MspPostInit
                0x08002ddc       0xd0 build/tim.o
                0x08002ddc                HAL_TIM_MspPostInit
 .text.MX_TIM2_Init
                0x08002eac       0xc8 build/tim.o
                0x08002eac                MX_TIM2_Init
 .text.MX_TIM3_Init
                0x08002f74       0x80 build/tim.o
                0x08002f74                MX_TIM3_Init
 .text.MX_TIM14_Init
                0x08002ff4       0x74 build/tim.o
                0x08002ff4                MX_TIM14_Init
 .text.MX_USB_OTG_FS_USB_Init
                0x08003068        0x2 build/usb_otg.o
                0x08003068                MX_USB_OTG_FS_USB_Init
 .text.NMI_Handler
                0x0800306a        0x2 build/stm32h7xx_it.o
                0x0800306a                NMI_Handler
 .text.HardFault_Handler
                0x0800306c        0x2 build/stm32h7xx_it.o
                0x0800306c                HardFault_Handler
 .text.MemManage_Handler
                0x0800306e        0x2 build/stm32h7xx_it.o
                0x0800306e                MemManage_Handler
 .text.BusFault_Handler
                0x08003070        0x2 build/stm32h7xx_it.o
                0x08003070                BusFault_Handler
 .text.UsageFault_Handler
                0x08003072        0x2 build/stm32h7xx_it.o
                0x08003072                UsageFault_Handler
 .text.SVC_Handler
                0x08003074        0x2 build/stm32h7xx_it.o
                0x08003074                SVC_Handler
 .text.DebugMon_Handler
                0x08003076        0x2 build/stm32h7xx_it.o
                0x08003076                DebugMon_Handler
 .text.PendSV_Handler
                0x08003078        0x2 build/stm32h7xx_it.o
                0x08003078                PendSV_Handler
 .text.SysTick_Handler
                0x0800307a        0x8 build/stm32h7xx_it.o
                0x0800307a                SysTick_Handler
 *fill*         0x08003082        0x2 
 .text.DMA1_Stream0_IRQHandler
                0x08003084       0x10 build/stm32h7xx_it.o
                0x08003084                DMA1_Stream0_IRQHandler
 .text.DMA1_Stream1_IRQHandler
                0x08003094       0x10 build/stm32h7xx_it.o
                0x08003094                DMA1_Stream1_IRQHandler
 .text.DMA1_Stream2_IRQHandler
                0x080030a4       0x10 build/stm32h7xx_it.o
                0x080030a4                DMA1_Stream2_IRQHandler
 .text.DMA1_Stream3_IRQHandler
                0x080030b4       0x10 build/stm32h7xx_it.o
                0x080030b4                DMA1_Stream3_IRQHandler
 .text.DMA1_Stream4_IRQHandler
                0x080030c4       0x10 build/stm32h7xx_it.o
                0x080030c4                DMA1_Stream4_IRQHandler
 .text.ADC_IRQHandler
                0x080030d4       0x18 build/stm32h7xx_it.o
                0x080030d4                ADC_IRQHandler
 .text.TIM1_UP_IRQHandler
                0x080030ec       0x10 build/stm32h7xx_it.o
                0x080030ec                TIM1_UP_IRQHandler
 .text.TIM4_IRQHandler
                0x080030fc       0x10 build/stm32h7xx_it.o
                0x080030fc                TIM4_IRQHandler
 .text.UART4_IRQHandler
                0x0800310c       0x10 build/stm32h7xx_it.o
                0x0800310c                UART4_IRQHandler
 .text.HAL_MspInit
                0x0800311c       0x24 build/stm32h7xx_hal_msp.o
                0x0800311c                HAL_MspInit
 .text.HAL_ADC_ConvCpltCallback
                0x08003140        0x2 build/stm32h7xx_hal_adc.o
                0x08003140                HAL_ADC_ConvCpltCallback
 .text.HAL_ADC_LevelOutOfWindowCallback
                0x08003142        0x2 build/stm32h7xx_hal_adc.o
                0x08003142                HAL_ADC_LevelOutOfWindowCallback
 .text.HAL_ADC_ErrorCallback
                0x08003144        0x2 build/stm32h7xx_hal_adc.o
                0x08003144                HAL_ADC_ErrorCallback
 *fill*         0x08003146        0x2 
 .text.HAL_ADC_IRQHandler
                0x08003148      0x2d8 build/stm32h7xx_hal_adc.o
                0x08003148                HAL_ADC_IRQHandler
 .text.HAL_ADC_ConfigChannel
                0x08003420      0x4e8 build/stm32h7xx_hal_adc.o
                0x08003420                HAL_ADC_ConfigChannel
 .text.ADC_ConfigureBoostMode
                0x08003908      0x164 build/stm32h7xx_hal_adc.o
                0x08003908                ADC_ConfigureBoostMode
 .text.HAL_ADC_Init
                0x08003a6c      0x264 build/stm32h7xx_hal_adc.o
                0x08003a6c                HAL_ADC_Init
 .text.HAL_ADCEx_InjectedConvCpltCallback
                0x08003cd0        0x2 build/stm32h7xx_hal_adc_ex.o
                0x08003cd0                HAL_ADCEx_InjectedConvCpltCallback
 .text.HAL_ADCEx_InjectedQueueOverflowCallback
                0x08003cd2        0x2 build/stm32h7xx_hal_adc_ex.o
                0x08003cd2                HAL_ADCEx_InjectedQueueOverflowCallback
 .text.HAL_ADCEx_LevelOutOfWindow2Callback
                0x08003cd4        0x2 build/stm32h7xx_hal_adc_ex.o
                0x08003cd4                HAL_ADCEx_LevelOutOfWindow2Callback
 .text.HAL_ADCEx_LevelOutOfWindow3Callback
                0x08003cd6        0x2 build/stm32h7xx_hal_adc_ex.o
                0x08003cd6                HAL_ADCEx_LevelOutOfWindow3Callback
 .text.HAL_ADCEx_EndOfSamplingCallback
                0x08003cd8        0x2 build/stm32h7xx_hal_adc_ex.o
                0x08003cd8                HAL_ADCEx_EndOfSamplingCallback
 *fill*         0x08003cda        0x2 
 .text.HAL_ADCEx_MultiModeConfigChannel
                0x08003cdc      0x164 build/stm32h7xx_hal_adc_ex.o
                0x08003cdc                HAL_ADCEx_MultiModeConfigChannel
 .text.HAL_RCC_OscConfig
                0x08003e40      0x648 build/stm32h7xx_hal_rcc.o
                0x08003e40                HAL_RCC_OscConfig
 .text.HAL_RCC_GetSysClockFreq
                0x08004488      0x1f4 build/stm32h7xx_hal_rcc.o
                0x08004488                HAL_RCC_GetSysClockFreq
 .text.HAL_RCC_ClockConfig
                0x0800467c      0x294 build/stm32h7xx_hal_rcc.o
                0x0800467c                HAL_RCC_ClockConfig
 .text.HAL_RCC_GetHCLKFreq
                0x08004910       0x44 build/stm32h7xx_hal_rcc.o
                0x08004910                HAL_RCC_GetHCLKFreq
 .text.HAL_RCC_GetPCLK1Freq
                0x08004954       0x24 build/stm32h7xx_hal_rcc.o
                0x08004954                HAL_RCC_GetPCLK1Freq
 .text.HAL_RCC_GetPCLK2Freq
                0x08004978       0x24 build/stm32h7xx_hal_rcc.o
                0x08004978                HAL_RCC_GetPCLK2Freq
 .text.RCCEx_PLL2_Config
                0x0800499c      0x10c build/stm32h7xx_hal_rcc_ex.o
 .text.RCCEx_PLL3_Config
                0x08004aa8      0x10c build/stm32h7xx_hal_rcc_ex.o
 .text.HAL_RCCEx_PeriphCLKConfig
                0x08004bb4      0x9c4 build/stm32h7xx_hal_rcc_ex.o
                0x08004bb4                HAL_RCCEx_PeriphCLKConfig
 .text.HAL_RCCEx_GetD3PCLK1Freq
                0x08005578       0x24 build/stm32h7xx_hal_rcc_ex.o
                0x08005578                HAL_RCCEx_GetD3PCLK1Freq
 .text.HAL_RCCEx_GetPLL2ClockFreq
                0x0800559c      0x1f8 build/stm32h7xx_hal_rcc_ex.o
                0x0800559c                HAL_RCCEx_GetPLL2ClockFreq
 .text.HAL_RCCEx_GetPLL3ClockFreq
                0x08005794      0x1f8 build/stm32h7xx_hal_rcc_ex.o
                0x08005794                HAL_RCCEx_GetPLL3ClockFreq
 .text.HAL_RCCEx_GetPLL1ClockFreq
                0x0800598c      0x1f8 build/stm32h7xx_hal_rcc_ex.o
                0x0800598c                HAL_RCCEx_GetPLL1ClockFreq
 .text.HAL_RCCEx_GetPeriphCLKFreq
                0x08005b84      0x614 build/stm32h7xx_hal_rcc_ex.o
                0x08005b84                HAL_RCCEx_GetPeriphCLKFreq
 .text.HAL_GPIO_Init
                0x08006198      0x1fc build/stm32h7xx_hal_gpio.o
                0x08006198                HAL_GPIO_Init
 .text.HAL_GPIO_WritePin
                0x08006394        0xc build/stm32h7xx_hal_gpio.o
                0x08006394                HAL_GPIO_WritePin
 .text.HAL_GPIO_TogglePin
                0x080063a0       0x12 build/stm32h7xx_hal_gpio.o
                0x080063a0                HAL_GPIO_TogglePin
 *fill*         0x080063b2        0x2 
 .text.DMA_CalcBaseAndBitshift
                0x080063b4       0xb4 build/stm32h7xx_hal_dma.o
 .text.DMA_CheckFifoParam
                0x08006468       0x92 build/stm32h7xx_hal_dma.o
 *fill*         0x080064fa        0x2 
 .text.DMA_CalcDMAMUXChannelBaseAndMask
                0x080064fc       0xb0 build/stm32h7xx_hal_dma.o
 .text.DMA_CalcDMAMUXRequestGenBaseAndMask
                0x080065ac       0x7c build/stm32h7xx_hal_dma.o
 .text.HAL_DMA_Init
                0x08006628      0x3a4 build/stm32h7xx_hal_dma.o
                0x08006628                HAL_DMA_Init
 .text.HAL_DMA_Abort
                0x080069cc      0x340 build/stm32h7xx_hal_dma.o
                0x080069cc                HAL_DMA_Abort
 .text.HAL_DMA_Abort_IT
                0x08006d0c      0x270 build/stm32h7xx_hal_dma.o
                0x08006d0c                HAL_DMA_Abort_IT
 .text.HAL_DMA_IRQHandler
                0x08006f7c      0x738 build/stm32h7xx_hal_dma.o
                0x08006f7c                HAL_DMA_IRQHandler
 .text.HAL_PWREx_ConfigSupply
                0x080076b4       0x54 build/stm32h7xx_hal_pwr_ex.o
                0x080076b4                HAL_PWREx_ConfigSupply
 .text.HAL_NVIC_SetPriorityGrouping
                0x08007708       0x24 build/stm32h7xx_hal_cortex.o
                0x08007708                HAL_NVIC_SetPriorityGrouping
 .text.HAL_NVIC_SetPriority
                0x0800772c       0x6c build/stm32h7xx_hal_cortex.o
                0x0800772c                HAL_NVIC_SetPriority
 .text.HAL_NVIC_EnableIRQ
                0x08007798       0x1c build/stm32h7xx_hal_cortex.o
                0x08007798                HAL_NVIC_EnableIRQ
 .text.HAL_SYSTICK_Config
                0x080077b4       0x28 build/stm32h7xx_hal_cortex.o
                0x080077b4                HAL_SYSTICK_Config
 .text.HAL_InitTick
                0x080077dc       0x50 build/stm32h7xx_hal.o
                0x080077dc                HAL_InitTick
 .text.HAL_Init
                0x0800782c       0x5c build/stm32h7xx_hal.o
                0x0800782c                HAL_Init
 .text.HAL_IncTick
                0x08007888       0x18 build/stm32h7xx_hal.o
                0x08007888                HAL_IncTick
 .text.HAL_GetTick
                0x080078a0        0xc build/stm32h7xx_hal.o
                0x080078a0                HAL_GetTick
 .text.HAL_Delay
                0x080078ac       0x28 build/stm32h7xx_hal.o
                0x080078ac                HAL_Delay
 .text.HAL_GetREVID
                0x080078d4        0xc build/stm32h7xx_hal.o
                0x080078d4                HAL_GetREVID
 .text.HAL_SYSCFG_AnalogSwitchConfig
                0x080078e0       0x14 build/stm32h7xx_hal.o
                0x080078e0                HAL_SYSCFG_AnalogSwitchConfig
 .text.HAL_I2C_Init
                0x080078f4       0xbc build/stm32h7xx_hal_i2c.o
                0x080078f4                HAL_I2C_Init
 .text.HAL_I2CEx_ConfigAnalogFilter
                0x080079b0       0x5c build/stm32h7xx_hal_i2c_ex.o
                0x080079b0                HAL_I2CEx_ConfigAnalogFilter
 .text.HAL_I2CEx_ConfigDigitalFilter
                0x08007a0c       0x58 build/stm32h7xx_hal_i2c_ex.o
                0x08007a0c                HAL_I2CEx_ConfigDigitalFilter
 .text.HAL_DAC_Init
                0x08007a64       0x24 build/stm32h7xx_hal_dac.o
                0x08007a64                HAL_DAC_Init
 .text.HAL_DAC_ConfigChannel
                0x08007a88      0x15c build/stm32h7xx_hal_dac.o
                0x08007a88                HAL_DAC_ConfigChannel
 .text.FMC_SDRAM_Init
                0x08007be4       0x74 build/stm32h7xx_ll_fmc.o
                0x08007be4                FMC_SDRAM_Init
 .text.FMC_SDRAM_Timing_Init
                0x08007c58       0xa8 build/stm32h7xx_ll_fmc.o
                0x08007c58                FMC_SDRAM_Timing_Init
 .text.HAL_SDRAM_Init
                0x08007d00       0x50 build/stm32h7xx_hal_sdram.o
                0x08007d00                HAL_SDRAM_Init
 .text.HRTIM_MasterBase_Config
                0x08007d50       0x2a build/stm32h7xx_hal_hrtim.o
 .text.HRTIM_TimingUnitBase_Config
                0x08007d7a       0x40 build/stm32h7xx_hal_hrtim.o
 .text.HRTIM_MasterWaveform_Config
                0x08007dba       0x58 build/stm32h7xx_hal_hrtim.o
 .text.HRTIM_TimingUnitWaveform_Config
                0x08007e12      0x14c build/stm32h7xx_hal_hrtim.o
 .text.HRTIM_OutputConfig
                0x08007f5e       0xf0 build/stm32h7xx_hal_hrtim.o
 .text.HRTIM_ForceRegistersUpdate
                0x0800804e       0x6e build/stm32h7xx_hal_hrtim.o
 .text.HAL_HRTIM_Init
                0x080080bc       0xdc build/stm32h7xx_hal_hrtim.o
                0x080080bc                HAL_HRTIM_Init
 .text.HAL_HRTIM_TimeBaseConfig
                0x08008198       0x32 build/stm32h7xx_hal_hrtim.o
                0x08008198                HAL_HRTIM_TimeBaseConfig
 *fill*         0x080081ca        0x2 
 .text.HAL_HRTIM_FaultConfig
                0x080081cc      0x190 build/stm32h7xx_hal_hrtim.o
                0x080081cc                HAL_HRTIM_FaultConfig
 .text.HAL_HRTIM_FaultPrescalerConfig
                0x0800835c       0x4c build/stm32h7xx_hal_hrtim.o
                0x0800835c                HAL_HRTIM_FaultPrescalerConfig
 .text.HAL_HRTIM_FaultModeCtl
                0x080083a8       0x9e build/stm32h7xx_hal_hrtim.o
                0x080083a8                HAL_HRTIM_FaultModeCtl
 .text.HAL_HRTIM_WaveformTimerConfig
                0x08008446       0x70 build/stm32h7xx_hal_hrtim.o
                0x08008446                HAL_HRTIM_WaveformTimerConfig
 .text.HAL_HRTIM_WaveformOutputConfig
                0x080084b6       0x38 build/stm32h7xx_hal_hrtim.o
                0x080084b6                HAL_HRTIM_WaveformOutputConfig
 *fill*         0x080084ee        0x2 
 .text.UART_EndRxTransfer
                0x080084f0       0x38 build/stm32h7xx_hal_uart.o
 .text.HAL_UART_TxCpltCallback
                0x08008528        0x2 build/stm32h7xx_hal_uart.o
                0x08008528                HAL_UART_TxCpltCallback
 .text.UART_EndTransmit_IT
                0x0800852a       0x1c build/stm32h7xx_hal_uart.o
 .text.HAL_UART_ErrorCallback
                0x08008546        0x2 build/stm32h7xx_hal_uart.o
                0x08008546                HAL_UART_ErrorCallback
 .text.UART_DMAAbortOnError
                0x08008548       0x14 build/stm32h7xx_hal_uart.o
 .text.HAL_UARTEx_RxEventCallback
                0x0800855c        0x2 build/stm32h7xx_hal_uart.o
                0x0800855c                HAL_UARTEx_RxEventCallback
 *fill*         0x0800855e        0x2 
 .text.HAL_UART_IRQHandler
                0x08008560      0x348 build/stm32h7xx_hal_uart.o
                0x08008560                HAL_UART_IRQHandler
 .text.UART_RxISR_8BIT
                0x080088a8       0x88 build/stm32h7xx_hal_uart.o
 .text.UART_RxISR_16BIT
                0x08008930       0x86 build/stm32h7xx_hal_uart.o
 *fill*         0x080089b6        0x2 
 .text.UART_RxISR_8BIT_FIFOEN
                0x080089b8      0x158 build/stm32h7xx_hal_uart.o
 .text.UART_RxISR_16BIT_FIFOEN
                0x08008b10      0x158 build/stm32h7xx_hal_uart.o
 .text.UART_SetConfig
                0x08008c68      0x5f4 build/stm32h7xx_hal_uart.o
                0x08008c68                UART_SetConfig
 .text.UART_AdvFeatureConfig
                0x0800925c       0xca build/stm32h7xx_hal_uart.o
                0x0800925c                UART_AdvFeatureConfig
 .text.UART_WaitOnFlagUntilTimeout
                0x08009326       0xb0 build/stm32h7xx_hal_uart.o
                0x08009326                UART_WaitOnFlagUntilTimeout
 .text.HAL_UART_Transmit
                0x080093d6       0xda build/stm32h7xx_hal_uart.o
                0x080093d6                HAL_UART_Transmit
 .text.UART_CheckIdleState
                0x080094b0       0x74 build/stm32h7xx_hal_uart.o
                0x080094b0                UART_CheckIdleState
 .text.HAL_UART_Init
                0x08009524       0x66 build/stm32h7xx_hal_uart.o
                0x08009524                HAL_UART_Init
 *fill*         0x0800958a        0x2 
 .text.UART_Start_Receive_IT
                0x0800958c       0xf8 build/stm32h7xx_hal_uart.o
                0x0800958c                UART_Start_Receive_IT
 .text.HAL_UART_Receive_IT
                0x08009684       0x54 build/stm32h7xx_hal_uart.o
                0x08009684                HAL_UART_Receive_IT
 .text.UARTEx_SetNbDataToProcess
                0x080096d8       0x4c build/stm32h7xx_hal_uart_ex.o
 .text.HAL_UARTEx_WakeupCallback
                0x08009724        0x2 build/stm32h7xx_hal_uart_ex.o
                0x08009724                HAL_UARTEx_WakeupCallback
 .text.HAL_UARTEx_RxFifoFullCallback
                0x08009726        0x2 build/stm32h7xx_hal_uart_ex.o
                0x08009726                HAL_UARTEx_RxFifoFullCallback
 .text.HAL_UARTEx_TxFifoEmptyCallback
                0x08009728        0x2 build/stm32h7xx_hal_uart_ex.o
                0x08009728                HAL_UARTEx_TxFifoEmptyCallback
 .text.HAL_UARTEx_DisableFifoMode
                0x0800972a       0x3e build/stm32h7xx_hal_uart_ex.o
                0x0800972a                HAL_UARTEx_DisableFifoMode
 .text.HAL_UARTEx_SetTxFifoThreshold
                0x08009768       0x4a build/stm32h7xx_hal_uart_ex.o
                0x08009768                HAL_UARTEx_SetTxFifoThreshold
 .text.HAL_UARTEx_SetRxFifoThreshold
                0x080097b2       0x4a build/stm32h7xx_hal_uart_ex.o
                0x080097b2                HAL_UARTEx_SetRxFifoThreshold
 .text.USART_SetConfig
                0x080097fc      0x5d8 build/stm32h7xx_hal_usart.o
 .text.USART_WaitOnFlagUntilTimeout
                0x08009dd4       0x54 build/stm32h7xx_hal_usart.o
 .text.USART_CheckIdleState
                0x08009e28       0x6c build/stm32h7xx_hal_usart.o
 .text.HAL_USART_Init
                0x08009e94       0x5a build/stm32h7xx_hal_usart.o
                0x08009e94                HAL_USART_Init
 *fill*         0x08009eee        0x2 
 .text.USARTEx_SetNbDataToProcess
                0x08009ef0       0x44 build/stm32h7xx_hal_usart_ex.o
 .text.HAL_USARTEx_DisableFifoMode
                0x08009f34       0x3e build/stm32h7xx_hal_usart_ex.o
                0x08009f34                HAL_USARTEx_DisableFifoMode
 .text.HAL_USARTEx_SetTxFifoThreshold
                0x08009f72       0x48 build/stm32h7xx_hal_usart_ex.o
                0x08009f72                HAL_USARTEx_SetTxFifoThreshold
 .text.HAL_USARTEx_SetRxFifoThreshold
                0x08009fba       0x48 build/stm32h7xx_hal_usart_ex.o
                0x08009fba                HAL_USARTEx_SetRxFifoThreshold
 .text.HAL_RTC_WaitForSynchro
                0x0800a002       0x32 build/stm32h7xx_hal_rtc.o
                0x0800a002                HAL_RTC_WaitForSynchro
 .text.RTC_EnterInitMode
                0x0800a034       0x40 build/stm32h7xx_hal_rtc.o
                0x0800a034                RTC_EnterInitMode
 .text.RTC_ExitInitMode
                0x0800a074       0x50 build/stm32h7xx_hal_rtc.o
                0x0800a074                RTC_ExitInitMode
 .text.HAL_RTC_Init
                0x0800a0c4       0x98 build/stm32h7xx_hal_rtc.o
                0x0800a0c4                HAL_RTC_Init
 .text.SPI_GetPacketSize
                0x0800a15c       0x10 build/stm32h7xx_hal_spi.o
 .text.HAL_SPI_Init
                0x0800a16c      0x160 build/stm32h7xx_hal_spi.o
                0x0800a16c                HAL_SPI_Init
 .text.TIM_OC1_SetConfig
                0x0800a2cc       0xa8 build/stm32h7xx_hal_tim.o
 .text.TIM_OC3_SetConfig
                0x0800a374       0x90 build/stm32h7xx_hal_tim.o
 .text.TIM_OC4_SetConfig
                0x0800a404       0x70 build/stm32h7xx_hal_tim.o
 .text.TIM_OC5_SetConfig
                0x0800a474       0x70 build/stm32h7xx_hal_tim.o
 .text.TIM_OC6_SetConfig
                0x0800a4e4       0x70 build/stm32h7xx_hal_tim.o
 .text.TIM_TI1_ConfigInputStage
                0x0800a554       0x26 build/stm32h7xx_hal_tim.o
 .text.TIM_TI2_SetConfig
                0x0800a57a       0x36 build/stm32h7xx_hal_tim.o
 .text.TIM_TI2_ConfigInputStage
                0x0800a5b0       0x28 build/stm32h7xx_hal_tim.o
 .text.TIM_TI3_SetConfig
                0x0800a5d8       0x36 build/stm32h7xx_hal_tim.o
 .text.TIM_TI4_SetConfig
                0x0800a60e       0x36 build/stm32h7xx_hal_tim.o
 .text.TIM_ITRx_SetConfig
                0x0800a644       0x14 build/stm32h7xx_hal_tim.o
 .text.HAL_TIM_Base_Start_IT
                0x0800a658       0x88 build/stm32h7xx_hal_tim.o
                0x0800a658                HAL_TIM_Base_Start_IT
 .text.HAL_TIM_Base_Stop_IT
                0x0800a6e0       0x32 build/stm32h7xx_hal_tim.o
                0x0800a6e0                HAL_TIM_Base_Stop_IT
 .text.HAL_TIM_OC_DelayElapsedCallback
                0x0800a712        0x2 build/stm32h7xx_hal_tim.o
                0x0800a712                HAL_TIM_OC_DelayElapsedCallback
 .text.HAL_TIM_IC_CaptureCallback
                0x0800a714        0x2 build/stm32h7xx_hal_tim.o
                0x0800a714                HAL_TIM_IC_CaptureCallback
 .text.HAL_TIM_PWM_PulseFinishedCallback
                0x0800a716        0x2 build/stm32h7xx_hal_tim.o
                0x0800a716                HAL_TIM_PWM_PulseFinishedCallback
 .text.HAL_TIM_TriggerCallback
                0x0800a718        0x2 build/stm32h7xx_hal_tim.o
                0x0800a718                HAL_TIM_TriggerCallback
 .text.HAL_TIM_IRQHandler
                0x0800a71a      0x19a build/stm32h7xx_hal_tim.o
                0x0800a71a                HAL_TIM_IRQHandler
 .text.TIM_Base_SetConfig
                0x0800a8b4      0x104 build/stm32h7xx_hal_tim.o
                0x0800a8b4                TIM_Base_SetConfig
 .text.HAL_TIM_Base_Init
                0x0800a9b8       0x60 build/stm32h7xx_hal_tim.o
                0x0800a9b8                HAL_TIM_Base_Init
 .text.HAL_TIM_PWM_Init
                0x0800aa18       0x60 build/stm32h7xx_hal_tim.o
                0x0800aa18                HAL_TIM_PWM_Init
 .text.HAL_TIM_IC_Init
                0x0800aa78       0x60 build/stm32h7xx_hal_tim.o
                0x0800aa78                HAL_TIM_IC_Init
 .text.HAL_TIM_Encoder_Init
                0x0800aad8       0xb4 build/stm32h7xx_hal_tim.o
                0x0800aad8                HAL_TIM_Encoder_Init
 .text.TIM_OC2_SetConfig
                0x0800ab8c       0x94 build/stm32h7xx_hal_tim.o
                0x0800ab8c                TIM_OC2_SetConfig
 .text.HAL_TIM_PWM_ConfigChannel
                0x0800ac20      0x128 build/stm32h7xx_hal_tim.o
                0x0800ac20                HAL_TIM_PWM_ConfigChannel
 .text.TIM_TI1_SetConfig
                0x0800ad48       0x94 build/stm32h7xx_hal_tim.o
                0x0800ad48                TIM_TI1_SetConfig
 .text.HAL_TIM_IC_ConfigChannel
                0x0800addc       0xb4 build/stm32h7xx_hal_tim.o
                0x0800addc                HAL_TIM_IC_ConfigChannel
 .text.TIM_ETR_SetConfig
                0x0800ae90       0x1a build/stm32h7xx_hal_tim.o
                0x0800ae90                TIM_ETR_SetConfig
 *fill*         0x0800aeaa        0x2 
 .text.HAL_TIM_ConfigClockSource
                0x0800aeac      0x108 build/stm32h7xx_hal_tim.o
                0x0800aeac                HAL_TIM_ConfigClockSource
 .text.TIM_SlaveTimer_SetConfig
                0x0800afb4       0x98 build/stm32h7xx_hal_tim.o
 .text.HAL_TIM_SlaveConfigSynchro
                0x0800b04c       0x52 build/stm32h7xx_hal_tim.o
                0x0800b04c                HAL_TIM_SlaveConfigSynchro
 *fill*         0x0800b09e        0x2 
 .text.HAL_TIMEx_MasterConfigSynchronization
                0x0800b0a0       0x98 build/stm32h7xx_hal_tim_ex.o
                0x0800b0a0                HAL_TIMEx_MasterConfigSynchronization
 .text.HAL_TIMEx_CommutCallback
                0x0800b138        0x2 build/stm32h7xx_hal_tim_ex.o
                0x0800b138                HAL_TIMEx_CommutCallback
 .text.HAL_TIMEx_BreakCallback
                0x0800b13a        0x2 build/stm32h7xx_hal_tim_ex.o
                0x0800b13a                HAL_TIMEx_BreakCallback
 .text.HAL_TIMEx_Break2Callback
                0x0800b13c        0x2 build/stm32h7xx_hal_tim_ex.o
                0x0800b13c                HAL_TIMEx_Break2Callback
 *fill*         0x0800b13e        0x2 
 .text.SystemInit
                0x0800b140       0xd4 build/system_stm32h7xx.o
                0x0800b140                SystemInit
 .text._sbrk    0x0800b214       0x48 build/sysmem.o
                0x0800b214                _sbrk
 .text.Reset_Handler
                0x0800b25c       0x50 build/startup_stm32h743xx.o
                0x0800b25c                Reset_Handler
 .text.Default_Handler
                0x0800b2ac        0x2 build/startup_stm32h743xx.o
                0x0800b2ac                RTC_Alarm_IRQHandler
                0x0800b2ac                EXTI2_IRQHandler
                0x0800b2ac                TIM8_CC_IRQHandler
                0x0800b2ac                HRTIM1_Master_IRQHandler
                0x0800b2ac                UART8_IRQHandler
                0x0800b2ac                SPI4_IRQHandler
                0x0800b2ac                TIM1_CC_IRQHandler
                0x0800b2ac                BDMA_Channel6_IRQHandler
                0x0800b2ac                DMA2_Stream5_IRQHandler
                0x0800b2ac                HRTIM1_FLT_IRQHandler
                0x0800b2ac                JPEG_IRQHandler
                0x0800b2ac                DMA1_Stream5_IRQHandler
                0x0800b2ac                BDMA_Channel1_IRQHandler
                0x0800b2ac                HRTIM1_TIMD_IRQHandler
                0x0800b2ac                TAMP_STAMP_IRQHandler
                0x0800b2ac                EXTI3_IRQHandler
                0x0800b2ac                LPTIM4_IRQHandler
                0x0800b2ac                TIM8_TRG_COM_TIM14_IRQHandler
                0x0800b2ac                LPTIM2_IRQHandler
                0x0800b2ac                DFSDM1_FLT1_IRQHandler
                0x0800b2ac                DMAMUX2_OVR_IRQHandler
                0x0800b2ac                TIM8_UP_TIM13_IRQHandler
                0x0800b2ac                I2C3_ER_IRQHandler
                0x0800b2ac                DFSDM1_FLT2_IRQHandler
                0x0800b2ac                MDMA_IRQHandler
                0x0800b2ac                LPTIM3_IRQHandler
                0x0800b2ac                HSEM1_IRQHandler
                0x0800b2ac                EXTI0_IRQHandler
                0x0800b2ac                I2C2_EV_IRQHandler
                0x0800b2ac                FPU_IRQHandler
                0x0800b2ac                OTG_HS_WKUP_IRQHandler
                0x0800b2ac                FDCAN1_IT1_IRQHandler
                0x0800b2ac                LTDC_ER_IRQHandler
                0x0800b2ac                DMA2_Stream2_IRQHandler
                0x0800b2ac                HRTIM1_TIME_IRQHandler
                0x0800b2ac                SPI1_IRQHandler
                0x0800b2ac                TIM6_DAC_IRQHandler
                0x0800b2ac                DCMI_IRQHandler
                0x0800b2ac                HRTIM1_TIMC_IRQHandler
                0x0800b2ac                DMA2_Stream3_IRQHandler
                0x0800b2ac                SAI2_IRQHandler
                0x0800b2ac                DFSDM1_FLT3_IRQHandler
                0x0800b2ac                USART6_IRQHandler
                0x0800b2ac                TIM17_IRQHandler
                0x0800b2ac                USART3_IRQHandler
                0x0800b2ac                BDMA_Channel7_IRQHandler
                0x0800b2ac                LPTIM5_IRQHandler
                0x0800b2ac                UART5_IRQHandler
                0x0800b2ac                ADC3_IRQHandler
                0x0800b2ac                DMA2_Stream0_IRQHandler
                0x0800b2ac                BDMA_Channel2_IRQHandler
                0x0800b2ac                QUADSPI_IRQHandler
                0x0800b2ac                I2C1_EV_IRQHandler
                0x0800b2ac                DMA1_Stream6_IRQHandler
                0x0800b2ac                DMAMUX1_OVR_IRQHandler
                0x0800b2ac                TIM16_IRQHandler
                0x0800b2ac                BDMA_Channel5_IRQHandler
                0x0800b2ac                TIM3_IRQHandler
                0x0800b2ac                RCC_IRQHandler
                0x0800b2ac                TIM8_BRK_TIM12_IRQHandler
                0x0800b2ac                TIM1_TRG_COM_IRQHandler
                0x0800b2ac                Default_Handler
                0x0800b2ac                ECC_IRQHandler
                0x0800b2ac                CEC_IRQHandler
                0x0800b2ac                EXTI15_10_IRQHandler
                0x0800b2ac                BDMA_Channel0_IRQHandler
                0x0800b2ac                DMA1_Stream7_IRQHandler
                0x0800b2ac                HRTIM1_TIMA_IRQHandler
                0x0800b2ac                SPI5_IRQHandler
                0x0800b2ac                TIM7_IRQHandler
                0x0800b2ac                SDMMC1_IRQHandler
                0x0800b2ac                TIM5_IRQHandler
                0x0800b2ac                DMA2_Stream7_IRQHandler
                0x0800b2ac                TIM15_IRQHandler
                0x0800b2ac                PVD_AVD_IRQHandler
                0x0800b2ac                I2C3_EV_IRQHandler
                0x0800b2ac                EXTI9_5_IRQHandler
                0x0800b2ac                RTC_WKUP_IRQHandler
                0x0800b2ac                LTDC_IRQHandler
                0x0800b2ac                SAI3_IRQHandler
                0x0800b2ac                ETH_WKUP_IRQHandler
                0x0800b2ac                SPDIF_RX_IRQHandler
                0x0800b2ac                SPI2_IRQHandler
                0x0800b2ac                OTG_HS_EP1_IN_IRQHandler
                0x0800b2ac                CRS_IRQHandler
                0x0800b2ac                EXTI4_IRQHandler
                0x0800b2ac                RNG_IRQHandler
                0x0800b2ac                HRTIM1_TIMB_IRQHandler
                0x0800b2ac                FDCAN2_IT1_IRQHandler
                0x0800b2ac                ETH_IRQHandler
                0x0800b2ac                BDMA_Channel4_IRQHandler
                0x0800b2ac                OTG_HS_EP1_OUT_IRQHandler
                0x0800b2ac                WWDG_IRQHandler
                0x0800b2ac                SPI6_IRQHandler
                0x0800b2ac                MDIOS_IRQHandler
                0x0800b2ac                I2C4_EV_IRQHandler
                0x0800b2ac                FDCAN2_IT0_IRQHandler
                0x0800b2ac                LPUART1_IRQHandler
                0x0800b2ac                FDCAN1_IT0_IRQHandler
                0x0800b2ac                TIM2_IRQHandler
                0x0800b2ac                OTG_FS_WKUP_IRQHandler
                0x0800b2ac                OTG_HS_IRQHandler
                0x0800b2ac                DMA2D_IRQHandler
                0x0800b2ac                TIM1_BRK_IRQHandler
                0x0800b2ac                EXTI1_IRQHandler
                0x0800b2ac                SDMMC2_IRQHandler
                0x0800b2ac                OTG_FS_EP1_OUT_IRQHandler
                0x0800b2ac                BDMA_Channel3_IRQHandler
                0x0800b2ac                UART7_IRQHandler
                0x0800b2ac                MDIOS_WKUP_IRQHandler
                0x0800b2ac                USART2_IRQHandler
                0x0800b2ac                DFSDM1_FLT0_IRQHandler
                0x0800b2ac                SAI4_IRQHandler
                0x0800b2ac                I2C2_ER_IRQHandler
                0x0800b2ac                DMA2_Stream1_IRQHandler
                0x0800b2ac                FLASH_IRQHandler
                0x0800b2ac                DMA2_Stream4_IRQHandler
                0x0800b2ac                USART1_IRQHandler
                0x0800b2ac                OTG_FS_IRQHandler
                0x0800b2ac                SPI3_IRQHandler
                0x0800b2ac                WAKEUP_PIN_IRQHandler
                0x0800b2ac                OTG_FS_EP1_IN_IRQHandler
                0x0800b2ac                I2C1_ER_IRQHandler
                0x0800b2ac                FMC_IRQHandler
                0x0800b2ac                FDCAN_CAL_IRQHandler
                0x0800b2ac                SWPMI1_IRQHandler
                0x0800b2ac                COMP1_IRQHandler
                0x0800b2ac                LPTIM1_IRQHandler
                0x0800b2ac                I2C4_ER_IRQHandler
                0x0800b2ac                DMA2_Stream6_IRQHandler
                0x0800b2ac                SAI1_IRQHandler
 *fill*         0x0800b2ae        0x2 
 .text.__errno  0x0800b2b0        0xc d:/nes/arm/bin/../lib/gcc/arm-none-eabi/10.3.1/../../../../arm-none-eabi/lib/thumb/v7e-m+dp/hard\libc_nano.a(lib_a-errno.o)
                0x0800b2b0                __errno
 .text.__libc_init_array
                0x0800b2bc       0x48 d:/nes/arm/bin/../lib/gcc/arm-none-eabi/10.3.1/../../../../arm-none-eabi/lib/thumb/v7e-m+dp/hard\libc_nano.a(lib_a-init.o)
                0x0800b2bc                __libc_init_array
 .text.memset   0x0800b304       0x10 d:/nes/arm/bin/../lib/gcc/arm-none-eabi/10.3.1/../../../../arm-none-eabi/lib/thumb/v7e-m+dp/hard\libc_nano.a(lib_a-memset.o)
                0x0800b304                memset
 .text.snprintf
                0x0800b314       0x68 d:/nes/arm/bin/../lib/gcc/arm-none-eabi/10.3.1/../../../../arm-none-eabi/lib/thumb/v7e-m+dp/hard\libc_nano.a(lib_a-snprintf.o)
                0x0800b314                sniprintf
                0x0800b314                snprintf
 .text.__ssputs_r
                0x0800b37c       0xb6 d:/nes/arm/bin/../lib/gcc/arm-none-eabi/10.3.1/../../../../arm-none-eabi/lib/thumb/v7e-m+dp/hard\libc_nano.a(lib_a-nano-svfprintf.o)
                0x0800b37c                __ssputs_r
 *fill*         0x0800b432        0x2 
 .text._svfprintf_r
                0x0800b434      0x200 d:/nes/arm/bin/../lib/gcc/arm-none-eabi/10.3.1/../../../../arm-none-eabi/lib/thumb/v7e-m+dp/hard\libc_nano.a(lib_a-nano-svfprintf.o)
                0x0800b434                _svfiprintf_r
                0x0800b434                _svfprintf_r
 .text._printf_common
                0x0800b634       0xda d:/nes/arm/bin/../lib/gcc/arm-none-eabi/10.3.1/../../../../arm-none-eabi/lib/thumb/v7e-m+dp/hard\libc_nano.a(lib_a-nano-vfprintf_i.o)
                0x0800b634                _printf_common
 *fill*         0x0800b70e        0x2 
 .text._printf_i
                0x0800b710      0x24c d:/nes/arm/bin/../lib/gcc/arm-none-eabi/10.3.1/../../../../arm-none-eabi/lib/thumb/v7e-m+dp/hard\libc_nano.a(lib_a-nano-vfprintf_i.o)
                0x0800b710                _printf_i
 .text.memcpy   0x0800b95c       0x1c d:/nes/arm/bin/../lib/gcc/arm-none-eabi/10.3.1/../../../../arm-none-eabi/lib/thumb/v7e-m+dp/hard\libc_nano.a(lib_a-memcpy-stub.o)
                0x0800b95c                memcpy
 .text.memmove  0x0800b978       0x34 d:/nes/arm/bin/../lib/gcc/arm-none-eabi/10.3.1/../../../../arm-none-eabi/lib/thumb/v7e-m+dp/hard\libc_nano.a(lib_a-memmove.o)
                0x0800b978                memmove
 .text._free_r  0x0800b9ac       0x98 d:/nes/arm/bin/../lib/gcc/arm-none-eabi/10.3.1/../../../../arm-none-eabi/lib/thumb/v7e-m+dp/hard\libc_nano.a(lib_a-nano-freer.o)
                0x0800b9ac                _free_r
 .text.sbrk_aligned
                0x0800ba44       0x40 d:/nes/arm/bin/../lib/gcc/arm-none-eabi/10.3.1/../../../../arm-none-eabi/lib/thumb/v7e-m+dp/hard\libc_nano.a(lib_a-nano-mallocr.o)
 .text._malloc_r
                0x0800ba84       0xe8 d:/nes/arm/bin/../lib/gcc/arm-none-eabi/10.3.1/../../../../arm-none-eabi/lib/thumb/v7e-m+dp/hard\libc_nano.a(lib_a-nano-mallocr.o)
                0x0800ba84                _malloc_r
 .text._realloc_r
                0x0800bb6c       0x5e d:/nes/arm/bin/../lib/gcc/arm-none-eabi/10.3.1/../../../../arm-none-eabi/lib/thumb/v7e-m+dp/hard\libc_nano.a(lib_a-nano-reallocr.o)
                0x0800bb6c                _realloc_r
 *fill*         0x0800bbca        0x2 
 .text._sbrk_r  0x0800bbcc       0x20 d:/nes/arm/bin/../lib/gcc/arm-none-eabi/10.3.1/../../../../arm-none-eabi/lib/thumb/v7e-m+dp/hard\libc_nano.a(lib_a-sbrkr.o)
                0x0800bbcc                _sbrk_r
 .text.__malloc_lock
                0x0800bbec        0xc d:/nes/arm/bin/../lib/gcc/arm-none-eabi/10.3.1/../../../../arm-none-eabi/lib/thumb/v7e-m+dp/hard\libc_nano.a(lib_a-mlock.o)
                0x0800bbec                __malloc_lock
 .text.__malloc_unlock
                0x0800bbf8        0xc d:/nes/arm/bin/../lib/gcc/arm-none-eabi/10.3.1/../../../../arm-none-eabi/lib/thumb/v7e-m+dp/hard\libc_nano.a(lib_a-mlock.o)
                0x0800bbf8                __malloc_unlock
 .text._malloc_usable_size_r
                0x0800bc04       0x10 d:/nes/arm/bin/../lib/gcc/arm-none-eabi/10.3.1/../../../../arm-none-eabi/lib/thumb/v7e-m+dp/hard\libc_nano.a(lib_a-nano-msizer.o)
                0x0800bc04                _malloc_usable_size_r
 .text.__retarget_lock_acquire_recursive
                0x0800bc14        0x2 d:/nes/arm/bin/../lib/gcc/arm-none-eabi/10.3.1/../../../../arm-none-eabi/lib/thumb/v7e-m+dp/hard\libc_nano.a(lib_a-lock.o)
                0x0800bc14                __retarget_lock_acquire_recursive
 .text.__retarget_lock_release_recursive
                0x0800bc16        0x2 d:/nes/arm/bin/../lib/gcc/arm-none-eabi/10.3.1/../../../../arm-none-eabi/lib/thumb/v7e-m+dp/hard\libc_nano.a(lib_a-lock.o)
                0x0800bc16                __retarget_lock_release_recursive
 *(.glue_7)
 .glue_7        0x0800bc18        0x0 linker stubs
 *(.glue_7t)
 .glue_7t       0x0800bc18        0x0 linker stubs
 *(.eh_frame)
 .eh_frame      0x0800bc18        0x0 d:/nes/arm/bin/../lib/gcc/arm-none-eabi/10.3.1/thumb/v7e-m+dp/hard/crtbegin.o
 *(.init)
 .init          0x0800bc18        0x4 d:/nes/arm/bin/../lib/gcc/arm-none-eabi/10.3.1/thumb/v7e-m+dp/hard/crti.o
                0x0800bc18                _init
 .init          0x0800bc1c        0x8 d:/nes/arm/bin/../lib/gcc/arm-none-eabi/10.3.1/thumb/v7e-m+dp/hard/crtn.o
 *(.fini)
 .fini          0x0800bc24        0x4 d:/nes/arm/bin/../lib/gcc/arm-none-eabi/10.3.1/thumb/v7e-m+dp/hard/crti.o
                0x0800bc24                _fini
 .fini          0x0800bc28        0x8 d:/nes/arm/bin/../lib/gcc/arm-none-eabi/10.3.1/thumb/v7e-m+dp/hard/crtn.o
                0x0800bc30                . = ALIGN (0x4)
                0x0800bc30                _etext = .

.vfp11_veneer   0x0800bc30        0x0
 .vfp11_veneer  0x0800bc30        0x0 linker stubs

.v4_bx          0x0800bc30        0x0
 .v4_bx         0x0800bc30        0x0 linker stubs

.iplt           0x0800bc30        0x0
 .iplt          0x0800bc30        0x0 d:/nes/arm/bin/../lib/gcc/arm-none-eabi/10.3.1/thumb/v7e-m+dp/hard/crtbegin.o

.rodata         0x0800bc30      0x1d8
                0x0800bc30                . = ALIGN (0x4)
 *(.rodata)
 *(.rodata*)
 .rodata.validate_frame.str1.4
                0x0800bc30       0x4e build/main.o
 *fill*         0x0800bc7e        0x2 
 .rodata.handle_id_on.str1.4
                0x0800bc80       0x68 build/main.o
 .rodata.handle_id_off.str1.4
                0x0800bce8       0x68 build/main.o
 .rodata.dispatch_command.str1.4
                0x0800bd50       0x32 build/main.o
 *fill*         0x0800bd82        0x2 
 .rodata.flagBitshiftOffset.0
                0x0800bd84        0x8 build/stm32h7xx_hal_dma.o
 .rodata.UARTPrescTable
                0x0800bd8c       0x18 build/stm32h7xx_hal_uart.o
                0x0800bd8c                UARTPrescTable
 .rodata.denominator.0
                0x0800bda4        0x8 build/stm32h7xx_hal_uart_ex.o
 .rodata.numerator.1
                0x0800bdac        0x8 build/stm32h7xx_hal_uart_ex.o
 .rodata.denominator.0
                0x0800bdb4        0x8 build/stm32h7xx_hal_usart_ex.o
 .rodata.numerator.1
                0x0800bdbc        0x8 build/stm32h7xx_hal_usart_ex.o
 .rodata.D1CorePrescTable
                0x0800bdc4       0x10 build/system_stm32h7xx.o
                0x0800bdc4                D1CorePrescTable
 .rodata._svfprintf_r.str1.1
                0x0800bdd4       0x11 d:/nes/arm/bin/../lib/gcc/arm-none-eabi/10.3.1/../../../../arm-none-eabi/lib/thumb/v7e-m+dp/hard\libc_nano.a(lib_a-nano-svfprintf.o)
 .rodata._printf_i.str1.1
                0x0800bde5       0x22 d:/nes/arm/bin/../lib/gcc/arm-none-eabi/10.3.1/../../../../arm-none-eabi/lib/thumb/v7e-m+dp/hard\libc_nano.a(lib_a-nano-vfprintf_i.o)
                0x0800be08                . = ALIGN (0x4)
 *fill*         0x0800be07        0x1 

.ARM.extab
 *(.ARM.extab* .gnu.linkonce.armextab.*)

.ARM            0x0800be08        0x8
                0x0800be08                __exidx_start = .
 *(.ARM.exidx*)
 .ARM.exidx     0x0800be08        0x8 d:/nes/arm/bin/../lib/gcc/arm-none-eabi/10.3.1/thumb/v7e-m+dp/hard\libgcc.a(_udivmoddi4.o)
                0x0800be10                __exidx_end = .

.rel.dyn        0x0800be10        0x0
 .rel.iplt      0x0800be10        0x0 d:/nes/arm/bin/../lib/gcc/arm-none-eabi/10.3.1/thumb/v7e-m+dp/hard/crtbegin.o

.preinit_array  0x0800be10        0x0
                0x0800be10                PROVIDE (__preinit_array_start = .)
 *(.preinit_array*)
                0x0800be10                PROVIDE (__preinit_array_end = .)

.init_array     0x0800be10        0x4
                0x0800be10                PROVIDE (__init_array_start = .)
 *(SORT_BY_NAME(.init_array.*))
 *(.init_array*)
 .init_array    0x0800be10        0x4 d:/nes/arm/bin/../lib/gcc/arm-none-eabi/10.3.1/thumb/v7e-m+dp/hard/crtbegin.o
                0x0800be14                PROVIDE (__init_array_end = .)

.fini_array     0x0800be14        0x4
                [!provide]                PROVIDE (__fini_array_start = .)
 *(SORT_BY_NAME(.fini_array.*))
 *(.fini_array*)
 .fini_array    0x0800be14        0x4 d:/nes/arm/bin/../lib/gcc/arm-none-eabi/10.3.1/thumb/v7e-m+dp/hard/crtbegin.o
                [!provide]                PROVIDE (__fini_array_end = .)
                0x0800be18                _sidata = LOADADDR (.data)

.data           0x24000000       0x74 load address 0x0800be18
                0x24000000                . = ALIGN (0x4)
                0x24000000                _sdata = .
 *(.data)
 *(.data*)
 .data.uwTickFreq
                0x24000000        0x1 build/stm32h7xx_hal.o
                0x24000000                uwTickFreq
 *fill*         0x24000001        0x3 
 .data.uwTickPrio
                0x24000004        0x4 build/stm32h7xx_hal.o
                0x24000004                uwTickPrio
 .data.SystemCoreClock
                0x24000008        0x4 build/system_stm32h7xx.o
                0x24000008                SystemCoreClock
 .data.SystemD2Clock
                0x2400000c        0x4 build/system_stm32h7xx.o
                0x2400000c                SystemD2Clock
 .data._impure_ptr
                0x24000010        0x4 d:/nes/arm/bin/../lib/gcc/arm-none-eabi/10.3.1/../../../../arm-none-eabi/lib/thumb/v7e-m+dp/hard\libc_nano.a(lib_a-impure.o)
                0x24000010                _impure_ptr
 .data.impure_data
                0x24000014       0x60 d:/nes/arm/bin/../lib/gcc/arm-none-eabi/10.3.1/../../../../arm-none-eabi/lib/thumb/v7e-m+dp/hard\libc_nano.a(lib_a-impure.o)
                0x24000074                . = ALIGN (0x4)
                0x24000074                _edata = .

.igot.plt       0x24000074        0x0 load address 0x0800be8c
 .igot.plt      0x24000074        0x0 d:/nes/arm/bin/../lib/gcc/arm-none-eabi/10.3.1/thumb/v7e-m+dp/hard/crtbegin.o
                0x24000074                . = ALIGN (0x4)

.bss            0x24000074      0xf68 load address 0x0800be8c
                0x24000074                _sbss = .
                0x24000074                __bss_start__ = _sbss
 *(.bss)
 .bss           0x24000074       0x1c d:/nes/arm/bin/../lib/gcc/arm-none-eabi/10.3.1/thumb/v7e-m+dp/hard/crtbegin.o
 *(.bss*)
 .bss.rx_buffer
                0x24000090        0x3 build/main.o
                0x24000090                rx_buffer
 .bss.timer_running
                0x24000093        0x1 build/main.o
                0x24000093                timer_running
 .bss.HAL_RCC_ADC12_CLK_ENABLED
                0x24000094        0x4 build/adc.o
 .bss.hadc1     0x24000098       0x64 build/adc.o
                0x24000098                hadc1
 .bss.hadc2     0x240000fc       0x64 build/adc.o
                0x240000fc                hadc2
 .bss.hadc3     0x24000160       0x64 build/adc.o
                0x24000160                hadc3
 .bss.hdma_adc1
                0x240001c4       0x78 build/adc.o
                0x240001c4                hdma_adc1
 .bss.hdac1     0x2400023c       0x14 build/dac.o
                0x2400023c                hdac1
 .bss.hdma_dac1_ch1
                0x24000250       0x78 build/dac.o
                0x24000250                hdma_dac1_ch1
 .bss.hdma_dac1_ch2
                0x240002c8       0x78 build/dac.o
                0x240002c8                hdma_dac1_ch2
 .bss.FMC_Initialized
                0x24000340        0x4 build/fmc.o
 .bss.hsdram1   0x24000344       0x34 build/fmc.o
                0x24000344                hsdram1
 .bss.hhrtim    0x24000378       0xdc build/hrtim.o
                0x24000378                hhrtim
 .bss.hi2c2     0x24000454       0x4c build/i2c.o
                0x24000454                hi2c2
 .bss.hi2c3     0x240004a0       0x4c build/i2c.o
                0x240004a0                hi2c3
 .bss.hi2c4     0x240004ec       0x4c build/i2c.o
                0x240004ec                hi2c4
 .bss.hdma_uart4_rx
                0x24000538       0x78 build/usart.o
                0x24000538                hdma_uart4_rx
 .bss.hdma_uart4_tx
                0x240005b0       0x78 build/usart.o
                0x240005b0                hdma_uart4_tx
 .bss.hlpuart1  0x24000628       0x90 build/usart.o
                0x24000628                hlpuart1
 .bss.huart2    0x240006b8       0x90 build/usart.o
                0x240006b8                huart2
 .bss.huart4    0x24000748       0x90 build/usart.o
                0x24000748                huart4
 .bss.huart7    0x240007d8       0x90 build/usart.o
                0x240007d8                huart7
 .bss.huart8    0x24000868       0x90 build/usart.o
                0x24000868                huart8
 .bss.husart1   0x240008f8       0x60 build/usart.o
                0x240008f8                husart1
 .bss.hrtc      0x24000958       0x24 build/rtc.o
                0x24000958                hrtc
 .bss.hspi1     0x2400097c       0x88 build/spi.o
                0x2400097c                hspi1
 .bss.hspi2     0x24000a04       0x88 build/spi.o
                0x24000a04                hspi2
 .bss.hspi5     0x24000a8c       0x88 build/spi.o
                0x24000a8c                hspi5
 .bss.hspi6     0x24000b14       0x88 build/spi.o
                0x24000b14                hspi6
 .bss.htim1     0x24000b9c       0x4c build/tim.o
                0x24000b9c                htim1
 .bss.htim12    0x24000be8       0x4c build/tim.o
                0x24000be8                htim12
 .bss.htim13    0x24000c34       0x4c build/tim.o
                0x24000c34                htim13
 .bss.htim14    0x24000c80       0x4c build/tim.o
                0x24000c80                htim14
 .bss.htim15    0x24000ccc       0x4c build/tim.o
                0x24000ccc                htim15
 .bss.htim16    0x24000d18       0x4c build/tim.o
                0x24000d18                htim16
 .bss.htim17    0x24000d64       0x4c build/tim.o
                0x24000d64                htim17
 .bss.htim2     0x24000db0       0x4c build/tim.o
                0x24000db0                htim2
 .bss.htim3     0x24000dfc       0x4c build/tim.o
                0x24000dfc                htim3
 .bss.htim4     0x24000e48       0x4c build/tim.o
                0x24000e48                htim4
 .bss.htim5     0x24000e94       0x4c build/tim.o
                0x24000e94                htim5
 .bss.htim6     0x24000ee0       0x4c build/tim.o
                0x24000ee0                htim6
 .bss.htim7     0x24000f2c       0x4c build/tim.o
                0x24000f2c                htim7
 .bss.htim8     0x24000f78       0x4c build/tim.o
                0x24000f78                htim8
 .bss.uwTick    0x24000fc4        0x4 build/stm32h7xx_hal.o
                0x24000fc4                uwTick
 .bss.__sbrk_heap_end
                0x24000fc8        0x4 build/sysmem.o
 .bss.__malloc_free_list
                0x24000fcc        0x4 d:/nes/arm/bin/../lib/gcc/arm-none-eabi/10.3.1/../../../../arm-none-eabi/lib/thumb/v7e-m+dp/hard\libc_nano.a(lib_a-nano-mallocr.o)
                0x24000fcc                __malloc_free_list
 .bss.__malloc_sbrk_start
                0x24000fd0        0x4 d:/nes/arm/bin/../lib/gcc/arm-none-eabi/10.3.1/../../../../arm-none-eabi/lib/thumb/v7e-m+dp/hard\libc_nano.a(lib_a-nano-mallocr.o)
                0x24000fd0                __malloc_sbrk_start
 .bss.errno     0x24000fd4        0x4 d:/nes/arm/bin/../lib/gcc/arm-none-eabi/10.3.1/../../../../arm-none-eabi/lib/thumb/v7e-m+dp/hard\libc_nano.a(lib_a-reent.o)
                0x24000fd4                errno
 .bss.__lock___malloc_recursive_mutex
                0x24000fd8        0x1 d:/nes/arm/bin/../lib/gcc/arm-none-eabi/10.3.1/../../../../arm-none-eabi/lib/thumb/v7e-m+dp/hard\libc_nano.a(lib_a-lock.o)
                0x24000fd8                __lock___malloc_recursive_mutex
 *(COMMON)
                0x24000fdc                . = ALIGN (0x4)
 *fill*         0x24000fd9        0x3 
                0x24000fdc                _ebss = .
                0x24000fdc                __bss_end__ = _ebss

._user_heap_stack
                0x24000fdc      0x604 load address 0x0800be8c
                0x24000fe0                . = ALIGN (0x8)
 *fill*         0x24000fdc        0x4 
                [!provide]                PROVIDE (end = .)
                0x24000fe0                PROVIDE (_end = .)
                0x240011e0                . = (. + _Min_Heap_Size)
 *fill*         0x24000fe0      0x200 
                0x240015e0                . = (. + _Min_Stack_Size)
 *fill*         0x240011e0      0x400 
                0x24080000                _estack = (ORIGIN (RAM_D1) + LENGTH (RAM_D1))
                0x240015e0                . = ALIGN (0x8)

/DISCARD/
 libc.a(*)
 libm.a(*)
 libgcc.a(*)

.ARM.attributes
                0x00000000       0x2e
 *(.ARM.attributes)
 .ARM.attributes
                0x00000000       0x1e d:/nes/arm/bin/../lib/gcc/arm-none-eabi/10.3.1/thumb/v7e-m+dp/hard/crti.o
 .ARM.attributes
                0x0000001e       0x32 d:/nes/arm/bin/../lib/gcc/arm-none-eabi/10.3.1/thumb/v7e-m+dp/hard/crtbegin.o
 .ARM.attributes
                0x00000050       0x32 build/main.o
 .ARM.attributes
                0x00000082       0x32 build/gpio.o
 .ARM.attributes
                0x000000b4       0x32 build/adc.o
 .ARM.attributes
                0x000000e6       0x32 build/dac.o
 .ARM.attributes
                0x00000118       0x32 build/dma.o
 .ARM.attributes
                0x0000014a       0x32 build/fmc.o
 .ARM.attributes
                0x0000017c       0x32 build/hrtim.o
 .ARM.attributes
                0x000001ae       0x32 build/i2c.o
 .ARM.attributes
                0x000001e0       0x32 build/usart.o
 .ARM.attributes
                0x00000212       0x32 build/rtc.o
 .ARM.attributes
                0x00000244       0x32 build/spi.o
 .ARM.attributes
                0x00000276       0x32 build/tim.o
 .ARM.attributes
                0x000002a8       0x32 build/usb_otg.o
 .ARM.attributes
                0x000002da       0x32 build/stm32h7xx_it.o
 .ARM.attributes
                0x0000030c       0x32 build/stm32h7xx_hal_msp.o
 .ARM.attributes
                0x0000033e       0x32 build/stm32h7xx_hal_adc.o
 .ARM.attributes
                0x00000370       0x32 build/stm32h7xx_hal_adc_ex.o
 .ARM.attributes
                0x000003a2       0x32 build/stm32h7xx_hal_rcc.o
 .ARM.attributes
                0x000003d4       0x32 build/stm32h7xx_hal_rcc_ex.o
 .ARM.attributes
                0x00000406       0x32 build/stm32h7xx_hal_gpio.o
 .ARM.attributes
                0x00000438       0x32 build/stm32h7xx_hal_dma.o
 .ARM.attributes
                0x0000046a       0x32 build/stm32h7xx_hal_pwr_ex.o
 .ARM.attributes
                0x0000049c       0x32 build/stm32h7xx_hal_cortex.o
 .ARM.attributes
                0x000004ce       0x32 build/stm32h7xx_hal.o
 .ARM.attributes
                0x00000500       0x32 build/stm32h7xx_hal_i2c.o
 .ARM.attributes
                0x00000532       0x32 build/stm32h7xx_hal_i2c_ex.o
 .ARM.attributes
                0x00000564       0x32 build/stm32h7xx_hal_dac.o
 .ARM.attributes
                0x00000596       0x32 build/stm32h7xx_ll_fmc.o
 .ARM.attributes
                0x000005c8       0x32 build/stm32h7xx_hal_sdram.o
 .ARM.attributes
                0x000005fa       0x32 build/stm32h7xx_hal_hrtim.o
 .ARM.attributes
                0x0000062c       0x32 build/stm32h7xx_hal_uart.o
 .ARM.attributes
                0x0000065e       0x32 build/stm32h7xx_hal_uart_ex.o
 .ARM.attributes
                0x00000690       0x32 build/stm32h7xx_hal_usart.o
 .ARM.attributes
                0x000006c2       0x32 build/stm32h7xx_hal_usart_ex.o
 .ARM.attributes
                0x000006f4       0x32 build/stm32h7xx_hal_rtc.o
 .ARM.attributes
                0x00000726       0x32 build/stm32h7xx_hal_spi.o
 .ARM.attributes
                0x00000758       0x32 build/stm32h7xx_hal_tim.o
 .ARM.attributes
                0x0000078a       0x32 build/stm32h7xx_hal_tim_ex.o
 .ARM.attributes
                0x000007bc       0x32 build/system_stm32h7xx.o
 .ARM.attributes
                0x000007ee       0x32 build/sysmem.o
 .ARM.attributes
                0x00000820       0x21 build/startup_stm32h743xx.o
 .ARM.attributes
                0x00000841       0x32 d:/nes/arm/bin/../lib/gcc/arm-none-eabi/10.3.1/../../../../arm-none-eabi/lib/thumb/v7e-m+dp/hard\libc_nano.a(lib_a-errno.o)
 .ARM.attributes
                0x00000873       0x32 d:/nes/arm/bin/../lib/gcc/arm-none-eabi/10.3.1/../../../../arm-none-eabi/lib/thumb/v7e-m+dp/hard\libc_nano.a(lib_a-impure.o)
 .ARM.attributes
                0x000008a5       0x32 d:/nes/arm/bin/../lib/gcc/arm-none-eabi/10.3.1/../../../../arm-none-eabi/lib/thumb/v7e-m+dp/hard\libc_nano.a(lib_a-init.o)
 .ARM.attributes
                0x000008d7       0x32 d:/nes/arm/bin/../lib/gcc/arm-none-eabi/10.3.1/../../../../arm-none-eabi/lib/thumb/v7e-m+dp/hard\libc_nano.a(lib_a-memset.o)
 .ARM.attributes
                0x00000909       0x32 d:/nes/arm/bin/../lib/gcc/arm-none-eabi/10.3.1/../../../../arm-none-eabi/lib/thumb/v7e-m+dp/hard\libc_nano.a(lib_a-snprintf.o)
 .ARM.attributes
                0x0000093b       0x17 d:/nes/arm/bin/../lib/gcc/arm-none-eabi/10.3.1/../../../../arm-none-eabi/lib/thumb/v7e-m+dp/hard\libc_nano.a(lib_a-strlen.o)
 .ARM.attributes
                0x00000952       0x32 d:/nes/arm/bin/../lib/gcc/arm-none-eabi/10.3.1/../../../../arm-none-eabi/lib/thumb/v7e-m+dp/hard\libc_nano.a(lib_a-nano-svfprintf.o)
 .ARM.attributes
                0x00000984       0x32 d:/nes/arm/bin/../lib/gcc/arm-none-eabi/10.3.1/../../../../arm-none-eabi/lib/thumb/v7e-m+dp/hard\libc_nano.a(lib_a-nano-vfprintf_i.o)
 .ARM.attributes
                0x000009b6       0x1c d:/nes/arm/bin/../lib/gcc/arm-none-eabi/10.3.1/../../../../arm-none-eabi/lib/thumb/v7e-m+dp/hard\libc_nano.a(lib_a-memchr.o)
 .ARM.attributes
                0x000009d2       0x32 d:/nes/arm/bin/../lib/gcc/arm-none-eabi/10.3.1/../../../../arm-none-eabi/lib/thumb/v7e-m+dp/hard\libc_nano.a(lib_a-memcpy-stub.o)
 .ARM.attributes
                0x00000a04       0x32 d:/nes/arm/bin/../lib/gcc/arm-none-eabi/10.3.1/../../../../arm-none-eabi/lib/thumb/v7e-m+dp/hard\libc_nano.a(lib_a-memmove.o)
 .ARM.attributes
                0x00000a36       0x32 d:/nes/arm/bin/../lib/gcc/arm-none-eabi/10.3.1/../../../../arm-none-eabi/lib/thumb/v7e-m+dp/hard\libc_nano.a(lib_a-nano-freer.o)
 .ARM.attributes
                0x00000a68       0x32 d:/nes/arm/bin/../lib/gcc/arm-none-eabi/10.3.1/../../../../arm-none-eabi/lib/thumb/v7e-m+dp/hard\libc_nano.a(lib_a-nano-mallocr.o)
 .ARM.attributes
                0x00000a9a       0x32 d:/nes/arm/bin/../lib/gcc/arm-none-eabi/10.3.1/../../../../arm-none-eabi/lib/thumb/v7e-m+dp/hard\libc_nano.a(lib_a-nano-reallocr.o)
 .ARM.attributes
                0x00000acc       0x32 d:/nes/arm/bin/../lib/gcc/arm-none-eabi/10.3.1/../../../../arm-none-eabi/lib/thumb/v7e-m+dp/hard\libc_nano.a(lib_a-sbrkr.o)
 .ARM.attributes
                0x00000afe       0x32 d:/nes/arm/bin/../lib/gcc/arm-none-eabi/10.3.1/../../../../arm-none-eabi/lib/thumb/v7e-m+dp/hard\libc_nano.a(lib_a-mlock.o)
 .ARM.attributes
                0x00000b30       0x32 d:/nes/arm/bin/../lib/gcc/arm-none-eabi/10.3.1/../../../../arm-none-eabi/lib/thumb/v7e-m+dp/hard\libc_nano.a(lib_a-nano-msizer.o)
 .ARM.attributes
                0x00000b62       0x32 d:/nes/arm/bin/../lib/gcc/arm-none-eabi/10.3.1/../../../../arm-none-eabi/lib/thumb/v7e-m+dp/hard\libc_nano.a(lib_a-reent.o)
 .ARM.attributes
                0x00000b94       0x32 d:/nes/arm/bin/../lib/gcc/arm-none-eabi/10.3.1/../../../../arm-none-eabi/lib/thumb/v7e-m+dp/hard\libc_nano.a(lib_a-lock.o)
 .ARM.attributes
                0x00000bc6       0x1e d:/nes/arm/bin/../lib/gcc/arm-none-eabi/10.3.1/thumb/v7e-m+dp/hard\libgcc.a(_aeabi_uldivmod.o)
 .ARM.attributes
                0x00000be4       0x32 d:/nes/arm/bin/../lib/gcc/arm-none-eabi/10.3.1/thumb/v7e-m+dp/hard\libgcc.a(_udivmoddi4.o)
 .ARM.attributes
                0x00000c16       0x1e d:/nes/arm/bin/../lib/gcc/arm-none-eabi/10.3.1/thumb/v7e-m+dp/hard\libgcc.a(_dvmd_tls.o)
 .ARM.attributes
                0x00000c34       0x1e d:/nes/arm/bin/../lib/gcc/arm-none-eabi/10.3.1/thumb/v7e-m+dp/hard/crtn.o
OUTPUT(build/taskB_dma_blink.elf elf32-littlearm)
LOAD linker stubs
LOAD d:/nes/arm/bin/../lib/gcc/arm-none-eabi/10.3.1/../../../../arm-none-eabi/lib/thumb/v7e-m+dp/hard\libc.a
LOAD d:/nes/arm/bin/../lib/gcc/arm-none-eabi/10.3.1/../../../../arm-none-eabi/lib/thumb/v7e-m+dp/hard\libm.a
LOAD d:/nes/arm/bin/../lib/gcc/arm-none-eabi/10.3.1/thumb/v7e-m+dp/hard\libgcc.a

.debug_info     0x00000000    0x41582
 .debug_info    0x00000000     0x2ad5 build/main.o
 .debug_info    0x00002ad5      0xa15 build/gpio.o
 .debug_info    0x000034ea     0x1a9a build/adc.o
 .debug_info    0x00004f84      0xfd1 build/dac.o
 .debug_info    0x00005f55      0x9dc build/dma.o
 .debug_info    0x00006931     0x13b0 build/fmc.o
 .debug_info    0x00007ce1     0x1cee build/hrtim.o
 .debug_info    0x000099cf     0x159b build/i2c.o
 .debug_info    0x0000af6a     0x23dc build/usart.o
 .debug_info    0x0000d346      0xe54 build/rtc.o
 .debug_info    0x0000e19a     0x1706 build/spi.o
 .debug_info    0x0000f8a0     0x2654 build/tim.o
 .debug_info    0x00011ef4       0xa2 build/usb_otg.o
 .debug_info    0x00011f96     0x1443 build/stm32h7xx_it.o
 .debug_info    0x000133d9      0x543 build/stm32h7xx_hal_msp.o
 .debug_info    0x0001391c     0x3538 build/stm32h7xx_hal_adc.o
 .debug_info    0x00016e54     0x36ec build/stm32h7xx_hal_adc_ex.o
 .debug_info    0x0001a540     0x13bd build/stm32h7xx_hal_rcc.o
 .debug_info    0x0001b8fd     0x1c07 build/stm32h7xx_hal_rcc_ex.o
 .debug_info    0x0001d504      0xee1 build/stm32h7xx_hal_gpio.o
 .debug_info    0x0001e3e5     0x10c3 build/stm32h7xx_hal_dma.o
 .debug_info    0x0001f4a8     0x13f3 build/stm32h7xx_hal_pwr_ex.o
 .debug_info    0x0002089b     0x1507 build/stm32h7xx_hal_cortex.o
 .debug_info    0x00021da2     0x18de build/stm32h7xx_hal.o
 .debug_info    0x00023680     0x4359 build/stm32h7xx_hal_i2c.o
 .debug_info    0x000279d9      0xfdc build/stm32h7xx_hal_i2c_ex.o
 .debug_info    0x000289b5      0xe2a build/stm32h7xx_hal_dac.o
 .debug_info    0x000297df      0xe12 build/stm32h7xx_ll_fmc.o
 .debug_info    0x0002a5f1     0x13f7 build/stm32h7xx_hal_sdram.o
 .debug_info    0x0002b9e8     0x4c9f build/stm32h7xx_hal_hrtim.o
 .debug_info    0x00030687     0x2bac build/stm32h7xx_hal_uart.o
 .debug_info    0x00033233     0x106e build/stm32h7xx_hal_uart_ex.o
 .debug_info    0x000342a1     0x24fa build/stm32h7xx_hal_usart.o
 .debug_info    0x0003679b      0xb27 build/stm32h7xx_hal_usart_ex.o
 .debug_info    0x000372c2     0x1491 build/stm32h7xx_hal_rtc.o
 .debug_info    0x00038753     0x1dce build/stm32h7xx_hal_spi.o
 .debug_info    0x0003a521     0x40aa build/stm32h7xx_hal_tim.o
 .debug_info    0x0003e5cb     0x1f5b build/stm32h7xx_hal_tim_ex.o
 .debug_info    0x00040526      0xeb5 build/system_stm32h7xx.o
 .debug_info    0x000413db      0x185 build/sysmem.o
 .debug_info    0x00041560       0x22 build/startup_stm32h743xx.o

.debug_abbrev   0x00000000     0x59bb
 .debug_abbrev  0x00000000      0x37d build/main.o
 .debug_abbrev  0x0000037d      0x160 build/gpio.o
 .debug_abbrev  0x000004dd      0x243 build/adc.o
 .debug_abbrev  0x00000720      0x200 build/dac.o
 .debug_abbrev  0x00000920      0x129 build/dma.o
 .debug_abbrev  0x00000a49      0x242 build/fmc.o
 .debug_abbrev  0x00000c8b      0x1f8 build/hrtim.o
 .debug_abbrev  0x00000e83      0x244 build/i2c.o
 .debug_abbrev  0x000010c7      0x230 build/usart.o
 .debug_abbrev  0x000012f7      0x1d6 build/rtc.o
 .debug_abbrev  0x000014cd      0x239 build/spi.o
 .debug_abbrev  0x00001706      0x277 build/tim.o
 .debug_abbrev  0x0000197d       0x46 build/usb_otg.o
 .debug_abbrev  0x000019c3      0x1a9 build/stm32h7xx_it.o
 .debug_abbrev  0x00001b6c       0xc8 build/stm32h7xx_hal_msp.o
 .debug_abbrev  0x00001c34      0x307 build/stm32h7xx_hal_adc.o
 .debug_abbrev  0x00001f3b      0x3bf build/stm32h7xx_hal_adc_ex.o
 .debug_abbrev  0x000022fa      0x269 build/stm32h7xx_hal_rcc.o
 .debug_abbrev  0x00002563      0x286 build/stm32h7xx_hal_rcc_ex.o
 .debug_abbrev  0x000027e9      0x253 build/stm32h7xx_hal_gpio.o
 .debug_abbrev  0x00002a3c      0x2ef build/stm32h7xx_hal_dma.o
 .debug_abbrev  0x00002d2b      0x2b6 build/stm32h7xx_hal_pwr_ex.o
 .debug_abbrev  0x00002fe1      0x395 build/stm32h7xx_hal_cortex.o
 .debug_abbrev  0x00003376      0x261 build/stm32h7xx_hal.o
 .debug_abbrev  0x000035d7      0x2a9 build/stm32h7xx_hal_i2c.o
 .debug_abbrev  0x00003880      0x1c4 build/stm32h7xx_hal_i2c_ex.o
 .debug_abbrev  0x00003a44      0x204 build/stm32h7xx_hal_dac.o
 .debug_abbrev  0x00003c48      0x1cd build/stm32h7xx_ll_fmc.o
 .debug_abbrev  0x00003e15      0x26a build/stm32h7xx_hal_sdram.o
 .debug_abbrev  0x0000407f      0x284 build/stm32h7xx_hal_hrtim.o
 .debug_abbrev  0x00004303      0x2e1 build/stm32h7xx_hal_uart.o
 .debug_abbrev  0x000045e4      0x267 build/stm32h7xx_hal_uart_ex.o
 .debug_abbrev  0x0000484b      0x2b3 build/stm32h7xx_hal_usart.o
 .debug_abbrev  0x00004afe      0x25d build/stm32h7xx_hal_usart_ex.o
 .debug_abbrev  0x00004d5b      0x223 build/stm32h7xx_hal_rtc.o
 .debug_abbrev  0x00004f7e      0x2fd build/stm32h7xx_hal_spi.o
 .debug_abbrev  0x0000527b      0x282 build/stm32h7xx_hal_tim.o
 .debug_abbrev  0x000054fd      0x298 build/stm32h7xx_hal_tim_ex.o
 .debug_abbrev  0x00005795      0x12a build/system_stm32h7xx.o
 .debug_abbrev  0x000058bf       0xea build/sysmem.o
 .debug_abbrev  0x000059a9       0x12 build/startup_stm32h743xx.o

.debug_loc      0x00000000    0x2b8fa
 .debug_loc     0x00000000      0x5a1 build/main.o
 .debug_loc     0x000005a1       0x39 build/gpio.o
 .debug_loc     0x000005da      0x23e build/adc.o
 .debug_loc     0x00000818      0x119 build/dac.o
 .debug_loc     0x00000931       0x38 build/dma.o
 .debug_loc     0x00000969      0x134 build/fmc.o
 .debug_loc     0x00000a9d      0x196 build/hrtim.o
 .debug_loc     0x00000c33      0x1d8 build/i2c.o
 .debug_loc     0x00000e0b      0x34d build/usart.o
 .debug_loc     0x00001158       0x88 build/rtc.o
 .debug_loc     0x000011e0      0x1f8 build/spi.o
 .debug_loc     0x000013d8      0x7f8 build/tim.o
 .debug_loc     0x00001bd0      0x140 build/stm32h7xx_it.o
 .debug_loc     0x00001d10       0x2c build/stm32h7xx_hal_msp.o
 .debug_loc     0x00001d3c     0x279f build/stm32h7xx_hal_adc.o
 .debug_loc     0x000044db     0x2dec build/stm32h7xx_hal_adc_ex.o
 .debug_loc     0x000072c7      0xa81 build/stm32h7xx_hal_rcc.o
 .debug_loc     0x00007d48     0x1bd8 build/stm32h7xx_hal_rcc_ex.o
 .debug_loc     0x00009920      0x483 build/stm32h7xx_hal_gpio.o
 .debug_loc     0x00009da3     0x10aa build/stm32h7xx_hal_dma.o
 .debug_loc     0x0000ae4d      0x65b build/stm32h7xx_hal_pwr_ex.o
 .debug_loc     0x0000b4a8      0x786 build/stm32h7xx_hal_cortex.o
 .debug_loc     0x0000bc2e      0x526 build/stm32h7xx_hal.o
 .debug_loc     0x0000c154     0x50db build/stm32h7xx_hal_i2c.o
 .debug_loc     0x0001122f      0x25a build/stm32h7xx_hal_i2c_ex.o
 .debug_loc     0x00011489      0xa85 build/stm32h7xx_hal_dac.o
 .debug_loc     0x00011f0e      0x8bf build/stm32h7xx_ll_fmc.o
 .debug_loc     0x000127cd     0x1281 build/stm32h7xx_hal_sdram.o
 .debug_loc     0x00013a4e     0x686f build/stm32h7xx_hal_hrtim.o
 .debug_loc     0x0001a2bd     0x2962 build/stm32h7xx_hal_uart.o
 .debug_loc     0x0001cc1f      0xc04 build/stm32h7xx_hal_uart_ex.o
 .debug_loc     0x0001d823     0x2634 build/stm32h7xx_hal_usart.o
 .debug_loc     0x0001fe57      0x450 build/stm32h7xx_hal_usart_ex.o
 .debug_loc     0x000202a7      0xf6c build/stm32h7xx_hal_rtc.o
 .debug_loc     0x00021213     0x2203 build/stm32h7xx_hal_spi.o
 .debug_loc     0x00023416     0x595d build/stm32h7xx_hal_tim.o
 .debug_loc     0x00028d73     0x292b build/stm32h7xx_hal_tim_ex.o
 .debug_loc     0x0002b69e      0x1d8 build/system_stm32h7xx.o
 .debug_loc     0x0002b876       0x84 build/sysmem.o

.debug_aranges  0x00000000     0x22e8
 .debug_aranges
                0x00000000       0x70 build/main.o
 .debug_aranges
                0x00000070       0x20 build/gpio.o
 .debug_aranges
                0x00000090       0x40 build/adc.o
 .debug_aranges
                0x000000d0       0x30 build/dac.o
 .debug_aranges
                0x00000100       0x20 build/dma.o
 .debug_aranges
                0x00000120       0x40 build/fmc.o
 .debug_aranges
                0x00000160       0x38 build/hrtim.o
 .debug_aranges
                0x00000198       0x40 build/i2c.o
 .debug_aranges
                0x000001d8       0x68 build/usart.o
 .debug_aranges
                0x00000240       0x30 build/rtc.o
 .debug_aranges
                0x00000270       0x48 build/spi.o
 .debug_aranges
                0x000002b8       0xd0 build/tim.o
 .debug_aranges
                0x00000388       0x20 build/usb_otg.o
 .debug_aranges
                0x000003a8       0xa8 build/stm32h7xx_it.o
 .debug_aranges
                0x00000450       0x20 build/stm32h7xx_hal_msp.o
 .debug_aranges
                0x00000470      0x100 build/stm32h7xx_hal_adc.o
 .debug_aranges
                0x00000570      0x108 build/stm32h7xx_hal_adc_ex.o
 .debug_aranges
                0x00000678       0x88 build/stm32h7xx_hal_rcc.o
 .debug_aranges
                0x00000700       0xf8 build/stm32h7xx_hal_rcc_ex.o
 .debug_aranges
                0x000007f8       0x58 build/stm32h7xx_hal_gpio.o
 .debug_aranges
                0x00000850       0xa0 build/stm32h7xx_hal_dma.o
 .debug_aranges
                0x000008f0      0x158 build/stm32h7xx_hal_pwr_ex.o
 .debug_aranges
                0x00000a48       0xb0 build/stm32h7xx_hal_cortex.o
 .debug_aranges
                0x00000af8      0x198 build/stm32h7xx_hal.o
 .debug_aranges
                0x00000c90      0x290 build/stm32h7xx_hal_i2c.o
 .debug_aranges
                0x00000f20       0x48 build/stm32h7xx_hal_i2c_ex.o
 .debug_aranges
                0x00000f68       0xc0 build/stm32h7xx_hal_dac.o
 .debug_aranges
                0x00001028       0xc8 build/stm32h7xx_ll_fmc.o
 .debug_aranges
                0x000010f0       0xe8 build/stm32h7xx_hal_sdram.o
 .debug_aranges
                0x000011d8      0x3e8 build/stm32h7xx_hal_hrtim.o
 .debug_aranges
                0x000015c0      0x248 build/stm32h7xx_hal_uart.o
 .debug_aranges
                0x00001808       0xa0 build/stm32h7xx_hal_uart_ex.o
 .debug_aranges
                0x000018a8      0x1a0 build/stm32h7xx_hal_usart.o
 .debug_aranges
                0x00001a48       0x68 build/stm32h7xx_hal_usart_ex.o
 .debug_aranges
                0x00001ab0       0xc0 build/stm32h7xx_hal_rtc.o
 .debug_aranges
                0x00001b70      0x1a0 build/stm32h7xx_hal_spi.o
 .debug_aranges
                0x00001d10      0x3e0 build/stm32h7xx_hal_tim.o
 .debug_aranges
                0x000020f0      0x188 build/stm32h7xx_hal_tim_ex.o
 .debug_aranges
                0x00002278       0x28 build/system_stm32h7xx.o
 .debug_aranges
                0x000022a0       0x20 build/sysmem.o
 .debug_aranges
                0x000022c0       0x28 build/startup_stm32h743xx.o

.debug_ranges   0x00000000     0x2558
 .debug_ranges  0x00000000       0x60 build/main.o
 .debug_ranges  0x00000060       0x10 build/gpio.o
 .debug_ranges  0x00000070       0x30 build/adc.o
 .debug_ranges  0x000000a0       0x20 build/dac.o
 .debug_ranges  0x000000c0       0x10 build/dma.o
 .debug_ranges  0x000000d0       0x30 build/fmc.o
 .debug_ranges  0x00000100       0x28 build/hrtim.o
 .debug_ranges  0x00000128       0x30 build/i2c.o
 .debug_ranges  0x00000158       0x58 build/usart.o
 .debug_ranges  0x000001b0       0x20 build/rtc.o
 .debug_ranges  0x000001d0       0x38 build/spi.o
 .debug_ranges  0x00000208       0xc0 build/tim.o
 .debug_ranges  0x000002c8       0x10 build/usb_otg.o
 .debug_ranges  0x000002d8       0x98 build/stm32h7xx_it.o
 .debug_ranges  0x00000370       0x10 build/stm32h7xx_hal_msp.o
 .debug_ranges  0x00000380      0x320 build/stm32h7xx_hal_adc.o
 .debug_ranges  0x000006a0      0x278 build/stm32h7xx_hal_adc_ex.o
 .debug_ranges  0x00000918       0xe8 build/stm32h7xx_hal_rcc.o
 .debug_ranges  0x00000a00       0xe8 build/stm32h7xx_hal_rcc_ex.o
 .debug_ranges  0x00000ae8       0x48 build/stm32h7xx_hal_gpio.o
 .debug_ranges  0x00000b30       0xa8 build/stm32h7xx_hal_dma.o
 .debug_ranges  0x00000bd8      0x1a8 build/stm32h7xx_hal_pwr_ex.o
 .debug_ranges  0x00000d80      0x100 build/stm32h7xx_hal_cortex.o
 .debug_ranges  0x00000e80      0x188 build/stm32h7xx_hal.o
 .debug_ranges  0x00001008      0x280 build/stm32h7xx_hal_i2c.o
 .debug_ranges  0x00001288       0x38 build/stm32h7xx_hal_i2c_ex.o
 .debug_ranges  0x000012c0       0xb0 build/stm32h7xx_hal_dac.o
 .debug_ranges  0x00001370       0xb8 build/stm32h7xx_ll_fmc.o
 .debug_ranges  0x00001428       0xd8 build/stm32h7xx_hal_sdram.o
 .debug_ranges  0x00001500      0x3d8 build/stm32h7xx_hal_hrtim.o
 .debug_ranges  0x000018d8      0x238 build/stm32h7xx_hal_uart.o
 .debug_ranges  0x00001b10       0x90 build/stm32h7xx_hal_uart_ex.o
 .debug_ranges  0x00001ba0      0x190 build/stm32h7xx_hal_usart.o
 .debug_ranges  0x00001d30       0x58 build/stm32h7xx_hal_usart_ex.o
 .debug_ranges  0x00001d88       0xb0 build/stm32h7xx_hal_rtc.o
 .debug_ranges  0x00001e38      0x190 build/stm32h7xx_hal_spi.o
 .debug_ranges  0x00001fc8      0x3d0 build/stm32h7xx_hal_tim.o
 .debug_ranges  0x00002398      0x178 build/stm32h7xx_hal_tim_ex.o
 .debug_ranges  0x00002510       0x18 build/system_stm32h7xx.o
 .debug_ranges  0x00002528       0x10 build/sysmem.o
 .debug_ranges  0x00002538       0x20 build/startup_stm32h743xx.o

.debug_line     0x00000000    0x2dbcc
 .debug_line    0x00000000      0x872 build/main.o
 .debug_line    0x00000872      0x2d1 build/gpio.o
 .debug_line    0x00000b43      0x85a build/adc.o
 .debug_line    0x0000139d      0x33d build/dac.o
 .debug_line    0x000016da      0x136 build/dma.o
 .debug_line    0x00001810      0x430 build/fmc.o
 .debug_line    0x00001c40      0x52a build/hrtim.o
 .debug_line    0x0000216a      0x520 build/i2c.o
 .debug_line    0x0000268a      0xab3 build/usart.o
 .debug_line    0x0000313d      0x24c build/rtc.o
 .debug_line    0x00003389      0x794 build/spi.o
 .debug_line    0x00003b1d      0xf25 build/tim.o
 .debug_line    0x00004a42       0x42 build/usb_otg.o
 .debug_line    0x00004a84      0x381 build/stm32h7xx_it.o
 .debug_line    0x00004e05      0x100 build/stm32h7xx_hal_msp.o
 .debug_line    0x00004f05     0x2849 build/stm32h7xx_hal_adc.o
 .debug_line    0x0000774e     0x2616 build/stm32h7xx_hal_adc_ex.o
 .debug_line    0x00009d64     0x1166 build/stm32h7xx_hal_rcc.o
 .debug_line    0x0000aeca     0x1d1e build/stm32h7xx_hal_rcc_ex.o
 .debug_line    0x0000cbe8      0x654 build/stm32h7xx_hal_gpio.o
 .debug_line    0x0000d23c     0x23b4 build/stm32h7xx_hal_dma.o
 .debug_line    0x0000f5f0      0xa2c build/stm32h7xx_hal_pwr_ex.o
 .debug_line    0x0001001c      0x737 build/stm32h7xx_hal_cortex.o
 .debug_line    0x00010753      0x86c build/stm32h7xx_hal.o
 .debug_line    0x00010fbf     0x4a5c build/stm32h7xx_hal_i2c.o
 .debug_line    0x00015a1b      0x465 build/stm32h7xx_hal_i2c_ex.o
 .debug_line    0x00015e80      0x8e4 build/stm32h7xx_hal_dac.o
 .debug_line    0x00016764      0x65e build/stm32h7xx_ll_fmc.o
 .debug_line    0x00016dc2      0xb90 build/stm32h7xx_hal_sdram.o
 .debug_line    0x00017952     0x5588 build/stm32h7xx_hal_hrtim.o
 .debug_line    0x0001ceda     0x2c65 build/stm32h7xx_hal_uart.o
 .debug_line    0x0001fb3f      0xa68 build/stm32h7xx_hal_uart_ex.o
 .debug_line    0x000205a7     0x2850 build/stm32h7xx_hal_usart.o
 .debug_line    0x00022df7      0x6d7 build/stm32h7xx_hal_usart_ex.o
 .debug_line    0x000234ce      0xfc9 build/stm32h7xx_hal_rtc.o
 .debug_line    0x00024497     0x273d build/stm32h7xx_hal_spi.o
 .debug_line    0x00026bd4     0x4c72 build/stm32h7xx_hal_tim.o
 .debug_line    0x0002b846     0x1e03 build/stm32h7xx_hal_tim_ex.o
 .debug_line    0x0002d649      0x3c8 build/system_stm32h7xx.o
 .debug_line    0x0002da11      0x145 build/sysmem.o
 .debug_line    0x0002db56       0x76 build/startup_stm32h743xx.o

.debug_str      0x00000000     0xbf89
 .debug_str     0x00000000     0x168c build/main.o
                               0x184b (size before relaxing)
 .debug_str     0x0000168c       0x78 build/gpio.o
                                0x4e6 (size before relaxing)
 .debug_str     0x00001704      0xbaa build/adc.o
                               0x14b3 (size before relaxing)
 .debug_str     0x000022ae      0x27e build/dac.o
                                0xac5 (size before relaxing)
 .debug_str     0x0000252c        0xa build/dma.o
                                0xc5a (size before relaxing)
 .debug_str     0x00002536      0x519 build/fmc.o
                                0xe4b (size before relaxing)
 .debug_str     0x00002a4f      0x692 build/hrtim.o
                               0x124e (size before relaxing)
 .debug_str     0x000030e1      0x2e0 build/i2c.o
                                0xec9 (size before relaxing)
 .debug_str     0x000033c1      0x2aa build/usart.o
                               0x195c (size before relaxing)
 .debug_str     0x0000366b      0x26c build/rtc.o
                                0xa5c (size before relaxing)
 .debug_str     0x000038d7      0x269 build/spi.o
                                0xeb7 (size before relaxing)
 .debug_str     0x00003b40      0x43c build/tim.o
                               0x18e6 (size before relaxing)
 .debug_str     0x00003f7c        0xe build/usb_otg.o
                                0x1e6 (size before relaxing)
 .debug_str     0x00003f8a      0x1a8 build/stm32h7xx_it.o
                                0xf68 (size before relaxing)
 .debug_str     0x00004132       0x24 build/stm32h7xx_hal_msp.o
                                0x423 (size before relaxing)
 .debug_str     0x00004156      0xa1f build/stm32h7xx_hal_adc.o
                               0x1383 (size before relaxing)
 .debug_str     0x00004b75      0x716 build/stm32h7xx_hal_adc_ex.o
                               0x1467 (size before relaxing)
 .debug_str     0x0000528b      0x33b build/stm32h7xx_hal_rcc.o
                                0xa50 (size before relaxing)
 .debug_str     0x000055c6      0x650 build/stm32h7xx_hal_rcc_ex.o
                                0xf32 (size before relaxing)
 .debug_str     0x00005c16       0xe4 build/stm32h7xx_hal_gpio.o
                                0x70a (size before relaxing)
 .debug_str     0x00005cfa      0x345 build/stm32h7xx_hal_dma.o
                                0xa01 (size before relaxing)
 .debug_str     0x0000603f      0x533 build/stm32h7xx_hal_pwr_ex.o
                                0xa7f (size before relaxing)
 .debug_str     0x00006572      0x46a build/stm32h7xx_hal_cortex.o
                               0x107e (size before relaxing)
 .debug_str     0x000069dc      0x5b9 build/stm32h7xx_hal.o
                               0x14e6 (size before relaxing)
 .debug_str     0x00006f95      0x865 build/stm32h7xx_hal_i2c.o
                               0x116b (size before relaxing)
 .debug_str     0x000077fa       0xb5 build/stm32h7xx_hal_i2c_ex.o
                                0xb75 (size before relaxing)
 .debug_str     0x000078af      0x1cb build/stm32h7xx_hal_dac.o
                                0x9ad (size before relaxing)
 .debug_str     0x00007a7a      0x4e7 build/stm32h7xx_ll_fmc.o
                                0x8ef (size before relaxing)
 .debug_str     0x00007f61      0x2b6 build/stm32h7xx_hal_sdram.o
                                0xbea (size before relaxing)
 .debug_str     0x00008217     0x1277 build/stm32h7xx_hal_hrtim.o
                               0x215f (size before relaxing)
 .debug_str     0x0000948e      0x83d build/stm32h7xx_hal_uart.o
                               0x149d (size before relaxing)
 .debug_str     0x00009ccb      0x22c build/stm32h7xx_hal_uart_ex.o
                                0xb6c (size before relaxing)
 .debug_str     0x00009ef7      0x5ad build/stm32h7xx_hal_usart.o
                               0x1188 (size before relaxing)
 .debug_str     0x0000a4a4       0xc9 build/stm32h7xx_hal_usart_ex.o
                                0x92a (size before relaxing)
 .debug_str     0x0000a56d      0x2be build/stm32h7xx_hal_rtc.o
                                0x8b7 (size before relaxing)
 .debug_str     0x0000a82b      0x4d9 build/stm32h7xx_hal_spi.o
                                0xde7 (size before relaxing)
 .debug_str     0x0000ad04      0xba5 build/stm32h7xx_hal_tim.o
                               0x1852 (size before relaxing)
 .debug_str     0x0000b8a9      0x60f build/stm32h7xx_hal_tim_ex.o
                               0x1176 (size before relaxing)
 .debug_str     0x0000beb8       0x38 build/system_stm32h7xx.o
                                0x760 (size before relaxing)
 .debug_str     0x0000bef0       0x75 build/sysmem.o
                                0x254 (size before relaxing)
 .debug_str     0x0000bf65       0x24 build/startup_stm32h743xx.o
                                 0x9e (size before relaxing)

.comment        0x00000000       0x49
 .comment       0x00000000       0x49 build/main.o
                                 0x4a (size before relaxing)
 .comment       0x00000049       0x4a build/gpio.o
 .comment       0x00000049       0x4a build/adc.o
 .comment       0x00000049       0x4a build/dac.o
 .comment       0x00000049       0x4a build/dma.o
 .comment       0x00000049       0x4a build/fmc.o
 .comment       0x00000049       0x4a build/hrtim.o
 .comment       0x00000049       0x4a build/i2c.o
 .comment       0x00000049       0x4a build/usart.o
 .comment       0x00000049       0x4a build/rtc.o
 .comment       0x00000049       0x4a build/spi.o
 .comment       0x00000049       0x4a build/tim.o
 .comment       0x00000049       0x4a build/usb_otg.o
 .comment       0x00000049       0x4a build/stm32h7xx_it.o
 .comment       0x00000049       0x4a build/stm32h7xx_hal_msp.o
 .comment       0x00000049       0x4a build/stm32h7xx_hal_adc.o
 .comment       0x00000049       0x4a build/stm32h7xx_hal_adc_ex.o
 .comment       0x00000049       0x4a build/stm32h7xx_hal_rcc.o
 .comment       0x00000049       0x4a build/stm32h7xx_hal_rcc_ex.o
 .comment       0x00000049       0x4a build/stm32h7xx_hal_gpio.o
 .comment       0x00000049       0x4a build/stm32h7xx_hal_dma.o
 .comment       0x00000049       0x4a build/stm32h7xx_hal_pwr_ex.o
 .comment       0x00000049       0x4a build/stm32h7xx_hal_cortex.o
 .comment       0x00000049       0x4a build/stm32h7xx_hal.o
 .comment       0x00000049       0x4a build/stm32h7xx_hal_i2c.o
 .comment       0x00000049       0x4a build/stm32h7xx_hal_i2c_ex.o
 .comment       0x00000049       0x4a build/stm32h7xx_hal_dac.o
 .comment       0x00000049       0x4a build/stm32h7xx_ll_fmc.o
 .comment       0x00000049       0x4a build/stm32h7xx_hal_sdram.o
 .comment       0x00000049       0x4a build/stm32h7xx_hal_hrtim.o
 .comment       0x00000049       0x4a build/stm32h7xx_hal_uart.o
 .comment       0x00000049       0x4a build/stm32h7xx_hal_uart_ex.o
 .comment       0x00000049       0x4a build/stm32h7xx_hal_usart.o
 .comment       0x00000049       0x4a build/stm32h7xx_hal_usart_ex.o
 .comment       0x00000049       0x4a build/stm32h7xx_hal_rtc.o
 .comment       0x00000049       0x4a build/stm32h7xx_hal_spi.o
 .comment       0x00000049       0x4a build/stm32h7xx_hal_tim.o
 .comment       0x00000049       0x4a build/stm32h7xx_hal_tim_ex.o
 .comment       0x00000049       0x4a build/system_stm32h7xx.o
 .comment       0x00000049       0x4a build/sysmem.o

.debug_frame    0x00000000     0x6590
 .debug_frame   0x00000000      0x140 build/main.o
 .debug_frame   0x00000140       0x40 build/gpio.o
 .debug_frame   0x00000180       0xac build/adc.o
 .debug_frame   0x0000022c       0x68 build/dac.o
 .debug_frame   0x00000294       0x2c build/dma.o
 .debug_frame   0x000002c0       0xa0 build/fmc.o
 .debug_frame   0x00000360       0x98 build/hrtim.o
 .debug_frame   0x000003f8       0x98 build/i2c.o
 .debug_frame   0x00000490      0x11c build/usart.o